INFO  JTok: loading language resources for en from en
INFO  JTok: loading language resources for de from de
INFO  JTok: loading language resources for it from it
tokenize 1. of 2 de text...
D:\Projects\JTok\bin\..\data\german\amazon.txt
Paragraph Start: 0
Paragraph End: 109
  Text Unit Start: 0
  Text Unit End: 67
    Token: "Amazon.de"    	Type: TOKEN	Start: 0	End: 9
    Token: ","            	Type: PUNCTUATION	Start: 9	End: 10
    Token: "auf"          	Type: TOKEN	Start: 11	End: 14
    Token: "einen"        	Type: TOKEN	Start: 15	End: 20
    Token: "Blick"        	Type: TOKEN	Start: 21	End: 26
    Token: ":"            	Type: PUNCTUATION	Start: 26	End: 27
    Token: "Hard"         	Type: TOKEN	Start: 28	End: 32
    Token: "Rock"         	Type: TOKEN	Start: 33	End: 37
    Token: "und"          	Type: TOKEN	Start: 38	End: 41
    Token: "Heavy"        	Type: TOKEN	Start: 42	End: 47
    Token: "Metal"        	Type: TOKEN	Start: 48	End: 53
    Token: "Enzyklopädie" 	Type: TOKEN	Start: 54	End: 66
    Token: "."            	Type: TERM_PUNCT_P	Start: 66	End: 67
  Text Unit Start: 67
  Text Unit End: 109
    Token: "("            	Type: OPEN_BRACKET	Start: 67	End: 68	PTB: "-LRB-"
    Token: "Audio-Compilation-CD"	Type: TOKEN	Start: 68	End: 88
    Token: """            	Type: OPEN_PUNCT	Start: 89	End: 90	PTB: "``"
    Token: "Rock"         	Type: TOKEN	Start: 90	End: 94
    Token: "Hard"         	Type: TOKEN	Start: 95	End: 99
    Token: "Classix"      	Type: TOKEN	Start: 100	End: 107
    Token: """            	Type: CLOSE_PUNCT	Start: 107	End: 108	PTB: "''"
    Token: ")"            	Type: CLOSE_BRACKET	Start: 108	End: 109	PTB: "-RRB-"

Paragraph Start: 113
Paragraph End: 194
  Text Unit Start: 113
  Text Unit End: 152
    Token: "Hard"         	Type: TOKEN	Start: 113	End: 117
    Token: "Rock"         	Type: TOKEN	Start: 118	End: 122
    Token: "und"          	Type: TOKEN	Start: 123	End: 126
    Token: "Heavy"        	Type: TOKEN	Start: 127	End: 132
    Token: "Metal"        	Type: TOKEN	Start: 133	End: 138
    Token: "Enzyklopädie" 	Type: TOKEN	Start: 139	End: 151
    Token: "."            	Type: TERM_PUNCT_P	Start: 151	End: 152
  Text Unit Start: 152
  Text Unit End: 194
    Token: "("            	Type: OPEN_BRACKET	Start: 152	End: 153	PTB: "-LRB-"
    Token: "Audio-Compilation-CD"	Type: TOKEN	Start: 153	End: 173
    Token: """            	Type: OPEN_PUNCT	Start: 174	End: 175	PTB: "``"
    Token: "Rock"         	Type: TOKEN	Start: 175	End: 179
    Token: "Hard"         	Type: TOKEN	Start: 180	End: 184
    Token: "Classix"      	Type: TOKEN	Start: 185	End: 192
    Token: """            	Type: CLOSE_PUNCT	Start: 192	End: 193	PTB: "''"
    Token: ")"            	Type: CLOSE_BRACKET	Start: 193	End: 194	PTB: "-RRB-"

Paragraph Start: 199
Paragraph End: 321
  Text Unit Start: 199
  Text Unit End: 247
    Token: "Taschenbuch"  	Type: TOKEN	Start: 199	End: 210
    Token: "-"            	Type: PUNCTUATION	Start: 211	End: 212
    Token: "504"          	Type: DIGITAL	Start: 213	End: 216
    Token: "Seiten"       	Type: TOKEN	Start: 217	End: 223
    Token: "-"            	Type: PUNCTUATION	Start: 224	End: 225
    Token: "Heel-Vlg."    	Type: B_ABBREVIATION	Start: 226	End: 235
    Token: ","            	Type: PUNCTUATION	Start: 235	End: 236
    Token: "Königswin"    	Type: TOKEN	Start: 237	End: 246
    Token: "."            	Type: TERM_PUNCT_P	Start: 246	End: 247
  Text Unit Start: 249
  Text Unit End: 321
    Token: "Erscheinungsdatum"	Type: TOKEN	Start: 249	End: 266
    Token: ":"            	Type: PUNCTUATION	Start: 266	End: 267
    Token: "1998"         	Type: DIGITAL	Start: 268	End: 272
    Token: "ISBN"         	Type: TOKEN	Start: 274	End: 278
    Token: ":"            	Type: PUNCTUATION	Start: 278	End: 279
    Token: "3980517101"   	Type: DIGITAL	Start: 280	End: 290
    Token: "Amazon.de"    	Type: TOKEN	Start: 292	End: 301
    Token: "Verkaufsrang" 	Type: TOKEN	Start: 302	End: 314
    Token: "26.472"       	Type: DIGITAL	Start: 315	End: 321

Paragraph Start: 326
Paragraph End: 337
  Text Unit Start: 326
  Text Unit End: 337
    Token: "Rezensionen"  	Type: TOKEN	Start: 326	End: 337

Paragraph Start: 341
Paragraph End: 896
  Text Unit Start: 341
  Text Unit End: 487
    Token: "Kurzbeschreibung"	Type: TOKEN	Start: 341	End: 357
    Token: "Die"          	Type: TOKEN	Start: 360	End: 363
    Token: """            	Type: OPEN_PUNCT	Start: 364	End: 365	PTB: "``"
    Token: "Rock"         	Type: TOKEN	Start: 365	End: 369
    Token: "Hard-Enzyklopädie"	Type: TOKEN	Start: 370	End: 387
    Token: """            	Type: CLOSE_PUNCT	Start: 387	End: 388	PTB: "''"
    Token: "wird"         	Type: TOKEN	Start: 389	End: 393
    Token: "von"          	Type: TOKEN	Start: 394	End: 397
    Token: "Rock"         	Type: TOKEN	Start: 398	End: 402
    Token: "Hard"         	Type: TOKEN	Start: 403	End: 407
    Token: "herausgegeben"	Type: TOKEN	Start: 408	End: 421
    Token: ","            	Type: PUNCTUATION	Start: 421	End: 422
    Token: "dem"          	Type: TOKEN	Start: 423	End: 426
    Token: "erfolgreichsten"	Type: TOKEN	Start: 427	End: 442
    Token: "Hard-Rock-Magazin"	Type: TOKEN	Start: 443	End: 460
    Token: "im"           	Type: TOKEN	Start: 461	End: 463
    Token: "deutschsprachigen"	Type: TOKEN	Start: 464	End: 481
    Token: "Raum"         	Type: TOKEN	Start: 482	End: 486
    Token: "."            	Type: TERM_PUNCT_P	Start: 486	End: 487
  Text Unit Start: 488
  Text Unit End: 565
    Token: "Das"          	Type: TOKEN	Start: 488	End: 491
    Token: "Buch"         	Type: TOKEN	Start: 492	End: 496
    Token: "stellt"       	Type: TOKEN	Start: 497	End: 503
    Token: "über"         	Type: TOKEN	Start: 504	End: 508
    Token: "700"          	Type: DIGITAL	Start: 509	End: 512
    Token: "Bands"        	Type: TOKEN	Start: 513	End: 518
    Token: "aus"          	Type: TOKEN	Start: 519	End: 522
    Token: "drei"         	Type: TOKEN	Start: 523	End: 527
    Token: "Jahrzehnten"  	Type: TOKEN	Start: 528	End: 539
    Token: "Hard-Rock-Geschichte"	Type: TOKEN	Start: 540	End: 560
    Token: "vor"          	Type: TOKEN	Start: 561	End: 564
    Token: "."            	Type: TERM_PUNCT_P	Start: 564	End: 565
  Text Unit Start: 566
  Text Unit End: 640
    Token: "Die"          	Type: TOKEN	Start: 566	End: 569
    Token: "Facts"        	Type: TOKEN	Start: 570	End: 575
    Token: "wurden"       	Type: TOKEN	Start: 576	End: 582
    Token: "dabei"        	Type: TOKEN	Start: 583	End: 588
    Token: "ebenso"       	Type: TOKEN	Start: 589	End: 595
    Token: "kompetent"    	Type: TOKEN	Start: 596	End: 605
    Token: "wie"          	Type: TOKEN	Start: 606	End: 609
    Token: "unterhaltsam" 	Type: TOKEN	Start: 610	End: 622
    Token: "zusammengestellt"	Type: TOKEN	Start: 623	End: 639
    Token: "."            	Type: TERM_PUNCT_P	Start: 639	End: 640
  Text Unit Start: 641
  Text Unit End: 814
    Token: "Ein"          	Type: TOKEN	Start: 641	End: 644
    Token: "vergleichbares"	Type: TOKEN	Start: 645	End: 659
    Token: "Referenzbuch" 	Type: TOKEN	Start: 660	End: 672
    Token: "über"         	Type: TOKEN	Start: 673	End: 677
    Token: "die"          	Type: TOKEN	Start: 678	End: 681
    Token: "Hard-Rock-Szene"	Type: TOKEN	Start: 682	End: 697
    Token: "ist"          	Type: TOKEN	Start: 698	End: 701
    Token: "auf"          	Type: TOKEN	Start: 702	End: 705
    Token: "dem"          	Type: TOKEN	Start: 706	End: 709
    Token: "deutschen"    	Type: TOKEN	Start: 710	End: 719
    Token: "Markt"        	Type: TOKEN	Start: 720	End: 725
    Token: "bislang"      	Type: TOKEN	Start: 726	End: 733
    Token: "nicht"        	Type: TOKEN	Start: 734	End: 739
    Token: "erschienen"   	Type: TOKEN	Start: 740	End: 750
    Token: "und"          	Type: TOKEN	Start: 751	End: 754
    Token: "wird"         	Type: TOKEN	Start: 755	End: 759
    Token: "von"          	Type: TOKEN	Start: 760	End: 763
    Token: "den"          	Type: TOKEN	Start: 764	End: 767
    Token: "vielen"       	Type: TOKEN	Start: 768	End: 774
    Token: "Fans"         	Type: TOKEN	Start: 775	End: 779
    Token: "bereits"      	Type: TOKEN	Start: 780	End: 787
    Token: "lange"        	Type: TOKEN	Start: 788	End: 793
    Token: "sehnlichst"   	Type: TOKEN	Start: 794	End: 804
    Token: "erwartet"     	Type: TOKEN	Start: 805	End: 813
    Token: "."            	Type: TERM_PUNCT_P	Start: 813	End: 814
  Text Unit Start: 815
  Text Unit End: 896
    Token: "Als"          	Type: TOKEN	Start: 815	End: 818
    Token: "besondere"    	Type: TOKEN	Start: 819	End: 828
    Token: "Zugabe"       	Type: TOKEN	Start: 829	End: 835
    Token: "enthält"      	Type: TOKEN	Start: 836	End: 843
    Token: "das"          	Type: TOKEN	Start: 844	End: 847
    Token: "Buch"         	Type: TOKEN	Start: 848	End: 852
    Token: "eine"         	Type: TOKEN	Start: 853	End: 857
    Token: "Compilation-CD"	Type: TOKEN	Start: 858	End: 872
    Token: "mit"          	Type: TOKEN	Start: 873	End: 876
    Token: "17"           	Type: DIGITAL	Start: 877	End: 879
    Token: "Hard-Rock-Songs"	Type: TOKEN	Start: 880	End: 895
    Token: "."            	Type: TERM_PUNCT_P	Start: 895	End: 896

Paragraph Start: 900
Paragraph End: 3098
  Text Unit Start: 900
  Text Unit End: 1193
    Token: "Durchschnittliche"	Type: TOKEN	Start: 900	End: 917
    Token: "Kundenbewertung"	Type: TOKEN	Start: 918	End: 933
    Token: ":"            	Type: PUNCTUATION	Start: 933	End: 934
    Token: "Zahl"         	Type: TOKEN	Start: 936	End: 940
    Token: "der"          	Type: TOKEN	Start: 941	End: 944
    Token: "Rezensionen"  	Type: TOKEN	Start: 945	End: 956
    Token: ":"            	Type: PUNCTUATION	Start: 956	End: 957
    Token: "2"            	Type: DIGITAL	Start: 958	End: 959
    Token: "kuedi@gmx.net"	Type: TOKEN	Start: 962	End: 975
    Token: "aus"          	Type: TOKEN	Start: 976	End: 979
    Token: "Zürich"       	Type: TOKEN	Start: 980	End: 986
    Token: ","            	Type: PUNCTUATION	Start: 987	End: 988
    Token: "12."          	Type: ORDINAL	Start: 989	End: 992
    Token: "Mai"          	Type: TOKEN	Start: 993	End: 996
    Token: "2000"         	Type: DIGITAL	Start: 997	End: 1001
    Token: "Die"          	Type: TOKEN	Start: 1005	End: 1008
    Token: "koplette"     	Type: TOKEN	Start: 1009	End: 1017
    Token: "Welt"         	Type: TOKEN	Start: 1018	End: 1022
    Token: "des"          	Type: TOKEN	Start: 1023	End: 1026
    Token: "Metal"        	Type: TOKEN	Start: 1027	End: 1032
    Token: "in"           	Type: TOKEN	Start: 1033	End: 1035
    Token: "einem"        	Type: TOKEN	Start: 1036	End: 1041
    Token: "Buch"         	Type: TOKEN	Start: 1042	End: 1046
    Token: "Man"          	Type: TOKEN	Start: 1048	End: 1051
    Token: "findet"       	Type: TOKEN	Start: 1052	End: 1058
    Token: "in"           	Type: TOKEN	Start: 1059	End: 1061
    Token: "diesem"       	Type: TOKEN	Start: 1062	End: 1068
    Token: "Buch"         	Type: TOKEN	Start: 1069	End: 1073
    Token: "praktisch"    	Type: TOKEN	Start: 1074	End: 1083
    Token: "jede"         	Type: TOKEN	Start: 1084	End: 1088
    Token: "Band"         	Type: TOKEN	Start: 1089	End: 1093
    Token: "der"          	Type: TOKEN	Start: 1094	End: 1097
    Token: "Sparten"      	Type: TOKEN	Start: 1098	End: 1105
    Token: "HardRock"     	Type: TOKEN	Start: 1106	End: 1114
    Token: "und"          	Type: TOKEN	Start: 1115	End: 1118
    Token: "Metal"        	Type: TOKEN	Start: 1119	End: 1124
    Token: ","            	Type: PUNCTUATION	Start: 1124	End: 1125
    Token: "die"          	Type: TOKEN	Start: 1126	End: 1129
    Token: "mal"          	Type: TOKEN	Start: 1130	End: 1133
    Token: "eine"         	Type: TOKEN	Start: 1134	End: 1138
    Token: "einigermassen"	Type: TOKEN	Start: 1139	End: 1152
    Token: "seriöse"      	Type: TOKEN	Start: 1153	End: 1160
    Token: "CD"           	Type: TOKEN	Start: 1161	End: 1163
    Token: "auf"          	Type: TOKEN	Start: 1164	End: 1167
    Token: "den"          	Type: TOKEN	Start: 1168	End: 1171
    Token: "Markt"        	Type: TOKEN	Start: 1172	End: 1177
    Token: "gebracht"     	Type: TOKEN	Start: 1178	End: 1186
    Token: "haben"        	Type: TOKEN	Start: 1187	End: 1192
    Token: "."            	Type: TERM_PUNCT_P	Start: 1192	End: 1193
  Text Unit Start: 1194
  Text Unit End: 1339
    Token: "Je"           	Type: TOKEN	Start: 1194	End: 1196
    Token: "nach"         	Type: TOKEN	Start: 1197	End: 1201
    Token: "Bekanntheitsgrad"	Type: TOKEN	Start: 1202	End: 1218
    Token: "und"          	Type: TOKEN	Start: 1219	End: 1222
    Token: "verdienst"    	Type: TOKEN	Start: 1223	End: 1232
    Token: "gegenüber"    	Type: TOKEN	Start: 1233	End: 1242
    Token: "der"          	Type: TOKEN	Start: 1243	End: 1246
    Token: "Musik"        	Type: TOKEN	Start: 1247	End: 1252
    Token: "werden"       	Type: TOKEN	Start: 1253	End: 1259
    Token: "die"          	Type: TOKEN	Start: 1260	End: 1263
    Token: "Bands"        	Type: TOKEN	Start: 1264	End: 1269
    Token: "in"           	Type: TOKEN	Start: 1270	End: 1272
    Token: "kürzeren"     	Type: TOKEN	Start: 1273	End: 1281
    Token: "Abschnitten"  	Type: TOKEN	Start: 1282	End: 1293
    Token: "oder"         	Type: TOKEN	Start: 1294	End: 1298
    Token: "in"           	Type: TOKEN	Start: 1299	End: 1301
    Token: "mehrseitigen" 	Type: TOKEN	Start: 1302	End: 1314
    Token: "Biographien"  	Type: TOKEN	Start: 1315	End: 1326
    Token: "vorgestellt"  	Type: TOKEN	Start: 1327	End: 1338
    Token: "."            	Type: TERM_PUNCT_P	Start: 1338	End: 1339
  Text Unit Start: 1340
  Text Unit End: 1434
    Token: "Interessant"  	Type: TOKEN	Start: 1340	End: 1351
    Token: "ist"          	Type: TOKEN	Start: 1352	End: 1355
    Token: "immer"        	Type: TOKEN	Start: 1356	End: 1361
    Token: "wieder"       	Type: TOKEN	Start: 1362	End: 1368
    Token: "das"          	Type: TOKEN	Start: 1369	End: 1372
    Token: "Aha-Erlebnis" 	Type: TOKEN	Start: 1373	End: 1385
    Token: "in"           	Type: TOKEN	Start: 1386	End: 1388
    Token: "Stile"        	Type: TOKEN	Start: 1389	End: 1394
    Token: ":"            	Type: PUNCTUATION	Start: 1394	End: 1395
    Token: "Ahh"          	Type: TOKEN	Start: 1396	End: 1399
    Token: ","            	Type: PUNCTUATION	Start: 1399	End: 1400
    Token: "dort"         	Type: TOKEN	Start: 1401	End: 1405
    Token: "hat"          	Type: TOKEN	Start: 1406	End: 1409
    Token: "der"          	Type: TOKEN	Start: 1410	End: 1413
    Token: "auch"         	Type: TOKEN	Start: 1414	End: 1418
    Token: "noch"         	Type: TOKEN	Start: 1419	End: 1423
    Token: "gespielt"     	Type: TOKEN	Start: 1424	End: 1432
    Token: "!"            	Type: TERM_PUNCT	Start: 1432	End: 1433
    Token: "!"            	Type: TERM_PUNCT	Start: 1433	End: 1434
  Text Unit Start: 1435
  Text Unit End: 1530
    Token: "Die"          	Type: TOKEN	Start: 1435	End: 1438
    Token: "Beiträge"     	Type: TOKEN	Start: 1439	End: 1447
    Token: "sind"         	Type: TOKEN	Start: 1448	End: 1452
    Token: "kompetent"    	Type: TOKEN	Start: 1453	End: 1462
    Token: "recherchiert" 	Type: TOKEN	Start: 1463	End: 1475
    Token: "und"          	Type: TOKEN	Start: 1476	End: 1479
    Token: "in"           	Type: TOKEN	Start: 1480	End: 1482
    Token: "einer"        	Type: TOKEN	Start: 1483	End: 1488
    Token: "humorvollen"  	Type: TOKEN	Start: 1489	End: 1500
    Token: "Art"          	Type: TOKEN	Start: 1501	End: 1504
    Token: "zu"           	Type: TOKEN	Start: 1505	End: 1507
    Token: "Buche"        	Type: TOKEN	Start: 1508	End: 1513
    Token: "getragen"     	Type: TOKEN	Start: 1514	End: 1522
    Token: "worden"       	Type: TOKEN	Start: 1523	End: 1529
    Token: "."            	Type: TERM_PUNCT_P	Start: 1529	End: 1530
  Text Unit Start: 1531
  Text Unit End: 1643
    Token: "Ein"          	Type: TOKEN	Start: 1531	End: 1534
    Token: "MUSS"         	Type: TOKEN	Start: 1535	End: 1539
    Token: "für"          	Type: TOKEN	Start: 1540	End: 1543
    Token: "jeden"        	Type: TOKEN	Start: 1544	End: 1549
    Token: "MetalFan"     	Type: TOKEN	Start: 1550	End: 1558
    Token: "und"          	Type: TOKEN	Start: 1559	End: 1562
    Token: "ein"          	Type: TOKEN	Start: 1563	End: 1566
    Token: "Dank"         	Type: TOKEN	Start: 1567	End: 1571
    Token: "an"           	Type: TOKEN	Start: 1572	End: 1574
    Token: "die"          	Type: TOKEN	Start: 1575	End: 1578
    Token: "Rockhard"     	Type: TOKEN	Start: 1579	End: 1587
    Token: "-"            	Type: PUNCTUATION	Start: 1587	End: 1588
    Token: "Schreiberlinge"	Type: TOKEN	Start: 1589	End: 1603
    Token: ","            	Type: PUNCTUATION	Start: 1603	End: 1604
    Token: "die"          	Type: TOKEN	Start: 1605	End: 1608
    Token: "das"          	Type: TOKEN	Start: 1609	End: 1612
    Token: "Ganze"        	Type: TOKEN	Start: 1613	End: 1618
    Token: "möglich"      	Type: TOKEN	Start: 1619	End: 1626
    Token: "gemacht"      	Type: TOKEN	Start: 1627	End: 1634
    Token: "haben"        	Type: TOKEN	Start: 1635	End: 1640
    Token: "."            	Type: TERM_PUNCT_P	Start: 1640	End: 1641
    Token: "."            	Type: TERM_PUNCT_P	Start: 1641	End: 1642
    Token: "."            	Type: TERM_PUNCT_P	Start: 1642	End: 1643
  Text Unit Start: 1646
  Text Unit End: 1908
    Token: "Emrah"        	Type: TOKEN	Start: 1646	End: 1651
    Token: "Kilic"        	Type: TOKEN	Start: 1652	End: 1657
    Token: ","            	Type: PUNCTUATION	Start: 1657	End: 1658
    Token: "Sportwissenschaft"	Type: TOKEN	Start: 1659	End: 1676
    Token: ","            	Type: PUNCTUATION	Start: 1676	End: 1677
    Token: "s080100@stud.uni-goettingen.de"	Type: TOKEN	Start: 1678	End: 1708
    Token: "aus"          	Type: TOKEN	Start: 1709	End: 1712
    Token: "Göttingen"    	Type: TOKEN	Start: 1713	End: 1722
    Token: ","            	Type: PUNCTUATION	Start: 1723	End: 1724
    Token: "4."           	Type: ORDINAL	Start: 1725	End: 1727
    Token: "Januar"       	Type: TOKEN	Start: 1728	End: 1734
    Token: "2000"         	Type: DIGITAL	Start: 1735	End: 1739
    Token: "Alle"         	Type: TOKEN	Start: 1743	End: 1747
    Token: "Bands"        	Type: TOKEN	Start: 1748	End: 1753
    Token: "in"           	Type: TOKEN	Start: 1754	End: 1756
    Token: "einem"        	Type: TOKEN	Start: 1757	End: 1762
    Token: "Buch"         	Type: TOKEN	Start: 1763	End: 1767
    Token: "Das"          	Type: TOKEN	Start: 1769	End: 1772
    Token: "kompetenteste"	Type: TOKEN	Start: 1773	End: 1786
    Token: "Musik"        	Type: TOKEN	Start: 1787	End: 1792
    Token: "-"            	Type: PUNCTUATION	Start: 1793	End: 1794
    Token: "Magazin"      	Type: TOKEN	Start: 1795	End: 1802
    Token: "Deutschlands" 	Type: TOKEN	Start: 1803	End: 1815
    Token: "veröffentlichte"	Type: TOKEN	Start: 1816	End: 1831
    Token: "1998"         	Type: DIGITAL	Start: 1832	End: 1836
    Token: "diese"        	Type: TOKEN	Start: 1837	End: 1842
    Token: "Enzyklopädie" 	Type: TOKEN	Start: 1843	End: 1855
    Token: ","            	Type: PUNCTUATION	Start: 1855	End: 1856
    Token: "die"          	Type: TOKEN	Start: 1857	End: 1860
    Token: "jeder"        	Type: TOKEN	Start: 1861	End: 1866
    Token: "Metal"        	Type: TOKEN	Start: 1867	End: 1872
    Token: "-"            	Type: PUNCTUATION	Start: 1873	End: 1874
    Token: "Fan"          	Type: TOKEN	Start: 1875	End: 1878
    Token: "im"           	Type: TOKEN	Start: 1879	End: 1881
    Token: "Regal"        	Type: TOKEN	Start: 1882	End: 1887
    Token: "stehen"       	Type: TOKEN	Start: 1888	End: 1894
    Token: "haben"        	Type: TOKEN	Start: 1895	End: 1900
    Token: "sollte"       	Type: TOKEN	Start: 1901	End: 1907
    Token: "."            	Type: TERM_PUNCT_P	Start: 1907	End: 1908
  Text Unit Start: 1909
  Text Unit End: 2024
    Token: "Auf"          	Type: TOKEN	Start: 1909	End: 1912
    Token: "500"          	Type: DIGITAL	Start: 1913	End: 1916
    Token: "Seiten"       	Type: TOKEN	Start: 1917	End: 1923
    Token: "werden"       	Type: TOKEN	Start: 1924	End: 1930
    Token: "die"          	Type: TOKEN	Start: 1931	End: 1934
    Token: "wichtigsten"  	Type: TOKEN	Start: 1935	End: 1946
    Token: "Bands"        	Type: TOKEN	Start: 1947	End: 1952
    Token: "aus"          	Type: TOKEN	Start: 1953	End: 1956
    Token: "dem"          	Type: TOKEN	Start: 1957	End: 1960
    Token: "Rock"         	Type: TOKEN	Start: 1961	End: 1965
    Token: "-"            	Type: PUNCTUATION	Start: 1965	End: 1966
    Token: "und"          	Type: TOKEN	Start: 1967	End: 1970
    Token: "Metalsektor"  	Type: TOKEN	Start: 1971	End: 1982
    Token: "mal"          	Type: TOKEN	Start: 1983	End: 1986
    Token: "knapp"        	Type: TOKEN	Start: 1987	End: 1992
    Token: ","            	Type: PUNCTUATION	Start: 1992	End: 1993
    Token: "mal"          	Type: TOKEN	Start: 1994	End: 1997
    Token: "ausführlicher"	Type: TOKEN	Start: 1998	End: 2011
    Token: "vorgestellt"  	Type: TOKEN	Start: 2012	End: 2023
    Token: "."            	Type: TERM_PUNCT_P	Start: 2023	End: 2024
  Text Unit Start: 2025
  Text Unit End: 2145
    Token: "Ob"           	Type: TOKEN	Start: 2025	End: 2027
    Token: "es"           	Type: TOKEN	Start: 2028	End: 2030
    Token: "nun"          	Type: TOKEN	Start: 2031	End: 2034
    Token: "die"          	Type: TOKEN	Start: 2035	End: 2038
    Token: "Urväter"      	Type: TOKEN	Start: 2039	End: 2046
    Token: "des"          	Type: TOKEN	Start: 2047	End: 2050
    Token: "Metal"        	Type: TOKEN	Start: 2051	End: 2056
    Token: ","            	Type: PUNCTUATION	Start: 2056	End: 2057
    Token: "Black"        	Type: TOKEN	Start: 2058	End: 2063
    Token: "Sabbath"      	Type: TOKEN	Start: 2064	End: 2071
    Token: "oder"         	Type: TOKEN	Start: 2072	End: 2076
    Token: "neuere"       	Type: TOKEN	Start: 2077	End: 2083
    Token: "Bands"        	Type: TOKEN	Start: 2084	End: 2089
    Token: "wie"          	Type: TOKEN	Start: 2090	End: 2093
    Token: "Bush"         	Type: TOKEN	Start: 2094	End: 2098
    Token: "oder"         	Type: TOKEN	Start: 2099	End: 2103
    Token: "Skunk"        	Type: TOKEN	Start: 2104	End: 2109
    Token: "Anansie"      	Type: TOKEN	Start: 2110	End: 2117
    Token: "sind"         	Type: TOKEN	Start: 2118	End: 2122
    Token: "-"            	Type: PUNCTUATION	Start: 2123	End: 2124
    Token: "alle"         	Type: TOKEN	Start: 2125	End: 2129
    Token: "sind"         	Type: TOKEN	Start: 2130	End: 2134
    Token: "vertreten"    	Type: TOKEN	Start: 2135	End: 2144
    Token: "."            	Type: TERM_PUNCT_P	Start: 2144	End: 2145
  Text Unit Start: 2146
  Text Unit End: 2303
    Token: "Natürlich"    	Type: TOKEN	Start: 2146	End: 2155
    Token: "wird"         	Type: TOKEN	Start: 2156	End: 2160
    Token: "dies"         	Type: TOKEN	Start: 2161	End: 2165
    Token: "alles"        	Type: TOKEN	Start: 2166	End: 2171
    Token: "im"           	Type: TOKEN	Start: 2172	End: 2174
    Token: "gewohnt"      	Type: TOKEN	Start: 2175	End: 2182
    Token: "witzigen"     	Type: TOKEN	Start: 2183	End: 2191
    Token: "Schreibstil"  	Type: TOKEN	Start: 2192	End: 2203
    Token: "verpackt"     	Type: TOKEN	Start: 2204	End: 2212
    Token: ","            	Type: PUNCTUATION	Start: 2212	End: 2213
    Token: "was"          	Type: TOKEN	Start: 2214	End: 2217
    Token: "die"          	Type: TOKEN	Start: 2218	End: 2221
    Token: "ganze"        	Type: TOKEN	Start: 2222	End: 2227
    Token: "Sache"        	Type: TOKEN	Start: 2228	End: 2233
    Token: "sehr"         	Type: TOKEN	Start: 2234	End: 2238
    Token: "unterhaltsam" 	Type: TOKEN	Start: 2239	End: 2251
    Token: "macht"        	Type: TOKEN	Start: 2252	End: 2257
    Token: ","            	Type: PUNCTUATION	Start: 2257	End: 2258
    Token: "was"          	Type: TOKEN	Start: 2259	End: 2262
    Token: "man"          	Type: TOKEN	Start: 2263	End: 2266
    Token: "von"          	Type: TOKEN	Start: 2267	End: 2270
    Token: "Enzyklopädien"	Type: TOKEN	Start: 2271	End: 2284
    Token: "sonst"        	Type: TOKEN	Start: 2285	End: 2290
    Token: "nicht"        	Type: TOKEN	Start: 2291	End: 2296
    Token: "kennt"        	Type: TOKEN	Start: 2297	End: 2302
    Token: "."            	Type: TERM_PUNCT_P	Start: 2302	End: 2303
  Text Unit Start: 2304
  Text Unit End: 2405
    Token: "Dazu"         	Type: TOKEN	Start: 2304	End: 2308
    Token: "tragen"       	Type: TOKEN	Start: 2309	End: 2315
    Token: "auch"         	Type: TOKEN	Start: 2316	End: 2320
    Token: "die"          	Type: TOKEN	Start: 2321	End: 2324
    Token: "vielen"       	Type: TOKEN	Start: 2325	End: 2331
    Token: "Anekdoten"    	Type: TOKEN	Start: 2332	End: 2341
    Token: "bei"          	Type: TOKEN	Start: 2342	End: 2345
    Token: ","            	Type: PUNCTUATION	Start: 2345	End: 2346
    Token: "die"          	Type: TOKEN	Start: 2347	End: 2350
    Token: "mich"         	Type: TOKEN	Start: 2351	End: 2355
    Token: "ein"          	Type: TOKEN	Start: 2356	End: 2359
    Token: "ums"          	Type: TOKEN	Start: 2360	End: 2363
    Token: "andere"       	Type: TOKEN	Start: 2364	End: 2370
    Token: "Mal"          	Type: TOKEN	Start: 2371	End: 2374
    Token: "zum"          	Type: TOKEN	Start: 2375	End: 2378
    Token: "Schmunzeln"   	Type: TOKEN	Start: 2379	End: 2389
    Token: "gebracht"     	Type: TOKEN	Start: 2390	End: 2398
    Token: "haben"        	Type: TOKEN	Start: 2399	End: 2404
    Token: "."            	Type: TERM_PUNCT_P	Start: 2404	End: 2405
  Text Unit Start: 2406
  Text Unit End: 2541
    Token: "Man"          	Type: TOKEN	Start: 2406	End: 2409
    Token: "hätte"        	Type: TOKEN	Start: 2410	End: 2415
    Token: "es"           	Type: TOKEN	Start: 2416	End: 2418
    Token: "sich"         	Type: TOKEN	Start: 2419	End: 2423
    Token: "jedoch"       	Type: TOKEN	Start: 2424	End: 2430
    Token: "sparen"       	Type: TOKEN	Start: 2431	End: 2437
    Token: "können"       	Type: TOKEN	Start: 2438	End: 2444
    Token: ","            	Type: PUNCTUATION	Start: 2444	End: 2445
    Token: "über"         	Type: TOKEN	Start: 2446	End: 2450
    Token: "einige"       	Type: TOKEN	Start: 2451	End: 2457
    Token: "Platten"      	Type: TOKEN	Start: 2458	End: 2465
    Token: "herzuziehen"  	Type: TOKEN	Start: 2466	End: 2477
    Token: "und"          	Type: TOKEN	Start: 2478	End: 2481
    Token: "einigen"      	Type: TOKEN	Start: 2482	End: 2489
    Token: "Bands"        	Type: TOKEN	Start: 2490	End: 2495
    Token: "mehr"         	Type: TOKEN	Start: 2496	End: 2500
    Token: "Platz"        	Type: TOKEN	Start: 2501	End: 2506
    Token: "gebühren"     	Type: TOKEN	Start: 2507	End: 2515
    Token: "sollen"       	Type: TOKEN	Start: 2516	End: 2522
    Token: "("            	Type: OPEN_BRACKET	Start: 2523	End: 2524	PTB: "-LRB-"
    Token: "z.B."         	Type: B_ABBREVIATION	Start: 2524	End: 2528
    Token: "Iced"         	Type: TOKEN	Start: 2529	End: 2533
    Token: "Earth"        	Type: TOKEN	Start: 2534	End: 2539
    Token: ")"            	Type: CLOSE_BRACKET	Start: 2539	End: 2540	PTB: "-RRB-"
    Token: "."            	Type: TERM_PUNCT_P	Start: 2540	End: 2541
  Text Unit Start: 2542
  Text Unit End: 2702
    Token: "Auch"         	Type: TOKEN	Start: 2542	End: 2546
    Token: "sind"         	Type: TOKEN	Start: 2547	End: 2551
    Token: "die"          	Type: TOKEN	Start: 2552	End: 2555
    Token: "abgedruckten" 	Type: TOKEN	Start: 2556	End: 2568
    Token: "Line"         	Type: TOKEN	Start: 2569	End: 2573
    Token: "-"            	Type: PUNCTUATION	Start: 2574	End: 2575
    Token: "Ups"          	Type: TOKEN	Start: 2576	End: 2579
    Token: "für"          	Type: TOKEN	Start: 2580	End: 2583
    Token: "die"          	Type: TOKEN	Start: 2584	End: 2587
    Token: "Katz"         	Type: TOKEN	Start: 2588	End: 2592
    Token: ","            	Type: PUNCTUATION	Start: 2592	End: 2593
    Token: "da"           	Type: TOKEN	Start: 2594	End: 2596
    Token: "sie"          	Type: TOKEN	Start: 2597	End: 2600
    Token: "sich"         	Type: TOKEN	Start: 2601	End: 2605
    Token: "bei"          	Type: TOKEN	Start: 2606	End: 2609
    Token: "den"          	Type: TOKEN	Start: 2610	End: 2613
    Token: "meisten"      	Type: TOKEN	Start: 2614	End: 2621
    Token: "Bands"        	Type: TOKEN	Start: 2622	End: 2627
    Token: "eh"           	Type: TOKEN	Start: 2628	End: 2630
    Token: "ständig"      	Type: TOKEN	Start: 2631	End: 2638
    Token: "ändern"       	Type: TOKEN	Start: 2639	End: 2645
    Token: "("            	Type: OPEN_BRACKET	Start: 2646	End: 2647	PTB: "-LRB-"
    Token: "z.B"          	Type: TOKEN	Start: 2647	End: 2650
    Token: "Testament"    	Type: TOKEN	Start: 2651	End: 2660
    Token: ")"            	Type: CLOSE_BRACKET	Start: 2660	End: 2661	PTB: "-RRB-"
    Token: "und"          	Type: TOKEN	Start: 2662	End: 2665
    Token: "so"           	Type: TOKEN	Start: 2666	End: 2668
    Token: "das"          	Type: TOKEN	Start: 2669	End: 2672
    Token: "Buch"         	Type: TOKEN	Start: 2673	End: 2677
    Token: "an"           	Type: TOKEN	Start: 2678	End: 2680
    Token: "Stellenwert"  	Type: TOKEN	Start: 2681	End: 2692
    Token: "verliert"     	Type: TOKEN	Start: 2693	End: 2701
    Token: "."            	Type: TERM_PUNCT_P	Start: 2701	End: 2702
  Text Unit Start: 2703
  Text Unit End: 2801
    Token: "Dem"          	Type: TOKEN	Start: 2703	End: 2706
    Token: "Buch"         	Type: TOKEN	Start: 2707	End: 2711
    Token: "ist"          	Type: TOKEN	Start: 2712	End: 2715
    Token: "übrigens"     	Type: TOKEN	Start: 2716	End: 2724
    Token: "auch"         	Type: TOKEN	Start: 2725	End: 2729
    Token: "eine"         	Type: TOKEN	Start: 2730	End: 2734
    Token: "CD"           	Type: TOKEN	Start: 2735	End: 2737
    Token: "beigelegt"    	Type: TOKEN	Start: 2738	End: 2747
    Token: "über"         	Type: TOKEN	Start: 2748	End: 2752
    Token: "deren"        	Type: TOKEN	Start: 2753	End: 2758
    Token: "Songauswahl"  	Type: TOKEN	Start: 2759	End: 2770
    Token: "man"          	Type: TOKEN	Start: 2771	End: 2774
    Token: "sich"         	Type: TOKEN	Start: 2775	End: 2779
    Token: "jedoch"       	Type: TOKEN	Start: 2780	End: 2786
    Token: "streiten"     	Type: TOKEN	Start: 2787	End: 2795
    Token: "kann"         	Type: TOKEN	Start: 2796	End: 2800
    Token: "."            	Type: TERM_PUNCT_P	Start: 2800	End: 2801
  Text Unit Start: 2802
  Text Unit End: 2867
    Token: "Hörenswert"   	Type: TOKEN	Start: 2802	End: 2812
    Token: "sind"         	Type: TOKEN	Start: 2813	End: 2817
    Token: "die"          	Type: TOKEN	Start: 2818	End: 2821
    Token: "Beiträge"     	Type: TOKEN	Start: 2822	End: 2830
    Token: "von"          	Type: TOKEN	Start: 2831	End: 2834
    Token: "Mercyful"     	Type: TOKEN	Start: 2835	End: 2843
    Token: "Fate"         	Type: TOKEN	Start: 2844	End: 2848
    Token: "und"          	Type: TOKEN	Start: 2849	End: 2852
    Token: "Fates"        	Type: TOKEN	Start: 2853	End: 2858
    Token: "Warning"      	Type: TOKEN	Start: 2859	End: 2866
    Token: "."            	Type: TERM_PUNCT_P	Start: 2866	End: 2867
  Text Unit Start: 2868
  Text Unit End: 3028
    Token: "In"           	Type: TOKEN	Start: 2868	End: 2870
    Token: "diesem"       	Type: TOKEN	Start: 2871	End: 2877
    Token: "Buch"         	Type: TOKEN	Start: 2878	End: 2882
    Token: "steckt"       	Type: TOKEN	Start: 2883	End: 2889
    Token: "jedenfalls"   	Type: TOKEN	Start: 2890	End: 2900
    Token: "eine"         	Type: TOKEN	Start: 2901	End: 2905
    Token: "Menge"        	Type: TOKEN	Start: 2906	End: 2911
    Token: "Kompetenz"    	Type: TOKEN	Start: 2912	End: 2921
    Token: "und"          	Type: TOKEN	Start: 2922	End: 2925
    Token: "Fleiß"        	Type: TOKEN	Start: 2926	End: 2931
    Token: "und"          	Type: TOKEN	Start: 2932	End: 2935
    Token: "deswegen"     	Type: TOKEN	Start: 2936	End: 2944
    Token: "gilt"         	Type: TOKEN	Start: 2945	End: 2949
    Token: "mein"         	Type: TOKEN	Start: 2950	End: 2954
    Token: "Respekt"      	Type: TOKEN	Start: 2955	End: 2962
    Token: "an"           	Type: TOKEN	Start: 2963	End: 2965
    Token: "die"          	Type: TOKEN	Start: 2966	End: 2969
    Token: "Redakteure"   	Type: TOKEN	Start: 2970	End: 2980
    Token: "aus"          	Type: TOKEN	Start: 2981	End: 2984
    Token: "Dortmund"     	Type: TOKEN	Start: 2985	End: 2993
    Token: ","            	Type: PUNCTUATION	Start: 2993	End: 2994
    Token: "die"          	Type: TOKEN	Start: 2995	End: 2998
    Token: "jahrelang"    	Type: TOKEN	Start: 2999	End: 3008
    Token: "recherchiert" 	Type: TOKEN	Start: 3009	End: 3021
    Token: "haben"        	Type: TOKEN	Start: 3022	End: 3027
    Token: "."            	Type: TERM_PUNCT_P	Start: 3027	End: 3028
  Text Unit Start: 3029
  Text Unit End: 3041
    Token: "Glückwunsch"  	Type: TOKEN	Start: 3029	End: 3040
    Token: "!"            	Type: TERM_PUNCT	Start: 3040	End: 3041
  Text Unit Start: 3042
  Text Unit End: 3098
    Token: "("            	Type: OPEN_BRACKET	Start: 3042	End: 3043	PTB: "-LRB-"
    Token: "Dies"         	Type: TOKEN	Start: 3043	End: 3047
    Token: "ist"          	Type: TOKEN	Start: 3048	End: 3051
    Token: "eine"         	Type: TOKEN	Start: 3052	End: 3056
    Token: "Amazon.de"    	Type: TOKEN	Start: 3057	End: 3066
    Token: "an"           	Type: TOKEN	Start: 3067	End: 3069
    Token: "der"          	Type: TOKEN	Start: 3070	End: 3073
    Token: "Uni-Studentenrezension"	Type: TOKEN	Start: 3074	End: 3096
    Token: "."            	Type: TERM_PUNCT_P	Start: 3096	End: 3097
    Token: ")"            	Type: CLOSE_BRACKET	Start: 3097	End: 3098	PTB: "-RRB-"

tokenize 2. of 2 de text...
D:\Projects\JTok\bin\..\data\german\german.txt
Paragraph Start: 0
Paragraph End: 763
  Text Unit Start: 0
  Text Unit End: 108
    Token: "Die"          	Type: TOKEN	Start: 0	End: 3
    Token: "beginnende"   	Type: TOKEN	Start: 4	End: 14
    Token: "Rezession"    	Type: TOKEN	Start: 15	End: 24
    Token: "in"           	Type: TOKEN	Start: 25	End: 27
    Token: "Deutschland"  	Type: TOKEN	Start: 28	End: 39
    Token: "droht"        	Type: TOKEN	Start: 40	End: 45
    Token: "schwerer"     	Type: TOKEN	Start: 46	End: 54
    Token: "zu"           	Type: TOKEN	Start: 55	End: 57
    Token: "werden"       	Type: TOKEN	Start: 58	End: 64
    Token: "und"          	Type: TOKEN	Start: 65	End: 68
    Token: "länger"       	Type: TOKEN	Start: 69	End: 75
    Token: "zu"           	Type: TOKEN	Start: 76	End: 78
    Token: "dauern"       	Type: TOKEN	Start: 79	End: 85
    Token: "als"          	Type: TOKEN	Start: 86	End: 89
    Token: "bisher"       	Type: TOKEN	Start: 90	End: 96
    Token: "angenommen"   	Type: TOKEN	Start: 97	End: 107
    Token: "."            	Type: TERM_PUNCT_P	Start: 107	End: 108
  Text Unit Start: 109
  Text Unit End: 247
    Token: """            	Type: OPEN_PUNCT	Start: 109	End: 110	PTB: "``"
    Token: "Wir"          	Type: TOKEN	Start: 110	End: 113
    Token: "sind"         	Type: TOKEN	Start: 114	End: 118
    Token: "soeben"       	Type: TOKEN	Start: 119	End: 125
    Token: "übergeschnappt"	Type: TOKEN	Start: 126	End: 140
    Token: """            	Type: CLOSE_PUNCT	Start: 140	End: 141	PTB: "''"
    Token: ","            	Type: PUNCTUATION	Start: 141	End: 142
    Token: "wirbt"        	Type: TOKEN	Start: 143	End: 148
    Token: "der"          	Type: TOKEN	Start: 149	End: 152
    Token: "Herrenausstatter"	Type: TOKEN	Start: 153	End: 169
    Token: "Paul"         	Type: TOKEN	Start: 170	End: 174
    Token: "Jardin"       	Type: TOKEN	Start: 175	End: 181
    Token: "mit"          	Type: TOKEN	Start: 182	End: 185
    Token: "großen"       	Type: TOKEN	Start: 186	End: 192
    Token: "Lettern"      	Type: TOKEN	Start: 193	End: 200
    Token: ","            	Type: PUNCTUATION	Start: 200	End: 201
    Token: """            	Type: OPEN_PUNCT	Start: 202	End: 203	PTB: "``"
    Token: "wir"          	Type: TOKEN	Start: 203	End: 206
    Token: "verscherbeln" 	Type: TOKEN	Start: 207	End: 219
    Token: "alles"        	Type: TOKEN	Start: 220	End: 225
    Token: "60"           	Type: DIGITAL	Start: 226	End: 228
    Token: "Prozent"      	Type: TOKEN	Start: 229	End: 236
    Token: "billiger"     	Type: TOKEN	Start: 237	End: 245
    Token: "."            	Type: TERM_PUNCT_P	Start: 245	End: 246
    Token: """            	Type: CLOSE_PUNCT	Start: 246	End: 247	PTB: "''"
  Text Unit Start: 248
  Text Unit End: 363
    Token: "350"          	Type: DIGITAL	Start: 248	End: 251
    Token: "bis"          	Type: TOKEN	Start: 252	End: 255
    Token: "unter"        	Type: TOKEN	Start: 256	End: 261
    Token: "die"          	Type: TOKEN	Start: 262	End: 265
    Token: "Decke"        	Type: TOKEN	Start: 266	End: 271
    Token: "mit"          	Type: TOKEN	Start: 272	End: 275
    Token: "Präsenten"    	Type: TOKEN	Start: 276	End: 285
    Token: "gefüllte"     	Type: TOKEN	Start: 286	End: 294
    Token: "Geschäfte"    	Type: TOKEN	Start: 295	End: 304
    Token: "in"           	Type: TOKEN	Start: 305	End: 307
    Token: "Amerikas"     	Type: TOKEN	Start: 308	End: 316
    Token: "zweitgrößtem" 	Type: TOKEN	Start: 317	End: 329
    Token: "Einkaufszentrum"	Type: TOKEN	Start: 330	End: 345
    Token: "buhlen"       	Type: TOKEN	Start: 346	End: 352
    Token: "um"           	Type: TOKEN	Start: 353	End: 355
    Token: "Kunden"       	Type: TOKEN	Start: 356	End: 362
    Token: "."            	Type: TERM_PUNCT_P	Start: 362	End: 363
  Text Unit Start: 364
  Text Unit End: 490
    Token: "Nichts"       	Type: TOKEN	Start: 364	End: 370
    Token: "fehlt"        	Type: TOKEN	Start: 371	End: 376
    Token: "in"           	Type: TOKEN	Start: 377	End: 379
    Token: "der"          	Type: TOKEN	Start: 380	End: 383
    Token: "Del"          	Type: TOKEN	Start: 384	End: 387
    Token: "Amo"          	Type: TOKEN	Start: 388	End: 391
    Token: "Mall"         	Type: TOKEN	Start: 392	End: 396
    Token: "von"          	Type: TOKEN	Start: 397	End: 400
    Token: "Los"          	Type: TOKEN	Start: 401	End: 404
    Token: "Angeles"      	Type: TOKEN	Start: 405	End: 412
    Token: ","            	Type: PUNCTUATION	Start: 412	End: 413
    Token: "was"          	Type: TOKEN	Start: 414	End: 417
    Token: "das"          	Type: TOKEN	Start: 418	End: 421
    Token: "amerikanische"	Type: TOKEN	Start: 422	End: 435
    Token: "Verbraucherherz"	Type: TOKEN	Start: 436	End: 451
    Token: "kurz"         	Type: TOKEN	Start: 452	End: 456
    Token: "vor"          	Type: TOKEN	Start: 457	End: 460
    Token: "Heiligabend"  	Type: TOKEN	Start: 461	End: 472
    Token: "vermissen"    	Type: TOKEN	Start: 473	End: 482
    Token: "könnte"       	Type: TOKEN	Start: 483	End: 489
    Token: "."            	Type: TERM_PUNCT_P	Start: 489	End: 490
  Text Unit Start: 491
  Text Unit End: 661
    Token: "Es"           	Type: TOKEN	Start: 491	End: 493
    Token: "gibt"         	Type: TOKEN	Start: 494	End: 498
    Token: "zuckrig"      	Type: TOKEN	Start: 499	End: 506
    Token: "dekorierte"   	Type: TOKEN	Start: 507	End: 517
    Token: "Christbäume"  	Type: TOKEN	Start: 518	End: 529
    Token: ","            	Type: PUNCTUATION	Start: 529	End: 530
    Token: "riesenhaft"   	Type: TOKEN	Start: 531	End: 541
    Token: "aufgeplusterte"	Type: TOKEN	Start: 542	End: 556
    Token: "Schaumstoff-Weihnachtsmänner"	Type: TOKEN	Start: 557	End: 585
    Token: "und"          	Type: TOKEN	Start: 586	End: 589
    Token: "mechanische"  	Type: TOKEN	Start: 590	End: 601
    Token: "Eichhörnchen" 	Type: TOKEN	Start: 602	End: 614
    Token: ","            	Type: PUNCTUATION	Start: 614	End: 615
    Token: "die"          	Type: TOKEN	Start: 616	End: 619
    Token: "stundenlang"  	Type: TOKEN	Start: 620	End: 631
    Token: "fröhlich"     	Type: TOKEN	Start: 632	End: 640
    Token: "mit"          	Type: TOKEN	Start: 641	End: 644
    Token: "dem"          	Type: TOKEN	Start: 645	End: 648
    Token: "Kopf"         	Type: TOKEN	Start: 649	End: 653
    Token: "nicken"       	Type: TOKEN	Start: 654	End: 660
    Token: "."            	Type: TERM_PUNCT_P	Start: 660	End: 661
  Text Unit Start: 662
  Text Unit End: 739
    Token: "Nur"          	Type: TOKEN	Start: 662	End: 665
    Token: "-"            	Type: PUNCTUATION	Start: 666	End: 667
    Token: "aus"          	Type: TOKEN	Start: 668	End: 671
    Token: "den"          	Type: TOKEN	Start: 672	End: 675
    Token: "Verkäufermienen"	Type: TOKEN	Start: 676	End: 691
    Token: "hat"          	Type: TOKEN	Start: 692	End: 695
    Token: "sich"         	Type: TOKEN	Start: 696	End: 700
    Token: "die"          	Type: TOKEN	Start: 701	End: 704
    Token: "Fröhlichkeit" 	Type: TOKEN	Start: 705	End: 717
    Token: "längst"       	Type: TOKEN	Start: 718	End: 724
    Token: "verabschiedet"	Type: TOKEN	Start: 725	End: 738
    Token: "."            	Type: TERM_PUNCT_P	Start: 738	End: 739
  Text Unit Start: 740
  Text Unit End: 763
    Token: "Die"          	Type: TOKEN	Start: 740	End: 743
    Token: "Kunden"       	Type: TOKEN	Start: 744	End: 750
    Token: "bleiben"      	Type: TOKEN	Start: 751	End: 758
    Token: "aus"          	Type: TOKEN	Start: 759	End: 762
    Token: "."            	Type: TERM_PUNCT_P	Start: 762	End: 763

Paragraph Start: 767
Paragraph End: 1223
  Text Unit Start: 767
  Text Unit End: 1000
    Token: "Viertausend"  	Type: TOKEN	Start: 767	End: 778
    Token: "Kilometer"    	Type: TOKEN	Start: 779	End: 788
    Token: "weiter"       	Type: TOKEN	Start: 789	End: 795
    Token: "oestlich"     	Type: TOKEN	Start: 796	End: 804
    Token: "schwelgt"     	Type: TOKEN	Start: 805	End: 813
    Token: "ganz"         	Type: TOKEN	Start: 814	End: 818
    Token: "Washington"   	Type: TOKEN	Start: 819	End: 829
    Token: "im"           	Type: TOKEN	Start: 830	End: 832
    Token: "Aufschwungstaumel"	Type: TOKEN	Start: 833	End: 850
    Token: ":"            	Type: PUNCTUATION	Start: 850	End: 851
    Token: "Zum"          	Type: TOKEN	Start: 852	End: 855
    Token: "ersten"       	Type: TOKEN	Start: 856	End: 862
    Token: "Mal"          	Type: TOKEN	Start: 863	End: 866
    Token: "seit"         	Type: TOKEN	Start: 867	End: 871
    Token: "1988"         	Type: DIGITAL	Start: 872	End: 876
    Token: "hat"          	Type: TOKEN	Start: 877	End: 880
    Token: "das"          	Type: TOKEN	Start: 881	End: 884
    Token: "US-Handelsministerium"	Type: TOKEN	Start: 885	End: 906
    Token: "seine"        	Type: TOKEN	Start: 907	End: 912
    Token: "vierteljaehrlichen"	Type: TOKEN	Start: 913	End: 931
    Token: "Wachstumsschaetzungen"	Type: TOKEN	Start: 932	End: 953
    Token: "nicht"        	Type: TOKEN	Start: 954	End: 959
    Token: "nach"         	Type: TOKEN	Start: 960	End: 964
    Token: "unten"        	Type: TOKEN	Start: 965	End: 970
    Token: ","            	Type: PUNCTUATION	Start: 970	End: 971
    Token: "sondern"      	Type: TOKEN	Start: 972	End: 979
    Token: "nach"         	Type: TOKEN	Start: 980	End: 984
    Token: "oben"         	Type: TOKEN	Start: 985	End: 989
    Token: "revidiert"    	Type: TOKEN	Start: 990	End: 999
    Token: "."            	Type: TERM_PUNCT_P	Start: 999	End: 1000
  Text Unit Start: 1001
  Text Unit End: 1223
    Token: "Die"          	Type: TOKEN	Start: 1001	End: 1004
    Token: "frohe"        	Type: TOKEN	Start: 1005	End: 1010
    Token: "Kunde"        	Type: TOKEN	Start: 1011	End: 1016
    Token: ","            	Type: PUNCTUATION	Start: 1016	End: 1017
    Token: "wonach"       	Type: TOKEN	Start: 1018	End: 1024
    Token: "das"          	Type: TOKEN	Start: 1025	End: 1028
    Token: "Bruttoinlandsprodukt"	Type: TOKEN	Start: 1029	End: 1049
    Token: "im"           	Type: TOKEN	Start: 1050	End: 1052
    Token: "dritten"      	Type: TOKEN	Start: 1053	End: 1060
    Token: "Quartal"      	Type: TOKEN	Start: 1061	End: 1068
    Token: "nicht"        	Type: TOKEN	Start: 1069	End: 1074
    Token: "um"           	Type: TOKEN	Start: 1075	End: 1077
    Token: "geschaetzte"  	Type: TOKEN	Start: 1078	End: 1089
    Token: "2,7"          	Type: DIGITAL	Start: 1090	End: 1093
    Token: ","            	Type: PUNCTUATION	Start: 1093	End: 1094
    Token: "sondern"      	Type: TOKEN	Start: 1095	End: 1102
    Token: "tatsaechlich" 	Type: TOKEN	Start: 1103	End: 1115
    Token: "um"           	Type: TOKEN	Start: 1116	End: 1118
    Token: "3,9"          	Type: DIGITAL	Start: 1119	End: 1122
    Token: "Prozent"      	Type: TOKEN	Start: 1123	End: 1130
    Token: "gewachsen"    	Type: TOKEN	Start: 1131	End: 1140
    Token: "ist"          	Type: TOKEN	Start: 1141	End: 1144
    Token: ","            	Type: PUNCTUATION	Start: 1144	End: 1145
    Token: "betoerte"     	Type: TOKEN	Start: 1146	End: 1154
    Token: "in"           	Type: TOKEN	Start: 1155	End: 1157
    Token: "Banken"       	Type: TOKEN	Start: 1158	End: 1164
    Token: "und"          	Type: TOKEN	Start: 1165	End: 1168
    Token: "Grossbetrieben"	Type: TOKEN	Start: 1169	End: 1183
    Token: "ganze"        	Type: TOKEN	Start: 1184	End: 1189
    Token: "volkswirtschaftliche"	Type: TOKEN	Start: 1190	End: 1210
    Token: "Abteilungen"  	Type: TOKEN	Start: 1211	End: 1222
    Token: "."            	Type: TERM_PUNCT_P	Start: 1222	End: 1223

Paragraph Start: 1227
Paragraph End: 1553
  Text Unit Start: 1227
  Text Unit End: 1553
    Token: "Aus"          	Type: TOKEN	Start: 1227	End: 1230
    Token: "den"          	Type: TOKEN	Start: 1231	End: 1234
    Token: "Augen"        	Type: TOKEN	Start: 1235	End: 1240
    Token: ","            	Type: PUNCTUATION	Start: 1240	End: 1241
    Token: "aus"          	Type: TOKEN	Start: 1242	End: 1245
    Token: "dem"          	Type: TOKEN	Start: 1246	End: 1249
    Token: "Sinn"         	Type: TOKEN	Start: 1250	End: 1254
    Token: "waren"        	Type: TOKEN	Start: 1255	End: 1260
    Token: "ploetzlich"   	Type: TOKEN	Start: 1261	End: 1271
    Token: "die"          	Type: TOKEN	Start: 1272	End: 1275
    Token: "maessig-trueben"	Type: TOKEN	Start: 1276	End: 1291
    Token: "1,5"          	Type: DIGITAL	Start: 1292	End: 1295
    Token: "Prozent"      	Type: TOKEN	Start: 1296	End: 1303
    Token: "Wachstum"     	Type: TOKEN	Start: 1304	End: 1312
    Token: "aus"          	Type: TOKEN	Start: 1313	End: 1316
    Token: "dem"          	Type: TOKEN	Start: 1317	End: 1320
    Token: "Vorquartal"   	Type: TOKEN	Start: 1321	End: 1331
    Token: ","            	Type: PUNCTUATION	Start: 1331	End: 1332
    Token: "verflogen"    	Type: TOKEN	Start: 1333	End: 1342
    Token: "all"          	Type: TOKEN	Start: 1343	End: 1346
    Token: "die"          	Type: TOKEN	Start: 1347	End: 1350
    Token: "Warnungen"    	Type: TOKEN	Start: 1351	End: 1360
    Token: "vor"          	Type: TOKEN	Start: 1361	End: 1364
    Token: "einem"        	Type: TOKEN	Start: 1365	End: 1370
    Token: "erneuten"     	Type: TOKEN	Start: 1371	End: 1379
    Token: "Abschwung"    	Type: TOKEN	Start: 1380	End: 1389
    Token: ","            	Type: PUNCTUATION	Start: 1389	End: 1390
    Token: "ausgeraeumt"  	Type: TOKEN	Start: 1391	End: 1402
    Token: "der"          	Type: TOKEN	Start: 1403	End: 1406
    Token: "Verdacht"     	Type: TOKEN	Start: 1407	End: 1415
    Token: ","            	Type: PUNCTUATION	Start: 1415	End: 1416
    Token: """            	Type: OPEN_PUNCT	Start: 1417	End: 1418	PTB: "``"
    Token: "tricky"       	Type: TOKEN	Start: 1418	End: 1424
    Token: """            	Type: CLOSE_PUNCT	Start: 1424	End: 1425	PTB: "''"
    Token: "George"       	Type: TOKEN	Start: 1426	End: 1432
    Token: "Bush"         	Type: TOKEN	Start: 1433	End: 1437
    Token: "habe"         	Type: TOKEN	Start: 1438	End: 1442
    Token: "kurz"         	Type: TOKEN	Start: 1443	End: 1447
    Token: "vor"          	Type: TOKEN	Start: 1448	End: 1451
    Token: "der"          	Type: TOKEN	Start: 1452	End: 1455
    Token: "US-Wahl"      	Type: TOKEN	Start: 1456	End: 1463
    Token: "noch"         	Type: TOKEN	Start: 1464	End: 1468
    Token: "an"           	Type: TOKEN	Start: 1469	End: 1471
    Token: "der"          	Type: TOKEN	Start: 1472	End: 1475
    Token: "damals"       	Type: TOKEN	Start: 1476	End: 1482
    Token: "als"          	Type: TOKEN	Start: 1483	End: 1486
    Token: "recht"        	Type: TOKEN	Start: 1487	End: 1492
    Token: "optimistisch" 	Type: TOKEN	Start: 1493	End: 1505
    Token: "geltenden"    	Type: TOKEN	Start: 1506	End: 1515
    Token: "2,7-Prozent-Schaetzung"	Type: TOKEN	Start: 1516	End: 1538
    Token: "drehen"       	Type: TOKEN	Start: 1539	End: 1545
    Token: "lassen"       	Type: TOKEN	Start: 1546	End: 1552
    Token: "."            	Type: TERM_PUNCT_P	Start: 1552	End: 1553

Paragraph Start: 1557
Paragraph End: 1834
  Text Unit Start: 1557
  Text Unit End: 1578
    Token: "Was"          	Type: TOKEN	Start: 1557	End: 1560
    Token: "nun"          	Type: TOKEN	Start: 1561	End: 1564
    Token: ","            	Type: PUNCTUATION	Start: 1564	End: 1565
    Token: "Deutschland"  	Type: TOKEN	Start: 1566	End: 1577
    Token: "?"            	Type: TERM_PUNCT	Start: 1577	End: 1578
  Text Unit Start: 1579
  Text Unit End: 1749
    Token: "Kann"         	Type: TOKEN	Start: 1579	End: 1583
    Token: "Bill"         	Type: TOKEN	Start: 1584	End: 1588
    Token: "Clintons"     	Type: TOKEN	Start: 1589	End: 1597
    Token: "neues"        	Type: TOKEN	Start: 1598	End: 1603
    Token: "Amerika"      	Type: TOKEN	Start: 1604	End: 1611
    Token: "Deutschland"  	Type: TOKEN	Start: 1612	End: 1623
    Token: "und"          	Type: TOKEN	Start: 1624	End: 1627
    Token: "den"          	Type: TOKEN	Start: 1628	End: 1631
    Token: "Rest"         	Type: TOKEN	Start: 1632	End: 1636
    Token: "der"          	Type: TOKEN	Start: 1637	End: 1640
    Token: "Welt"         	Type: TOKEN	Start: 1641	End: 1645
    Token: "aus"          	Type: TOKEN	Start: 1646	End: 1649
    Token: "der"          	Type: TOKEN	Start: 1650	End: 1653
    Token: """            	Type: OPEN_PUNCT	Start: 1654	End: 1655	PTB: "``"
    Token: "weltweiten"   	Type: TOKEN	Start: 1655	End: 1665
    Token: "Wirtschafts"  	Type: TOKEN	Start: 1666	End: 1677
    Token: "-"            	Type: PUNCTUATION	Start: 1677	End: 1678
    Token: "und"          	Type: TOKEN	Start: 1679	End: 1682
    Token: "Arbeitslosigkeitskrise"	Type: TOKEN	Start: 1683	End: 1705
    Token: """            	Type: CLOSE_PUNCT	Start: 1705	End: 1706	PTB: "''"
    Token: "("            	Type: OPEN_BRACKET	Start: 1707	End: 1708	PTB: "-LRB-"
    Token: "Alt-Bundeskanzler"	Type: TOKEN	Start: 1708	End: 1725
    Token: "Helmut"       	Type: TOKEN	Start: 1726	End: 1732
    Token: "Schmidt"      	Type: TOKEN	Start: 1733	End: 1740
    Token: ")"            	Type: CLOSE_BRACKET	Start: 1740	End: 1741	PTB: "-RRB-"
    Token: "retten"       	Type: TOKEN	Start: 1742	End: 1748
    Token: "?"            	Type: TERM_PUNCT	Start: 1748	End: 1749
  Text Unit Start: 1750
  Text Unit End: 1834
    Token: "Ist"          	Type: TOKEN	Start: 1750	End: 1753
    Token: "den"          	Type: TOKEN	Start: 1754	End: 1757
    Token: "Washingtoner" 	Type: TOKEN	Start: 1758	End: 1770
    Token: "Statistikern" 	Type: TOKEN	Start: 1771	End: 1783
    Token: "eher"         	Type: TOKEN	Start: 1784	End: 1788
    Token: "zu"           	Type: TOKEN	Start: 1789	End: 1791
    Token: "trauen"       	Type: TOKEN	Start: 1792	End: 1798
    Token: "als"          	Type: TOKEN	Start: 1799	End: 1802
    Token: "den"          	Type: TOKEN	Start: 1803	End: 1806
    Token: "Konsummuffeln"	Type: TOKEN	Start: 1807	End: 1820
    Token: "Kaliforniens" 	Type: TOKEN	Start: 1821	End: 1833
    Token: "?"            	Type: TERM_PUNCT	Start: 1833	End: 1834

Paragraph Start: 1838
Paragraph End: 2240
  Text Unit Start: 1838
  Text Unit End: 2002
    Token: "Selten"       	Type: TOKEN	Start: 1838	End: 1844
    Token: "war"          	Type: TOKEN	Start: 1845	End: 1848
    Token: "die"          	Type: TOKEN	Start: 1849	End: 1852
    Token: "Unsicherheit" 	Type: TOKEN	Start: 1853	End: 1865
    Token: "ueber"        	Type: TOKEN	Start: 1866	End: 1871
    Token: "die"          	Type: TOKEN	Start: 1872	End: 1875
    Token: "Wirtschaftsentwicklung"	Type: TOKEN	Start: 1876	End: 1898
    Token: "beim"         	Type: TOKEN	Start: 1899	End: 1903
    Token: "grossen"      	Type: TOKEN	Start: 1904	End: 1911
    Token: "Bruder"       	Type: TOKEN	Start: 1912	End: 1918
    Token: "so"           	Type: TOKEN	Start: 1919	End: 1921
    Token: "eng"          	Type: TOKEN	Start: 1922	End: 1925
    Token: "verknuepft"   	Type: TOKEN	Start: 1926	End: 1936
    Token: "mit"          	Type: TOKEN	Start: 1937	End: 1940
    Token: "den"          	Type: TOKEN	Start: 1941	End: 1944
    Token: "deutschen"    	Type: TOKEN	Start: 1945	End: 1954
    Token: "Konjunkturaussichten"	Type: TOKEN	Start: 1955	End: 1975
    Token: "wie"          	Type: TOKEN	Start: 1976	End: 1979
    Token: "zu"           	Type: TOKEN	Start: 1980	End: 1982
    Token: "dieser"       	Type: TOKEN	Start: 1983	End: 1989
    Token: "Jahreswende"  	Type: TOKEN	Start: 1990	End: 2001
    Token: "."            	Type: TERM_PUNCT_P	Start: 2001	End: 2002
  Text Unit Start: 2003
  Text Unit End: 2172
    Token: "Ohne"         	Type: TOKEN	Start: 2003	End: 2007
    Token: "den"          	Type: TOKEN	Start: 2008	End: 2011
    Token: "ersehnten"    	Type: TOKEN	Start: 2012	End: 2021
    Token: "US-Boom"      	Type: TOKEN	Start: 2022	End: 2029
    Token: ","            	Type: PUNCTUATION	Start: 2029	End: 2030
    Token: "da"           	Type: TOKEN	Start: 2031	End: 2033
    Token: "sind"         	Type: TOKEN	Start: 2034	End: 2038
    Token: "sich"         	Type: TOKEN	Start: 2039	End: 2043
    Token: "Unternehmer"  	Type: TOKEN	Start: 2044	End: 2055
    Token: "und"          	Type: TOKEN	Start: 2056	End: 2059
    Token: "Sachverstaendige"	Type: TOKEN	Start: 2060	End: 2076
    Token: "einig"        	Type: TOKEN	Start: 2077	End: 2082
    Token: ","            	Type: PUNCTUATION	Start: 2082	End: 2083
    Token: "gibt"         	Type: TOKEN	Start: 2084	End: 2088
    Token: "es"           	Type: TOKEN	Start: 2089	End: 2091
    Token: "fuer"         	Type: TOKEN	Start: 2092	End: 2096
    Token: "die"          	Type: TOKEN	Start: 2097	End: 2100
    Token: "deutsche"     	Type: TOKEN	Start: 2101	End: 2109
    Token: "Wirtschaft"   	Type: TOKEN	Start: 2110	End: 2120
    Token: "im"           	Type: TOKEN	Start: 2121	End: 2123
    Token: "kommenden"    	Type: TOKEN	Start: 2124	End: 2133
    Token: "Jahr"         	Type: TOKEN	Start: 2134	End: 2138
    Token: "aus"          	Type: TOKEN	Start: 2139	End: 2142
    Token: "der"          	Type: TOKEN	Start: 2143	End: 2146
    Token: "Rezession"    	Type: TOKEN	Start: 2147	End: 2156
    Token: "kein"         	Type: TOKEN	Start: 2157	End: 2161
    Token: "Entrinnen"    	Type: TOKEN	Start: 2162	End: 2171
    Token: "."            	Type: TERM_PUNCT_P	Start: 2171	End: 2172
  Text Unit Start: 2173
  Text Unit End: 2240
    Token: "Im"           	Type: TOKEN	Start: 2173	End: 2175
    Token: "Gegenteil"    	Type: TOKEN	Start: 2176	End: 2185
    Token: ":"            	Type: PUNCTUATION	Start: 2185	End: 2186
    Token: "Der"          	Type: TOKEN	Start: 2187	End: 2190
    Token: "Abschwung"    	Type: TOKEN	Start: 2191	End: 2200
    Token: "wird"         	Type: TOKEN	Start: 2201	End: 2205
    Token: "erst"         	Type: TOKEN	Start: 2206	End: 2210
    Token: "so"           	Type: TOKEN	Start: 2211	End: 2213
    Token: "richtig"      	Type: TOKEN	Start: 2214	End: 2221
    Token: "ins"          	Type: TOKEN	Start: 2222	End: 2225
    Token: "Rollen"       	Type: TOKEN	Start: 2226	End: 2232
    Token: "kommen"       	Type: TOKEN	Start: 2233	End: 2239
    Token: "."            	Type: TERM_PUNCT_P	Start: 2239	End: 2240

Paragraph Start: 2244
Paragraph End: 2901
  Text Unit Start: 2244
  Text Unit End: 2398
    Token: """            	Type: OPEN_PUNCT	Start: 2244	End: 2245	PTB: "``"
    Token: "Springt"      	Type: TOKEN	Start: 2245	End: 2252
    Token: "die"          	Type: TOKEN	Start: 2253	End: 2256
    Token: "US-Konjunktur"	Type: TOKEN	Start: 2257	End: 2270
    Token: "nicht"        	Type: TOKEN	Start: 2271	End: 2276
    Token: "an"           	Type: TOKEN	Start: 2277	End: 2279
    Token: """            	Type: CLOSE_PUNCT	Start: 2279	End: 2280	PTB: "''"
    Token: ","            	Type: PUNCTUATION	Start: 2280	End: 2281
    Token: "sagt"         	Type: TOKEN	Start: 2282	End: 2286
    Token: "BMW-Chefvolkswirt"	Type: TOKEN	Start: 2287	End: 2304
    Token: "Helmut"       	Type: TOKEN	Start: 2305	End: 2311
    Token: "Becker"       	Type: TOKEN	Start: 2312	End: 2318
    Token: ","            	Type: PUNCTUATION	Start: 2318	End: 2319
    Token: """            	Type: OPEN_PUNCT	Start: 2320	End: 2321	PTB: "``"
    Token: "sehe"         	Type: TOKEN	Start: 2321	End: 2325
    Token: "ich"          	Type: TOKEN	Start: 2326	End: 2329
    Token: "die"          	Type: TOKEN	Start: 2330	End: 2333
    Token: "deutsche"     	Type: TOKEN	Start: 2334	End: 2342
    Token: "Konjunktur"   	Type: TOKEN	Start: 2343	End: 2353
    Token: "in"           	Type: TOKEN	Start: 2354	End: 2356
    Token: "der"          	Type: TOKEN	Start: 2357	End: 2360
    Token: "schwersten"   	Type: TOKEN	Start: 2361	End: 2371
    Token: "Krise"        	Type: TOKEN	Start: 2372	End: 2377
    Token: "der"          	Type: TOKEN	Start: 2378	End: 2381
    Token: "Nachkriegszeit"	Type: TOKEN	Start: 2382	End: 2396
    Token: "."            	Type: TERM_PUNCT_P	Start: 2396	End: 2397
    Token: """            	Type: CLOSE_PUNCT	Start: 2397	End: 2398	PTB: "''"
  Text Unit Start: 2399
  Text Unit End: 2688
    Token: "Noch"         	Type: TOKEN	Start: 2399	End: 2403
    Token: "ist"          	Type: TOKEN	Start: 2404	End: 2407
    Token: "nicht"        	Type: TOKEN	Start: 2408	End: 2413
    Token: "nur"          	Type: TOKEN	Start: 2414	End: 2417
    Token: "ungewiss"     	Type: TOKEN	Start: 2418	End: 2426
    Token: ","            	Type: PUNCTUATION	Start: 2426	End: 2427
    Token: "ob"           	Type: TOKEN	Start: 2428	End: 2430
    Token: "sich"         	Type: TOKEN	Start: 2431	End: 2435
    Token: "1993"         	Type: DIGITAL	Start: 2436	End: 2440
    Token: "direkt"       	Type: TOKEN	Start: 2441	End: 2447
    Token: "belebende"    	Type: TOKEN	Start: 2448	End: 2457
    Token: "Effekte"      	Type: TOKEN	Start: 2458	End: 2465
    Token: "ueberhaupt"   	Type: TOKEN	Start: 2466	End: 2476
    Token: "auf"          	Type: TOKEN	Start: 2477	End: 2480
    Token: "die"          	Type: TOKEN	Start: 2481	End: 2484
    Token: "tief"         	Type: TOKEN	Start: 2485	End: 2489
    Token: "deprimierten" 	Type: TOKEN	Start: 2490	End: 2502
    Token: "Deutschen"    	Type: TOKEN	Start: 2503	End: 2512
    Token: "uebertragen"  	Type: TOKEN	Start: 2513	End: 2524
    Token: "-"            	Type: PUNCTUATION	Start: 2525	End: 2526
    Token: "nur"          	Type: TOKEN	Start: 2527	End: 2530
    Token: "knapp"        	Type: TOKEN	Start: 2531	End: 2536
    Token: "acht"         	Type: TOKEN	Start: 2537	End: 2541
    Token: "Prozent"      	Type: TOKEN	Start: 2542	End: 2549
    Token: "des"          	Type: TOKEN	Start: 2550	End: 2553
    Token: "deutschen"    	Type: TOKEN	Start: 2554	End: 2563
    Token: "Exportvolumens"	Type: TOKEN	Start: 2564	End: 2578
    Token: "und"          	Type: TOKEN	Start: 2579	End: 2582
    Token: "hoechstens"   	Type: TOKEN	Start: 2583	End: 2593
    Token: "zehn"         	Type: TOKEN	Start: 2594	End: 2598
    Token: "Prozent"      	Type: TOKEN	Start: 2599	End: 2606
    Token: "der"          	Type: TOKEN	Start: 2607	End: 2610
    Token: "Exportmasse"  	Type: TOKEN	Start: 2611	End: 2622
    Token: "aus"          	Type: TOKEN	Start: 2623	End: 2626
    Token: "den"          	Type: TOKEN	Start: 2627	End: 2630
    Token: "wichtigen"    	Type: TOKEN	Start: 2631	End: 2640
    Token: "Partnerlaendern"	Type: TOKEN	Start: 2641	End: 2656
    Token: "in"           	Type: TOKEN	Start: 2657	End: 2659
    Token: "Westeuropa"   	Type: TOKEN	Start: 2660	End: 2670
    Token: "gehen"        	Type: TOKEN	Start: 2671	End: 2676
    Token: "in"           	Type: TOKEN	Start: 2677	End: 2679
    Token: "die"          	Type: TOKEN	Start: 2680	End: 2683
    Token: "USA"          	Type: TOKEN	Start: 2684	End: 2687
    Token: "."            	Type: TERM_PUNCT_P	Start: 2687	End: 2688
  Text Unit Start: 2689
  Text Unit End: 2901
    Token: "Auch"         	Type: TOKEN	Start: 2689	End: 2693
    Token: "der"          	Type: TOKEN	Start: 2694	End: 2697
    Token: "Eindruck"     	Type: TOKEN	Start: 2698	End: 2706
    Token: ","            	Type: PUNCTUATION	Start: 2706	End: 2707
    Token: "den"          	Type: TOKEN	Start: 2708	End: 2711
    Token: "US-Konjunkturindikatoren"	Type: TOKEN	Start: 2712	End: 2736
    Token: "bisher"       	Type: TOKEN	Start: 2737	End: 2743
    Token: "vermittelt"   	Type: TOKEN	Start: 2744	End: 2754
    Token: "haben"        	Type: TOKEN	Start: 2755	End: 2760
    Token: ","            	Type: PUNCTUATION	Start: 2760	End: 2761
    Token: "gibt"         	Type: TOKEN	Start: 2762	End: 2766
    Token: "nicht"        	Type: TOKEN	Start: 2767	End: 2772
    Token: "gerade"       	Type: TOKEN	Start: 2773	End: 2779
    Token: "zur"          	Type: TOKEN	Start: 2780	End: 2783
    Token: "Euphorie"     	Type: TOKEN	Start: 2784	End: 2792
    Token: "Anlass"       	Type: TOKEN	Start: 2793	End: 2799
    Token: "-"            	Type: PUNCTUATION	Start: 2800	End: 2801
    Token: "von"          	Type: TOKEN	Start: 2802	End: 2805
    Token: "einem"        	Type: TOKEN	Start: 2806	End: 2811
    Token: """            	Type: OPEN_PUNCT	Start: 2812	End: 2813	PTB: "``"
    Token: "Schwarzenegger"	Type: TOKEN	Start: 2813	End: 2827
    Token: """            	Type: CLOSE_PUNCT	Start: 2827	End: 2828	PTB: "''"
    Token: ","            	Type: PUNCTUATION	Start: 2828	End: 2829
    Token: "witzelte"     	Type: TOKEN	Start: 2830	End: 2838
    Token: """            	Type: OPEN_PUNCT	Start: 2839	End: 2840	PTB: "``"
    Token: "Business"     	Type: TOKEN	Start: 2840	End: 2848
    Token: "Week"         	Type: TOKEN	Start: 2849	End: 2853
    Token: """            	Type: CLOSE_PUNCT	Start: 2853	End: 2854	PTB: "''"
    Token: ","            	Type: PUNCTUATION	Start: 2854	End: 2855
    Token: "koenne"       	Type: TOKEN	Start: 2856	End: 2862
    Token: "bei"          	Type: TOKEN	Start: 2863	End: 2866
    Token: "der"          	Type: TOKEN	Start: 2867	End: 2870
    Token: "US-Wirtschaft"	Type: TOKEN	Start: 2871	End: 2884
    Token: "keine"        	Type: TOKEN	Start: 2885	End: 2890
    Token: "Rede"         	Type: TOKEN	Start: 2891	End: 2895
    Token: "sein"         	Type: TOKEN	Start: 2896	End: 2900
    Token: "."            	Type: TERM_PUNCT_P	Start: 2900	End: 2901

Paragraph Start: 2905
Paragraph End: 3273
  Text Unit Start: 2905
  Text Unit End: 3134
    Token: "Schon"        	Type: TOKEN	Start: 2905	End: 2910
    Token: "haelt"        	Type: TOKEN	Start: 2911	End: 2916
    Token: "Herbert"      	Type: TOKEN	Start: 2917	End: 2924
    Token: "Hax"          	Type: TOKEN	Start: 2925	End: 2928
    Token: ","            	Type: PUNCTUATION	Start: 2928	End: 2929
    Token: "der"          	Type: TOKEN	Start: 2930	End: 2933
    Token: "Vorsitzende"  	Type: TOKEN	Start: 2934	End: 2945
    Token: "des"          	Type: TOKEN	Start: 2946	End: 2949
    Token: "deutschen"    	Type: TOKEN	Start: 2950	End: 2959
    Token: "Sachverstaendigenrats"	Type: TOKEN	Start: 2960	End: 2981
    Token: "zur"          	Type: TOKEN	Start: 2982	End: 2985
    Token: "Begutachtung" 	Type: TOKEN	Start: 2986	End: 2998
    Token: "der"          	Type: TOKEN	Start: 2999	End: 3002
    Token: "gesamtwirtschaftlichen"	Type: TOKEN	Start: 3003	End: 3025
    Token: "Entwicklung"  	Type: TOKEN	Start: 3026	End: 3037
    Token: ","            	Type: PUNCTUATION	Start: 3037	End: 3038
    Token: "die"          	Type: TOKEN	Start: 3039	End: 3042
    Token: "Prognose"     	Type: TOKEN	Start: 3043	End: 3051
    Token: "der"          	Type: TOKEN	Start: 3052	End: 3055
    Token: "fuenf"        	Type: TOKEN	Start: 3056	End: 3061
    Token: "Weisen"       	Type: TOKEN	Start: 3062	End: 3068
    Token: "("            	Type: OPEN_BRACKET	Start: 3069	End: 3070	PTB: "-LRB-"
    Token: "Nullwachstum" 	Type: TOKEN	Start: 3070	End: 3082
    Token: "in"           	Type: TOKEN	Start: 3083	End: 3085
    Token: "Westdeutschland"	Type: TOKEN	Start: 3086	End: 3101
    Token: ")"            	Type: CLOSE_BRACKET	Start: 3101	End: 3102	PTB: "-RRB-"
    Token: "fuer"         	Type: TOKEN	Start: 3103	End: 3107
    Token: """            	Type: OPEN_PUNCT	Start: 3108	End: 3109	PTB: "``"
    Token: "eigentlich"   	Type: TOKEN	Start: 3109	End: 3119
    Token: "optimistisch" 	Type: TOKEN	Start: 3120	End: 3132
    Token: """            	Type: CLOSE_PUNCT	Start: 3132	End: 3133	PTB: "''"
    Token: "."            	Type: TERM_PUNCT_P	Start: 3133	End: 3134
  Text Unit Start: 3135
  Text Unit End: 3273
    Token: "Zweifel"      	Type: TOKEN	Start: 3135	End: 3142
    Token: "an"           	Type: TOKEN	Start: 3143	End: 3145
    Token: "der"          	Type: TOKEN	Start: 3146	End: 3149
    Token: "Zugkraft"     	Type: TOKEN	Start: 3150	End: 3158
    Token: "des"          	Type: TOKEN	Start: 3159	End: 3162
    Token: "US-Motors"    	Type: TOKEN	Start: 3163	End: 3172
    Token: "haben"        	Type: TOKEN	Start: 3173	End: 3178
    Token: "auch"         	Type: TOKEN	Start: 3179	End: 3183
    Token: "das"          	Type: TOKEN	Start: 3184	End: 3187
    Token: "Muenchner"    	Type: TOKEN	Start: 3188	End: 3197
    Token: "Ifo-Institut" 	Type: TOKEN	Start: 3198	End: 3210
    Token: "und"          	Type: TOKEN	Start: 3211	End: 3214
    Token: "das"          	Type: TOKEN	Start: 3215	End: 3218
    Token: "Deutsche"     	Type: TOKEN	Start: 3219	End: 3227
    Token: "Institut"     	Type: TOKEN	Start: 3228	End: 3236
    Token: "fuer"         	Type: TOKEN	Start: 3237	End: 3241
    Token: "Wirtschaftsforschung"	Type: TOKEN	Start: 3242	End: 3262
    Token: "in"           	Type: TOKEN	Start: 3263	End: 3265
    Token: "Berlin"       	Type: TOKEN	Start: 3266	End: 3272
    Token: "."            	Type: TERM_PUNCT_P	Start: 3272	End: 3273

Paragraph Start: 3278
Paragraph End: 3581
  Text Unit Start: 3278
  Text Unit End: 3437
    Token: "Die"          	Type: TOKEN	Start: 3278	End: 3281
    Token: "beiden"       	Type: TOKEN	Start: 3282	End: 3288
    Token: "Denk-Fabriken"	Type: TOKEN	Start: 3289	End: 3302
    Token: "haben"        	Type: TOKEN	Start: 3303	End: 3308
    Token: "ihre"         	Type: TOKEN	Start: 3309	End: 3313
    Token: "Wachstumsprognosen"	Type: TOKEN	Start: 3314	End: 3332
    Token: "fuer"         	Type: TOKEN	Start: 3333	End: 3337
    Token: "Westdeutschland"	Type: TOKEN	Start: 3338	End: 3353
    Token: "gerade"       	Type: TOKEN	Start: 3354	End: 3360
    Token: "erst"         	Type: TOKEN	Start: 3361	End: 3365
    Token: "um"           	Type: TOKEN	Start: 3366	End: 3368
    Token: "jeweils"      	Type: TOKEN	Start: 3369	End: 3376
    Token: "einen"        	Type: TOKEN	Start: 3377	End: 3382
    Token: "Prozentpunkt" 	Type: TOKEN	Start: 3383	End: 3395
    Token: "auf"          	Type: TOKEN	Start: 3396	End: 3399
    Token: "minus"        	Type: TOKEN	Start: 3400	End: 3405
    Token: "0,5"          	Type: DIGITAL	Start: 3406	End: 3409
    Token: "Prozent"      	Type: TOKEN	Start: 3410	End: 3417
    Token: "heruntergestrichen"	Type: TOKEN	Start: 3418	End: 3436
    Token: "."            	Type: TERM_PUNCT_P	Start: 3436	End: 3437
  Text Unit Start: 3438
  Text Unit End: 3581
    Token: "Diethard"     	Type: TOKEN	Start: 3438	End: 3446
    Token: "Simmert"      	Type: TOKEN	Start: 3447	End: 3454
    Token: ","            	Type: PUNCTUATION	Start: 3454	End: 3455
    Token: "oberster"     	Type: TOKEN	Start: 3456	End: 3464
    Token: "Vermoegensverwalter"	Type: TOKEN	Start: 3465	End: 3484
    Token: "der"          	Type: TOKEN	Start: 3485	End: 3488
    Token: "Provinzial-Versicherung"	Type: TOKEN	Start: 3489	End: 3512
    Token: ","            	Type: PUNCTUATION	Start: 3512	End: 3513
    Token: "glaubt"       	Type: TOKEN	Start: 3514	End: 3520
    Token: "gar"          	Type: TOKEN	Start: 3521	End: 3524
    Token: "an"           	Type: TOKEN	Start: 3525	End: 3527
    Token: "ein"          	Type: TOKEN	Start: 3528	End: 3531
    Token: "deutsches"    	Type: TOKEN	Start: 3532	End: 3541
    Token: "Wachstumsminus"	Type: TOKEN	Start: 3542	End: 3556
    Token: "von"          	Type: TOKEN	Start: 3557	End: 3560
    Token: "bis"          	Type: TOKEN	Start: 3561	End: 3564
    Token: "zu"           	Type: TOKEN	Start: 3565	End: 3567
    Token: "zwei"         	Type: TOKEN	Start: 3568	End: 3572
    Token: "Prozent"      	Type: TOKEN	Start: 3573	End: 3580
    Token: "."            	Type: TERM_PUNCT_P	Start: 3580	End: 3581

Paragraph Start: 3585
Paragraph End: 4075
  Text Unit Start: 3585
  Text Unit End: 3822
    Token: "Zwar"         	Type: TOKEN	Start: 3585	End: 3589
    Token: "verzeichneten"	Type: TOKEN	Start: 3590	End: 3603
    Token: "US-Produzenten"	Type: TOKEN	Start: 3604	End: 3618
    Token: "im"           	Type: TOKEN	Start: 3619	End: 3621
    Token: "Oktober"      	Type: TOKEN	Start: 3622	End: 3629
    Token: "gegenueber"   	Type: TOKEN	Start: 3630	End: 3640
    Token: "dem"          	Type: TOKEN	Start: 3641	End: 3644
    Token: "Vormonat"     	Type: TOKEN	Start: 3645	End: 3653
    Token: "um"           	Type: TOKEN	Start: 3654	End: 3656
    Token: "neun"         	Type: TOKEN	Start: 3657	End: 3661
    Token: "Prozent"      	Type: TOKEN	Start: 3662	End: 3669
    Token: "hoehere"      	Type: TOKEN	Start: 3670	End: 3677
    Token: "Auftragseingaenge"	Type: TOKEN	Start: 3678	End: 3695
    Token: ","            	Type: PUNCTUATION	Start: 3695	End: 3696
    Token: "legte"        	Type: TOKEN	Start: 3697	End: 3702
    Token: "der"          	Type: TOKEN	Start: 3703	End: 3706
    Token: "private"      	Type: TOKEN	Start: 3707	End: 3714
    Token: "Verbrauch"    	Type: TOKEN	Start: 3715	End: 3724
    Token: ","            	Type: PUNCTUATION	Start: 3724	End: 3725
    Token: "zu"           	Type: TOKEN	Start: 3726	End: 3728
    Token: "zwei"         	Type: TOKEN	Start: 3729	End: 3733
    Token: "Dritteln"     	Type: TOKEN	Start: 3734	End: 3742
    Token: "an"           	Type: TOKEN	Start: 3743	End: 3745
    Token: "der"          	Type: TOKEN	Start: 3746	End: 3749
    Token: "Wertschoepfung"	Type: TOKEN	Start: 3750	End: 3764
    Token: "beteiligt"    	Type: TOKEN	Start: 3765	End: 3774
    Token: ","            	Type: PUNCTUATION	Start: 3774	End: 3775
    Token: "im"           	Type: TOKEN	Start: 3776	End: 3778
    Token: "dritten"      	Type: TOKEN	Start: 3779	End: 3786
    Token: "Quartal"      	Type: TOKEN	Start: 3787	End: 3794
    Token: "kraeftig"     	Type: TOKEN	Start: 3795	End: 3803
    Token: "um"           	Type: TOKEN	Start: 3804	End: 3806
    Token: "3,7"          	Type: DIGITAL	Start: 3807	End: 3810
    Token: "Prozent"      	Type: TOKEN	Start: 3811	End: 3818
    Token: "zu"           	Type: TOKEN	Start: 3819	End: 3821
    Token: "."            	Type: TERM_PUNCT_P	Start: 3821	End: 3822
  Text Unit Start: 3823
  Text Unit End: 4075
    Token: "Doch"         	Type: TOKEN	Start: 3823	End: 3827
    Token: "die"          	Type: TOKEN	Start: 3828	End: 3831
    Token: "Nachfrageschuebe"	Type: TOKEN	Start: 3832	End: 3848
    Token: ","            	Type: PUNCTUATION	Start: 3848	End: 3849
    Token: "ausgeloest"   	Type: TOKEN	Start: 3850	End: 3860
    Token: "durch"        	Type: TOKEN	Start: 3861	End: 3866
    Token: "die"          	Type: TOKEN	Start: 3867	End: 3870
    Token: "Milliardenschaeden"	Type: TOKEN	Start: 3871	End: 3889
    Token: "zweier"       	Type: TOKEN	Start: 3890	End: 3896
    Token: "Hurrikans"    	Type: TOKEN	Start: 3897	End: 3906
    Token: ","            	Type: PUNCTUATION	Start: 3906	End: 3907
    Token: "drohen"       	Type: TOKEN	Start: 3908	End: 3914
    Token: ","            	Type: PUNCTUATION	Start: 3914	End: 3915
    Token: "als"          	Type: TOKEN	Start: 3916	End: 3919
    Token: "blosse"       	Type: TOKEN	Start: 3920	End: 3926
    Token: "Strohfeuer"   	Type: TOKEN	Start: 3927	End: 3937
    Token: "zu"           	Type: TOKEN	Start: 3938	End: 3940
    Token: "verlodern"    	Type: TOKEN	Start: 3941	End: 3950
    Token: ":"            	Type: PUNCTUATION	Start: 3950	End: 3951
    Token: "Waehrend"     	Type: TOKEN	Start: 3952	End: 3960
    Token: "die"          	Type: TOKEN	Start: 3961	End: 3964
    Token: "Ausgaben"     	Type: TOKEN	Start: 3965	End: 3973
    Token: "der"          	Type: TOKEN	Start: 3974	End: 3977
    Token: "US-Haushalte" 	Type: TOKEN	Start: 3978	End: 3990
    Token: "zunaechst"    	Type: TOKEN	Start: 3991	End: 4000
    Token: "nach"         	Type: TOKEN	Start: 4001	End: 4005
    Token: "oben"         	Type: TOKEN	Start: 4006	End: 4010
    Token: "schnellten"   	Type: TOKEN	Start: 4011	End: 4021
    Token: ","            	Type: PUNCTUATION	Start: 4021	End: 4022
    Token: "gab"          	Type: TOKEN	Start: 4023	End: 4026
    Token: "es"           	Type: TOKEN	Start: 4027	End: 4029
    Token: "bei"          	Type: TOKEN	Start: 4030	End: 4033
    Token: "den"          	Type: TOKEN	Start: 4034	End: 4037
    Token: "Einkommen"    	Type: TOKEN	Start: 4038	End: 4047
    Token: "so"           	Type: TOKEN	Start: 4048	End: 4050
    Token: "gut"          	Type: TOKEN	Start: 4051	End: 4054
    Token: "wie"          	Type: TOKEN	Start: 4055	End: 4058
    Token: "keine"        	Type: TOKEN	Start: 4059	End: 4064
    Token: "Zuwaechse"    	Type: TOKEN	Start: 4065	End: 4074
    Token: "."            	Type: TERM_PUNCT_P	Start: 4074	End: 4075

Paragraph Start: 4079
Paragraph End: 4431
  Text Unit Start: 4079
  Text Unit End: 4431
    Token: "Das"          	Type: TOKEN	Start: 4079	End: 4082
    Token: "Zentrum"      	Type: TOKEN	Start: 4083	End: 4090
    Token: "fuer"         	Type: TOKEN	Start: 4091	End: 4095
    Token: "Europaeische" 	Type: TOKEN	Start: 4096	End: 4108
    Token: "Wirtschaftsforschung"	Type: TOKEN	Start: 4109	End: 4129
    Token: "("            	Type: OPEN_BRACKET	Start: 4130	End: 4131	PTB: "-LRB-"
    Token: "ZEW"          	Type: TOKEN	Start: 4131	End: 4134
    Token: ")"            	Type: CLOSE_BRACKET	Start: 4134	End: 4135	PTB: "-RRB-"
    Token: ","            	Type: PUNCTUATION	Start: 4135	End: 4136
    Token: "das"          	Type: TOKEN	Start: 4137	End: 4140
    Token: "monatlich"    	Type: TOKEN	Start: 4141	End: 4150
    Token: "im"           	Type: TOKEN	Start: 4151	End: 4153
    Token: "Auftrag"      	Type: TOKEN	Start: 4154	End: 4161
    Token: "der"          	Type: TOKEN	Start: 4162	End: 4165
    Token: "Wirtschaftswoche"	Type: TOKEN	Start: 4166	End: 4182
    Token: "die"          	Type: TOKEN	Start: 4183	End: 4186
    Token: "Finanzmanager"	Type: TOKEN	Start: 4187	End: 4200
    Token: "von"          	Type: TOKEN	Start: 4201	End: 4204
    Token: "Banken"       	Type: TOKEN	Start: 4205	End: 4211
    Token: "und"          	Type: TOKEN	Start: 4212	End: 4215
    Token: "Unternehmen"  	Type: TOKEN	Start: 4216	End: 4227
    Token: "befragt"      	Type: TOKEN	Start: 4228	End: 4235
    Token: ","            	Type: PUNCTUATION	Start: 4235	End: 4236
    Token: "sieht"        	Type: TOKEN	Start: 4237	End: 4242
    Token: "denn"         	Type: TOKEN	Start: 4243	End: 4247
    Token: "auch"         	Type: TOKEN	Start: 4248	End: 4252
    Token: "kein"         	Type: TOKEN	Start: 4253	End: 4257
    Token: "Ende"         	Type: TOKEN	Start: 4258	End: 4262
    Token: "der"          	Type: TOKEN	Start: 4263	End: 4266
    Token: "amerikanischen"	Type: TOKEN	Start: 4267	End: 4281
    Token: "Schuldenkrise"	Type: TOKEN	Start: 4282	End: 4295
    Token: ":"            	Type: PUNCTUATION	Start: 4295	End: 4296
    Token: "Eine"         	Type: TOKEN	Start: 4297	End: 4301
    Token: "kraeftige"    	Type: TOKEN	Start: 4302	End: 4311
    Token: "Ausweitung"   	Type: TOKEN	Start: 4312	End: 4322
    Token: "der"          	Type: TOKEN	Start: 4323	End: 4326
    Token: "Konsumnachfrage"	Type: TOKEN	Start: 4327	End: 4342
    Token: ","            	Type: PUNCTUATION	Start: 4342	End: 4343
    Token: "die"          	Type: TOKEN	Start: 4344	End: 4347
    Token: "das"          	Type: TOKEN	Start: 4348	End: 4351
    Token: "Konjunkturruder"	Type: TOKEN	Start: 4352	End: 4367
    Token: "endgueltig"   	Type: TOKEN	Start: 4368	End: 4378
    Token: "herumreissen" 	Type: TOKEN	Start: 4379	End: 4391
    Token: "koennte"      	Type: TOKEN	Start: 4392	End: 4399
    Token: ","            	Type: PUNCTUATION	Start: 4399	End: 4400
    Token: "wird"         	Type: TOKEN	Start: 4401	End: 4405
    Token: "auch"         	Type: TOKEN	Start: 4406	End: 4410
    Token: "1993"         	Type: DIGITAL	Start: 4411	End: 4415
    Token: "nicht"        	Type: TOKEN	Start: 4416	End: 4421
    Token: "erwartet"     	Type: TOKEN	Start: 4422	End: 4430
    Token: "."            	Type: TERM_PUNCT_P	Start: 4430	End: 4431

Paragraph Start: 4435
Paragraph End: 5166
  Text Unit Start: 4435
  Text Unit End: 4700
    Token: "Der"          	Type: TOKEN	Start: 4435	End: 4438
    Token: "Anteil"       	Type: TOKEN	Start: 4439	End: 4445
    Token: "der"          	Type: TOKEN	Start: 4446	End: 4449
    Token: "Ratenkredite" 	Type: TOKEN	Start: 4450	End: 4462
    Token: "am"           	Type: TOKEN	Start: 4463	End: 4465
    Token: "Durchschnittseinkommen"	Type: TOKEN	Start: 4466	End: 4488
    Token: ","            	Type: PUNCTUATION	Start: 4488	End: 4489
    Token: "der"          	Type: TOKEN	Start: 4490	End: 4493
    Token: "die"          	Type: TOKEN	Start: 4494	End: 4497
    Token: "Schuldenlast" 	Type: TOKEN	Start: 4498	End: 4510
    Token: "der"          	Type: TOKEN	Start: 4511	End: 4514
    Token: "kreditkartenverwoehnten"	Type: TOKEN	Start: 4515	End: 4538
    Token: "Verbraucher"  	Type: TOKEN	Start: 4539	End: 4550
    Token: "dokumentiert" 	Type: TOKEN	Start: 4551	End: 4563
    Token: ","            	Type: PUNCTUATION	Start: 4563	End: 4564
    Token: "liegt"        	Type: TOKEN	Start: 4565	End: 4570
    Token: "mit"          	Type: TOKEN	Start: 4571	End: 4574
    Token: "14,4"         	Type: DIGITAL	Start: 4575	End: 4579
    Token: "Prozent"      	Type: TOKEN	Start: 4580	End: 4587
    Token: "nach"         	Type: TOKEN	Start: 4588	End: 4592
    Token: "der"          	Type: TOKEN	Start: 4593	End: 4596
    Token: "ZEW-Analyse"  	Type: TOKEN	Start: 4597	End: 4608
    Token: """            	Type: OPEN_PUNCT	Start: 4609	End: 4610	PTB: "``"
    Token: "noch"         	Type: TOKEN	Start: 4610	End: 4614
    Token: "weit"         	Type: TOKEN	Start: 4615	End: 4619
    Token: "ueber"        	Type: TOKEN	Start: 4620	End: 4625
    Token: "dem"          	Type: TOKEN	Start: 4626	End: 4629
    Token: "Tiefpunkt"    	Type: TOKEN	Start: 4630	End: 4639
    Token: "von"          	Type: TOKEN	Start: 4640	End: 4643
    Token: "zwoelf"       	Type: TOKEN	Start: 4644	End: 4650
    Token: "Prozent"      	Type: TOKEN	Start: 4651	End: 4658
    Token: "waehrend"     	Type: TOKEN	Start: 4659	End: 4667
    Token: "der"          	Type: TOKEN	Start: 4668	End: 4671
    Token: "letzten"      	Type: TOKEN	Start: 4672	End: 4679
    Token: "beiden"       	Type: TOKEN	Start: 4680	End: 4686
    Token: "Rezessionen"  	Type: TOKEN	Start: 4687	End: 4698
    Token: """            	Type: CLOSE_PUNCT	Start: 4698	End: 4699	PTB: "''"
    Token: "."            	Type: TERM_PUNCT_P	Start: 4699	End: 4700
  Text Unit Start: 4701
  Text Unit End: 4935
    Token: "Schon"        	Type: TOKEN	Start: 4701	End: 4706
    Token: "meldet"       	Type: TOKEN	Start: 4707	End: 4713
    Token: "der"          	Type: TOKEN	Start: 4714	End: 4717
    Token: "Federal"      	Type: TOKEN	Start: 4718	End: 4725
    Token: "Reserve"      	Type: TOKEN	Start: 4726	End: 4733
    Token: "Board"        	Type: TOKEN	Start: 4734	End: 4739
    Token: "eine"         	Type: TOKEN	Start: 4740	End: 4744
    Token: "im"           	Type: TOKEN	Start: 4745	End: 4747
    Token: "Oktober"      	Type: TOKEN	Start: 4748	End: 4755
    Token: """            	Type: OPEN_PUNCT	Start: 4756	End: 4757	PTB: "``"
    Token: "deutlich"     	Type: TOKEN	Start: 4757	End: 4765
    Token: "langsamere"   	Type: TOKEN	Start: 4766	End: 4776
    Token: """            	Type: CLOSE_PUNCT	Start: 4776	End: 4777	PTB: "''"
    Token: "Ausweitung"   	Type: TOKEN	Start: 4778	End: 4788
    Token: "der"          	Type: TOKEN	Start: 4789	End: 4792
    Token: "Ratenkredite" 	Type: TOKEN	Start: 4793	End: 4805
    Token: ","            	Type: PUNCTUATION	Start: 4805	End: 4806
    Token: "laufen"       	Type: TOKEN	Start: 4807	End: 4813
    Token: "an"           	Type: TOKEN	Start: 4814	End: 4816
    Token: "der"          	Type: TOKEN	Start: 4817	End: 4820
    Token: "Wall"         	Type: TOKEN	Start: 4821	End: 4825
    Token: "Street"       	Type: TOKEN	Start: 4826	End: 4832
    Token: "Geruechte"    	Type: TOKEN	Start: 4833	End: 4842
    Token: "um"           	Type: TOKEN	Start: 4843	End: 4845
    Token: ","            	Type: PUNCTUATION	Start: 4845	End: 4846
    Token: "dass"         	Type: TOKEN	Start: 4847	End: 4851
    Token: "1500"         	Type: DIGITAL	Start: 4852	End: 4856
    Token: "US-Banken"    	Type: TOKEN	Start: 4857	End: 4866
    Token: "vor"          	Type: TOKEN	Start: 4867	End: 4870
    Token: "dem"          	Type: TOKEN	Start: 4871	End: 4874
    Token: "Bankrott"     	Type: TOKEN	Start: 4875	End: 4883
    Token: "stehen"       	Type: TOKEN	Start: 4884	End: 4890
    Token: ","            	Type: PUNCTUATION	Start: 4890	End: 4891
    Token: "weil"         	Type: TOKEN	Start: 4892	End: 4896
    Token: "Altforderungen"	Type: TOKEN	Start: 4897	End: 4911
    Token: "nicht"        	Type: TOKEN	Start: 4912	End: 4917
    Token: "beglichen"    	Type: TOKEN	Start: 4918	End: 4927
    Token: "werden"       	Type: TOKEN	Start: 4928	End: 4934
    Token: "."            	Type: TERM_PUNCT_P	Start: 4934	End: 4935
  Text Unit Start: 4936
  Text Unit End: 5166
    Token: "Die"          	Type: TOKEN	Start: 4936	End: 4939
    Token: "Organisation" 	Type: TOKEN	Start: 4940	End: 4952
    Token: "fuer"         	Type: TOKEN	Start: 4953	End: 4957
    Token: "wirtschaftliche"	Type: TOKEN	Start: 4958	End: 4973
    Token: "Zusammenarbeit"	Type: TOKEN	Start: 4974	End: 4988
    Token: "und"          	Type: TOKEN	Start: 4989	End: 4992
    Token: "Entwicklung"  	Type: TOKEN	Start: 4993	End: 5004
    Token: "("            	Type: OPEN_BRACKET	Start: 5005	End: 5006	PTB: "-LRB-"
    Token: "OECD"         	Type: TOKEN	Start: 5006	End: 5010
    Token: ")"            	Type: CLOSE_BRACKET	Start: 5010	End: 5011	PTB: "-RRB-"
    Token: "hat"          	Type: TOKEN	Start: 5012	End: 5015
    Token: "allzu"        	Type: TOKEN	Start: 5016	End: 5021
    Token: "optimistische"	Type: TOKEN	Start: 5022	End: 5035
    Token: "US-Wachstumsprognosen"	Type: TOKEN	Start: 5036	End: 5057
    Token: "des"          	Type: TOKEN	Start: 5058	End: 5061
    Token: "Internationalen"	Type: TOKEN	Start: 5062	End: 5077
    Token: "Waehrungsfonds"	Type: TOKEN	Start: 5078	End: 5092
    Token: "("            	Type: OPEN_BRACKET	Start: 5093	End: 5094	PTB: "-LRB-"
    Token: "IWF"          	Type: TOKEN	Start: 5094	End: 5097
    Token: ")"            	Type: CLOSE_BRACKET	Start: 5097	End: 5098	PTB: "-RRB-"
    Token: "zuletzt"      	Type: TOKEN	Start: 5099	End: 5106
    Token: "um"           	Type: TOKEN	Start: 5107	End: 5109
    Token: "fast"         	Type: TOKEN	Start: 5110	End: 5114
    Token: "zwei"         	Type: TOKEN	Start: 5115	End: 5119
    Token: "Punkte"       	Type: TOKEN	Start: 5120	End: 5126
    Token: "auf"          	Type: TOKEN	Start: 5127	End: 5130
    Token: "2"            	Type: DIGITAL	Start: 5131	End: 5132
    Token: "bis"          	Type: TOKEN	Start: 5133	End: 5136
    Token: "2,5"          	Type: DIGITAL	Start: 5137	End: 5140
    Token: "Prozent"      	Type: TOKEN	Start: 5141	End: 5148
    Token: "heruntergekuerzt"	Type: TOKEN	Start: 5149	End: 5165
    Token: "."            	Type: TERM_PUNCT_P	Start: 5165	End: 5166

Paragraph Start: 5170
Paragraph End: 5859
  Text Unit Start: 5170
  Text Unit End: 5314
    Token: "Um"           	Type: TOKEN	Start: 5170	End: 5172
    Token: "so"           	Type: TOKEN	Start: 5173	End: 5175
    Token: "nachdruecklicher"	Type: TOKEN	Start: 5176	End: 5192
    Token: "warnen"       	Type: TOKEN	Start: 5193	End: 5199
    Token: "die"          	Type: TOKEN	Start: 5200	End: 5203
    Token: "Vereinten"    	Type: TOKEN	Start: 5204	End: 5213
    Token: "Nationen"     	Type: TOKEN	Start: 5214	End: 5222
    Token: "vor"          	Type: TOKEN	Start: 5223	End: 5226
    Token: "uebertriebenen"	Type: TOKEN	Start: 5227	End: 5241
    Token: "Hoffnungen"   	Type: TOKEN	Start: 5242	End: 5252
    Token: "der"          	Type: TOKEN	Start: 5253	End: 5256
    Token: "Europaeer"    	Type: TOKEN	Start: 5257	End: 5266
    Token: "auf"          	Type: TOKEN	Start: 5267	End: 5270
    Token: "eine"         	Type: TOKEN	Start: 5271	End: 5275
    Token: "deutliche"    	Type: TOKEN	Start: 5276	End: 5285
    Token: "Belebung"     	Type: TOKEN	Start: 5286	End: 5294
    Token: "der"          	Type: TOKEN	Start: 5295	End: 5298
    Token: "Weltwirtschaft"	Type: TOKEN	Start: 5299	End: 5313
    Token: "."            	Type: TERM_PUNCT_P	Start: 5313	End: 5314
  Text Unit Start: 5315
  Text Unit End: 5529
    Token: "Zu"           	Type: TOKEN	Start: 5315	End: 5317
    Token: "stark"        	Type: TOKEN	Start: 5318	End: 5323
    Token: "schlaegt"     	Type: TOKEN	Start: 5324	End: 5332
    Token: "die"          	Type: TOKEN	Start: 5333	End: 5336
    Token: "Flaute"       	Type: TOKEN	Start: 5337	End: 5343
    Token: "auch"         	Type: TOKEN	Start: 5344	End: 5348
    Token: "in"           	Type: TOKEN	Start: 5349	End: 5351
    Token: "Japan"        	Type: TOKEN	Start: 5352	End: 5357
    Token: "zu"           	Type: TOKEN	Start: 5358	End: 5360
    Token: "Buche"        	Type: TOKEN	Start: 5361	End: 5366
    Token: ","            	Type: PUNCTUATION	Start: 5366	End: 5367
    Token: "das"          	Type: TOKEN	Start: 5368	End: 5371
    Token: "den"          	Type: TOKEN	Start: 5372	End: 5375
    Token: "."            	Type: TERM_PUNCT_P	Start: 5376	End: 5377
    Token: "ch"           	Type: TOKEN	Start: 5377	End: 5379
    Token: "in"           	Type: TOKEN	Start: 5380	End: 5382
    Token: "Japan"        	Type: TOKEN	Start: 5383	End: 5388
    Token: "zu"           	Type: TOKEN	Start: 5389	End: 5391
    Token: "Buche"        	Type: TOKEN	Start: 5392	End: 5397
    Token: ","            	Type: PUNCTUATION	Start: 5397	End: 5398
    Token: "das"          	Type: TOKEN	Start: 5399	End: 5402
    Token: "den"          	Type: TOKEN	Start: 5403	End: 5406
    Token: "schlimmsten"  	Type: TOKEN	Start: 5407	End: 5418
    Token: "Konjunktureinbruch"	Type: TOKEN	Start: 5419	End: 5437
    Token: "seit"         	Type: TOKEN	Start: 5438	End: 5442
    Token: "18"           	Type: DIGITAL	Start: 5443	End: 5445
    Token: "Jahren"       	Type: TOKEN	Start: 5446	End: 5452
    Token: "erlebt"       	Type: TOKEN	Start: 5453	End: 5459
    Token: ","            	Type: PUNCTUATION	Start: 5459	End: 5460
    Token: "als"          	Type: TOKEN	Start: 5461	End: 5464
    Token: "dass"         	Type: TOKEN	Start: 5465	End: 5469
    Token: "vor"          	Type: TOKEN	Start: 5470	End: 5473
    Token: "allem"        	Type: TOKEN	Start: 5474	End: 5479
    Token: "die"          	Type: TOKEN	Start: 5480	End: 5483
    Token: "Deutschen"    	Type: TOKEN	Start: 5484	End: 5493
    Token: "Hilfe"        	Type: TOKEN	Start: 5494	End: 5499
    Token: "von"          	Type: TOKEN	Start: 5500	End: 5503
    Token: "aussen"       	Type: TOKEN	Start: 5504	End: 5510
    Token: "erwarten"     	Type: TOKEN	Start: 5511	End: 5519
    Token: "koennten"     	Type: TOKEN	Start: 5520	End: 5528
    Token: "."            	Type: TERM_PUNCT_P	Start: 5528	End: 5529
  Text Unit Start: 5530
  Text Unit End: 5859
    Token: "Allein"       	Type: TOKEN	Start: 5530	End: 5536
    Token: "die"          	Type: TOKEN	Start: 5537	End: 5540
    Token: "gedaempften"  	Type: TOKEN	Start: 5541	End: 5552
    Token: "Erwartungen"  	Type: TOKEN	Start: 5553	End: 5564
    Token: "fuer"         	Type: TOKEN	Start: 5565	End: 5569
    Token: "den"          	Type: TOKEN	Start: 5570	End: 5573
    Token: "Welthandel"   	Type: TOKEN	Start: 5574	End: 5584
    Token: "-"            	Type: PUNCTUATION	Start: 5585	End: 5586
    Token: "statt"        	Type: TOKEN	Start: 5587	End: 5592
    Token: "eines"        	Type: TOKEN	Start: 5593	End: 5598
    Token: "Zuwachses"    	Type: TOKEN	Start: 5599	End: 5608
    Token: "von"          	Type: TOKEN	Start: 5609	End: 5612
    Token: "8,5"          	Type: DIGITAL	Start: 5613	End: 5616
    Token: "Prozent"      	Type: TOKEN	Start: 5617	End: 5624
    Token: "prognostiziert"	Type: TOKEN	Start: 5625	End: 5639
    Token: "die"          	Type: TOKEN	Start: 5640	End: 5643
    Token: "OECD"         	Type: TOKEN	Start: 5644	End: 5648
    Token: "jetzt"        	Type: TOKEN	Start: 5649	End: 5654
    Token: "nur"          	Type: TOKEN	Start: 5655	End: 5658
    Token: "noch"         	Type: TOKEN	Start: 5659	End: 5663
    Token: "einen"        	Type: TOKEN	Start: 5664	End: 5669
    Token: "Anstieg"      	Type: TOKEN	Start: 5670	End: 5677
    Token: "um"           	Type: TOKEN	Start: 5678	End: 5680
    Token: "fuenf"        	Type: TOKEN	Start: 5681	End: 5686
    Token: "Prozent"      	Type: TOKEN	Start: 5687	End: 5694
    Token: "in"           	Type: TOKEN	Start: 5695	End: 5697
    Token: "1993"         	Type: DIGITAL	Start: 5698	End: 5702
    Token: "-"            	Type: PUNCTUATION	Start: 5703	End: 5704
    Token: "bedeuten"     	Type: TOKEN	Start: 5705	End: 5713
    Token: "nach"         	Type: TOKEN	Start: 5714	End: 5718
    Token: "Berechnungen" 	Type: TOKEN	Start: 5719	End: 5731
    Token: "des"          	Type: TOKEN	Start: 5732	End: 5735
    Token: "Rheinisch-Westfaelischen"	Type: TOKEN	Start: 5736	End: 5760
    Token: "Instituts"    	Type: TOKEN	Start: 5761	End: 5770
    Token: "fuer"         	Type: TOKEN	Start: 5771	End: 5775
    Token: "Wirtschaftsforschung"	Type: TOKEN	Start: 5776	End: 5796
    Token: "weitere"      	Type: TOKEN	Start: 5797	End: 5804
    Token: "Wachstumsverluste"	Type: TOKEN	Start: 5805	End: 5822
    Token: "in"           	Type: TOKEN	Start: 5823	End: 5825
    Token: "Deutschland"  	Type: TOKEN	Start: 5826	End: 5837
    Token: "um"           	Type: TOKEN	Start: 5838	End: 5840
    Token: "1,5"          	Type: DIGITAL	Start: 5841	End: 5844
    Token: "Prozentpunkte"	Type: TOKEN	Start: 5845	End: 5858
    Token: "."            	Type: TERM_PUNCT_P	Start: 5858	End: 5859

Paragraph Start: 5864
Paragraph End: 6253
  Text Unit Start: 5864
  Text Unit End: 5946
    Token: "Die"          	Type: TOKEN	Start: 5864	End: 5867
    Token: "deutsche"     	Type: TOKEN	Start: 5868	End: 5876
    Token: "Konjunktur"   	Type: TOKEN	Start: 5877	End: 5887
    Token: "droht"        	Type: TOKEN	Start: 5888	End: 5893
    Token: "1993"         	Type: DIGITAL	Start: 5894	End: 5898
    Token: "-"            	Type: PUNCTUATION	Start: 5899	End: 5900
    Token: "im"           	Type: TOKEN	Start: 5901	End: 5903
    Token: "wahrsten"     	Type: TOKEN	Start: 5904	End: 5912
    Token: "Sinne"        	Type: TOKEN	Start: 5913	End: 5918
    Token: "des"          	Type: TOKEN	Start: 5919	End: 5922
    Token: "Wortes"       	Type: TOKEN	Start: 5923	End: 5929
    Token: "-"            	Type: PUNCTUATION	Start: 5930	End: 5931
    Token: "abzuschmieren"	Type: TOKEN	Start: 5932	End: 5945
    Token: "."            	Type: TERM_PUNCT_P	Start: 5945	End: 5946
  Text Unit Start: 5947
  Text Unit End: 6146
    Token: "Fuer"         	Type: TOKEN	Start: 5947	End: 5951
    Token: "Daimler-Benz-Chef"	Type: TOKEN	Start: 5952	End: 5969
    Token: "Edzard"       	Type: TOKEN	Start: 5970	End: 5976
    Token: "Reuter"       	Type: TOKEN	Start: 5977	End: 5983
    Token: """            	Type: OPEN_PUNCT	Start: 5984	End: 5985	PTB: "``"
    Token: "stehen"       	Type: TOKEN	Start: 5985	End: 5991
    Token: "die"          	Type: TOKEN	Start: 5992	End: 5995
    Token: "Zeichen"      	Type: TOKEN	Start: 5996	End: 6003
    Token: "auf"          	Type: TOKEN	Start: 6004	End: 6007
    Token: "Sturm"        	Type: TOKEN	Start: 6008	End: 6013
    Token: """            	Type: CLOSE_PUNCT	Start: 6013	End: 6014	PTB: "''"
    Token: ","            	Type: PUNCTUATION	Start: 6014	End: 6015
    Token: "Deutschland"  	Type: TOKEN	Start: 6016	End: 6027
    Token: ","            	Type: PUNCTUATION	Start: 6027	End: 6028
    Token: "findet"       	Type: TOKEN	Start: 6029	End: 6035
    Token: "Tyll"         	Type: TOKEN	Start: 6036	End: 6040
    Token: "Necker"       	Type: TOKEN	Start: 6041	End: 6047
    Token: ","            	Type: PUNCTUATION	Start: 6047	End: 6048
    Token: "Chef"         	Type: TOKEN	Start: 6049	End: 6053
    Token: "des"          	Type: TOKEN	Start: 6054	End: 6057
    Token: "Bundesverbandes"	Type: TOKEN	Start: 6058	End: 6073
    Token: "der"          	Type: TOKEN	Start: 6074	End: 6077
    Token: "Deutschen"    	Type: TOKEN	Start: 6078	End: 6087
    Token: "Industrie"    	Type: TOKEN	Start: 6088	End: 6097
    Token: "("            	Type: OPEN_BRACKET	Start: 6098	End: 6099	PTB: "-LRB-"
    Token: "BDI"          	Type: TOKEN	Start: 6099	End: 6102
    Token: ";"            	Type: PUNCTUATION	Start: 6102	End: 6103
    Token: "siehe"        	Type: TOKEN	Start: 6104	End: 6109
    Token: "auch"         	Type: TOKEN	Start: 6110	End: 6114
    Token: "Seite"        	Type: TOKEN	Start: 6115	End: 6120
    Token: "46/47"        	Type: TOKEN	Start: 6121	End: 6126	PTB: "46\/47"
    Token: ")"            	Type: CLOSE_BRACKET	Start: 6126	End: 6127	PTB: "-RRB-"
    Token: ","            	Type: PUNCTUATION	Start: 6127	End: 6128
    Token: """            	Type: OPEN_PUNCT	Start: 6129	End: 6130	PTB: "``"
    Token: "liegt"        	Type: TOKEN	Start: 6130	End: 6135
    Token: "im"           	Type: TOKEN	Start: 6136	End: 6138
    Token: "Dreck"        	Type: TOKEN	Start: 6139	End: 6144
    Token: """            	Type: CLOSE_PUNCT	Start: 6144	End: 6145	PTB: "''"
    Token: "."            	Type: TERM_PUNCT_P	Start: 6145	End: 6146
  Text Unit Start: 6147
  Text Unit End: 6253
    Token: "Wie"          	Type: TOKEN	Start: 6147	End: 6150
    Token: "schon"        	Type: TOKEN	Start: 6151	End: 6156
    Token: "waehrend"     	Type: TOKEN	Start: 6157	End: 6165
    Token: "der"          	Type: TOKEN	Start: 6166	End: 6169
    Token: "Rezessionen"  	Type: TOKEN	Start: 6170	End: 6181
    Token: "1975"         	Type: DIGITAL	Start: 6182	End: 6186
    Token: "und"          	Type: TOKEN	Start: 6187	End: 6190
    Token: "1981/82"      	Type: TOKEN	Start: 6191	End: 6198	PTB: "1981\/82"
    Token: "beginnt"      	Type: TOKEN	Start: 6199	End: 6206
    Token: "der"          	Type: TOKEN	Start: 6207	End: 6210
    Token: "Abschwung"    	Type: TOKEN	Start: 6211	End: 6220
    Token: "nun"          	Type: TOKEN	Start: 6221	End: 6224
    Token: ","            	Type: PUNCTUATION	Start: 6224	End: 6225
    Token: "sich"         	Type: TOKEN	Start: 6226	End: 6230
    Token: "selbst"       	Type: TOKEN	Start: 6231	End: 6237
    Token: "zu"           	Type: TOKEN	Start: 6238	End: 6240
    Token: "verstaerken"  	Type: TOKEN	Start: 6241	End: 6252
    Token: "."            	Type: TERM_PUNCT_P	Start: 6252	End: 6253

Paragraph Start: 6257
Paragraph End: 6855
  Text Unit Start: 6257
  Text Unit End: 6372
    Token: "Monat"        	Type: TOKEN	Start: 6257	End: 6262
    Token: "fuer"         	Type: TOKEN	Start: 6263	End: 6267
    Token: "Monat"        	Type: TOKEN	Start: 6268	End: 6273
    Token: "schrumpfen"   	Type: TOKEN	Start: 6274	End: 6284
    Token: "die"          	Type: TOKEN	Start: 6285	End: 6288
    Token: "Auftragseingaenge"	Type: TOKEN	Start: 6289	End: 6306
    Token: "der"          	Type: TOKEN	Start: 6307	End: 6310
    Token: "westdeutschen"	Type: TOKEN	Start: 6311	End: 6324
    Token: "Industrie"    	Type: TOKEN	Start: 6325	End: 6334
    Token: ","            	Type: PUNCTUATION	Start: 6334	End: 6335
    Token: "im"           	Type: TOKEN	Start: 6336	End: 6338
    Token: "Oktober"      	Type: TOKEN	Start: 6339	End: 6346
    Token: "zuletzt"      	Type: TOKEN	Start: 6347	End: 6354
    Token: "um"           	Type: TOKEN	Start: 6355	End: 6357
    Token: "fuenf"        	Type: TOKEN	Start: 6358	End: 6363
    Token: "Prozent"      	Type: TOKEN	Start: 6364	End: 6371
    Token: "."            	Type: TERM_PUNCT_P	Start: 6371	End: 6372
  Text Unit Start: 6373
  Text Unit End: 6492
    Token: "Laengst"      	Type: TOKEN	Start: 6373	End: 6380
    Token: "abgebaut"     	Type: TOKEN	Start: 6381	End: 6389
    Token: "-"            	Type: PUNCTUATION	Start: 6390	End: 6391
    Token: "seit"         	Type: TOKEN	Start: 6392	End: 6396
    Token: "knapp"        	Type: TOKEN	Start: 6397	End: 6402
    Token: "einem"        	Type: TOKEN	Start: 6403	End: 6408
    Token: "halben"       	Type: TOKEN	Start: 6409	End: 6415
    Token: "Jahr"         	Type: TOKEN	Start: 6416	End: 6420
    Token: "-"            	Type: PUNCTUATION	Start: 6421	End: 6422
    Token: "sind"         	Type: TOKEN	Start: 6423	End: 6427
    Token: "die"          	Type: TOKEN	Start: 6428	End: 6431
    Token: "Auftragsbestaende"	Type: TOKEN	Start: 6432	End: 6449
    Token: "in"           	Type: TOKEN	Start: 6450	End: 6452
    Token: "der"          	Type: TOKEN	Start: 6453	End: 6456
    Token: "Maschinenbau" 	Type: TOKEN	Start: 6457	End: 6469
    Token: "-"            	Type: PUNCTUATION	Start: 6469	End: 6470
    Token: "und"          	Type: TOKEN	Start: 6471	End: 6474
    Token: "Elektroindustrie"	Type: TOKEN	Start: 6475	End: 6491
    Token: "."            	Type: TERM_PUNCT_P	Start: 6491	End: 6492
  Text Unit Start: 6493
  Text Unit End: 6855
    Token: "Waehrend"     	Type: TOKEN	Start: 6493	End: 6501
    Token: "das"          	Type: TOKEN	Start: 6502	End: 6505
    Token: "verarbeitende"	Type: TOKEN	Start: 6506	End: 6519
    Token: "Gewerbe"      	Type: TOKEN	Start: 6520	End: 6527
    Token: "die"          	Type: TOKEN	Start: 6528	End: 6531
    Token: "Investitionsplaene"	Type: TOKEN	Start: 6532	End: 6550
    Token: "fuer"         	Type: TOKEN	Start: 6551	End: 6555
    Token: "1993"         	Type: DIGITAL	Start: 6556	End: 6560
    Token: "nach"         	Type: TOKEN	Start: 6561	End: 6565
    Token: "Berechnungen" 	Type: TOKEN	Start: 6566	End: 6578
    Token: "des"          	Type: TOKEN	Start: 6579	End: 6582
    Token: "Muenchner"    	Type: TOKEN	Start: 6583	End: 6592
    Token: "Ifo-Instituts"	Type: TOKEN	Start: 6593	End: 6606
    Token: "um"           	Type: TOKEN	Start: 6607	End: 6609
    Token: "real"         	Type: TOKEN	Start: 6610	End: 6614
    Token: "zehn"         	Type: TOKEN	Start: 6615	End: 6619
    Token: "Prozent"      	Type: TOKEN	Start: 6620	End: 6627
    Token: "gegenueber"   	Type: TOKEN	Start: 6628	End: 6638
    Token: "dem"          	Type: TOKEN	Start: 6639	End: 6642
    Token: "Vorjahr"      	Type: TOKEN	Start: 6643	End: 6650
    Token: "zusammenstrich"	Type: TOKEN	Start: 6651	End: 6665
    Token: ","            	Type: PUNCTUATION	Start: 6665	End: 6666
    Token: "stieg"        	Type: TOKEN	Start: 6667	End: 6672
    Token: "die"          	Type: TOKEN	Start: 6673	End: 6676
    Token: "Zahl"         	Type: TOKEN	Start: 6677	End: 6681
    Token: "der"          	Type: TOKEN	Start: 6682	End: 6685
    Token: "Firmenpleiten"	Type: TOKEN	Start: 6686	End: 6699
    Token: "von"          	Type: TOKEN	Start: 6700	End: 6703
    Token: "Januar"       	Type: TOKEN	Start: 6704	End: 6710
    Token: "bis"          	Type: TOKEN	Start: 6711	End: 6714
    Token: "September"    	Type: TOKEN	Start: 6715	End: 6724
    Token: "im"           	Type: TOKEN	Start: 6725	End: 6727
    Token: "Westen"       	Type: TOKEN	Start: 6728	End: 6734
    Token: "erstmals"     	Type: TOKEN	Start: 6735	End: 6743
    Token: "um"           	Type: TOKEN	Start: 6744	End: 6746
    Token: "mehr"         	Type: TOKEN	Start: 6747	End: 6751
    Token: "als"          	Type: TOKEN	Start: 6752	End: 6755
    Token: "sieben"       	Type: TOKEN	Start: 6756	End: 6762
    Token: "Prozent"      	Type: TOKEN	Start: 6763	End: 6770
    Token: "auf"          	Type: TOKEN	Start: 6771	End: 6774
    Token: "ueber"        	Type: TOKEN	Start: 6775	End: 6780
    Token: "10"           	Type: DIGITAL	Start: 6781	End: 6783
    Token: "000"          	Type: DIGITAL	Start: 6784	End: 6787
    Token: ";"            	Type: PUNCTUATION	Start: 6787	End: 6788
    Token: "in"           	Type: TOKEN	Start: 6789	End: 6791
    Token: "Ostdeutschland"	Type: TOKEN	Start: 6792	End: 6806
    Token: "hat"          	Type: TOKEN	Start: 6807	End: 6810
    Token: "sich"         	Type: TOKEN	Start: 6811	End: 6815
    Token: "die"          	Type: TOKEN	Start: 6816	End: 6819
    Token: "Zahl"         	Type: TOKEN	Start: 6820	End: 6824
    Token: "der"          	Type: TOKEN	Start: 6825	End: 6828
    Token: "Konkurse"     	Type: TOKEN	Start: 6829	End: 6837
    Token: "gar"          	Type: TOKEN	Start: 6838	End: 6841
    Token: "verdreifacht" 	Type: TOKEN	Start: 6842	End: 6854
    Token: "."            	Type: TERM_PUNCT_P	Start: 6854	End: 6855

Paragraph Start: 6859
Paragraph End: 7332
  Text Unit Start: 6859
  Text Unit End: 7033
    Token: "Erstmals"     	Type: TOKEN	Start: 6859	End: 6867
    Token: "in"           	Type: TOKEN	Start: 6868	End: 6870
    Token: "der"          	Type: TOKEN	Start: 6871	End: 6874
    Token: "neunjaehrigen"	Type: TOKEN	Start: 6875	End: 6888
    Token: "Amtszeit"     	Type: TOKEN	Start: 6889	End: 6897
    Token: "Heinrich"     	Type: TOKEN	Start: 6898	End: 6906
    Token: "Frankes"      	Type: TOKEN	Start: 6907	End: 6914
    Token: ","            	Type: PUNCTUATION	Start: 6914	End: 6915
    Token: "des"          	Type: TOKEN	Start: 6916	End: 6919
    Token: "Praesidenten" 	Type: TOKEN	Start: 6920	End: 6932
    Token: "der"          	Type: TOKEN	Start: 6933	End: 6936
    Token: "Bundesanstalt"	Type: TOKEN	Start: 6937	End: 6950
    Token: "fuer"         	Type: TOKEN	Start: 6951	End: 6955
    Token: "Arbeit"       	Type: TOKEN	Start: 6956	End: 6962
    Token: ","            	Type: PUNCTUATION	Start: 6962	End: 6963
    Token: "naehert"      	Type: TOKEN	Start: 6964	End: 6971
    Token: "sich"         	Type: TOKEN	Start: 6972	End: 6976
    Token: "das"          	Type: TOKEN	Start: 6977	End: 6980
    Token: "deutsche"     	Type: TOKEN	Start: 6981	End: 6989
    Token: "Arbeitslosenheer"	Type: TOKEN	Start: 6990	End: 7006
    Token: "der"          	Type: TOKEN	Start: 7007	End: 7010
    Token: "Drei-Millionen-Grenze"	Type: TOKEN	Start: 7011	End: 7032
    Token: "."            	Type: TERM_PUNCT_P	Start: 7032	End: 7033
  Text Unit Start: 7034
  Text Unit End: 7332
    Token: "Addiert"      	Type: TOKEN	Start: 7034	End: 7041
    Token: "man"          	Type: TOKEN	Start: 7042	End: 7045
    Token: "die"          	Type: TOKEN	Start: 7046	End: 7049
    Token: "knapp"        	Type: TOKEN	Start: 7050	End: 7055
    Token: "1,75"         	Type: DIGITAL	Start: 7056	End: 7060
    Token: "Millionen"    	Type: TOKEN	Start: 7061	End: 7070
    Token: "Menschen"     	Type: TOKEN	Start: 7071	End: 7079
    Token: "hinzu"        	Type: TOKEN	Start: 7080	End: 7085
    Token: ","            	Type: PUNCTUATION	Start: 7085	End: 7086
    Token: "die"          	Type: TOKEN	Start: 7087	End: 7090
    Token: "in"           	Type: TOKEN	Start: 7091	End: 7093
    Token: "Ostdeutschland"	Type: TOKEN	Start: 7094	End: 7108
    Token: "nur"          	Type: TOKEN	Start: 7109	End: 7112
    Token: "mit"          	Type: TOKEN	Start: 7113	End: 7116
    Token: "Hilfe"        	Type: TOKEN	Start: 7117	End: 7122
    Token: "oeffentlicher"	Type: TOKEN	Start: 7123	End: 7136
    Token: "Mittel"       	Type: TOKEN	Start: 7137	End: 7143
    Token: "in"           	Type: TOKEN	Start: 7144	End: 7146
    Token: "Lohn"         	Type: TOKEN	Start: 7147	End: 7151
    Token: "und"          	Type: TOKEN	Start: 7152	End: 7155
    Token: "Brot"         	Type: TOKEN	Start: 7156	End: 7160
    Token: "gehalten"     	Type: TOKEN	Start: 7161	End: 7169
    Token: "werden"       	Type: TOKEN	Start: 7170	End: 7176
    Token: ","            	Type: PUNCTUATION	Start: 7176	End: 7177
    Token: "droht"        	Type: TOKEN	Start: 7178	End: 7183
    Token: "der"          	Type: TOKEN	Start: 7184	End: 7187
    Token: "Republik"     	Type: TOKEN	Start: 7188	End: 7196
    Token: "eine"         	Type: TOKEN	Start: 7197	End: 7201
    Token: "Arbeitslosenquote"	Type: TOKEN	Start: 7202	End: 7219
    Token: "von"          	Type: TOKEN	Start: 7220	End: 7223
    Token: "15"           	Type: DIGITAL	Start: 7224	End: 7226
    Token: "Prozent"      	Type: TOKEN	Start: 7227	End: 7234
    Token: "-"            	Type: PUNCTUATION	Start: 7235	End: 7236
    Token: "die"          	Type: TOKEN	Start: 7237	End: 7240
    Token: "gravierendste"	Type: TOKEN	Start: 7241	End: 7254
    Token: "Beschaeftigungskrise"	Type: TOKEN	Start: 7255	End: 7275
    Token: "seit"         	Type: TOKEN	Start: 7276	End: 7280
    Token: "der"          	Type: TOKEN	Start: 7281	End: 7284
    Token: "Grossen"      	Type: TOKEN	Start: 7285	End: 7292
    Token: "Depression"   	Type: TOKEN	Start: 7293	End: 7303
    Token: "Anfang"       	Type: TOKEN	Start: 7304	End: 7310
    Token: "der"          	Type: TOKEN	Start: 7311	End: 7314
    Token: "dreissiger"   	Type: TOKEN	Start: 7315	End: 7325
    Token: "Jahre"        	Type: TOKEN	Start: 7326	End: 7331
    Token: "."            	Type: TERM_PUNCT_P	Start: 7331	End: 7332

Paragraph Start: 7336
Paragraph End: 7836
  Text Unit Start: 7336
  Text Unit End: 7487
    Token: "Die"          	Type: TOKEN	Start: 7336	End: 7339
    Token: "wachsende"    	Type: TOKEN	Start: 7340	End: 7349
    Token: "Zahl"         	Type: TOKEN	Start: 7350	End: 7354
    Token: "der"          	Type: TOKEN	Start: 7355	End: 7358
    Token: "Arbeitslosen" 	Type: TOKEN	Start: 7359	End: 7371
    Token: "zeigt"        	Type: TOKEN	Start: 7372	End: 7377
    Token: "nicht"        	Type: TOKEN	Start: 7378	End: 7383
    Token: "nur"          	Type: TOKEN	Start: 7384	End: 7387
    Token: "die"          	Type: TOKEN	Start: 7388	End: 7391
    Token: "nachlassende" 	Type: TOKEN	Start: 7392	End: 7404
    Token: "Wirtschaftskraft"	Type: TOKEN	Start: 7405	End: 7421
    Token: "des"          	Type: TOKEN	Start: 7422	End: 7425
    Token: "vereinten"    	Type: TOKEN	Start: 7426	End: 7435
    Token: "Deutschland"  	Type: TOKEN	Start: 7436	End: 7447
    Token: "an"           	Type: TOKEN	Start: 7448	End: 7450
    Token: ","            	Type: PUNCTUATION	Start: 7450	End: 7451
    Token: "sie"          	Type: TOKEN	Start: 7452	End: 7455
    Token: "belastet"     	Type: TOKEN	Start: 7456	End: 7464
    Token: "auch"         	Type: TOKEN	Start: 7465	End: 7469
    Token: "die"          	Type: TOKEN	Start: 7470	End: 7473
    Token: "Sozialkassen" 	Type: TOKEN	Start: 7474	End: 7486
    Token: "."            	Type: TERM_PUNCT_P	Start: 7486	End: 7487
  Text Unit Start: 7488
  Text Unit End: 7533
    Token: "Weitere"      	Type: TOKEN	Start: 7488	End: 7495
    Token: "Abgabenerhoehungen"	Type: TOKEN	Start: 7496	End: 7514
    Token: "sind"         	Type: TOKEN	Start: 7515	End: 7519
    Token: "programmiert" 	Type: TOKEN	Start: 7520	End: 7532
    Token: "."            	Type: TERM_PUNCT_P	Start: 7532	End: 7533
  Text Unit Start: 7534
  Text Unit End: 7644
    Token: "Die"          	Type: TOKEN	Start: 7534	End: 7537
    Token: "wiederum"     	Type: TOKEN	Start: 7538	End: 7546
    Token: "schmaelern"   	Type: TOKEN	Start: 7547	End: 7557
    Token: "den"          	Type: TOKEN	Start: 7558	End: 7561
    Token: "privaten"     	Type: TOKEN	Start: 7562	End: 7570
    Token: "Verbrauch"    	Type: TOKEN	Start: 7571	End: 7580
    Token: "sowie"        	Type: TOKEN	Start: 7581	End: 7586
    Token: "Absatzerwartungen"	Type: TOKEN	Start: 7587	End: 7604
    Token: "und"          	Type: TOKEN	Start: 7605	End: 7608
    Token: "Investitionsneigung"	Type: TOKEN	Start: 7609	End: 7628
    Token: "der"          	Type: TOKEN	Start: 7629	End: 7632
    Token: "Wirtschaft"   	Type: TOKEN	Start: 7633	End: 7643
    Token: "."            	Type: TERM_PUNCT_P	Start: 7643	End: 7644
  Text Unit Start: 7645
  Text Unit End: 7836
    Token: "Staatliche"   	Type: TOKEN	Start: 7645	End: 7655
    Token: "Mindereinnahmen"	Type: TOKEN	Start: 7656	End: 7671
    Token: "muessen"      	Type: TOKEN	Start: 7672	End: 7679
    Token: "mit"          	Type: TOKEN	Start: 7680	End: 7683
    Token: "zusaetzlicher"	Type: TOKEN	Start: 7684	End: 7697
    Token: "Verschuldung" 	Type: TOKEN	Start: 7698	End: 7710
    Token: "am"           	Type: TOKEN	Start: 7711	End: 7713
    Token: "Kapitalmarkt" 	Type: TOKEN	Start: 7714	End: 7726
    Token: "ausgeglichen" 	Type: TOKEN	Start: 7727	End: 7739
    Token: "werden"       	Type: TOKEN	Start: 7740	End: 7746
    Token: "und"          	Type: TOKEN	Start: 7747	End: 7750
    Token: "bremsen"      	Type: TOKEN	Start: 7751	End: 7758
    Token: "den"          	Type: TOKEN	Start: 7759	End: 7762
    Token: "Abstieg"      	Type: TOKEN	Start: 7763	End: 7770
    Token: "vom"          	Type: TOKEN	Start: 7771	End: 7774
    Token: "Zinsgipfel"   	Type: TOKEN	Start: 7775	End: 7785
    Token: ","            	Type: PUNCTUATION	Start: 7785	End: 7786
    Token: "auf"          	Type: TOKEN	Start: 7787	End: 7790
    Token: "den"          	Type: TOKEN	Start: 7791	End: 7794
    Token: "die"          	Type: TOKEN	Start: 7795	End: 7798
    Token: "Wirtschaft"   	Type: TOKEN	Start: 7799	End: 7809
    Token: "derzeit"      	Type: TOKEN	Start: 7810	End: 7817
    Token: "ungeduldig"   	Type: TOKEN	Start: 7818	End: 7828
    Token: "wartet"       	Type: TOKEN	Start: 7829	End: 7835
    Token: "."            	Type: TERM_PUNCT_P	Start: 7835	End: 7836

Paragraph Start: 7840
Paragraph End: 8852
  Text Unit Start: 7840
  Text Unit End: 7999
    Token: "Mit"          	Type: TOKEN	Start: 7840	End: 7843
    Token: "ihrer"        	Type: TOKEN	Start: 7844	End: 7849
    Token: """            	Type: OPEN_PUNCT	Start: 7850	End: 7851	PTB: "``"
    Token: "irrsinnigen"  	Type: TOKEN	Start: 7851	End: 7862
    Token: "Kredit"       	Type: TOKEN	Start: 7863	End: 7869
    Token: "-"            	Type: PUNCTUATION	Start: 7869	End: 7870
    Token: "und"          	Type: TOKEN	Start: 7871	End: 7874
    Token: "Wirtschaftspolitik"	Type: TOKEN	Start: 7875	End: 7893
    Token: """            	Type: CLOSE_PUNCT	Start: 7893	End: 7894	PTB: "''"
    Token: "("            	Type: OPEN_BRACKET	Start: 7895	End: 7896	PTB: "-LRB-"
    Token: "Alt-Kanzler"  	Type: TOKEN	Start: 7896	End: 7907
    Token: "Schmidt"      	Type: TOKEN	Start: 7908	End: 7915
    Token: ")"            	Type: CLOSE_BRACKET	Start: 7915	End: 7916	PTB: "-RRB-"
    Token: "hat"          	Type: TOKEN	Start: 7917	End: 7920
    Token: "die"          	Type: TOKEN	Start: 7921	End: 7924
    Token: "Bundesregierung"	Type: TOKEN	Start: 7925	End: 7940
    Token: "den"          	Type: TOKEN	Start: 7941	End: 7944
    Token: "Absturz"      	Type: TOKEN	Start: 7945	End: 7952
    Token: "in"           	Type: TOKEN	Start: 7953	End: 7955
    Token: "die"          	Type: TOKEN	Start: 7956	End: 7959
    Token: "Rezession"    	Type: TOKEN	Start: 7960	End: 7969
    Token: "vor"          	Type: TOKEN	Start: 7970	End: 7973
    Token: "allem"        	Type: TOKEN	Start: 7974	End: 7979
    Token: "selbst"       	Type: TOKEN	Start: 7980	End: 7986
    Token: "verschuldet"  	Type: TOKEN	Start: 7987	End: 7998
    Token: "."            	Type: TERM_PUNCT_P	Start: 7998	End: 7999
  Text Unit Start: 8000
  Text Unit End: 8606
    Token: "Statt"        	Type: TOKEN	Start: 8000	End: 8005
    Token: "bereits"      	Type: TOKEN	Start: 8006	End: 8013
    Token: "in"           	Type: TOKEN	Start: 8014	End: 8016
    Token: "den"          	Type: TOKEN	Start: 8017	End: 8020
    Token: "einigungsbedingten"	Type: TOKEN	Start: 8021	End: 8039
    Token: "Boomjahren"   	Type: TOKEN	Start: 8040	End: 8050
    Token: "1990/91"      	Type: TOKEN	Start: 8051	End: 8058	PTB: "1990\/91"
    Token: "auf"          	Type: TOKEN	Start: 8059	End: 8062
    Token: "strikte"      	Type: TOKEN	Start: 8063	End: 8070
    Token: "Ausgabendisziplin"	Type: TOKEN	Start: 8071	End: 8088
    Token: "vor"          	Type: TOKEN	Start: 8089	End: 8092
    Token: "allem"        	Type: TOKEN	Start: 8093	End: 8098
    Token: "in"           	Type: TOKEN	Start: 8099	End: 8101
    Token: "westdeutschen"	Type: TOKEN	Start: 8102	End: 8115
    Token: "Laendern"     	Type: TOKEN	Start: 8116	End: 8124
    Token: "und"          	Type: TOKEN	Start: 8125	End: 8128
    Token: "Gemeinden"    	Type: TOKEN	Start: 8129	End: 8138
    Token: "zu"           	Type: TOKEN	Start: 8139	End: 8141
    Token: "draengen"     	Type: TOKEN	Start: 8142	End: 8150
    Token: ","            	Type: PUNCTUATION	Start: 8150	End: 8151
    Token: "den"          	Type: TOKEN	Start: 8152	End: 8155
    Token: "Solidaritaetszuschlag"	Type: TOKEN	Start: 8156	End: 8177
    Token: "weiterzufuehren"	Type: TOKEN	Start: 8178	End: 8193
    Token: "und"          	Type: TOKEN	Start: 8194	End: 8197
    Token: "fruehzeitig"  	Type: TOKEN	Start: 8198	End: 8209
    Token: "Steuererhoehungen"	Type: TOKEN	Start: 8210	End: 8227
    Token: "anzukuendigen"	Type: TOKEN	Start: 8228	End: 8241
    Token: ","            	Type: PUNCTUATION	Start: 8241	End: 8242
    Token: "herrscht"     	Type: TOKEN	Start: 8243	End: 8251
    Token: "Bonner"       	Type: TOKEN	Start: 8252	End: 8258
    Token: "Ratlosigkeit" 	Type: TOKEN	Start: 8259	End: 8271
    Token: ":"            	Type: PUNCTUATION	Start: 8271	End: 8272
    Token: "Waehrend"     	Type: TOKEN	Start: 8273	End: 8281
    Token: "das"          	Type: TOKEN	Start: 8282	End: 8285
    Token: "Defizit"      	Type: TOKEN	Start: 8286	End: 8293
    Token: "oeffentlicher"	Type: TOKEN	Start: 8294	End: 8307
    Token: "Haushalte"    	Type: TOKEN	Start: 8308	End: 8317
    Token: "konjunkturbedingt"	Type: TOKEN	Start: 8318	End: 8335
    Token: "um"           	Type: TOKEN	Start: 8336	End: 8338
    Token: "mindestens"   	Type: TOKEN	Start: 8339	End: 8349
    Token: "15"           	Type: DIGITAL	Start: 8350	End: 8352
    Token: "weitere"      	Type: TOKEN	Start: 8353	End: 8360
    Token: "Milliarden"   	Type: TOKEN	Start: 8361	End: 8371
    Token: "Mark"         	Type: TOKEN	Start: 8372	End: 8376
    Token: "ansteigt"     	Type: TOKEN	Start: 8377	End: 8385
    Token: ","            	Type: PUNCTUATION	Start: 8385	End: 8386
    Token: "ist"          	Type: TOKEN	Start: 8387	End: 8390
    Token: "die"          	Type: TOKEN	Start: 8391	End: 8394
    Token: "Finanzierung" 	Type: TOKEN	Start: 8395	End: 8407
    Token: "des"          	Type: TOKEN	Start: 8408	End: 8411
    Token: "168-Milliarden-Mark-Transfers"	Type: TOKEN	Start: 8412	End: 8441
    Token: "nach"         	Type: TOKEN	Start: 8442	End: 8446
    Token: "Ostdeutschland"	Type: TOKEN	Start: 8447	End: 8461
    Token: "noch"         	Type: TOKEN	Start: 8462	End: 8466
    Token: "immer"        	Type: TOKEN	Start: 8467	End: 8472
    Token: """            	Type: OPEN_PUNCT	Start: 8473	End: 8474	PTB: "``"
    Token: "zu"           	Type: TOKEN	Start: 8474	End: 8476
    Token: "mindestens"   	Type: TOKEN	Start: 8477	End: 8487
    Token: "einem"        	Type: TOKEN	Start: 8488	End: 8493
    Token: "Drittel"      	Type: TOKEN	Start: 8494	End: 8501
    Token: "ungeklaert"   	Type: TOKEN	Start: 8502	End: 8512
    Token: """            	Type: CLOSE_PUNCT	Start: 8512	End: 8513	PTB: "''"
    Token: ","            	Type: PUNCTUATION	Start: 8513	End: 8514
    Token: "so"           	Type: TOKEN	Start: 8515	End: 8517
    Token: "die"          	Type: TOKEN	Start: 8518	End: 8521
    Token: "Feststellung" 	Type: TOKEN	Start: 8522	End: 8534
    Token: "von"          	Type: TOKEN	Start: 8535	End: 8538
    Token: "Horst"        	Type: TOKEN	Start: 8539	End: 8544
    Token: "Siebert"      	Type: TOKEN	Start: 8545	End: 8552
    Token: ","            	Type: PUNCTUATION	Start: 8552	End: 8553
    Token: "Praesident"   	Type: TOKEN	Start: 8554	End: 8564
    Token: "des"          	Type: TOKEN	Start: 8565	End: 8568
    Token: "Kieler"       	Type: TOKEN	Start: 8569	End: 8575
    Token: "Instituts"    	Type: TOKEN	Start: 8576	End: 8585
    Token: "fuer"         	Type: TOKEN	Start: 8586	End: 8590
    Token: "Weltwirtschaft"	Type: TOKEN	Start: 8591	End: 8605
    Token: "."            	Type: TERM_PUNCT_P	Start: 8605	End: 8606
  Text Unit Start: 8607
  Text Unit End: 8852
    Token: "Am"           	Type: TOKEN	Start: 8607	End: 8609
    Token: "Kapitalmarkt" 	Type: TOKEN	Start: 8610	End: 8622
    Token: ","            	Type: PUNCTUATION	Start: 8622	End: 8623
    Token: "so"           	Type: TOKEN	Start: 8624	End: 8626
    Token: "viel"         	Type: TOKEN	Start: 8627	End: 8631
    Token: "scheint"      	Type: TOKEN	Start: 8632	End: 8639
    Token: "klar"         	Type: TOKEN	Start: 8640	End: 8644
    Token: ","            	Type: PUNCTUATION	Start: 8644	End: 8645
    Token: "koennen"      	Type: TOKEN	Start: 8646	End: 8653
    Token: "sich"         	Type: TOKEN	Start: 8654	End: 8658
    Token: "die"          	Type: TOKEN	Start: 8659	End: 8662
    Token: "Bonner"       	Type: TOKEN	Start: 8663	End: 8669
    Token: "kaum"         	Type: TOKEN	Start: 8670	End: 8674
    Token: "mehr"         	Type: TOKEN	Start: 8675	End: 8679
    Token: "bedienen"     	Type: TOKEN	Start: 8680	End: 8688
    Token: ":"            	Type: PUNCTUATION	Start: 8688	End: 8689
    Token: "Wenn"         	Type: TOKEN	Start: 8690	End: 8694
    Token: "1995"         	Type: DIGITAL	Start: 8695	End: 8699
    Token: "die"          	Type: TOKEN	Start: 8700	End: 8703
    Token: "440"          	Type: DIGITAL	Start: 8704	End: 8707
    Token: "Milliarden"   	Type: TOKEN	Start: 8708	End: 8718
    Token: "Mark"         	Type: TOKEN	Start: 8719	End: 8723
    Token: "Erbschulden"  	Type: TOKEN	Start: 8724	End: 8735
    Token: "der"          	Type: TOKEN	Start: 8736	End: 8739
    Token: "ehemaligen"   	Type: TOKEN	Start: 8740	End: 8750
    Token: "DDR"          	Type: TOKEN	Start: 8751	End: 8754
    Token: "zu"           	Type: TOKEN	Start: 8755	End: 8757
    Token: "Buche"        	Type: TOKEN	Start: 8758	End: 8763
    Token: "schlagen"     	Type: TOKEN	Start: 8764	End: 8772
    Token: ","            	Type: PUNCTUATION	Start: 8772	End: 8773
    Token: "wird"         	Type: TOKEN	Start: 8774	End: 8778
    Token: "die"          	Type: TOKEN	Start: 8779	End: 8782
    Token: "Zinslastquote"	Type: TOKEN	Start: 8783	End: 8796
    Token: "von"          	Type: TOKEN	Start: 8797	End: 8800
    Token: "10"           	Type: DIGITAL	Start: 8801	End: 8803
    Token: "auf"          	Type: TOKEN	Start: 8804	End: 8807
    Token: "15"           	Type: DIGITAL	Start: 8808	End: 8810
    Token: "Prozent"      	Type: TOKEN	Start: 8811	End: 8818
    Token: "des"          	Type: TOKEN	Start: 8819	End: 8822
    Token: "Gesamthaushalts"	Type: TOKEN	Start: 8823	End: 8838
    Token: "katapultiert" 	Type: TOKEN	Start: 8839	End: 8851
    Token: "."            	Type: TERM_PUNCT_P	Start: 8851	End: 8852

Paragraph Start: 8856
Paragraph End: 9464
  Text Unit Start: 8856
  Text Unit End: 9018
    Token: "Wen"          	Type: TOKEN	Start: 8856	End: 8859
    Token: "wundert"      	Type: TOKEN	Start: 8860	End: 8867
    Token: "'s"           	Type: RIGHTSPLIT	Start: 8867	End: 8869
    Token: ","            	Type: PUNCTUATION	Start: 8869	End: 8870
    Token: "wenn"         	Type: TOKEN	Start: 8871	End: 8875
    Token: "die"          	Type: TOKEN	Start: 8876	End: 8879
    Token: "Angst"        	Type: TOKEN	Start: 8880	End: 8885
    Token: "der"          	Type: TOKEN	Start: 8886	End: 8889
    Token: "Frankfurter"  	Type: TOKEN	Start: 8890	End: 8901
    Token: "Waehrungshueter"	Type: TOKEN	Start: 8902	End: 8917
    Token: ","            	Type: PUNCTUATION	Start: 8917	End: 8918
    Token: "mit"          	Type: TOKEN	Start: 8919	End: 8922
    Token: "einer"        	Type: TOKEN	Start: 8923	End: 8928
    Token: "baldigen"     	Type: TOKEN	Start: 8929	End: 8937
    Token: "Zinssenkung"  	Type: TOKEN	Start: 8938	End: 8949
    Token: "weiter"       	Type: TOKEN	Start: 8950	End: 8956
    Token: "an"           	Type: TOKEN	Start: 8957	End: 8959
    Token: "Glaubwuerdigkeit"	Type: TOKEN	Start: 8960	End: 8976
    Token: "zu"           	Type: TOKEN	Start: 8977	End: 8979
    Token: "verlieren"    	Type: TOKEN	Start: 8980	End: 8989
    Token: ","            	Type: PUNCTUATION	Start: 8989	End: 8990
    Token: "so"           	Type: TOKEN	Start: 8991	End: 8993
    Token: "tief"         	Type: TOKEN	Start: 8994	End: 8998
    Token: "sitzt"        	Type: TOKEN	Start: 8999	End: 9004
    Token: "wie"          	Type: TOKEN	Start: 9005	End: 9008
    Token: "noch"         	Type: TOKEN	Start: 9009	End: 9013
    Token: "nie"          	Type: TOKEN	Start: 9014	End: 9017
    Token: "."            	Type: TERM_PUNCT_P	Start: 9017	End: 9018
  Text Unit Start: 9019
  Text Unit End: 9464
    Token: "Die"          	Type: TOKEN	Start: 9019	End: 9022
    Token: "eindringliche"	Type: TOKEN	Start: 9023	End: 9036
    Token: "Warnung"      	Type: TOKEN	Start: 9037	End: 9044
    Token: "des"          	Type: TOKEN	Start: 9045	End: 9048
    Token: "Bundesbankpraesidenten"	Type: TOKEN	Start: 9049	End: 9071
    Token: "Ende"         	Type: TOKEN	Start: 9072	End: 9076
    Token: "vorvergangener"	Type: TOKEN	Start: 9077	End: 9091
    Token: "Woche"        	Type: TOKEN	Start: 9092	End: 9097
    Token: ","            	Type: PUNCTUATION	Start: 9097	End: 9098
    Token: "aus"          	Type: TOKEN	Start: 9099	End: 9102
    Token: "der"          	Type: TOKEN	Start: 9103	End: 9106
    Token: "Anhebung"     	Type: TOKEN	Start: 9107	End: 9115
    Token: "des"          	Type: TOKEN	Start: 9116	End: 9119
    Token: "Geldmengenzielkorridors"	Type: TOKEN	Start: 9120	End: 9143
    Token: "um"           	Type: TOKEN	Start: 9144	End: 9146
    Token: "einen"        	Type: TOKEN	Start: 9147	End: 9152
    Token: "Punkt"        	Type: TOKEN	Start: 9153	End: 9158
    Token: "auf"          	Type: TOKEN	Start: 9159	End: 9162
    Token: "4,5"          	Type: DIGITAL	Start: 9163	End: 9166
    Token: "bis"          	Type: TOKEN	Start: 9167	End: 9170
    Token: "6,5"          	Type: DIGITAL	Start: 9171	End: 9174
    Token: "Prozent"      	Type: TOKEN	Start: 9175	End: 9182
    Token: "eine"         	Type: TOKEN	Start: 9183	End: 9187
    Token: "Lockerung"    	Type: TOKEN	Start: 9188	End: 9197
    Token: "des"          	Type: TOKEN	Start: 9198	End: 9201
    Token: "Frankfurter"  	Type: TOKEN	Start: 9202	End: 9213
    Token: "Kurses"       	Type: TOKEN	Start: 9214	End: 9220
    Token: "herauszulesen"	Type: TOKEN	Start: 9221	End: 9234
    Token: ","            	Type: PUNCTUATION	Start: 9234	End: 9235
    Token: "wirkte"       	Type: TOKEN	Start: 9236	End: 9242
    Token: "denn"         	Type: TOKEN	Start: 9243	End: 9247
    Token: "auch"         	Type: TOKEN	Start: 9248	End: 9252
    Token: "fast"         	Type: TOKEN	Start: 9253	End: 9257
    Token: "verzweifelt"  	Type: TOKEN	Start: 9258	End: 9269
    Token: ":"            	Type: PUNCTUATION	Start: 9269	End: 9270
    Token: "Von"          	Type: TOKEN	Start: 9271	End: 9274
    Token: "ihrem"        	Type: TOKEN	Start: 9275	End: 9280
    Token: "mittelfristigen"	Type: TOKEN	Start: 9281	End: 9296
    Token: "Ziel"         	Type: TOKEN	Start: 9297	End: 9301
    Token: ","            	Type: PUNCTUATION	Start: 9301	End: 9302
    Token: "die"          	Type: TOKEN	Start: 9303	End: 9306
    Token: "Inflationsrate"	Type: TOKEN	Start: 9307	End: 9321
    Token: "auf"          	Type: TOKEN	Start: 9322	End: 9325
    Token: "zwei"         	Type: TOKEN	Start: 9326	End: 9330
    Token: "Prozent"      	Type: TOKEN	Start: 9331	End: 9338
    Token: "zu"           	Type: TOKEN	Start: 9339	End: 9341
    Token: "beschraenken" 	Type: TOKEN	Start: 9342	End: 9354
    Token: ","            	Type: PUNCTUATION	Start: 9354	End: 9355
    Token: "ist"          	Type: TOKEN	Start: 9356	End: 9359
    Token: "die"          	Type: TOKEN	Start: 9360	End: 9363
    Token: "Bundesbank"   	Type: TOKEN	Start: 9364	End: 9374
    Token: "noch"         	Type: TOKEN	Start: 9375	End: 9379
    Token: "niemals"      	Type: TOKEN	Start: 9380	End: 9387
    Token: "in"           	Type: TOKEN	Start: 9388	End: 9390
    Token: "ihrer"        	Type: TOKEN	Start: 9391	End: 9396
    Token: "Geschichte"   	Type: TOKEN	Start: 9397	End: 9407
    Token: "so"           	Type: TOKEN	Start: 9408	End: 9410
    Token: "weit"         	Type: TOKEN	Start: 9411	End: 9415
    Token: "entfernt"     	Type: TOKEN	Start: 9416	End: 9424
    Token: "gewesen"      	Type: TOKEN	Start: 9425	End: 9432
    Token: "wie"          	Type: TOKEN	Start: 9433	End: 9436
    Token: "seit"         	Type: TOKEN	Start: 9437	End: 9441
    Token: "der"          	Type: TOKEN	Start: 9442	End: 9445
    Token: "deutschen"    	Type: TOKEN	Start: 9446	End: 9455
    Token: "Einheit"      	Type: TOKEN	Start: 9456	End: 9463
    Token: "."            	Type: TERM_PUNCT_P	Start: 9463	End: 9464

Paragraph Start: 9468
Paragraph End: 9993
  Text Unit Start: 9468
  Text Unit End: 9569
    Token: "Doch"         	Type: TOKEN	Start: 9468	End: 9472
    Token: "die"          	Type: TOKEN	Start: 9473	End: 9476
    Token: "deutsche"     	Type: TOKEN	Start: 9477	End: 9485
    Token: "Hochzinspolitik"	Type: TOKEN	Start: 9486	End: 9501
    Token: "droht"        	Type: TOKEN	Start: 9502	End: 9507
    Token: "nicht"        	Type: TOKEN	Start: 9508	End: 9513
    Token: "nur"          	Type: TOKEN	Start: 9514	End: 9517
    Token: "das"          	Type: TOKEN	Start: 9518	End: 9521
    Token: "Europaeische" 	Type: TOKEN	Start: 9522	End: 9534
    Token: "Waehrungssystem"	Type: TOKEN	Start: 9535	End: 9550
    Token: "("            	Type: OPEN_BRACKET	Start: 9551	End: 9552	PTB: "-LRB-"
    Token: "EWS"          	Type: TOKEN	Start: 9552	End: 9555
    Token: ")"            	Type: CLOSE_BRACKET	Start: 9555	End: 9556	PTB: "-RRB-"
    Token: "zu"           	Type: TOKEN	Start: 9557	End: 9559
    Token: "sprengen"     	Type: TOKEN	Start: 9560	End: 9568
    Token: "."            	Type: TERM_PUNCT_P	Start: 9568	End: 9569
  Text Unit Start: 9570
  Text Unit End: 9687
    Token: "Sie"          	Type: TOKEN	Start: 9570	End: 9573
    Token: "reisst"       	Type: TOKEN	Start: 9574	End: 9580
    Token: "auch"         	Type: TOKEN	Start: 9581	End: 9585
    Token: "Deutschlands" 	Type: TOKEN	Start: 9586	End: 9598
    Token: "wichtigste"   	Type: TOKEN	Start: 9599	End: 9609
    Token: "Partner"      	Type: TOKEN	Start: 9610	End: 9617
    Token: "in"           	Type: TOKEN	Start: 9618	End: 9620
    Token: "der"          	Type: TOKEN	Start: 9621	End: 9624
    Token: "Europaeischen"	Type: TOKEN	Start: 9625	End: 9638
    Token: "Gemeinschaft" 	Type: TOKEN	Start: 9639	End: 9651
    Token: "("            	Type: OPEN_BRACKET	Start: 9652	End: 9653	PTB: "-LRB-"
    Token: "EG"           	Type: TOKEN	Start: 9653	End: 9655
    Token: ")"            	Type: CLOSE_BRACKET	Start: 9655	End: 9656	PTB: "-RRB-"
    Token: "immer"        	Type: TOKEN	Start: 9657	End: 9662
    Token: "tiefer"       	Type: TOKEN	Start: 9663	End: 9669
    Token: "in"           	Type: TOKEN	Start: 9670	End: 9672
    Token: "die"          	Type: TOKEN	Start: 9673	End: 9676
    Token: "Rezession"    	Type: TOKEN	Start: 9677	End: 9686
    Token: "."            	Type: TERM_PUNCT_P	Start: 9686	End: 9687
  Text Unit Start: 9688
  Text Unit End: 9820
    Token: "Unter"        	Type: TOKEN	Start: 9688	End: 9693
    Token: "dem"          	Type: TOKEN	Start: 9694	End: 9697
    Token: "Eindruck"     	Type: TOKEN	Start: 9698	End: 9706
    Token: "drastisch"    	Type: TOKEN	Start: 9707	End: 9716
    Token: "steigender"   	Type: TOKEN	Start: 9717	End: 9727
    Token: "Arbeitslosigkeit"	Type: TOKEN	Start: 9728	End: 9744
    Token: "hat"          	Type: TOKEN	Start: 9745	End: 9748
    Token: "die"          	Type: TOKEN	Start: 9749	End: 9752
    Token: "EG"           	Type: TOKEN	Start: 9753	End: 9755
    Token: "ihre"         	Type: TOKEN	Start: 9756	End: 9760
    Token: "Wachstumsprognose"	Type: TOKEN	Start: 9761	End: 9778
    Token: "von"          	Type: TOKEN	Start: 9779	End: 9782
    Token: "1,75"         	Type: DIGITAL	Start: 9783	End: 9787
    Token: "schon"        	Type: TOKEN	Start: 9788	End: 9793
    Token: "auf"          	Type: TOKEN	Start: 9794	End: 9797
    Token: "1,5"          	Type: DIGITAL	Start: 9798	End: 9801
    Token: "Prozent"      	Type: TOKEN	Start: 9802	End: 9809
    Token: "reduziert"    	Type: TOKEN	Start: 9810	End: 9819
    Token: "."            	Type: TERM_PUNCT_P	Start: 9819	End: 9820
  Text Unit Start: 9821
  Text Unit End: 9993
    Token: "Die"          	Type: TOKEN	Start: 9821	End: 9824
    Token: "Investitionen"	Type: TOKEN	Start: 9825	End: 9838
    Token: ","            	Type: PUNCTUATION	Start: 9838	End: 9839
    Token: "die"          	Type: TOKEN	Start: 9840	End: 9843
    Token: "einige"       	Type: TOKEN	Start: 9844	End: 9850
    Token: "Jahre"        	Type: TOKEN	Start: 9851	End: 9856
    Token: "lang"         	Type: TOKEN	Start: 9857	End: 9861
    Token: "die"          	Type: TOKEN	Start: 9862	End: 9865
    Token: "dynamischste" 	Type: TOKEN	Start: 9866	End: 9878
    Token: "Wachstumskomponente"	Type: TOKEN	Start: 9879	End: 9898
    Token: "waren"        	Type: TOKEN	Start: 9899	End: 9904
    Token: ","            	Type: PUNCTUATION	Start: 9904	End: 9905
    Token: "gingen"       	Type: TOKEN	Start: 9906	End: 9912
    Token: "bereits"      	Type: TOKEN	Start: 9913	End: 9920
    Token: "1991"         	Type: DIGITAL	Start: 9921	End: 9925
    Token: "stark"        	Type: TOKEN	Start: 9926	End: 9931
    Token: "zurueck"      	Type: TOKEN	Start: 9932	End: 9939
    Token: "und"          	Type: TOKEN	Start: 9940	End: 9943
    Token: "werden"       	Type: TOKEN	Start: 9944	End: 9950
    Token: "voraussichtlich"	Type: TOKEN	Start: 9951	End: 9966
    Token: "auch"         	Type: TOKEN	Start: 9967	End: 9971
    Token: "1993"         	Type: DIGITAL	Start: 9972	End: 9976
    Token: "schwach"      	Type: TOKEN	Start: 9977	End: 9984
    Token: "bleiben"      	Type: TOKEN	Start: 9985	End: 9992
    Token: "."            	Type: TERM_PUNCT_P	Start: 9992	End: 9993

Paragraph Start: 9997
Paragraph End: 10460
  Text Unit Start: 9997
  Text Unit End: 10084
    Token: "Unter"        	Type: TOKEN	Start: 9997	End: 10002
    Token: "der"          	Type: TOKEN	Start: 10003	End: 10006
    Token: "nachlassenden"	Type: TOKEN	Start: 10007	End: 10020
    Token: "Investitionslaune"	Type: TOKEN	Start: 10021	End: 10038
    Token: "der"          	Type: TOKEN	Start: 10039	End: 10042
    Token: "Europaeer"    	Type: TOKEN	Start: 10043	End: 10052
    Token: "leiden"       	Type: TOKEN	Start: 10053	End: 10059
    Token: "vor"          	Type: TOKEN	Start: 10060	End: 10063
    Token: "allem"        	Type: TOKEN	Start: 10064	End: 10069
    Token: "die"          	Type: TOKEN	Start: 10070	End: 10073
    Token: "Deutschen"    	Type: TOKEN	Start: 10074	End: 10083
    Token: "."            	Type: TERM_PUNCT_P	Start: 10083	End: 10084
  Text Unit Start: 10085
  Text Unit End: 10235
    Token: "Der"          	Type: TOKEN	Start: 10085	End: 10088
    Token: "deutsche"     	Type: TOKEN	Start: 10089	End: 10097
    Token: "Maschinenbau" 	Type: TOKEN	Start: 10098	End: 10110
    Token: ","            	Type: PUNCTUATION	Start: 10110	End: 10111
    Token: "seit"         	Type: TOKEN	Start: 10112	End: 10116
    Token: "zwei"         	Type: TOKEN	Start: 10117	End: 10121
    Token: "Jahren"       	Type: TOKEN	Start: 10122	End: 10128
    Token: "unter"        	Type: TOKEN	Start: 10129	End: 10134
    Token: "Druck"        	Type: TOKEN	Start: 10135	End: 10140
    Token: "wie"          	Type: TOKEN	Start: 10141	End: 10144
    Token: "noch"         	Type: TOKEN	Start: 10145	End: 10149
    Token: "nie"          	Type: TOKEN	Start: 10150	End: 10153
    Token: ","            	Type: PUNCTUATION	Start: 10153	End: 10154
    Token: "erwartet"     	Type: TOKEN	Start: 10155	End: 10163
    Token: "im"           	Type: TOKEN	Start: 10164	End: 10166
    Token: "kommenden"    	Type: TOKEN	Start: 10167	End: 10176
    Token: "Jahr"         	Type: TOKEN	Start: 10177	End: 10181
    Token: "weitere"      	Type: TOKEN	Start: 10182	End: 10189
    Token: "Produktionsrueckgaenge"	Type: TOKEN	Start: 10190	End: 10212
    Token: "von"          	Type: TOKEN	Start: 10213	End: 10216
    Token: "bis"          	Type: TOKEN	Start: 10217	End: 10220
    Token: "zu"           	Type: TOKEN	Start: 10221	End: 10223
    Token: "25"           	Type: DIGITAL	Start: 10224	End: 10226
    Token: "Prozent"      	Type: TOKEN	Start: 10227	End: 10234
    Token: "."            	Type: TERM_PUNCT_P	Start: 10234	End: 10235
  Text Unit Start: 10236
  Text Unit End: 10460
    Token: "Ging"         	Type: TOKEN	Start: 10236	End: 10240
    Token: "die"          	Type: TOKEN	Start: 10241	End: 10244
    Token: "Produktion"   	Type: TOKEN	Start: 10245	End: 10255
    Token: "etwa"         	Type: TOKEN	Start: 10256	End: 10260
    Token: "im"           	Type: TOKEN	Start: 10261	End: 10263
    Token: "EDV"          	Type: TOKEN	Start: 10264	End: 10267
    Token: "-"            	Type: PUNCTUATION	Start: 10267	End: 10268
    Token: "und"          	Type: TOKEN	Start: 10269	End: 10272
    Token: "Bueromaschinenbereich"	Type: TOKEN	Start: 10273	End: 10294
    Token: "schon"        	Type: TOKEN	Start: 10295	End: 10300
    Token: "im"           	Type: TOKEN	Start: 10301	End: 10303
    Token: "laufenden"    	Type: TOKEN	Start: 10304	End: 10313
    Token: "Jahr"         	Type: TOKEN	Start: 10314	End: 10318
    Token: "um"           	Type: TOKEN	Start: 10319	End: 10321
    Token: "25"           	Type: DIGITAL	Start: 10322	End: 10324
    Token: "Prozent"      	Type: TOKEN	Start: 10325	End: 10332
    Token: "zurueck"      	Type: TOKEN	Start: 10333	End: 10340
    Token: ","            	Type: PUNCTUATION	Start: 10340	End: 10341
    Token: "muss"         	Type: TOKEN	Start: 10342	End: 10346
    Token: "der"          	Type: TOKEN	Start: 10347	End: 10350
    Token: "Warenausstoss"	Type: TOKEN	Start: 10351	End: 10364
    Token: "vorsichtigen" 	Type: TOKEN	Start: 10365	End: 10377
    Token: "Schaetzungen" 	Type: TOKEN	Start: 10378	End: 10390
    Token: "zufolge"      	Type: TOKEN	Start: 10391	End: 10398
    Token: "im"           	Type: TOKEN	Start: 10399	End: 10401
    Token: "kommenden"    	Type: TOKEN	Start: 10402	End: 10411
    Token: "Jahr"         	Type: TOKEN	Start: 10412	End: 10416
    Token: "um"           	Type: TOKEN	Start: 10417	End: 10419
    Token: "weitere"      	Type: TOKEN	Start: 10420	End: 10427
    Token: "fuenf"        	Type: TOKEN	Start: 10428	End: 10433
    Token: "Prozent"      	Type: TOKEN	Start: 10434	End: 10441
    Token: "gedrosselt"   	Type: TOKEN	Start: 10442	End: 10452
    Token: "werden"       	Type: TOKEN	Start: 10453	End: 10459
    Token: "."            	Type: TERM_PUNCT_P	Start: 10459	End: 10460

Paragraph Start: 10464
Paragraph End: 10884
  Text Unit Start: 10464
  Text Unit End: 10619
    Token: "Und"          	Type: TOKEN	Start: 10464	End: 10467
    Token: "spaetestens"  	Type: TOKEN	Start: 10468	End: 10479
    Token: "seit"         	Type: TOKEN	Start: 10480	End: 10484
    Token: "der"          	Type: TOKEN	Start: 10485	End: 10488
    Token: "DM-Aufwertung"	Type: TOKEN	Start: 10489	End: 10502
    Token: "im"           	Type: TOKEN	Start: 10503	End: 10505
    Token: "September"    	Type: TOKEN	Start: 10506	End: 10515
    Token: "gegenueber"   	Type: TOKEN	Start: 10516	End: 10526
    Token: "wichtigen"    	Type: TOKEN	Start: 10527	End: 10536
    Token: "europaeischen"	Type: TOKEN	Start: 10537	End: 10550
    Token: "Waehrungen"   	Type: TOKEN	Start: 10551	End: 10561
    Token: "sind"         	Type: TOKEN	Start: 10562	End: 10566
    Token: "auch"         	Type: TOKEN	Start: 10567	End: 10571
    Token: "die"          	Type: TOKEN	Start: 10572	End: 10575
    Token: "Autofabrikanten"	Type: TOKEN	Start: 10576	End: 10591
    Token: "arg"          	Type: TOKEN	Start: 10592	End: 10595
    Token: "ins"          	Type: TOKEN	Start: 10596	End: 10599
    Token: "Schlingern"   	Type: TOKEN	Start: 10600	End: 10610
    Token: "geraten"      	Type: TOKEN	Start: 10611	End: 10618
    Token: "."            	Type: TERM_PUNCT_P	Start: 10618	End: 10619
  Text Unit Start: 10620
  Text Unit End: 10819
    Token: "Volkswagen"   	Type: TOKEN	Start: 10620	End: 10630
    Token: ","            	Type: PUNCTUATION	Start: 10630	End: 10631
    Token: "Mercedes-Benz"	Type: TOKEN	Start: 10632	End: 10645
    Token: "und"          	Type: TOKEN	Start: 10646	End: 10649
    Token: "Opel"         	Type: TOKEN	Start: 10650	End: 10654
    Token: "meldeten"     	Type: TOKEN	Start: 10655	End: 10663
    Token: "Absatzverluste"	Type: TOKEN	Start: 10664	End: 10678
    Token: "im"           	Type: TOKEN	Start: 10679	End: 10681
    Token: "Ausland"      	Type: TOKEN	Start: 10682	End: 10689
    Token: "von"          	Type: TOKEN	Start: 10690	End: 10693
    Token: "bis"          	Type: TOKEN	Start: 10694	End: 10697
    Token: "zu"           	Type: TOKEN	Start: 10698	End: 10700
    Token: "17"           	Type: DIGITAL	Start: 10701	End: 10703
    Token: "Prozent"      	Type: TOKEN	Start: 10704	End: 10711
    Token: "-"            	Type: PUNCTUATION	Start: 10712	End: 10713
    Token: "allein"       	Type: TOKEN	Start: 10714	End: 10720
    Token: "die"          	Type: TOKEN	Start: 10721	End: 10724
    Token: "Wolfsburger"  	Type: TOKEN	Start: 10725	End: 10736
    Token: "VW-Manager"   	Type: TOKEN	Start: 10737	End: 10747
    Token: "registrieren" 	Type: TOKEN	Start: 10748	End: 10760
    Token: "seit"         	Type: TOKEN	Start: 10761	End: 10765
    Token: "Juli"         	Type: TOKEN	Start: 10766	End: 10770
    Token: "einen"        	Type: TOKEN	Start: 10771	End: 10776
    Token: "Rueckgang"    	Type: TOKEN	Start: 10777	End: 10786
    Token: "der"          	Type: TOKEN	Start: 10787	End: 10790
    Token: "Bestellungen" 	Type: TOKEN	Start: 10791	End: 10803
    Token: "von"          	Type: TOKEN	Start: 10804	End: 10807
    Token: "40"           	Type: DIGITAL	Start: 10808	End: 10810
    Token: "Prozent"      	Type: TOKEN	Start: 10811	End: 10818
    Token: "."            	Type: TERM_PUNCT_P	Start: 10818	End: 10819
  Text Unit Start: 10820
  Text Unit End: 10884
    Token: "Ein"          	Type: TOKEN	Start: 10820	End: 10823
    Token: "Ende"         	Type: TOKEN	Start: 10824	End: 10828
    Token: "des"          	Type: TOKEN	Start: 10829	End: 10832
    Token: "schrumpfenden"	Type: TOKEN	Start: 10833	End: 10846
    Token: "Exportgeschaefts"	Type: TOKEN	Start: 10847	End: 10863
    Token: "ist"          	Type: TOKEN	Start: 10864	End: 10867
    Token: "nicht"        	Type: TOKEN	Start: 10868	End: 10873
    Token: "abzusehen"    	Type: TOKEN	Start: 10874	End: 10883
    Token: "."            	Type: TERM_PUNCT_P	Start: 10883	End: 10884

Paragraph Start: 10888
Paragraph End: 11436
  Text Unit Start: 10888
  Text Unit End: 11025
    Token: "Serioese"     	Type: TOKEN	Start: 10888	End: 10896
    Token: "Prognosen"    	Type: TOKEN	Start: 10897	End: 10906
    Token: "kuendigen"    	Type: TOKEN	Start: 10907	End: 10916
    Token: "den"          	Type: TOKEN	Start: 10917	End: 10920
    Token: "Autoherstellern"	Type: TOKEN	Start: 10921	End: 10936
    Token: "in"           	Type: TOKEN	Start: 10937	End: 10939
    Token: "den"          	Type: TOKEN	Start: 10940	End: 10943
    Token: "EG-Laendern"  	Type: TOKEN	Start: 10944	End: 10955
    Token: "fuer"         	Type: TOKEN	Start: 10956	End: 10960
    Token: "1993"         	Type: DIGITAL	Start: 10961	End: 10965
    Token: "ein"          	Type: TOKEN	Start: 10966	End: 10969
    Token: "in"           	Type: TOKEN	Start: 10970	End: 10972
    Token: "den"          	Type: TOKEN	Start: 10973	End: 10976
    Token: "vergangenen"  	Type: TOKEN	Start: 10977	End: 10988
    Token: "zehn"         	Type: TOKEN	Start: 10989	End: 10993
    Token: "Jahren"       	Type: TOKEN	Start: 10994	End: 11000
    Token: "nicht"        	Type: TOKEN	Start: 11001	End: 11006
    Token: "gekanntes"    	Type: TOKEN	Start: 11007	End: 11016
    Token: "Tief"         	Type: TOKEN	Start: 11017	End: 11021
    Token: "an"           	Type: TOKEN	Start: 11022	End: 11024
    Token: "."            	Type: TERM_PUNCT_P	Start: 11024	End: 11025
  Text Unit Start: 11026
  Text Unit End: 11196
    Token: "Unternehmensberater"	Type: TOKEN	Start: 11026	End: 11045
    Token: "Detlef"       	Type: TOKEN	Start: 11046	End: 11052
    Token: "Borscheid"    	Type: TOKEN	Start: 11053	End: 11062
    Token: ","            	Type: PUNCTUATION	Start: 11062	End: 11063
    Token: "Managing-Direktor"	Type: TOKEN	Start: 11064	End: 11081
    Token: "der"          	Type: TOKEN	Start: 11082	End: 11085
    Token: "Marketing"    	Type: TOKEN	Start: 11086	End: 11095
    Token: "System"       	Type: TOKEN	Start: 11096	End: 11102
    Token: "GmbH"         	Type: TOKEN	Start: 11103	End: 11107
    Token: "in"           	Type: TOKEN	Start: 11108	End: 11110
    Token: "Essen"        	Type: TOKEN	Start: 11111	End: 11116
    Token: ","            	Type: PUNCTUATION	Start: 11116	End: 11117
    Token: "rechnet"      	Type: TOKEN	Start: 11118	End: 11125
    Token: "europaweit"   	Type: TOKEN	Start: 11126	End: 11136
    Token: "mit"          	Type: TOKEN	Start: 11137	End: 11140
    Token: "einem"        	Type: TOKEN	Start: 11141	End: 11146
    Token: "Rueckgang"    	Type: TOKEN	Start: 11147	End: 11156
    Token: "der"          	Type: TOKEN	Start: 11157	End: 11160
    Token: "Pkw-Neuzulassungen"	Type: TOKEN	Start: 11161	End: 11179
    Token: "um"           	Type: TOKEN	Start: 11180	End: 11182
    Token: "rund"         	Type: TOKEN	Start: 11183	End: 11187
    Token: "800"          	Type: DIGITAL	Start: 11188	End: 11191
    Token: "000"          	Type: DIGITAL	Start: 11192	End: 11195
    Token: "."            	Type: TERM_PUNCT_P	Start: 11195	End: 11196
  Text Unit Start: 11197
  Text Unit End: 11270
    Token: "Niemand"      	Type: TOKEN	Start: 11197	End: 11204
    Token: "in"           	Type: TOKEN	Start: 11205	End: 11207
    Token: "der"          	Type: TOKEN	Start: 11208	End: 11211
    Token: "Branche"      	Type: TOKEN	Start: 11212	End: 11219
    Token: "glaubt"       	Type: TOKEN	Start: 11220	End: 11226
    Token: "indes"        	Type: TOKEN	Start: 11227	End: 11232
    Token: "an"           	Type: TOKEN	Start: 11233	End: 11235
    Token: "eine"         	Type: TOKEN	Start: 11236	End: 11240
    Token: "Besserung"    	Type: TOKEN	Start: 11241	End: 11250
    Token: "in"           	Type: TOKEN	Start: 11251	End: 11253
    Token: "den"          	Type: TOKEN	Start: 11254	End: 11257
    Token: "Folgejahren"  	Type: TOKEN	Start: 11258	End: 11269
    Token: "."            	Type: TERM_PUNCT_P	Start: 11269	End: 11270
  Text Unit Start: 11271
  Text Unit End: 11436
    Token: """            	Type: OPEN_PUNCT	Start: 11271	End: 11272	PTB: "``"
    Token: "Die"          	Type: TOKEN	Start: 11272	End: 11275
    Token: "dramatische"  	Type: TOKEN	Start: 11276	End: 11287
    Token: "Abwaertsentwicklung"	Type: TOKEN	Start: 11288	End: 11307
    Token: """            	Type: CLOSE_PUNCT	Start: 11307	End: 11308	PTB: "''"
    Token: ","            	Type: PUNCTUATION	Start: 11308	End: 11309
    Token: "resuemierte"  	Type: TOKEN	Start: 11310	End: 11321
    Token: "beispielsweise"	Type: TOKEN	Start: 11322	End: 11336
    Token: "Audi-Vorstandschef"	Type: TOKEN	Start: 11337	End: 11355
    Token: "Franz-Josef"  	Type: TOKEN	Start: 11356	End: 11367
    Token: "Kortuem"      	Type: TOKEN	Start: 11368	End: 11375
    Token: "vorvergangene"	Type: TOKEN	Start: 11376	End: 11389
    Token: "Woche"        	Type: TOKEN	Start: 11390	End: 11395
    Token: ","            	Type: PUNCTUATION	Start: 11395	End: 11396
    Token: "werde"        	Type: TOKEN	Start: 11397	End: 11402
    Token: """            	Type: OPEN_PUNCT	Start: 11403	End: 11404	PTB: "``"
    Token: "mindestens"   	Type: TOKEN	Start: 11404	End: 11414
    Token: "drei"         	Type: TOKEN	Start: 11415	End: 11419
    Token: "Jahre"        	Type: TOKEN	Start: 11420	End: 11425
    Token: "anhalten"     	Type: TOKEN	Start: 11426	End: 11434
    Token: """            	Type: CLOSE_PUNCT	Start: 11434	End: 11435	PTB: "''"
    Token: "."            	Type: TERM_PUNCT_P	Start: 11435	End: 11436

Paragraph Start: 11440
Paragraph End: 11896
  Text Unit Start: 11440
  Text Unit End: 11556
    Token: "Dass"         	Type: TOKEN	Start: 11440	End: 11444
    Token: "ein"          	Type: TOKEN	Start: 11445	End: 11448
    Token: "Grossteil"    	Type: TOKEN	Start: 11449	End: 11458
    Token: "des"          	Type: TOKEN	Start: 11459	End: 11462
    Token: "Nachfrageausfalls"	Type: TOKEN	Start: 11463	End: 11480
    Token: "deutsche"     	Type: TOKEN	Start: 11481	End: 11489
    Token: "Fabrikate"    	Type: TOKEN	Start: 11490	End: 11499
    Token: "trifft"       	Type: TOKEN	Start: 11500	End: 11506
    Token: ","            	Type: PUNCTUATION	Start: 11506	End: 11507
    Token: "wollten"      	Type: TOKEN	Start: 11508	End: 11515
    Token: "die"          	Type: TOKEN	Start: 11516	End: 11519
    Token: "Konzernlenker"	Type: TOKEN	Start: 11520	End: 11533
    Token: "lange"        	Type: TOKEN	Start: 11534	End: 11539
    Token: "nicht"        	Type: TOKEN	Start: 11540	End: 11545
    Token: "wahrhaben"    	Type: TOKEN	Start: 11546	End: 11555
    Token: "."            	Type: TERM_PUNCT_P	Start: 11555	End: 11556
  Text Unit Start: 11557
  Text Unit End: 11769
    Token: "Waehrend"     	Type: TOKEN	Start: 11557	End: 11565
    Token: "der"          	Type: TOKEN	Start: 11566	End: 11569
    Token: "weltweite"    	Type: TOKEN	Start: 11570	End: 11579
    Token: "Pkw-Absatz"   	Type: TOKEN	Start: 11580	End: 11590
    Token: "1993"         	Type: DIGITAL	Start: 11591	End: 11595
    Token: "nach"         	Type: TOKEN	Start: 11596	End: 11600
    Token: "Berechnungen" 	Type: TOKEN	Start: 11601	End: 11613
    Token: "der"          	Type: TOKEN	Start: 11614	End: 11617
    Token: "Investmentberater"	Type: TOKEN	Start: 11618	End: 11635
    Token: "von"          	Type: TOKEN	Start: 11636	End: 11639
    Token: "DRI/McGraw-Hill"	Type: TOKEN	Start: 11640	End: 11655	PTB: "DRI\/McGraw-Hill"
    Token: "um"           	Type: TOKEN	Start: 11656	End: 11658
    Token: "knapp"        	Type: TOKEN	Start: 11659	End: 11664
    Token: "1,4"          	Type: DIGITAL	Start: 11665	End: 11668
    Token: "Millionen"    	Type: TOKEN	Start: 11669	End: 11678
    Token: "Stueck"       	Type: TOKEN	Start: 11679	End: 11685
    Token: "zunimmt"      	Type: TOKEN	Start: 11686	End: 11693
    Token: ","            	Type: PUNCTUATION	Start: 11693	End: 11694
    Token: "verringert"   	Type: TOKEN	Start: 11695	End: 11705
    Token: "sich"         	Type: TOKEN	Start: 11706	End: 11710
    Token: "der"          	Type: TOKEN	Start: 11711	End: 11714
    Token: "deutsche"     	Type: TOKEN	Start: 11715	End: 11723
    Token: "Absatz"       	Type: TOKEN	Start: 11724	End: 11730
    Token: "um"           	Type: TOKEN	Start: 11731	End: 11733
    Token: "voraussichtlich"	Type: TOKEN	Start: 11734	End: 11749
    Token: "mindestens"   	Type: TOKEN	Start: 11750	End: 11760
    Token: "430"          	Type: DIGITAL	Start: 11761	End: 11764
    Token: "000"          	Type: DIGITAL	Start: 11765	End: 11768
    Token: "."            	Type: TERM_PUNCT_P	Start: 11768	End: 11769
  Text Unit Start: 11770
  Text Unit End: 11896
    Token: "Ein"          	Type: TOKEN	Start: 11770	End: 11773
    Token: "ganzes"       	Type: TOKEN	Start: 11774	End: 11780
    Token: "Buendel"      	Type: TOKEN	Start: 11781	End: 11788
    Token: "alter"        	Type: TOKEN	Start: 11789	End: 11794
    Token: "Strukturprobleme"	Type: TOKEN	Start: 11795	End: 11811
    Token: ","            	Type: PUNCTUATION	Start: 11811	End: 11812
    Token: "sagt"         	Type: TOKEN	Start: 11813	End: 11817
    Token: "Unternehmensberater"	Type: TOKEN	Start: 11818	End: 11837
    Token: "Roland"       	Type: TOKEN	Start: 11838	End: 11844
    Token: "Berger"       	Type: TOKEN	Start: 11845	End: 11851
    Token: ","            	Type: PUNCTUATION	Start: 11851	End: 11852
    Token: "tritt"        	Type: TOKEN	Start: 11853	End: 11858
    Token: "in"           	Type: TOKEN	Start: 11859	End: 11861
    Token: "der"          	Type: TOKEN	Start: 11862	End: 11865
    Token: "Rezession"    	Type: TOKEN	Start: 11866	End: 11875
    Token: "nun"          	Type: TOKEN	Start: 11876	End: 11879
    Token: "vehement"     	Type: TOKEN	Start: 11880	End: 11888
    Token: "zutage"       	Type: TOKEN	Start: 11889	End: 11895
    Token: "."            	Type: TERM_PUNCT_P	Start: 11895	End: 11896

Paragraph Start: 11900
Paragraph End: 12676
  Text Unit Start: 11900
  Text Unit End: 12114
    Token: "Wollen"       	Type: TOKEN	Start: 11900	End: 11906
    Token: "die"          	Type: TOKEN	Start: 11907	End: 11910
    Token: "fuenf"        	Type: TOKEN	Start: 11911	End: 11916
    Token: "Weisen"       	Type: TOKEN	Start: 11917	End: 11923
    Token: "auch"         	Type: TOKEN	Start: 11924	End: 11928
    Token: "im"           	Type: TOKEN	Start: 11929	End: 11931
    Token: "neuen"        	Type: TOKEN	Start: 11932	End: 11937
    Token: "Jahresgutachten"	Type: TOKEN	Start: 11938	End: 11953
    Token: "nicht"        	Type: TOKEN	Start: 11954	End: 11959
    Token: "an"           	Type: TOKEN	Start: 11960	End: 11962
    Token: "eine"         	Type: TOKEN	Start: 11963	End: 11967
    Token: "fundamentale" 	Type: TOKEN	Start: 11968	End: 11980
    Token: "Wettbewerbsschwaeche"	Type: TOKEN	Start: 11981	End: 12001
    Token: "der"          	Type: TOKEN	Start: 12002	End: 12005
    Token: "deutschen"    	Type: TOKEN	Start: 12006	End: 12015
    Token: "Wirtschaft"   	Type: TOKEN	Start: 12016	End: 12026
    Token: "glauben"      	Type: TOKEN	Start: 12027	End: 12034
    Token: ","            	Type: PUNCTUATION	Start: 12034	End: 12035
    Token: "so"           	Type: TOKEN	Start: 12036	End: 12038
    Token: "hat"          	Type: TOKEN	Start: 12039	End: 12042
    Token: "sich"         	Type: TOKEN	Start: 12043	End: 12047
    Token: "dieses"       	Type: TOKEN	Start: 12048	End: 12054
    Token: "Urteil"       	Type: TOKEN	Start: 12055	End: 12061
    Token: "zumindest"    	Type: TOKEN	Start: 12062	End: 12071
    Token: "ausserhalb"   	Type: TOKEN	Start: 12072	End: 12082
    Token: "Deutschlands" 	Type: TOKEN	Start: 12083	End: 12095
    Token: "bereits"      	Type: TOKEN	Start: 12096	End: 12103
    Token: "etabliert"    	Type: TOKEN	Start: 12104	End: 12113
    Token: "."            	Type: TERM_PUNCT_P	Start: 12113	End: 12114
  Text Unit Start: 12115
  Text Unit End: 12343
    Token: "Trotz"        	Type: TOKEN	Start: 12115	End: 12120
    Token: "einer"        	Type: TOKEN	Start: 12121	End: 12126
    Token: "leichten"     	Type: TOKEN	Start: 12127	End: 12135
    Token: "Zunahme"      	Type: TOKEN	Start: 12136	End: 12143
    Token: "des"          	Type: TOKEN	Start: 12144	End: 12147
    Token: "Welthandels"  	Type: TOKEN	Start: 12148	End: 12159
    Token: ","            	Type: PUNCTUATION	Start: 12159	End: 12160
    Token: "so"           	Type: TOKEN	Start: 12161	End: 12163
    Token: "die"          	Type: TOKEN	Start: 12164	End: 12167
    Token: "OECD"         	Type: TOKEN	Start: 12168	End: 12172
    Token: "in"           	Type: TOKEN	Start: 12173	End: 12175
    Token: "ihrem"        	Type: TOKEN	Start: 12176	End: 12181
    Token: "Halbjahresbericht"	Type: TOKEN	Start: 12182	End: 12199
    Token: "zur"          	Type: TOKEN	Start: 12200	End: 12203
    Token: "wirtschaftlichen"	Type: TOKEN	Start: 12204	End: 12220
    Token: "Entwicklung"  	Type: TOKEN	Start: 12221	End: 12232
    Token: "in"           	Type: TOKEN	Start: 12233	End: 12235
    Token: "24"           	Type: DIGITAL	Start: 12236	End: 12238
    Token: "Mitgliedslaendern"	Type: TOKEN	Start: 12239	End: 12256
    Token: ","            	Type: PUNCTUATION	Start: 12256	End: 12257
    Token: "werde"        	Type: TOKEN	Start: 12258	End: 12263
    Token: "der"          	Type: TOKEN	Start: 12264	End: 12267
    Token: "deutsche"     	Type: TOKEN	Start: 12268	End: 12276
    Token: "Export"       	Type: TOKEN	Start: 12277	End: 12283
    Token: "1993"         	Type: DIGITAL	Start: 12284	End: 12288
    Token: "kaum"         	Type: TOKEN	Start: 12289	End: 12293
    Token: "nennenswerte" 	Type: TOKEN	Start: 12294	End: 12306
    Token: "belebende"    	Type: TOKEN	Start: 12307	End: 12316
    Token: "Effekte"      	Type: TOKEN	Start: 12317	End: 12324
    Token: "ausloesen"    	Type: TOKEN	Start: 12325	End: 12334
    Token: "koennen"      	Type: TOKEN	Start: 12335	End: 12342
    Token: "."            	Type: TERM_PUNCT_P	Start: 12342	End: 12343
  Text Unit Start: 12344
  Text Unit End: 12473
    Token: "Zu"           	Type: TOKEN	Start: 12344	End: 12346
    Token: "lange"        	Type: TOKEN	Start: 12347	End: 12352
    Token: "und"          	Type: TOKEN	Start: 12353	End: 12356
    Token: "zu"           	Type: TOKEN	Start: 12357	End: 12359
    Token: "einseitig"    	Type: TOKEN	Start: 12360	End: 12369
    Token: ","            	Type: PUNCTUATION	Start: 12369	End: 12370
    Token: "urteilen"     	Type: TOKEN	Start: 12371	End: 12379
    Token: "denn"         	Type: TOKEN	Start: 12380	End: 12384
    Token: "auch"         	Type: TOKEN	Start: 12385	End: 12389
    Token: "die"          	Type: TOKEN	Start: 12390	End: 12393
    Token: "meisten"      	Type: TOKEN	Start: 12394	End: 12401
    Token: "Unternehmensberater"	Type: TOKEN	Start: 12402	End: 12421
    Token: ","            	Type: PUNCTUATION	Start: 12421	End: 12422
    Token: "haben"        	Type: TOKEN	Start: 12423	End: 12428
    Token: "deutsche"     	Type: TOKEN	Start: 12429	End: 12437
    Token: "Konzernlenker"	Type: TOKEN	Start: 12438	End: 12451
    Token: "auf"          	Type: TOKEN	Start: 12452	End: 12455
    Token: "Wachstum"     	Type: TOKEN	Start: 12456	End: 12464
    Token: "gesetzt"      	Type: TOKEN	Start: 12465	End: 12472
    Token: "."            	Type: TERM_PUNCT_P	Start: 12472	End: 12473
  Text Unit Start: 12474
  Text Unit End: 12676
    Token: "Waehrend"     	Type: TOKEN	Start: 12474	End: 12482
    Token: "die"          	Type: TOKEN	Start: 12483	End: 12486
    Token: "Konkurrenten" 	Type: TOKEN	Start: 12487	End: 12499
    Token: "im"           	Type: TOKEN	Start: 12500	End: 12502
    Token: "europaeischen"	Type: TOKEN	Start: 12503	End: 12516
    Token: "Ausland"      	Type: TOKEN	Start: 12517	End: 12524
    Token: "in"           	Type: TOKEN	Start: 12525	End: 12527
    Token: "den"          	Type: TOKEN	Start: 12528	End: 12531
    Token: "vergangenen"  	Type: TOKEN	Start: 12532	End: 12543
    Token: "Jahren"       	Type: TOKEN	Start: 12544	End: 12550
    Token: "ihre"         	Type: TOKEN	Start: 12551	End: 12555
    Token: "Fabriken"     	Type: TOKEN	Start: 12556	End: 12564
    Token: "bereits"      	Type: TOKEN	Start: 12565	End: 12572
    Token: "konsequent"   	Type: TOKEN	Start: 12573	End: 12583
    Token: "durchrationalisierten"	Type: TOKEN	Start: 12584	End: 12605
    Token: ","            	Type: PUNCTUATION	Start: 12605	End: 12606
    Token: "praegten"     	Type: TOKEN	Start: 12607	End: 12615
    Token: "in"           	Type: TOKEN	Start: 12616	End: 12618
    Token: "Deutschland"  	Type: TOKEN	Start: 12619	End: 12630
    Token: "vor"          	Type: TOKEN	Start: 12631	End: 12634
    Token: "allem"        	Type: TOKEN	Start: 12635	End: 12640
    Token: "Erweiterungsinvestitionen"	Type: TOKEN	Start: 12641	End: 12666
    Token: "das"          	Type: TOKEN	Start: 12667	End: 12670
    Token: "Bild"         	Type: TOKEN	Start: 12671	End: 12675
    Token: "."            	Type: TERM_PUNCT_P	Start: 12675	End: 12676

Paragraph Start: 12680
Paragraph End: 12956
  Text Unit Start: 12680
  Text Unit End: 12874
    Token: "Auch"         	Type: TOKEN	Start: 12680	End: 12684
    Token: "die"          	Type: TOKEN	Start: 12685	End: 12688
    Token: "Umsetzung"    	Type: TOKEN	Start: 12689	End: 12698
    Token: "der"          	Type: TOKEN	Start: 12699	End: 12702
    Token: "Lean"         	Type: TOKEN	Start: 12703	End: 12707
    Token: "Production"   	Type: TOKEN	Start: 12708	End: 12718
    Token: "-"            	Type: PUNCTUATION	Start: 12719	End: 12720
    Token: "Erhoehung"    	Type: TOKEN	Start: 12721	End: 12730
    Token: "der"          	Type: TOKEN	Start: 12731	End: 12734
    Token: "Arbeitsproduktivitaet"	Type: TOKEN	Start: 12735	End: 12756
    Token: "nach"         	Type: TOKEN	Start: 12757	End: 12761
    Token: "japanischem"  	Type: TOKEN	Start: 12762	End: 12773
    Token: "Vorbild"      	Type: TOKEN	Start: 12774	End: 12781
    Token: "-"            	Type: PUNCTUATION	Start: 12782	End: 12783
    Token: "geriet"       	Type: TOKEN	Start: 12784	End: 12790
    Token: "waehrend"     	Type: TOKEN	Start: 12791	End: 12799
    Token: "der"          	Type: TOKEN	Start: 12800	End: 12803
    Token: "einigungsbedingten"	Type: TOKEN	Start: 12804	End: 12822
    Token: "Boomjahre"    	Type: TOKEN	Start: 12823	End: 12832
    Token: "immer"        	Type: TOKEN	Start: 12833	End: 12838
    Token: "mehr"         	Type: TOKEN	Start: 12839	End: 12843
    Token: "aus"          	Type: TOKEN	Start: 12844	End: 12847
    Token: "dem"          	Type: TOKEN	Start: 12848	End: 12851
    Token: "Blickfeld"    	Type: TOKEN	Start: 12852	End: 12861
    Token: "der"          	Type: TOKEN	Start: 12862	End: 12865
    Token: "Manager"      	Type: TOKEN	Start: 12866	End: 12873
    Token: "."            	Type: TERM_PUNCT_P	Start: 12873	End: 12874
  Text Unit Start: 12875
  Text Unit End: 12956
    Token: """            	Type: OPEN_PUNCT	Start: 12875	End: 12876	PTB: "``"
    Token: "Deutsche"     	Type: TOKEN	Start: 12876	End: 12884
    Token: "Maschinen"    	Type: TOKEN	Start: 12885	End: 12894
    Token: """            	Type: CLOSE_PUNCT	Start: 12894	End: 12895	PTB: "''"
    Token: ","            	Type: PUNCTUATION	Start: 12895	End: 12896
    Token: "sagt"         	Type: TOKEN	Start: 12897	End: 12901
    Token: "Berger"       	Type: TOKEN	Start: 12902	End: 12908
    Token: ","            	Type: PUNCTUATION	Start: 12908	End: 12909
    Token: """            	Type: OPEN_PUNCT	Start: 12910	End: 12911	PTB: "``"
    Token: "sind"         	Type: TOKEN	Start: 12911	End: 12915
    Token: "fuer"         	Type: TOKEN	Start: 12916	End: 12920
    Token: "den"          	Type: TOKEN	Start: 12921	End: 12924
    Token: "Weltmarkt"    	Type: TOKEN	Start: 12925	End: 12934
    Token: "heute"        	Type: TOKEN	Start: 12935	End: 12940
    Token: "viel"         	Type: TOKEN	Start: 12941	End: 12945
    Token: "zu"           	Type: TOKEN	Start: 12946	End: 12948
    Token: "teuer"        	Type: TOKEN	Start: 12949	End: 12954
    Token: "."            	Type: TERM_PUNCT_P	Start: 12954	End: 12955
    Token: """            	Type: CLOSE_PUNCT	Start: 12955	End: 12956	PTB: "''"

Paragraph Start: 12960
Paragraph End: 13589
  Text Unit Start: 12960
  Text Unit End: 13033
    Token: "Hinzu"        	Type: TOKEN	Start: 12960	End: 12965
    Token: "kommt"        	Type: TOKEN	Start: 12966	End: 12971
    Token: "nicht"        	Type: TOKEN	Start: 12972	End: 12977
    Token: "nur"          	Type: TOKEN	Start: 12978	End: 12981
    Token: "die"          	Type: TOKEN	Start: 12982	End: 12985
    Token: "finanzielle"  	Type: TOKEN	Start: 12986	End: 12997
    Token: "Last"         	Type: TOKEN	Start: 12998	End: 13002
    Token: "des"          	Type: TOKEN	Start: 13003	End: 13006
    Token: "Aufbaus"      	Type: TOKEN	Start: 13007	End: 13014
    Token: "in"           	Type: TOKEN	Start: 13015	End: 13017
    Token: "Ostdeutschland"	Type: TOKEN	Start: 13018	End: 13032
    Token: "."            	Type: TERM_PUNCT_P	Start: 13032	End: 13033
  Text Unit Start: 13034
  Text Unit End: 13127
    Token: "Auch"         	Type: TOKEN	Start: 13034	End: 13038
    Token: "das"          	Type: TOKEN	Start: 13039	End: 13042
    Token: "Wegbrechen"   	Type: TOKEN	Start: 13043	End: 13053
    Token: "der"          	Type: TOKEN	Start: 13054	End: 13057
    Token: "Ost-Maerkte"  	Type: TOKEN	Start: 13058	End: 13069
    Token: "hat"          	Type: TOKEN	Start: 13070	End: 13073
    Token: "vielen"       	Type: TOKEN	Start: 13074	End: 13080
    Token: "Traditionsbetrieben"	Type: TOKEN	Start: 13081	End: 13100
    Token: "schon"        	Type: TOKEN	Start: 13101	End: 13106
    Token: "den"          	Type: TOKEN	Start: 13107	End: 13110
    Token: "Garaus"       	Type: TOKEN	Start: 13111	End: 13117
    Token: "gebracht"     	Type: TOKEN	Start: 13118	End: 13126
    Token: "."            	Type: TERM_PUNCT_P	Start: 13126	End: 13127
  Text Unit Start: 13128
  Text Unit End: 13331
    Token: "Waehrend"     	Type: TOKEN	Start: 13128	End: 13136
    Token: "noch"         	Type: TOKEN	Start: 13137	End: 13141
    Token: "1991"         	Type: DIGITAL	Start: 13142	End: 13146
    Token: "wie"          	Type: TOKEN	Start: 13147	End: 13150
    Token: "im"           	Type: TOKEN	Start: 13151	End: 13153
    Token: "Werkzeugmaschinenbau"	Type: TOKEN	Start: 13154	End: 13174
    Token: "zwoelf"       	Type: TOKEN	Start: 13175	End: 13181
    Token: "Prozent"      	Type: TOKEN	Start: 13182	End: 13189
    Token: "der"          	Type: TOKEN	Start: 13190	End: 13193
    Token: "westdeutschen"	Type: TOKEN	Start: 13194	End: 13207
    Token: "Exporte"      	Type: TOKEN	Start: 13208	End: 13215
    Token: "in"           	Type: TOKEN	Start: 13216	End: 13218
    Token: "die"          	Type: TOKEN	Start: 13219	End: 13222
    Token: "ehemalige"    	Type: TOKEN	Start: 13223	End: 13232
    Token: "Sowjetunion"  	Type: TOKEN	Start: 13233	End: 13244
    Token: "gingen"       	Type: TOKEN	Start: 13245	End: 13251
    Token: ","            	Type: PUNCTUATION	Start: 13251	End: 13252
    Token: "hat"          	Type: TOKEN	Start: 13253	End: 13256
    Token: "die"          	Type: TOKEN	Start: 13257	End: 13260
    Token: "Branche"      	Type: TOKEN	Start: 13261	End: 13268
    Token: "auf"          	Type: TOKEN	Start: 13269	End: 13272
    Token: "Ersatzmaerkten"	Type: TOKEN	Start: 13273	End: 13287
    Token: "-"            	Type: PUNCTUATION	Start: 13288	End: 13289
    Token: "etwa"         	Type: TOKEN	Start: 13290	End: 13294
    Token: "in"           	Type: TOKEN	Start: 13295	End: 13297
    Token: "China"        	Type: TOKEN	Start: 13298	End: 13303
    Token: "-"            	Type: PUNCTUATION	Start: 13304	End: 13305
    Token: "noch"         	Type: TOKEN	Start: 13306	End: 13310
    Token: "nicht"        	Type: TOKEN	Start: 13311	End: 13316
    Token: "Tritt"        	Type: TOKEN	Start: 13317	End: 13322
    Token: "gefasst"      	Type: TOKEN	Start: 13323	End: 13330
    Token: "."            	Type: TERM_PUNCT_P	Start: 13330	End: 13331
  Text Unit Start: 13332
  Text Unit End: 13589
    Token: "Da"           	Type: TOKEN	Start: 13332	End: 13334
    Token: "konjunkturelle"	Type: TOKEN	Start: 13335	End: 13349
    Token: "und"          	Type: TOKEN	Start: 13350	End: 13353
    Token: "strukturelle" 	Type: TOKEN	Start: 13354	End: 13366
    Token: "Probleme"     	Type: TOKEN	Start: 13367	End: 13375
    Token: "die"          	Type: TOKEN	Start: 13376	End: 13379
    Token: "Wirtschaft"   	Type: TOKEN	Start: 13380	End: 13390
    Token: "zur"          	Type: TOKEN	Start: 13391	End: 13394
    Token: "gleichen"     	Type: TOKEN	Start: 13395	End: 13403
    Token: "Zeit"         	Type: TOKEN	Start: 13404	End: 13408
    Token: "mit"          	Type: TOKEN	Start: 13409	End: 13412
    Token: "voller"       	Type: TOKEN	Start: 13413	End: 13419
    Token: "Wucht"        	Type: TOKEN	Start: 13420	End: 13425
    Token: "treffen"      	Type: TOKEN	Start: 13426	End: 13433
    Token: ","            	Type: PUNCTUATION	Start: 13433	End: 13434
    Token: "sehen"        	Type: TOKEN	Start: 13435	End: 13440
    Token: "Zukunftsforscher"	Type: TOKEN	Start: 13441	End: 13457
    Token: "wie"          	Type: TOKEN	Start: 13458	End: 13461
    Token: "Berger"       	Type: TOKEN	Start: 13462	End: 13468
    Token: "nun"          	Type: TOKEN	Start: 13469	End: 13472
    Token: "mehr"         	Type: TOKEN	Start: 13473	End: 13477
    Token: "als"          	Type: TOKEN	Start: 13478	End: 13481
    Token: "die"          	Type: TOKEN	Start: 13482	End: 13485
    Token: "Haelfte"      	Type: TOKEN	Start: 13486	End: 13493
    Token: "der"          	Type: TOKEN	Start: 13494	End: 13497
    Token: "traditionellen"	Type: TOKEN	Start: 13498	End: 13512
    Token: ","            	Type: PUNCTUATION	Start: 13512	End: 13513
    Token: "im"           	Type: TOKEN	Start: 13514	End: 13516
    Token: "internationalen"	Type: TOKEN	Start: 13517	End: 13532
    Token: "Wettbewerb"   	Type: TOKEN	Start: 13533	End: 13543
    Token: "stehenden"    	Type: TOKEN	Start: 13544	End: 13553
    Token: "westdeutschen"	Type: TOKEN	Start: 13554	End: 13567
    Token: "Industrie"    	Type: TOKEN	Start: 13568	End: 13577
    Token: "gefaehrdet"   	Type: TOKEN	Start: 13578	End: 13588
    Token: "."            	Type: TERM_PUNCT_P	Start: 13588	End: 13589

Paragraph Start: 13593
Paragraph End: 13864
  Text Unit Start: 13593
  Text Unit End: 13724
    Token: "Mindestens"   	Type: TOKEN	Start: 13593	End: 13603
    Token: "sechs"        	Type: TOKEN	Start: 13604	End: 13609
    Token: "bis"          	Type: TOKEN	Start: 13610	End: 13613
    Token: "sieben"       	Type: TOKEN	Start: 13614	End: 13620
    Token: "Jahre"        	Type: TOKEN	Start: 13621	End: 13626
    Token: ","            	Type: PUNCTUATION	Start: 13626	End: 13627
    Token: "schaetzt"     	Type: TOKEN	Start: 13628	End: 13636
    Token: "Berger"       	Type: TOKEN	Start: 13637	End: 13643
    Token: ","            	Type: PUNCTUATION	Start: 13643	End: 13644
    Token: "benoetige"    	Type: TOKEN	Start: 13645	End: 13654
    Token: "die"          	Type: TOKEN	Start: 13655	End: 13658
    Token: "deutsche"     	Type: TOKEN	Start: 13659	End: 13667
    Token: "Industrie"    	Type: TOKEN	Start: 13668	End: 13677
    Token: ","            	Type: PUNCTUATION	Start: 13677	End: 13678
    Token: "um"           	Type: TOKEN	Start: 13679	End: 13681
    Token: "die"          	Type: TOKEN	Start: 13682	End: 13685
    Token: "strukturellen"	Type: TOKEN	Start: 13686	End: 13699
    Token: "Defizite"     	Type: TOKEN	Start: 13700	End: 13708
    Token: "zu"           	Type: TOKEN	Start: 13709	End: 13711
    Token: "bewaeltigen"  	Type: TOKEN	Start: 13712	End: 13723
    Token: "."            	Type: TERM_PUNCT_P	Start: 13723	End: 13724
  Text Unit Start: 13725
  Text Unit End: 13864
    Token: "Heute"        	Type: TOKEN	Start: 13725	End: 13730
    Token: "gibt"         	Type: TOKEN	Start: 13731	End: 13735
    Token: "es"           	Type: TOKEN	Start: 13736	End: 13738
    Token: "keinen"       	Type: TOKEN	Start: 13739	End: 13745
    Token: "Industriezweig"	Type: TOKEN	Start: 13746	End: 13760
    Token: ","            	Type: PUNCTUATION	Start: 13760	End: 13761
    Token: "erkannte"     	Type: TOKEN	Start: 13762	End: 13770
    Token: "Bundeswirtschaftsminister"	Type: TOKEN	Start: 13771	End: 13796
    Token: "Juergen"      	Type: TOKEN	Start: 13797	End: 13804
    Token: "Moellemann"   	Type: TOKEN	Start: 13805	End: 13815
    Token: "("            	Type: OPEN_BRACKET	Start: 13816	End: 13817	PTB: "-LRB-"
    Token: "FDP"          	Type: TOKEN	Start: 13817	End: 13820
    Token: ")"            	Type: CLOSE_BRACKET	Start: 13820	End: 13821	PTB: "-RRB-"
    Token: ","            	Type: PUNCTUATION	Start: 13821	End: 13822
    Token: """            	Type: OPEN_PUNCT	Start: 13823	End: 13824	PTB: "``"
    Token: "der"          	Type: TOKEN	Start: 13824	End: 13827
    Token: "nicht"        	Type: TOKEN	Start: 13828	End: 13833
    Token: "schweren"     	Type: TOKEN	Start: 13834	End: 13842
    Token: "Zeiten"       	Type: TOKEN	Start: 13843	End: 13849
    Token: "entgegengeht" 	Type: TOKEN	Start: 13850	End: 13862
    Token: """            	Type: CLOSE_PUNCT	Start: 13862	End: 13863	PTB: "''"
    Token: "."            	Type: TERM_PUNCT_P	Start: 13863	End: 13864

Paragraph Start: 13868
Paragraph End: 14324
  Text Unit Start: 13868
  Text Unit End: 14068
    Token: "Leiden"       	Type: TOKEN	Start: 13868	End: 13874
    Token: "Konzerne"     	Type: TOKEN	Start: 13875	End: 13883
    Token: "wie"          	Type: TOKEN	Start: 13884	End: 13887
    Token: "VW"           	Type: TOKEN	Start: 13888	End: 13890
    Token: "und"          	Type: TOKEN	Start: 13891	End: 13894
    Token: "Mercedes-Benz"	Type: TOKEN	Start: 13895	End: 13908
    Token: "vor"          	Type: TOKEN	Start: 13909	End: 13912
    Token: "allem"        	Type: TOKEN	Start: 13913	End: 13918
    Token: "unter"        	Type: TOKEN	Start: 13919	End: 13924
    Token: "einer"        	Type: TOKEN	Start: 13925	End: 13930
    Token: "aufgeblaehten"	Type: TOKEN	Start: 13931	End: 13944
    Token: "Verwaltung"   	Type: TOKEN	Start: 13945	End: 13955
    Token: "und"          	Type: TOKEN	Start: 13956	End: 13959
    Token: "einer"        	Type: TOKEN	Start: 13960	End: 13965
    Token: "ineffizienten"	Type: TOKEN	Start: 13966	End: 13979
    Token: "Arbeitsorganisation"	Type: TOKEN	Start: 13980	End: 13999
    Token: ","            	Type: PUNCTUATION	Start: 13999	End: 14000
    Token: "kaempft"      	Type: TOKEN	Start: 14001	End: 14008
    Token: "der"          	Type: TOKEN	Start: 14009	End: 14012
    Token: "Maschinenbau" 	Type: TOKEN	Start: 14013	End: 14025
    Token: "verzweifelt"  	Type: TOKEN	Start: 14026	End: 14037
    Token: "mit"          	Type: TOKEN	Start: 14038	End: 14041
    Token: "immensen"     	Type: TOKEN	Start: 14042	End: 14050
    Token: "Lohnstueckkosten"	Type: TOKEN	Start: 14051	End: 14067
    Token: "."            	Type: TERM_PUNCT_P	Start: 14067	End: 14068
  Text Unit Start: 14069
  Text Unit End: 14234
    Token: "Waehrend"     	Type: TOKEN	Start: 14069	End: 14077
    Token: "die"          	Type: TOKEN	Start: 14078	End: 14081
    Token: "Produktivitaet"	Type: TOKEN	Start: 14082	End: 14096
    Token: "im"           	Type: TOKEN	Start: 14097	End: 14099
    Token: "Jahresdurchschnitt"	Type: TOKEN	Start: 14100	End: 14118
    Token: "nur"          	Type: TOKEN	Start: 14119	End: 14122
    Token: "um"           	Type: TOKEN	Start: 14123	End: 14125
    Token: "ein"          	Type: TOKEN	Start: 14126	End: 14129
    Token: "Prozent"      	Type: TOKEN	Start: 14130	End: 14137
    Token: "wuchs"        	Type: TOKEN	Start: 14138	End: 14143
    Token: ","            	Type: PUNCTUATION	Start: 14143	End: 14144
    Token: "erhoehten"    	Type: TOKEN	Start: 14145	End: 14154
    Token: "sich"         	Type: TOKEN	Start: 14155	End: 14159
    Token: "die"          	Type: TOKEN	Start: 14160	End: 14163
    Token: "Lohnstueckkosten"	Type: TOKEN	Start: 14164	End: 14180
    Token: "1990"         	Type: DIGITAL	Start: 14181	End: 14185
    Token: "um"           	Type: TOKEN	Start: 14186	End: 14188
    Token: "3,5"          	Type: DIGITAL	Start: 14189	End: 14192
    Token: ","            	Type: PUNCTUATION	Start: 14192	End: 14193
    Token: "1991"         	Type: DIGITAL	Start: 14194	End: 14198
    Token: "um"           	Type: TOKEN	Start: 14199	End: 14201
    Token: "4,5"          	Type: DIGITAL	Start: 14202	End: 14205
    Token: "und"          	Type: TOKEN	Start: 14206	End: 14209
    Token: "1992"         	Type: DIGITAL	Start: 14210	End: 14214
    Token: "gar"          	Type: TOKEN	Start: 14215	End: 14218
    Token: "um"           	Type: TOKEN	Start: 14219	End: 14221
    Token: "5,5"          	Type: DIGITAL	Start: 14222	End: 14225
    Token: "Prozent"      	Type: TOKEN	Start: 14226	End: 14233
    Token: "."            	Type: TERM_PUNCT_P	Start: 14233	End: 14234
  Text Unit Start: 14235
  Text Unit End: 14324
    Token: "Von"          	Type: TOKEN	Start: 14235	End: 14238
    Token: "April"        	Type: TOKEN	Start: 14239	End: 14244
    Token: "bis"          	Type: TOKEN	Start: 14245	End: 14248
    Token: "Jahresende"   	Type: TOKEN	Start: 14249	End: 14259
    Token: "verloren"     	Type: TOKEN	Start: 14260	End: 14268
    Token: "150"          	Type: DIGITAL	Start: 14269	End: 14272
    Token: "000"          	Type: DIGITAL	Start: 14273	End: 14276
    Token: "westdeutsche" 	Type: TOKEN	Start: 14277	End: 14289
    Token: "Maschinenbauer"	Type: TOKEN	Start: 14290	End: 14304
    Token: "ihren"        	Type: TOKEN	Start: 14305	End: 14310
    Token: "Arbeitsplatz" 	Type: TOKEN	Start: 14311	End: 14323
    Token: "."            	Type: TERM_PUNCT_P	Start: 14323	End: 14324

Paragraph Start: 14328
Paragraph End: 14739
  Text Unit Start: 14328
  Text Unit End: 14473
    Token: "Laengst"      	Type: TOKEN	Start: 14328	End: 14335
    Token: "sind"         	Type: TOKEN	Start: 14336	End: 14340
    Token: "mittelstaendische"	Type: TOKEN	Start: 14341	End: 14358
    Token: "Marktfuehrer" 	Type: TOKEN	Start: 14359	End: 14371
    Token: "wie"          	Type: TOKEN	Start: 14372	End: 14375
    Token: "Maho"         	Type: TOKEN	Start: 14376	End: 14380
    Token: "und"          	Type: TOKEN	Start: 14381	End: 14384
    Token: "Traub"        	Type: TOKEN	Start: 14385	End: 14390
    Token: "oder"         	Type: TOKEN	Start: 14391	End: 14395
    Token: "Deckel"       	Type: TOKEN	Start: 14396	End: 14402
    Token: "und"          	Type: TOKEN	Start: 14403	End: 14406
    Token: "Gildemeister" 	Type: TOKEN	Start: 14407	End: 14419
    Token: "zu"           	Type: TOKEN	Start: 14420	End: 14422
    Token: "Kooperationen"	Type: TOKEN	Start: 14423	End: 14436
    Token: "gezwungen"    	Type: TOKEN	Start: 14437	End: 14446
    Token: "-"            	Type: PUNCTUATION	Start: 14447	End: 14448
    Token: "vorerst"      	Type: TOKEN	Start: 14449	End: 14456
    Token: "nur"          	Type: TOKEN	Start: 14457	End: 14460
    Token: "im"           	Type: TOKEN	Start: 14461	End: 14463
    Token: "Vertrieb"     	Type: TOKEN	Start: 14464	End: 14472
    Token: "."            	Type: TERM_PUNCT_P	Start: 14472	End: 14473
  Text Unit Start: 14474
  Text Unit End: 14560
    Token: "Doch"         	Type: TOKEN	Start: 14474	End: 14478
    Token: """            	Type: OPEN_PUNCT	Start: 14479	End: 14480	PTB: "``"
    Token: "die"          	Type: TOKEN	Start: 14480	End: 14483
    Token: "Not"          	Type: TOKEN	Start: 14484	End: 14487
    Token: "lehrt"        	Type: TOKEN	Start: 14488	End: 14493
    Token: "beten"        	Type: TOKEN	Start: 14494	End: 14499
    Token: """            	Type: CLOSE_PUNCT	Start: 14499	End: 14500	PTB: "''"
    Token: ","            	Type: PUNCTUATION	Start: 14500	End: 14501
    Token: "sagt"         	Type: TOKEN	Start: 14502	End: 14506
    Token: "im"           	Type: TOKEN	Start: 14507	End: 14509
    Token: "Blick"        	Type: TOKEN	Start: 14510	End: 14515
    Token: "auf"          	Type: TOKEN	Start: 14516	End: 14519
    Token: "die"          	Type: TOKEN	Start: 14520	End: 14523
    Token: "Zukunft"      	Type: TOKEN	Start: 14524	End: 14531
    Token: "Maho-Sprecher"	Type: TOKEN	Start: 14532	End: 14545
    Token: "Wolfgang"     	Type: TOKEN	Start: 14546	End: 14554
    Token: "Ring"         	Type: TOKEN	Start: 14555	End: 14559
    Token: "."            	Type: TERM_PUNCT_P	Start: 14559	End: 14560
  Text Unit Start: 14561
  Text Unit End: 14739
    Token: "Beten"        	Type: TOKEN	Start: 14561	End: 14566
    Token: "allein"       	Type: TOKEN	Start: 14567	End: 14573
    Token: "wird"         	Type: TOKEN	Start: 14574	End: 14578
    Token: "ihnen"        	Type: TOKEN	Start: 14579	End: 14584
    Token: "im"           	Type: TOKEN	Start: 14585	End: 14587
    Token: "Rezessionsjahr"	Type: TOKEN	Start: 14588	End: 14602
    Token: "1993"         	Type: DIGITAL	Start: 14603	End: 14607
    Token: "allerdings"   	Type: TOKEN	Start: 14608	End: 14618
    Token: "nicht"        	Type: TOKEN	Start: 14619	End: 14624
    Token: "weiterhelfen" 	Type: TOKEN	Start: 14625	End: 14637
    Token: ":"            	Type: PUNCTUATION	Start: 14637	End: 14638
    Token: "Die"          	Type: TOKEN	Start: 14639	End: 14642
    Token: "Deutschen"    	Type: TOKEN	Start: 14643	End: 14652
    Token: "gehen"        	Type: TOKEN	Start: 14653	End: 14658
    Token: "in"           	Type: TOKEN	Start: 14659	End: 14661
    Token: "ein"          	Type: TOKEN	Start: 14662	End: 14665
    Token: "schweres"     	Type: TOKEN	Start: 14666	End: 14674
    Token: "Jahr"         	Type: TOKEN	Start: 14675	End: 14679
    Token: ","            	Type: PUNCTUATION	Start: 14679	End: 14680
    Token: "vielleicht"   	Type: TOKEN	Start: 14681	End: 14691
    Token: "das"          	Type: TOKEN	Start: 14692	End: 14695
    Token: "schwerste"    	Type: TOKEN	Start: 14696	End: 14705
    Token: "seit"         	Type: TOKEN	Start: 14706	End: 14710
    Token: "Bestehen"     	Type: TOKEN	Start: 14711	End: 14719
    Token: "der"          	Type: TOKEN	Start: 14720	End: 14723
    Token: "Bundesrepublik"	Type: TOKEN	Start: 14724	End: 14738
    Token: "."            	Type: TERM_PUNCT_P	Start: 14738	End: 14739

tokenize 1. of 10 en text...
D:\Projects\JTok\bin\..\data\english\amazon-coleman.txt
Paragraph Start: 0
Paragraph End: 0
  Text Unit Start: 0
  Text Unit End: 0

Paragraph Start: 4
Paragraph End: 27
  Text Unit Start: 4
  Text Unit End: 27
    Token: "Books"        	Type: TOKEN	Start: 4	End: 9
    Token: "All"          	Type: TOKEN	Start: 11	End: 14
    Token: "Products"     	Type: TOKEN	Start: 15	End: 23
    Token: "Go"           	Type: TOKEN	Start: 25	End: 27

Paragraph Start: 31
Paragraph End: 48
  Text Unit Start: 31
  Text Unit End: 48
    Token: "Explore"      	Type: TOKEN	Start: 31	End: 38
    Token: "this"         	Type: TOKEN	Start: 39	End: 43
    Token: "book"         	Type: TOKEN	Start: 44	End: 48

Paragraph Start: 52
Paragraph End: 68
  Text Unit Start: 52
  Text Unit End: 68
    Token: "customer"     	Type: TOKEN	Start: 52	End: 60
    Token: "reviews"      	Type: TOKEN	Start: 61	End: 68

Paragraph Start: 72
Paragraph End: 86
  Text Unit Start: 72
  Text Unit End: 86
    Token: "rate"         	Type: TOKEN	Start: 72	End: 76
    Token: "this"         	Type: TOKEN	Start: 77	End: 81
    Token: "item"         	Type: TOKEN	Start: 82	End: 86

Paragraph Start: 90
Paragraph End: 113
  Text Unit Start: 90
  Text Unit End: 113
    Token: "See"          	Type: TOKEN	Start: 90	End: 93
    Token: "more"         	Type: TOKEN	Start: 94	End: 98
    Token: "by"           	Type: TOKEN	Start: 99	End: 101
    Token: "this"         	Type: TOKEN	Start: 102	End: 106
    Token: "author"       	Type: TOKEN	Start: 107	End: 113

Paragraph Start: 117
Paragraph End: 141
  Text Unit Start: 117
  Text Unit End: 141
    Token: "all"          	Type: TOKEN	Start: 117	End: 120
    Token: "books"        	Type: TOKEN	Start: 121	End: 126
    Token: "by"           	Type: TOKEN	Start: 127	End: 129
    Token: "Ray"          	Type: TOKEN	Start: 130	End: 133
    Token: "Coleman"      	Type: TOKEN	Start: 134	End: 141

Paragraph Start: 145
Paragraph End: 166
  Text Unit Start: 145
  Text Unit End: 166
    Token: "Customers"    	Type: TOKEN	Start: 145	End: 154
    Token: "also"         	Type: TOKEN	Start: 155	End: 159
    Token: "bought"       	Type: TOKEN	Start: 160	End: 166

Paragraph Start: 170
Paragraph End: 181
  Text Unit Start: 170
  Text Unit End: 181
    Token: "these"        	Type: TOKEN	Start: 170	End: 175
    Token: "books"        	Type: TOKEN	Start: 176	End: 181

Paragraph Start: 185
Paragraph End: 202
  Text Unit Start: 185
  Text Unit End: 202
    Token: "these"        	Type: TOKEN	Start: 185	End: 190
    Token: "other"        	Type: TOKEN	Start: 191	End: 196
    Token: "items"        	Type: TOKEN	Start: 197	End: 202

Paragraph Start: 206
Paragraph End: 225
  Text Unit Start: 206
  Text Unit End: 225
    Token: "Share"        	Type: TOKEN	Start: 206	End: 211
    Token: "your"         	Type: TOKEN	Start: 212	End: 216
    Token: "thoughts"     	Type: TOKEN	Start: 217	End: 225

Paragraph Start: 229
Paragraph End: 243
  Text Unit Start: 229
  Text Unit End: 243
    Token: "write"        	Type: TOKEN	Start: 229	End: 234
    Token: "a"            	Type: TOKEN	Start: 235	End: 236
    Token: "review"       	Type: TOKEN	Start: 237	End: 243

Paragraph Start: 247
Paragraph End: 278
  Text Unit Start: 247
  Text Unit End: 278
    Token: "e-mail"       	Type: TOKEN	Start: 247	End: 253
    Token: "a"            	Type: TOKEN	Start: 254	End: 255
    Token: "friend"       	Type: TOKEN	Start: 256	End: 262
    Token: "about"        	Type: TOKEN	Start: 263	End: 268
    Token: "this"         	Type: TOKEN	Start: 269	End: 273
    Token: "item"         	Type: TOKEN	Start: 274	End: 278

Paragraph Start: 282
Paragraph End: 302
  Text Unit Start: 282
  Text Unit End: 302
    Token: "Add"          	Type: TOKEN	Start: 282	End: 285
    Token: "to"           	Type: TOKEN	Start: 286	End: 288
    Token: "Shopping"     	Type: TOKEN	Start: 289	End: 297
    Token: "Cart"         	Type: TOKEN	Start: 298	End: 302

Paragraph Start: 306
Paragraph End: 368
  Text Unit Start: 306
  Text Unit End: 368
    Token: "("            	Type: OPEN_BRACKET	Start: 306	End: 307	PTB: "-LRB-"
    Token: "Use"          	Type: TOKEN	Start: 307	End: 310
    Token: "if"           	Type: TOKEN	Start: 311	End: 313
    Token: "you"          	Type: TOKEN	Start: 314	End: 317
    Token: "'re"          	Type: RIGHTSPLIT	Start: 317	End: 320
    Token: "redeeming"    	Type: TOKEN	Start: 321	End: 330
    Token: "a"            	Type: TOKEN	Start: 331	End: 332
    Token: "promotional"  	Type: TOKEN	Start: 333	End: 344
    Token: "certificate"  	Type: TOKEN	Start: 345	End: 356
    Token: "or"           	Type: TOKEN	Start: 357	End: 359
    Token: "coupon"       	Type: TOKEN	Start: 360	End: 366
    Token: "."            	Type: TERM_PUNCT_P	Start: 366	End: 367
    Token: ")"            	Type: CLOSE_BRACKET	Start: 367	End: 368	PTB: "-RRB-"

Paragraph Start: 372
Paragraph End: 391
  Text Unit Start: 372
  Text Unit End: 391
    Token: "Returning"    	Type: TOKEN	Start: 372	End: 381
    Token: "customer"     	Type: TOKEN	Start: 382	End: 390
    Token: "?"            	Type: TERM_PUNCT	Start: 390	End: 391

Paragraph Start: 395
Paragraph End: 431
  Text Unit Start: 395
  Text Unit End: 431
    Token: "Sign"         	Type: TOKEN	Start: 395	End: 399
    Token: "in"           	Type: TOKEN	Start: 400	End: 402
    Token: "to"           	Type: TOKEN	Start: 403	End: 405
    Token: "turn"         	Type: TOKEN	Start: 406	End: 410
    Token: "on"           	Type: TOKEN	Start: 411	End: 413
    Token: "1-Click"      	Type: TOKEN	Start: 414	End: 421
    Token: "ordering"     	Type: TOKEN	Start: 422	End: 430
    Token: "."            	Type: TERM_PUNCT_P	Start: 430	End: 431

Paragraph Start: 435
Paragraph End: 461
  Text Unit Start: 435
  Text Unit End: 461
    Token: "("            	Type: OPEN_BRACKET	Start: 435	End: 436	PTB: "-LRB-"
    Token: "We"           	Type: TOKEN	Start: 436	End: 438
    Token: "'ll"          	Type: RIGHTSPLIT	Start: 438	End: 441
    Token: "set"          	Type: TOKEN	Start: 442	End: 445
    Token: "one"          	Type: TOKEN	Start: 446	End: 449
    Token: "up"           	Type: TOKEN	Start: 450	End: 452
    Token: "for"          	Type: TOKEN	Start: 453	End: 456
    Token: "you"          	Type: TOKEN	Start: 457	End: 460
    Token: ")"            	Type: CLOSE_BRACKET	Start: 460	End: 461	PTB: "-RRB-"

Paragraph Start: 465
Paragraph End: 482
  Text Unit Start: 465
  Text Unit End: 482
    Token: "View"         	Type: TOKEN	Start: 465	End: 469
    Token: "my"           	Type: TOKEN	Start: 470	End: 472
    Token: "Wish"         	Type: TOKEN	Start: 473	End: 477
    Token: "List"         	Type: TOKEN	Start: 478	End: 482

Paragraph Start: 486
Paragraph End: 520
  Text Unit Start: 486
  Text Unit End: 520
    Token: "Clapton"      	Type: TOKEN	Start: 486	End: 493
    Token: "!"            	Type: TERM_PUNCT	Start: 493	End: 494
    Token: ":"            	Type: PUNCTUATION	Start: 495	End: 496
    Token: "An"           	Type: TOKEN	Start: 497	End: 499
    Token: "Authorized"   	Type: TOKEN	Start: 500	End: 510
    Token: "Biography"    	Type: TOKEN	Start: 511	End: 520

Paragraph Start: 524
Paragraph End: 538
  Text Unit Start: 524
  Text Unit End: 538
    Token: "by"           	Type: TOKEN	Start: 524	End: 526
    Token: "Ray"          	Type: TOKEN	Start: 527	End: 530
    Token: "Coleman"      	Type: TOKEN	Start: 531	End: 538

Paragraph Start: 542
Paragraph End: 560
  Text Unit Start: 542
  Text Unit End: 560
    Token: "List"         	Type: TOKEN	Start: 542	End: 546
    Token: "Price"        	Type: TOKEN	Start: 547	End: 552
    Token: ":"            	Type: PUNCTUATION	Start: 552	End: 553
    Token: "$"            	Type: LEFTSPLIT	Start: 554	End: 555
    Token: "14.95"        	Type: DIGITAL	Start: 555	End: 560

Paragraph Start: 564
Paragraph End: 581
  Text Unit Start: 564
  Text Unit End: 581
    Token: "Our"          	Type: TOKEN	Start: 564	End: 567
    Token: "Price"        	Type: TOKEN	Start: 568	End: 573
    Token: ":"            	Type: PUNCTUATION	Start: 573	End: 574
    Token: "$"            	Type: LEFTSPLIT	Start: 575	End: 576
    Token: "11.96"        	Type: DIGITAL	Start: 576	End: 581

Paragraph Start: 585
Paragraph End: 606
  Text Unit Start: 585
  Text Unit End: 606
    Token: "You"          	Type: TOKEN	Start: 585	End: 588
    Token: "Save"         	Type: TOKEN	Start: 589	End: 593
    Token: ":"            	Type: PUNCTUATION	Start: 593	End: 594
    Token: "$"            	Type: LEFTSPLIT	Start: 595	End: 596
    Token: "2.99"         	Type: DIGITAL	Start: 596	End: 600
    Token: "("            	Type: OPEN_BRACKET	Start: 601	End: 602	PTB: "-LRB-"
    Token: "20"           	Type: DIGITAL	Start: 602	End: 604
    Token: "%"            	Type: PUNCTUATION	Start: 604	End: 605
    Token: ")"            	Type: CLOSE_BRACKET	Start: 605	End: 606	PTB: "-RRB-"

Paragraph Start: 610
Paragraph End: 627
  Text Unit Start: 610
  Text Unit End: 627
    Token: "Used"         	Type: TOKEN	Start: 610	End: 614
    Token: "Price"        	Type: TOKEN	Start: 615	End: 620
    Token: ":"            	Type: PUNCTUATION	Start: 620	End: 621
    Token: "$"            	Type: LEFTSPLIT	Start: 622	End: 623
    Token: "9.57"         	Type: DIGITAL	Start: 623	End: 627

Paragraph Start: 631
Paragraph End: 675
  Text Unit Start: 631
  Text Unit End: 675
    Token: "Availability" 	Type: TOKEN	Start: 631	End: 643
    Token: ":"            	Type: PUNCTUATION	Start: 643	End: 644
    Token: "Usually"      	Type: TOKEN	Start: 645	End: 652
    Token: "ships"        	Type: TOKEN	Start: 653	End: 658
    Token: "within"       	Type: TOKEN	Start: 659	End: 665
    Token: "24"           	Type: DIGITAL	Start: 666	End: 668
    Token: "hours"        	Type: TOKEN	Start: 669	End: 674
    Token: "."            	Type: TERM_PUNCT_P	Start: 674	End: 675

Paragraph Start: 679
Paragraph End: 695
  Text Unit Start: 679
  Text Unit End: 695
    Token: "See"          	Type: TOKEN	Start: 679	End: 682
    Token: "larger"       	Type: TOKEN	Start: 683	End: 689
    Token: "photo"        	Type: TOKEN	Start: 690	End: 695

Paragraph Start: 699
Paragraph End: 739
  Text Unit Start: 699
  Text Unit End: 739
    Token: "Paperback"    	Type: TOKEN	Start: 699	End: 708
    Token: "Reissue"      	Type: TOKEN	Start: 709	End: 716
    Token: "edition"      	Type: TOKEN	Start: 717	End: 724
    Token: "("            	Type: OPEN_BRACKET	Start: 725	End: 726	PTB: "-LRB-"
    Token: "October"      	Type: TOKEN	Start: 726	End: 733
    Token: "1988"         	Type: DIGITAL	Start: 734	End: 738
    Token: ")"            	Type: CLOSE_BRACKET	Start: 738	End: 739	PTB: "-RRB-"

Paragraph Start: 743
Paragraph End: 818
  Text Unit Start: 743
  Text Unit End: 818
    Token: "Warner"       	Type: TOKEN	Start: 743	End: 749
    Token: "Books"        	Type: TOKEN	Start: 750	End: 755
    Token: ";"            	Type: PUNCTUATION	Start: 755	End: 756
    Token: "ISBN"         	Type: TOKEN	Start: 757	End: 761
    Token: ":"            	Type: PUNCTUATION	Start: 761	End: 762
    Token: "0446386308"   	Type: DIGITAL	Start: 763	End: 773
    Token: ";"            	Type: PUNCTUATION	Start: 774	End: 775
    Token: "Dimensions"   	Type: TOKEN	Start: 776	End: 786
    Token: "("            	Type: OPEN_BRACKET	Start: 787	End: 788	PTB: "-LRB-"
    Token: "in"           	Type: TOKEN	Start: 788	End: 790
    Token: "inches"       	Type: TOKEN	Start: 791	End: 797
    Token: ")"            	Type: CLOSE_BRACKET	Start: 797	End: 798	PTB: "-RRB-"
    Token: ":"            	Type: PUNCTUATION	Start: 798	End: 799
    Token: "0.99"         	Type: DIGITAL	Start: 800	End: 804
    Token: "x"            	Type: TOKEN	Start: 805	End: 806
    Token: "8.03"         	Type: DIGITAL	Start: 807	End: 811
    Token: "x"            	Type: TOKEN	Start: 812	End: 813
    Token: "5.28"         	Type: DIGITAL	Start: 814	End: 818

Paragraph Start: 822
Paragraph End: 851
  Text Unit Start: 822
  Text Unit End: 851
    Token: "Amazon.com"   	Type: TOKEN	Start: 822	End: 832
    Token: "Sales"        	Type: TOKEN	Start: 833	End: 838
    Token: "Rank"         	Type: TOKEN	Start: 839	End: 843
    Token: ":"            	Type: PUNCTUATION	Start: 843	End: 844
    Token: "97,543"       	Type: DIGITAL	Start: 845	End: 851

Paragraph Start: 855
Paragraph End: 915
  Text Unit Start: 855
  Text Unit End: 899
    Token: "Average"      	Type: TOKEN	Start: 855	End: 862
    Token: "Customer"     	Type: TOKEN	Start: 863	End: 871
    Token: "Rating"       	Type: TOKEN	Start: 872	End: 878
    Token: ":"            	Type: PUNCTUATION	Start: 878	End: 879
    Token: "Based"        	Type: TOKEN	Start: 880	End: 885
    Token: "on"           	Type: TOKEN	Start: 886	End: 888
    Token: "5"            	Type: DIGITAL	Start: 889	End: 890
    Token: "reviews"      	Type: TOKEN	Start: 891	End: 898
    Token: "."            	Type: TERM_PUNCT_P	Start: 898	End: 899
  Text Unit Start: 900
  Text Unit End: 915
    Token: "Write"        	Type: TOKEN	Start: 900	End: 905
    Token: "a"            	Type: TOKEN	Start: 906	End: 907
    Token: "review"       	Type: TOKEN	Start: 908	End: 914
    Token: "."            	Type: TERM_PUNCT_P	Start: 914	End: 915

Paragraph Start: 919
Paragraph End: 966
  Text Unit Start: 919
  Text Unit End: 966
    Token: "Rate"         	Type: TOKEN	Start: 919	End: 923
    Token: "this"         	Type: TOKEN	Start: 924	End: 928
    Token: "item"         	Type: TOKEN	Start: 929	End: 933
    Token: "to"           	Type: TOKEN	Start: 934	End: 936
    Token: "get"          	Type: TOKEN	Start: 937	End: 940
    Token: "personal"     	Type: TOKEN	Start: 941	End: 949
    Token: "recommendations"	Type: TOKEN	Start: 950	End: 965
    Token: "."            	Type: TERM_PUNCT_P	Start: 965	End: 966

Paragraph Start: 970
Paragraph End: 1013
  Text Unit Start: 970
  Text Unit End: 1013
    Token: "Customers"    	Type: TOKEN	Start: 970	End: 979
    Token: "who"          	Type: TOKEN	Start: 980	End: 983
    Token: "bought"       	Type: TOKEN	Start: 984	End: 990
    Token: "this"         	Type: TOKEN	Start: 991	End: 995
    Token: "book"         	Type: TOKEN	Start: 996	End: 1000
    Token: "also"         	Type: TOKEN	Start: 1001	End: 1005
    Token: "bought"       	Type: TOKEN	Start: 1006	End: 1012
    Token: ":"            	Type: PUNCTUATION	Start: 1012	End: 1013

Paragraph Start: 1017
Paragraph End: 1067
  Text Unit Start: 1017
  Text Unit End: 1067
    Token: "Clapton"      	Type: TOKEN	Start: 1017	End: 1024
    Token: ":"            	Type: PUNCTUATION	Start: 1025	End: 1026
    Token: "Edge"         	Type: TOKEN	Start: 1027	End: 1031
    Token: "of"           	Type: TOKEN	Start: 1032	End: 1034
    Token: "Darkness"     	Type: TOKEN	Start: 1035	End: 1043
    Token: "by"           	Type: TOKEN	Start: 1044	End: 1046
    Token: "Christopher"  	Type: TOKEN	Start: 1047	End: 1058
    Token: "Sandford"     	Type: TOKEN	Start: 1059	End: 1067

Paragraph Start: 1071
Paragraph End: 1143
  Text Unit Start: 1071
  Text Unit End: 1143
    Token: "Eric"         	Type: TOKEN	Start: 1071	End: 1075
    Token: "Clapton"      	Type: TOKEN	Start: 1076	End: 1083
    Token: ":"            	Type: PUNCTUATION	Start: 1084	End: 1085
    Token: "In"           	Type: TOKEN	Start: 1086	End: 1088
    Token: "His"          	Type: TOKEN	Start: 1089	End: 1092
    Token: "Own"          	Type: TOKEN	Start: 1093	End: 1096
    Token: "Words"        	Type: TOKEN	Start: 1097	End: 1102
    Token: "by"           	Type: TOKEN	Start: 1103	End: 1105
    Token: "Eric"         	Type: TOKEN	Start: 1106	End: 1110
    Token: "Clapton"      	Type: TOKEN	Start: 1111	End: 1118
    Token: ","            	Type: PUNCTUATION	Start: 1118	End: 1119
    Token: "et"           	Type: TOKEN	Start: 1120	End: 1122
    Token: "al"           	Type: TOKEN	Start: 1123	End: 1125
    Token: "--"           	Type: PUNCTUATION	Start: 1126	End: 1128
    Token: "available"    	Type: TOKEN	Start: 1129	End: 1138
    Token: "used"         	Type: TOKEN	Start: 1139	End: 1143

Paragraph Start: 1147
Paragraph End: 1176
  Text Unit Start: 1147
  Text Unit End: 1151
    Token: "E.C."         	Type: B_ABBREVIATION	Start: 1147	End: 1151
  Text Unit Start: 1152
  Text Unit End: 1176
    Token: "Was"          	Type: TOKEN	Start: 1152	End: 1155
    Token: "Here"         	Type: TOKEN	Start: 1156	End: 1160
    Token: "by"           	Type: TOKEN	Start: 1161	End: 1163
    Token: "Eric"         	Type: TOKEN	Start: 1164	End: 1168
    Token: "Clapton"      	Type: TOKEN	Start: 1169	End: 1176

Paragraph Start: 1180
Paragraph End: 1270
  Text Unit Start: 1180
  Text Unit End: 1270
    Token: "Midnight"     	Type: TOKEN	Start: 1180	End: 1188
    Token: "Riders"       	Type: TOKEN	Start: 1189	End: 1195
    Token: ":"            	Type: PUNCTUATION	Start: 1196	End: 1197
    Token: "The"          	Type: TOKEN	Start: 1198	End: 1201
    Token: "Story"        	Type: TOKEN	Start: 1202	End: 1207
    Token: "of"           	Type: TOKEN	Start: 1208	End: 1210
    Token: "the"          	Type: TOKEN	Start: 1211	End: 1214
    Token: "Allman"       	Type: TOKEN	Start: 1215	End: 1221
    Token: "Brothers"     	Type: TOKEN	Start: 1222	End: 1230
    Token: "Band"         	Type: TOKEN	Start: 1231	End: 1235
    Token: "by"           	Type: TOKEN	Start: 1236	End: 1238
    Token: "Scott"        	Type: TOKEN	Start: 1239	End: 1244
    Token: "Freeman"      	Type: TOKEN	Start: 1245	End: 1252
    Token: "--"           	Type: PUNCTUATION	Start: 1253	End: 1255
    Token: "available"    	Type: TOKEN	Start: 1256	End: 1265
    Token: "used"         	Type: TOKEN	Start: 1266	End: 1270

Paragraph Start: 1274
Paragraph End: 1295
  Text Unit Start: 1274
  Text Unit End: 1295
    Token: "Explore"      	Type: TOKEN	Start: 1274	End: 1281
    Token: "similar"      	Type: TOKEN	Start: 1282	End: 1289
    Token: "items"        	Type: TOKEN	Start: 1290	End: 1295

Paragraph Start: 1299
Paragraph End: 1319
  Text Unit Start: 1299
  Text Unit End: 1319
    Token: "All"          	Type: TOKEN	Start: 1299	End: 1302
    Token: "Customer"     	Type: TOKEN	Start: 1303	End: 1311
    Token: "Reviews"      	Type: TOKEN	Start: 1312	End: 1319

Paragraph Start: 1323
Paragraph End: 1344
  Text Unit Start: 1323
  Text Unit End: 1327
    Token: "Avg"          	Type: TOKEN	Start: 1323	End: 1326
    Token: "."            	Type: TERM_PUNCT_P	Start: 1326	End: 1327
  Text Unit Start: 1328
  Text Unit End: 1344
    Token: "Customer"     	Type: TOKEN	Start: 1328	End: 1336
    Token: "Rating"       	Type: TOKEN	Start: 1337	End: 1343
    Token: ":"            	Type: PUNCTUATION	Start: 1343	End: 1344

Paragraph Start: 1348
Paragraph End: 1416
  Text Unit Start: 1348
  Text Unit End: 1416
    Token: "Write"        	Type: TOKEN	Start: 1348	End: 1353
    Token: "an"           	Type: TOKEN	Start: 1354	End: 1356
    Token: "online"       	Type: TOKEN	Start: 1357	End: 1363
    Token: "review"       	Type: TOKEN	Start: 1364	End: 1370
    Token: "and"          	Type: TOKEN	Start: 1371	End: 1374
    Token: "share"        	Type: TOKEN	Start: 1375	End: 1380
    Token: "your"         	Type: TOKEN	Start: 1381	End: 1385
    Token: "thoughts"     	Type: TOKEN	Start: 1386	End: 1394
    Token: "with"         	Type: TOKEN	Start: 1395	End: 1399
    Token: "other"        	Type: TOKEN	Start: 1400	End: 1405
    Token: "customers"    	Type: TOKEN	Start: 1406	End: 1415
    Token: "!"            	Type: TERM_PUNCT	Start: 1415	End: 1416

Paragraph Start: 1420
Paragraph End: 1469
  Text Unit Start: 1420
  Text Unit End: 1469
    Token: "3"            	Type: DIGITAL	Start: 1420	End: 1421
    Token: "of"           	Type: TOKEN	Start: 1422	End: 1424
    Token: "4"            	Type: DIGITAL	Start: 1425	End: 1426
    Token: "people"       	Type: TOKEN	Start: 1427	End: 1433
    Token: "found"        	Type: TOKEN	Start: 1434	End: 1439
    Token: "the"          	Type: TOKEN	Start: 1440	End: 1443
    Token: "following"    	Type: TOKEN	Start: 1444	End: 1453
    Token: "review"       	Type: TOKEN	Start: 1454	End: 1460
    Token: "helpful"      	Type: TOKEN	Start: 1461	End: 1468
    Token: ":"            	Type: PUNCTUATION	Start: 1468	End: 1469

Paragraph Start: 1473
Paragraph End: 1520
  Text Unit Start: 1473
  Text Unit End: 1520
    Token: "Hagiography"  	Type: TOKEN	Start: 1473	End: 1484
    Token: "Taken"        	Type: TOKEN	Start: 1485	End: 1490
    Token: "to"           	Type: TOKEN	Start: 1491	End: 1493
    Token: "Extremes"     	Type: TOKEN	Start: 1494	End: 1502
    Token: ","            	Type: PUNCTUATION	Start: 1502	End: 1503
    Token: "October"      	Type: TOKEN	Start: 1504	End: 1511
    Token: "27"           	Type: DIGITAL	Start: 1512	End: 1514
    Token: ","            	Type: PUNCTUATION	Start: 1514	End: 1515
    Token: "2000"         	Type: DIGITAL	Start: 1516	End: 1520

Paragraph Start: 1524
Paragraph End: 1558
  Text Unit Start: 1524
  Text Unit End: 1558
    Token: "Reviewer"     	Type: TOKEN	Start: 1524	End: 1532
    Token: ":"            	Type: PUNCTUATION	Start: 1532	End: 1533
    Token: "A"            	Type: TOKEN	Start: 1534	End: 1535
    Token: "reader"       	Type: TOKEN	Start: 1536	End: 1542
    Token: "from"         	Type: TOKEN	Start: 1543	End: 1547
    Token: "London"       	Type: TOKEN	Start: 1548	End: 1554
    Token: ","            	Type: PUNCTUATION	Start: 1554	End: 1555
    Token: "UK"           	Type: TOKEN	Start: 1556	End: 1558

Paragraph Start: 1562
Paragraph End: 1838
  Text Unit Start: 1562
  Text Unit End: 1705
    Token: "If"           	Type: TOKEN	Start: 1562	End: 1564
    Token: "you"          	Type: TOKEN	Start: 1565	End: 1568
    Token: "are"          	Type: TOKEN	Start: 1569	End: 1572
    Token: "a"            	Type: TOKEN	Start: 1573	End: 1574
    Token: "Clapton"      	Type: TOKEN	Start: 1575	End: 1582
    Token: "fan"          	Type: TOKEN	Start: 1583	End: 1586
    Token: "and"          	Type: TOKEN	Start: 1587	End: 1590
    Token: "need"         	Type: TOKEN	Start: 1591	End: 1595
    Token: "300"          	Type: DIGITAL	Start: 1596	End: 1599
    Token: "pages"        	Type: TOKEN	Start: 1600	End: 1605
    Token: "of"           	Type: TOKEN	Start: 1606	End: 1608
    Token: "reassurance"  	Type: TOKEN	Start: 1609	End: 1620
    Token: "that"         	Type: TOKEN	Start: 1621	End: 1625
    Token: "he"           	Type: TOKEN	Start: 1626	End: 1628
    Token: "is"           	Type: TOKEN	Start: 1629	End: 1631
    Token: "a"            	Type: TOKEN	Start: 1632	End: 1633
    Token: "a"            	Type: TOKEN	Start: 1634	End: 1635
    Token: "gifted"       	Type: TOKEN	Start: 1636	End: 1642
    Token: "musician"     	Type: TOKEN	Start: 1643	End: 1651
    Token: ","            	Type: PUNCTUATION	Start: 1651	End: 1652
    Token: "then"         	Type: TOKEN	Start: 1653	End: 1657
    Token: "put"          	Type: TOKEN	Start: 1658	End: 1661
    Token: "this"         	Type: TOKEN	Start: 1662	End: 1666
    Token: "book"         	Type: TOKEN	Start: 1667	End: 1671
    Token: "at"           	Type: TOKEN	Start: 1672	End: 1674
    Token: "the"          	Type: TOKEN	Start: 1675	End: 1678
    Token: "top"          	Type: TOKEN	Start: 1679	End: 1682
    Token: "of"           	Type: TOKEN	Start: 1683	End: 1685
    Token: "your"         	Type: TOKEN	Start: 1686	End: 1690
    Token: "shopping"     	Type: TOKEN	Start: 1691	End: 1699
    Token: "list"         	Type: TOKEN	Start: 1700	End: 1704
    Token: "."            	Type: TERM_PUNCT_P	Start: 1704	End: 1705
  Text Unit Start: 1706
  Text Unit End: 1838
    Token: "If"           	Type: TOKEN	Start: 1706	End: 1708
    Token: ","            	Type: PUNCTUATION	Start: 1708	End: 1709
    Token: "however"      	Type: TOKEN	Start: 1710	End: 1717
    Token: ","            	Type: PUNCTUATION	Start: 1717	End: 1718
    Token: "you"          	Type: TOKEN	Start: 1719	End: 1722
    Token: "are"          	Type: TOKEN	Start: 1723	End: 1726
    Token: "looking"      	Type: TOKEN	Start: 1727	End: 1734
    Token: "for"          	Type: TOKEN	Start: 1735	End: 1738
    Token: "an"           	Type: TOKEN	Start: 1739	End: 1741
    Token: "objective"    	Type: TOKEN	Start: 1742	End: 1751
    Token: "assessment"   	Type: TOKEN	Start: 1752	End: 1762
    Token: "of"           	Type: TOKEN	Start: 1763	End: 1765
    Token: "his"          	Type: TOKEN	Start: 1766	End: 1769
    Token: "life"         	Type: TOKEN	Start: 1770	End: 1774
    Token: ","            	Type: PUNCTUATION	Start: 1774	End: 1775
    Token: "career"       	Type: TOKEN	Start: 1776	End: 1782
    Token: "and"          	Type: TOKEN	Start: 1783	End: 1786
    Token: "impact"       	Type: TOKEN	Start: 1787	End: 1793
    Token: "as"           	Type: TOKEN	Start: 1794	End: 1796
    Token: "a"            	Type: TOKEN	Start: 1797	End: 1798
    Token: "musician"     	Type: TOKEN	Start: 1799	End: 1807
    Token: "you"          	Type: TOKEN	Start: 1808	End: 1811
    Token: "'ll"          	Type: RIGHTSPLIT	Start: 1811	End: 1814
    Token: "need"         	Type: TOKEN	Start: 1815	End: 1819
    Token: "to"           	Type: TOKEN	Start: 1820	End: 1822
    Token: "look"         	Type: TOKEN	Start: 1823	End: 1827
    Token: "elsewhere"    	Type: TOKEN	Start: 1828	End: 1837
    Token: "."            	Type: TERM_PUNCT_P	Start: 1837	End: 1838

Paragraph Start: 1842
Paragraph End: 2103
  Text Unit Start: 1842
  Text Unit End: 1983
    Token: "Clapton"      	Type: TOKEN	Start: 1842	End: 1849
    Token: "and"          	Type: TOKEN	Start: 1850	End: 1853
    Token: "Coleman"      	Type: TOKEN	Start: 1854	End: 1861
    Token: "were"         	Type: TOKEN	Start: 1862	End: 1866
    Token: "close"        	Type: TOKEN	Start: 1867	End: 1872
    Token: "friends"      	Type: TOKEN	Start: 1873	End: 1880
    Token: "and"          	Type: TOKEN	Start: 1881	End: 1884
    Token: "this"         	Type: TOKEN	Start: 1885	End: 1889
    Token: "book"         	Type: TOKEN	Start: 1890	End: 1894
    Token: "is"           	Type: TOKEN	Start: 1895	End: 1897
    Token: "essentially"  	Type: TOKEN	Start: 1898	End: 1909
    Token: "a"            	Type: TOKEN	Start: 1910	End: 1911
    Token: "300-page"     	Type: TOKEN	Start: 1912	End: 1920
    Token: "french"       	Type: TOKEN	Start: 1921	End: 1927
    Token: "kiss"         	Type: TOKEN	Start: 1928	End: 1932
    Token: ","            	Type: PUNCTUATION	Start: 1932	End: 1933
    Token: "as"           	Type: TOKEN	Start: 1934	End: 1936
    Token: "most"         	Type: TOKEN	Start: 1937	End: 1941
    Token: "third-party"  	Type: TOKEN	Start: 1942	End: 1953
    Token: """            	Type: OPEN_PUNCT	Start: 1954	End: 1955	PTB: "``"
    Token: "authorized"   	Type: TOKEN	Start: 1955	End: 1965
    Token: "biographies"  	Type: TOKEN	Start: 1966	End: 1977
    Token: """            	Type: CLOSE_PUNCT	Start: 1977	End: 1978	PTB: "''"
    Token: "are"          	Type: TOKEN	Start: 1979	End: 1982
    Token: "."            	Type: TERM_PUNCT_P	Start: 1982	End: 1983
  Text Unit Start: 1984
  Text Unit End: 2103
    Token: "It"           	Type: TOKEN	Start: 1984	End: 1986
    Token: "'s"           	Type: RIGHTSPLIT	Start: 1986	End: 1988
    Token: "hard"         	Type: TOKEN	Start: 1989	End: 1993
    Token: "to"           	Type: TOKEN	Start: 1994	End: 1996
    Token: "imagine"      	Type: TOKEN	Start: 1997	End: 2004
    Token: "a"            	Type: TOKEN	Start: 2005	End: 2006
    Token: "book"         	Type: TOKEN	Start: 2007	End: 2011
    Token: "with"         	Type: TOKEN	Start: 2012	End: 2016
    Token: "more"         	Type: TOKEN	Start: 2017	End: 2021
    Token: "postive"      	Type: TOKEN	Start: 2022	End: 2029
    Token: "editorializing"	Type: TOKEN	Start: 2030	End: 2044
    Token: "adjectives"   	Type: TOKEN	Start: 2045	End: 2055
    Token: "per"          	Type: TOKEN	Start: 2056	End: 2059
    Token: "page"         	Type: TOKEN	Start: 2060	End: 2064
    Token: "("            	Type: OPEN_BRACKET	Start: 2065	End: 2066	PTB: "-LRB-"
    Token: "briliant"     	Type: TOKEN	Start: 2066	End: 2074
    Token: ","            	Type: PUNCTUATION	Start: 2074	End: 2075
    Token: "superb"       	Type: TOKEN	Start: 2076	End: 2082
    Token: ","            	Type: PUNCTUATION	Start: 2082	End: 2083
    Token: "amazing"      	Type: TOKEN	Start: 2084	End: 2091
    Token: ","            	Type: PUNCTUATION	Start: 2091	End: 2092
    Token: "stunning"     	Type: TOKEN	Start: 2093	End: 2101
    Token: "."            	Type: TERM_PUNCT_P	Start: 2101	End: 2102
    Token: ")"            	Type: CLOSE_BRACKET	Start: 2102	End: 2103	PTB: "-RRB-"

Paragraph Start: 2107
Paragraph End: 2342
  Text Unit Start: 2107
  Text Unit End: 2259
    Token: "Clapton"      	Type: TOKEN	Start: 2107	End: 2114
    Token: "'s"           	Type: RIGHTSPLIT	Start: 2114	End: 2116
    Token: "failed"       	Type: TOKEN	Start: 2117	End: 2123
    Token: "marriages"    	Type: TOKEN	Start: 2124	End: 2133
    Token: "are"          	Type: TOKEN	Start: 2134	End: 2137
    Token: "glossed"      	Type: TOKEN	Start: 2138	End: 2145
    Token: "over"         	Type: TOKEN	Start: 2146	End: 2150
    Token: "in"           	Type: TOKEN	Start: 2151	End: 2153
    Token: "a"            	Type: TOKEN	Start: 2154	End: 2155
    Token: "paragraph"    	Type: TOKEN	Start: 2156	End: 2165
    Token: "or"           	Type: TOKEN	Start: 2166	End: 2168
    Token: "so"           	Type: TOKEN	Start: 2169	End: 2171
    Token: "and"          	Type: TOKEN	Start: 2172	End: 2175
    Token: "his"          	Type: TOKEN	Start: 2176	End: 2179
    Token: "heroin"       	Type: TOKEN	Start: 2180	End: 2186
    Token: "addiction"    	Type: TOKEN	Start: 2187	End: 2196
    Token: "is"           	Type: TOKEN	Start: 2197	End: 2199
    Token: "treated"      	Type: TOKEN	Start: 2200	End: 2207
    Token: "like"         	Type: TOKEN	Start: 2208	End: 2212
    Token: "a"            	Type: TOKEN	Start: 2213	End: 2214
    Token: "valiant"      	Type: TOKEN	Start: 2215	End: 2222
    Token: "and"          	Type: TOKEN	Start: 2223	End: 2226
    Token: "ultimately"   	Type: TOKEN	Start: 2227	End: 2237
    Token: "positive"     	Type: TOKEN	Start: 2238	End: 2246
    Token: """            	Type: OPEN_PUNCT	Start: 2247	End: 2248	PTB: "``"
    Token: "adventure"    	Type: TOKEN	Start: 2248	End: 2257
    Token: "."            	Type: TERM_PUNCT_P	Start: 2257	End: 2258
    Token: """            	Type: CLOSE_PUNCT	Start: 2258	End: 2259	PTB: "''"
  Text Unit Start: 2260
  Text Unit End: 2342
    Token: "The"          	Type: TOKEN	Start: 2260	End: 2263
    Token: "author"       	Type: TOKEN	Start: 2264	End: 2270
    Token: "throws"       	Type: TOKEN	Start: 2271	End: 2277
    Token: "out"          	Type: TOKEN	Start: 2278	End: 2281
    Token: "all"          	Type: TOKEN	Start: 2282	End: 2285
    Token: "prentense"    	Type: TOKEN	Start: 2286	End: 2295
    Token: "of"           	Type: TOKEN	Start: 2296	End: 2298
    Token: "neutrality"   	Type: TOKEN	Start: 2299	End: 2309
    Token: "by"           	Type: TOKEN	Start: 2310	End: 2312
    Token: "the"          	Type: TOKEN	Start: 2313	End: 2316
    Token: "end"          	Type: TOKEN	Start: 2317	End: 2320
    Token: "of"           	Type: TOKEN	Start: 2321	End: 2323
    Token: "the"          	Type: TOKEN	Start: 2324	End: 2327
    Token: "first"        	Type: TOKEN	Start: 2328	End: 2333
    Token: "chapter"      	Type: TOKEN	Start: 2334	End: 2341
    Token: "."            	Type: TERM_PUNCT_P	Start: 2341	End: 2342

Paragraph Start: 2346
Paragraph End: 2549
  Text Unit Start: 2346
  Text Unit End: 2430
    Token: "Coleman"      	Type: TOKEN	Start: 2346	End: 2353
    Token: "is"           	Type: TOKEN	Start: 2354	End: 2356
    Token: "capable"      	Type: TOKEN	Start: 2357	End: 2364
    Token: "of"           	Type: TOKEN	Start: 2365	End: 2367
    Token: "superb"       	Type: TOKEN	Start: 2368	End: 2374
    Token: "work"         	Type: TOKEN	Start: 2375	End: 2379
    Token: ","            	Type: PUNCTUATION	Start: 2379	End: 2380
    Token: "as"           	Type: TOKEN	Start: 2381	End: 2383
    Token: "his"          	Type: TOKEN	Start: 2384	End: 2387
    Token: "definitive"   	Type: TOKEN	Start: 2388	End: 2398
    Token: "biography"    	Type: TOKEN	Start: 2399	End: 2408
    Token: "of"           	Type: TOKEN	Start: 2409	End: 2411
    Token: "John"         	Type: TOKEN	Start: 2412	End: 2416
    Token: "Lennon"       	Type: TOKEN	Start: 2417	End: 2423
    Token: "shows"        	Type: TOKEN	Start: 2424	End: 2429
    Token: "."            	Type: TERM_PUNCT_P	Start: 2429	End: 2430
  Text Unit Start: 2431
  Text Unit End: 2516
    Token: "One"          	Type: TOKEN	Start: 2431	End: 2434
    Token: "can"          	Type: TOKEN	Start: 2435	End: 2438
    Token: "only"         	Type: TOKEN	Start: 2439	End: 2443
    Token: "hope"         	Type: TOKEN	Start: 2444	End: 2448
    Token: "that"         	Type: TOKEN	Start: 2449	End: 2453
    Token: "someday"      	Type: TOKEN	Start: 2454	End: 2461
    Token: "someone"      	Type: TOKEN	Start: 2462	End: 2469
    Token: "will"         	Type: TOKEN	Start: 2470	End: 2474
    Token: "do"           	Type: TOKEN	Start: 2475	End: 2477
    Token: "a"            	Type: TOKEN	Start: 2478	End: 2479
    Token: "similar"      	Type: TOKEN	Start: 2480	End: 2487
    Token: "treatment"    	Type: TOKEN	Start: 2488	End: 2497
    Token: "of"           	Type: TOKEN	Start: 2498	End: 2500
    Token: "Clapton"      	Type: TOKEN	Start: 2501	End: 2508
    Token: "'s"           	Type: RIGHTSPLIT	Start: 2508	End: 2510
    Token: "life"         	Type: TOKEN	Start: 2511	End: 2515
    Token: "."            	Type: TERM_PUNCT_P	Start: 2515	End: 2516
  Text Unit Start: 2517
  Text Unit End: 2549
    Token: "This"         	Type: TOKEN	Start: 2517	End: 2521
    Token: "is"           	Type: TOKEN	Start: 2522	End: 2524
    Token: "n't"          	Type: RIGHTSPLIT	Start: 2524	End: 2527
    Token: "it"           	Type: TOKEN	Start: 2528	End: 2530
    Token: "by"           	Type: TOKEN	Start: 2531	End: 2533
    Token: "a"            	Type: TOKEN	Start: 2534	End: 2535
    Token: "long"         	Type: TOKEN	Start: 2536	End: 2540
    Token: "stretch"      	Type: TOKEN	Start: 2541	End: 2548
    Token: "."            	Type: TERM_PUNCT_P	Start: 2548	End: 2549

Paragraph Start: 2553
Paragraph End: 2665
  Text Unit Start: 2553
  Text Unit End: 2665
    Token: "If"           	Type: TOKEN	Start: 2553	End: 2555
    Token: "you"          	Type: TOKEN	Start: 2556	End: 2559
    Token: "are"          	Type: TOKEN	Start: 2560	End: 2563
    Token: "in"           	Type: TOKEN	Start: 2564	End: 2566
    Token: "the"          	Type: TOKEN	Start: 2567	End: 2570
    Token: "market"       	Type: TOKEN	Start: 2571	End: 2577
    Token: "for"          	Type: TOKEN	Start: 2578	End: 2581
    Token: "a"            	Type: TOKEN	Start: 2582	End: 2583
    Token: "first-rate"   	Type: TOKEN	Start: 2584	End: 2594
    Token: "biography"    	Type: TOKEN	Start: 2595	End: 2604
    Token: "of"           	Type: TOKEN	Start: 2605	End: 2607
    Token: "a"            	Type: TOKEN	Start: 2608	End: 2609
    Token: "great"        	Type: TOKEN	Start: 2610	End: 2615
    Token: "guitarist"    	Type: TOKEN	Start: 2616	End: 2625
    Token: ","            	Type: PUNCTUATION	Start: 2625	End: 2626
    Token: "consider"     	Type: TOKEN	Start: 2627	End: 2635
    Token: "Jimi"         	Type: TOKEN	Start: 2636	End: 2640
    Token: "Hendrix"      	Type: TOKEN	Start: 2641	End: 2648
    Token: ":"            	Type: PUNCTUATION	Start: 2648	End: 2649
    Token: "Electric"     	Type: TOKEN	Start: 2650	End: 2658
    Token: "Gypsy"        	Type: TOKEN	Start: 2659	End: 2664
    Token: "."            	Type: TERM_PUNCT_P	Start: 2664	End: 2665

Paragraph Start: 2669
Paragraph End: 2700
  Text Unit Start: 2669
  Text Unit End: 2700
    Token: "Was"          	Type: TOKEN	Start: 2669	End: 2672
    Token: "this"         	Type: TOKEN	Start: 2673	End: 2677
    Token: "review"       	Type: TOKEN	Start: 2678	End: 2684
    Token: "helpful"      	Type: TOKEN	Start: 2685	End: 2692
    Token: "to"           	Type: TOKEN	Start: 2693	End: 2695
    Token: "you"          	Type: TOKEN	Start: 2696	End: 2699
    Token: "?"            	Type: TERM_PUNCT	Start: 2699	End: 2700

Paragraph Start: 2704
Paragraph End: 2753
  Text Unit Start: 2704
  Text Unit End: 2753
    Token: "5"            	Type: DIGITAL	Start: 2704	End: 2705
    Token: "of"           	Type: TOKEN	Start: 2706	End: 2708
    Token: "5"            	Type: DIGITAL	Start: 2709	End: 2710
    Token: "people"       	Type: TOKEN	Start: 2711	End: 2717
    Token: "found"        	Type: TOKEN	Start: 2718	End: 2723
    Token: "the"          	Type: TOKEN	Start: 2724	End: 2727
    Token: "following"    	Type: TOKEN	Start: 2728	End: 2737
    Token: "review"       	Type: TOKEN	Start: 2738	End: 2744
    Token: "helpful"      	Type: TOKEN	Start: 2745	End: 2752
    Token: ":"            	Type: PUNCTUATION	Start: 2752	End: 2753

Paragraph Start: 2757
Paragraph End: 2789
  Text Unit Start: 2757
  Text Unit End: 2789
    Token: "one"          	Type: TOKEN	Start: 2757	End: 2760
    Token: "great"        	Type: TOKEN	Start: 2761	End: 2766
    Token: "book"         	Type: TOKEN	Start: 2767	End: 2771
    Token: ","            	Type: PUNCTUATION	Start: 2771	End: 2772
    Token: "November"     	Type: TOKEN	Start: 2773	End: 2781
    Token: "1"            	Type: DIGITAL	Start: 2782	End: 2783
    Token: ","            	Type: PUNCTUATION	Start: 2783	End: 2784
    Token: "1999"         	Type: DIGITAL	Start: 2785	End: 2789

Paragraph Start: 2793
Paragraph End: 2828
  Text Unit Start: 2793
  Text Unit End: 2828
    Token: "Reviewer"     	Type: TOKEN	Start: 2793	End: 2801
    Token: ":"            	Type: PUNCTUATION	Start: 2801	End: 2802
    Token: "Sonia"        	Type: TOKEN	Start: 2803	End: 2808
    Token: "from"         	Type: TOKEN	Start: 2809	End: 2813
    Token: "Northern"     	Type: TOKEN	Start: 2814	End: 2822
    Token: "Idaho"        	Type: TOKEN	Start: 2823	End: 2828

Paragraph Start: 2832
Paragraph End: 3072
  Text Unit Start: 2832
  Text Unit End: 2887
    Token: "This"         	Type: TOKEN	Start: 2832	End: 2836
    Token: "book"         	Type: TOKEN	Start: 2837	End: 2841
    Token: "has"          	Type: TOKEN	Start: 2842	End: 2845
    Token: "it"           	Type: TOKEN	Start: 2846	End: 2848
    Token: "all"          	Type: TOKEN	Start: 2849	End: 2852
    Token: "from"         	Type: TOKEN	Start: 2853	End: 2857
    Token: "pictures"     	Type: TOKEN	Start: 2858	End: 2866
    Token: "to"           	Type: TOKEN	Start: 2867	End: 2869
    Token: "journal"      	Type: TOKEN	Start: 2870	End: 2877
    Token: "writings"     	Type: TOKEN	Start: 2878	End: 2886
    Token: "."            	Type: TERM_PUNCT_P	Start: 2886	End: 2887
  Text Unit Start: 2888
  Text Unit End: 3001
    Token: "This"         	Type: TOKEN	Start: 2888	End: 2892
    Token: "book"         	Type: TOKEN	Start: 2893	End: 2897
    Token: "tells"        	Type: TOKEN	Start: 2898	End: 2903
    Token: "about"        	Type: TOKEN	Start: 2904	End: 2909
    Token: "EC"           	Type: TOKEN	Start: 2910	End: 2912
    Token: "'s"           	Type: RIGHTSPLIT	Start: 2912	End: 2914
    Token: "struggles"    	Type: TOKEN	Start: 2915	End: 2924
    Token: "as"           	Type: TOKEN	Start: 2925	End: 2927
    Token: "a"            	Type: TOKEN	Start: 2928	End: 2929
    Token: "young"        	Type: TOKEN	Start: 2930	End: 2935
    Token: "boy"          	Type: TOKEN	Start: 2936	End: 2939
    Token: "in"           	Type: TOKEN	Start: 2940	End: 2942
    Token: "art"          	Type: TOKEN	Start: 2943	End: 2946
    Token: "school"       	Type: TOKEN	Start: 2947	End: 2953
    Token: "to"           	Type: TOKEN	Start: 2954	End: 2956
    Token: "his"          	Type: TOKEN	Start: 2957	End: 2960
    Token: "marriage"     	Type: TOKEN	Start: 2961	End: 2969
    Token: "and"          	Type: TOKEN	Start: 2970	End: 2973
    Token: "even"         	Type: TOKEN	Start: 2974	End: 2978
    Token: "about"        	Type: TOKEN	Start: 2979	End: 2984
    Token: "his"          	Type: TOKEN	Start: 2985	End: 2988
    Token: "drug"         	Type: TOKEN	Start: 2989	End: 2993
    Token: "habits"       	Type: TOKEN	Start: 2994	End: 3000
    Token: "."            	Type: TERM_PUNCT_P	Start: 3000	End: 3001
  Text Unit Start: 3002
  Text Unit End: 3053
    Token: "This"         	Type: TOKEN	Start: 3002	End: 3006
    Token: "book"         	Type: TOKEN	Start: 3007	End: 3011
    Token: "is"           	Type: TOKEN	Start: 3012	End: 3014
    Token: "number"       	Type: TOKEN	Start: 3015	End: 3021
    Token: "one"          	Type: TOKEN	Start: 3022	End: 3025
    Token: "in"           	Type: TOKEN	Start: 3026	End: 3028
    Token: "my"           	Type: TOKEN	Start: 3029	End: 3031
    Token: "book"         	Type: TOKEN	Start: 3032	End: 3036
    Token: "and"          	Type: TOKEN	Start: 3037	End: 3040
    Token: "always"       	Type: TOKEN	Start: 3041	End: 3047
    Token: "will"         	Type: TOKEN	Start: 3048	End: 3052
    Token: "."            	Type: TERM_PUNCT_P	Start: 3052	End: 3053
  Text Unit Start: 3054
  Text Unit End: 3072
    Token: "It"           	Type: TOKEN	Start: 3054	End: 3056
    Token: "is"           	Type: TOKEN	Start: 3057	End: 3059
    Token: "a"            	Type: TOKEN	Start: 3060	End: 3061
    Token: "must"         	Type: TOKEN	Start: 3062	End: 3066
    Token: "read"         	Type: TOKEN	Start: 3067	End: 3071
    Token: "."            	Type: TERM_PUNCT_P	Start: 3071	End: 3072

Paragraph Start: 3076
Paragraph End: 3107
  Text Unit Start: 3076
  Text Unit End: 3107
    Token: "Was"          	Type: TOKEN	Start: 3076	End: 3079
    Token: "this"         	Type: TOKEN	Start: 3080	End: 3084
    Token: "review"       	Type: TOKEN	Start: 3085	End: 3091
    Token: "helpful"      	Type: TOKEN	Start: 3092	End: 3099
    Token: "to"           	Type: TOKEN	Start: 3100	End: 3102
    Token: "you"          	Type: TOKEN	Start: 3103	End: 3106
    Token: "?"            	Type: TERM_PUNCT	Start: 3106	End: 3107

Paragraph Start: 3111
Paragraph End: 3168
  Text Unit Start: 3111
  Text Unit End: 3168
    Token: "The"          	Type: TOKEN	Start: 3111	End: 3114
    Token: "definitive"   	Type: TOKEN	Start: 3115	End: 3125
    Token: "biography"    	Type: TOKEN	Start: 3126	End: 3135
    Token: "of"           	Type: TOKEN	Start: 3136	End: 3138
    Token: "EC"           	Type: TOKEN	Start: 3139	End: 3141
    Token: "as"           	Type: TOKEN	Start: 3142	End: 3144
    Token: "a"            	Type: TOKEN	Start: 3145	End: 3146
    Token: "man"          	Type: TOKEN	Start: 3147	End: 3150
    Token: "."            	Type: TERM_PUNCT_P	Start: 3150	End: 3151
    Token: ","            	Type: PUNCTUATION	Start: 3151	End: 3152
    Token: "October"      	Type: TOKEN	Start: 3153	End: 3160
    Token: "7"            	Type: DIGITAL	Start: 3161	End: 3162
    Token: ","            	Type: PUNCTUATION	Start: 3162	End: 3163
    Token: "1999"         	Type: DIGITAL	Start: 3164	End: 3168

Paragraph Start: 3172
Paragraph End: 3215
  Text Unit Start: 3172
  Text Unit End: 3215
    Token: "Reviewer"     	Type: TOKEN	Start: 3172	End: 3180
    Token: ":"            	Type: PUNCTUATION	Start: 3180	End: 3181
    Token: "Virginia"     	Type: TOKEN	Start: 3182	End: 3190
    Token: "Lohle"        	Type: TOKEN	Start: 3191	End: 3196
    Token: "from"         	Type: TOKEN	Start: 3197	End: 3201
    Token: "New"          	Type: TOKEN	Start: 3202	End: 3205
    Token: "York"         	Type: TOKEN	Start: 3206	End: 3210
    Token: "City"         	Type: TOKEN	Start: 3211	End: 3215

Paragraph Start: 3219
Paragraph End: 3516
  Text Unit Start: 3219
  Text Unit End: 3290
    Token: "Ray"          	Type: TOKEN	Start: 3219	End: 3222
    Token: "Coleman"      	Type: TOKEN	Start: 3223	End: 3230
    Token: "was"          	Type: TOKEN	Start: 3231	End: 3234
    Token: "granted"      	Type: TOKEN	Start: 3235	End: 3242
    Token: "amazing"      	Type: TOKEN	Start: 3243	End: 3250
    Token: "access"       	Type: TOKEN	Start: 3251	End: 3257
    Token: "to"           	Type: TOKEN	Start: 3258	End: 3260
    Token: "Eric"         	Type: TOKEN	Start: 3261	End: 3265
    Token: ","            	Type: PUNCTUATION	Start: 3265	End: 3266
    Token: "his"          	Type: TOKEN	Start: 3267	End: 3270
    Token: "family"       	Type: TOKEN	Start: 3271	End: 3277
    Token: "and"          	Type: TOKEN	Start: 3278	End: 3281
    Token: "friends"      	Type: TOKEN	Start: 3282	End: 3289
    Token: "."            	Type: TERM_PUNCT_P	Start: 3289	End: 3290
  Text Unit Start: 3291
  Text Unit End: 3350
    Token: "This"         	Type: TOKEN	Start: 3291	End: 3295
    Token: "is"           	Type: TOKEN	Start: 3296	End: 3298
    Token: "the"          	Type: TOKEN	Start: 3299	End: 3302
    Token: "best"         	Type: TOKEN	Start: 3303	End: 3307
    Token: "book"         	Type: TOKEN	Start: 3308	End: 3312
    Token: "on"           	Type: TOKEN	Start: 3313	End: 3315
    Token: "the"          	Type: TOKEN	Start: 3316	End: 3319
    Token: "market"       	Type: TOKEN	Start: 3320	End: 3326
    Token: "about"        	Type: TOKEN	Start: 3327	End: 3332
    Token: "Eric"         	Type: TOKEN	Start: 3333	End: 3337
    Token: "as"           	Type: TOKEN	Start: 3338	End: 3340
    Token: "a"            	Type: TOKEN	Start: 3341	End: 3342
    Token: "person"       	Type: TOKEN	Start: 3343	End: 3349
    Token: "."            	Type: TERM_PUNCT_P	Start: 3349	End: 3350
  Text Unit Start: 3351
  Text Unit End: 3516
    Token: "Roberty"      	Type: TOKEN	Start: 3351	End: 3358
    Token: "'s"           	Type: RIGHTSPLIT	Start: 3358	End: 3360
    Token: "books"        	Type: TOKEN	Start: 3361	End: 3366
    Token: "are"          	Type: TOKEN	Start: 3367	End: 3370
    Token: "more"         	Type: TOKEN	Start: 3371	End: 3375
    Token: "comprehensive"	Type: TOKEN	Start: 3376	End: 3389
    Token: "about"        	Type: TOKEN	Start: 3390	End: 3395
    Token: "his"          	Type: TOKEN	Start: 3396	End: 3399
    Token: "music"        	Type: TOKEN	Start: 3400	End: 3405
    Token: ","            	Type: PUNCTUATION	Start: 3405	End: 3406
    Token: "but"          	Type: TOKEN	Start: 3407	End: 3410
    Token: "the"          	Type: TOKEN	Start: 3411	End: 3414
    Token: "late"         	Type: TOKEN	Start: 3415	End: 3419
    Token: ","            	Type: PUNCTUATION	Start: 3419	End: 3420
    Token: "great"        	Type: TOKEN	Start: 3421	End: 3426
    Token: "Melody"       	Type: TOKEN	Start: 3427	End: 3433
    Token: "Maker"        	Type: TOKEN	Start: 3434	End: 3439
    Token: "editor"       	Type: TOKEN	Start: 3440	End: 3446
    Token: "Ray"          	Type: TOKEN	Start: 3447	End: 3450
    Token: "Coleman"      	Type: TOKEN	Start: 3451	End: 3458
    Token: "knew"         	Type: TOKEN	Start: 3459	End: 3463
    Token: "and"          	Type: TOKEN	Start: 3464	End: 3467
    Token: "loved"        	Type: TOKEN	Start: 3468	End: 3473
    Token: "Eric"         	Type: TOKEN	Start: 3474	End: 3478
    Token: "for"          	Type: TOKEN	Start: 3479	End: 3482
    Token: "many"         	Type: TOKEN	Start: 3483	End: 3487
    Token: "years"        	Type: TOKEN	Start: 3488	End: 3493
    Token: ","            	Type: PUNCTUATION	Start: 3493	End: 3494
    Token: "and"          	Type: TOKEN	Start: 3495	End: 3498
    Token: "has"          	Type: TOKEN	Start: 3499	End: 3502
    Token: "rare"         	Type: TOKEN	Start: 3503	End: 3507
    Token: "insight"      	Type: TOKEN	Start: 3508	End: 3515
    Token: "."            	Type: TERM_PUNCT_P	Start: 3515	End: 3516

Paragraph Start: 3520
Paragraph End: 3551
  Text Unit Start: 3520
  Text Unit End: 3551
    Token: "Was"          	Type: TOKEN	Start: 3520	End: 3523
    Token: "this"         	Type: TOKEN	Start: 3524	End: 3528
    Token: "review"       	Type: TOKEN	Start: 3529	End: 3535
    Token: "helpful"      	Type: TOKEN	Start: 3536	End: 3543
    Token: "to"           	Type: TOKEN	Start: 3544	End: 3546
    Token: "you"          	Type: TOKEN	Start: 3547	End: 3550
    Token: "?"            	Type: TERM_PUNCT	Start: 3550	End: 3551

Paragraph Start: 3555
Paragraph End: 3604
  Text Unit Start: 3555
  Text Unit End: 3604
    Token: "2"            	Type: DIGITAL	Start: 3555	End: 3556
    Token: "of"           	Type: TOKEN	Start: 3557	End: 3559
    Token: "2"            	Type: DIGITAL	Start: 3560	End: 3561
    Token: "people"       	Type: TOKEN	Start: 3562	End: 3568
    Token: "found"        	Type: TOKEN	Start: 3569	End: 3574
    Token: "the"          	Type: TOKEN	Start: 3575	End: 3578
    Token: "following"    	Type: TOKEN	Start: 3579	End: 3588
    Token: "review"       	Type: TOKEN	Start: 3589	End: 3595
    Token: "helpful"      	Type: TOKEN	Start: 3596	End: 3603
    Token: ":"            	Type: PUNCTUATION	Start: 3603	End: 3604

Paragraph Start: 3608
Paragraph End: 3686
  Text Unit Start: 3608
  Text Unit End: 3686
    Token: "As"           	Type: TOKEN	Start: 3608	End: 3610
    Token: "Good"         	Type: TOKEN	Start: 3611	End: 3615
    Token: "As"           	Type: TOKEN	Start: 3616	End: 3618
    Token: "It"           	Type: TOKEN	Start: 3619	End: 3621
    Token: "Gets"         	Type: TOKEN	Start: 3622	End: 3626
    Token: "--"           	Type: PUNCTUATION	Start: 3626	End: 3628
    Token: "This"         	Type: TOKEN	Start: 3629	End: 3633
    Token: "book"         	Type: TOKEN	Start: 3634	End: 3638
    Token: "is"           	Type: TOKEN	Start: 3639	End: 3641
    Token: "a"            	Type: TOKEN	Start: 3642	End: 3643
    Token: "Bible"        	Type: TOKEN	Start: 3644	End: 3649
    Token: "of"           	Type: TOKEN	Start: 3650	End: 3652
    Token: "this"         	Type: TOKEN	Start: 3653	End: 3657
    Token: "God"          	Type: TOKEN	Start: 3658	End: 3661
    Token: "'s"           	Type: RIGHTSPLIT	Start: 3661	End: 3663
    Token: "life"         	Type: TOKEN	Start: 3664	End: 3668
    Token: ","            	Type: PUNCTUATION	Start: 3668	End: 3669
    Token: "November"     	Type: TOKEN	Start: 3670	End: 3678
    Token: "5"            	Type: DIGITAL	Start: 3679	End: 3680
    Token: ","            	Type: PUNCTUATION	Start: 3680	End: 3681
    Token: "1998"         	Type: DIGITAL	Start: 3682	End: 3686

Paragraph Start: 3690
Paragraph End: 3735
  Text Unit Start: 3690
  Text Unit End: 3735
    Token: "Reviewer"     	Type: TOKEN	Start: 3690	End: 3698
    Token: ":"            	Type: PUNCTUATION	Start: 3698	End: 3699
    Token: "debslogan@email.msn.com"	Type: TOKEN	Start: 3700	End: 3723
    Token: "from"         	Type: TOKEN	Start: 3724	End: 3728
    Token: "U.S.A."       	Type: B_ABBREVIATION	Start: 3729	End: 3735

Paragraph Start: 3739
Paragraph End: 4130
  Text Unit Start: 3739
  Text Unit End: 3838
    Token: "This"         	Type: TOKEN	Start: 3739	End: 3743
    Token: "book"         	Type: TOKEN	Start: 3744	End: 3748
    Token: "will"         	Type: TOKEN	Start: 3749	End: 3753
    Token: "truly"        	Type: TOKEN	Start: 3754	End: 3759
    Token: "make"         	Type: TOKEN	Start: 3760	End: 3764
    Token: "any"          	Type: TOKEN	Start: 3765	End: 3768
    Token: "reader"       	Type: TOKEN	Start: 3769	End: 3775
    Token: "a"            	Type: TOKEN	Start: 3776	End: 3777
    Token: "devoted"      	Type: TOKEN	Start: 3778	End: 3785
    Token: "fan"          	Type: TOKEN	Start: 3786	End: 3789
    Token: "to"           	Type: TOKEN	Start: 3790	End: 3792
    Token: "the"          	Type: TOKEN	Start: 3793	End: 3796
    Token: "Rock"         	Type: TOKEN	Start: 3797	End: 3801
    Token: "world"        	Type: TOKEN	Start: 3802	End: 3807
    Token: "'s"           	Type: RIGHTSPLIT	Start: 3807	End: 3809
    Token: "answer"       	Type: TOKEN	Start: 3810	End: 3816
    Token: "to"           	Type: TOKEN	Start: 3817	End: 3819
    Token: "the"          	Type: TOKEN	Start: 3820	End: 3823
    Token: "Guitar"       	Type: TOKEN	Start: 3824	End: 3830
    Token: "Master"       	Type: TOKEN	Start: 3831	End: 3837
    Token: "."            	Type: TERM_PUNCT_P	Start: 3837	End: 3838
  Text Unit Start: 3839
  Text Unit End: 3906
    Token: "His"          	Type: TOKEN	Start: 3839	End: 3842
    Token: "life"         	Type: TOKEN	Start: 3843	End: 3847
    Token: "was"          	Type: TOKEN	Start: 3848	End: 3851
    Token: "more"         	Type: TOKEN	Start: 3852	End: 3856
    Token: "complex"      	Type: TOKEN	Start: 3857	End: 3864
    Token: "than"         	Type: TOKEN	Start: 3865	End: 3869
    Token: "the"          	Type: TOKEN	Start: 3870	End: 3873
    Token: "Blues"        	Type: TOKEN	Start: 3874	End: 3879
    Token: "stars"        	Type: TOKEN	Start: 3880	End: 3885
    Token: "he"           	Type: TOKEN	Start: 3886	End: 3888
    Token: "tried"        	Type: TOKEN	Start: 3889	End: 3894
    Token: "to"           	Type: TOKEN	Start: 3895	End: 3897
    Token: "imitate"      	Type: TOKEN	Start: 3898	End: 3905
    Token: "."            	Type: TERM_PUNCT_P	Start: 3905	End: 3906
  Text Unit Start: 3907
  Text Unit End: 4049
    Token: "From"         	Type: TOKEN	Start: 3907	End: 3911
    Token: "love"         	Type: TOKEN	Start: 3912	End: 3916
    Token: "triangles"    	Type: TOKEN	Start: 3917	End: 3926
    Token: ","            	Type: PUNCTUATION	Start: 3926	End: 3927
    Token: "addictions"   	Type: TOKEN	Start: 3927	End: 3937
    Token: ","            	Type: PUNCTUATION	Start: 3937	End: 3938
    Token: "career"       	Type: TOKEN	Start: 3938	End: 3944
    Token: "struggles"    	Type: TOKEN	Start: 3945	End: 3954
    Token: ","            	Type: PUNCTUATION	Start: 3954	End: 3955
    Token: "freindships"  	Type: TOKEN	Start: 3955	End: 3966
    Token: "and"          	Type: TOKEN	Start: 3967	End: 3970
    Token: "loyalties"    	Type: TOKEN	Start: 3971	End: 3980
    Token: ","            	Type: PUNCTUATION	Start: 3980	End: 3981
    Token: "Eric"         	Type: TOKEN	Start: 3982	End: 3986
    Token: "has"          	Type: TOKEN	Start: 3987	End: 3990
    Token: "gone"         	Type: TOKEN	Start: 3991	End: 3995
    Token: "through"      	Type: TOKEN	Start: 3996	End: 4003
    Token: "it"           	Type: TOKEN	Start: 4004	End: 4006
    Token: "all"          	Type: TOKEN	Start: 4007	End: 4010
    Token: ","            	Type: PUNCTUATION	Start: 4010	End: 4011
    Token: "and"          	Type: TOKEN	Start: 4012	End: 4015
    Token: "now"          	Type: TOKEN	Start: 4016	End: 4019
    Token: "he"           	Type: TOKEN	Start: 4020	End: 4022
    Token: "has"          	Type: TOKEN	Start: 4023	End: 4026
    Token: "finally"      	Type: TOKEN	Start: 4027	End: 4034
    Token: "been"         	Type: TOKEN	Start: 4035	End: 4039
    Token: "rewarded"     	Type: TOKEN	Start: 4040	End: 4048
    Token: "."            	Type: TERM_PUNCT_P	Start: 4048	End: 4049
  Text Unit Start: 4050
  Text Unit End: 4130
    Token: "After"        	Type: TOKEN	Start: 4050	End: 4055
    Token: "reading"      	Type: TOKEN	Start: 4056	End: 4063
    Token: "this"         	Type: TOKEN	Start: 4064	End: 4068
    Token: "book"         	Type: TOKEN	Start: 4069	End: 4073
    Token: ","            	Type: PUNCTUATION	Start: 4073	End: 4074
    Token: "you"          	Type: TOKEN	Start: 4075	End: 4078
    Token: "'ll"          	Type: RIGHTSPLIT	Start: 4078	End: 4081
    Token: "feel"         	Type: TOKEN	Start: 4082	End: 4086
    Token: "you"          	Type: TOKEN	Start: 4087	End: 4090
    Token: "'ve"          	Type: RIGHTSPLIT	Start: 4090	End: 4093
    Token: "known"        	Type: TOKEN	Start: 4094	End: 4099
    Token: "him"          	Type: TOKEN	Start: 4100	End: 4103
    Token: "and"          	Type: TOKEN	Start: 4104	End: 4107
    Token: "want"         	Type: TOKEN	Start: 4108	End: 4112
    Token: "to"           	Type: TOKEN	Start: 4113	End: 4115
    Token: "know"         	Type: TOKEN	Start: 4116	End: 4120
    Token: "more"         	Type: TOKEN	Start: 4121	End: 4125
    Token: "!"            	Type: TERM_PUNCT	Start: 4125	End: 4126
    Token: "!"            	Type: TERM_PUNCT	Start: 4126	End: 4127
    Token: "!"            	Type: TERM_PUNCT	Start: 4127	End: 4128
    Token: "!"            	Type: TERM_PUNCT	Start: 4128	End: 4129
    Token: "!"            	Type: TERM_PUNCT	Start: 4129	End: 4130

Paragraph Start: 4134
Paragraph End: 4165
  Text Unit Start: 4134
  Text Unit End: 4165
    Token: "Was"          	Type: TOKEN	Start: 4134	End: 4137
    Token: "this"         	Type: TOKEN	Start: 4138	End: 4142
    Token: "review"       	Type: TOKEN	Start: 4143	End: 4149
    Token: "helpful"      	Type: TOKEN	Start: 4150	End: 4157
    Token: "to"           	Type: TOKEN	Start: 4158	End: 4160
    Token: "you"          	Type: TOKEN	Start: 4161	End: 4164
    Token: "?"            	Type: TERM_PUNCT	Start: 4164	End: 4165

Paragraph Start: 4169
Paragraph End: 4279
  Text Unit Start: 4169
  Text Unit End: 4198
    Token: "See"          	Type: TOKEN	Start: 4169	End: 4172
    Token: "all"          	Type: TOKEN	Start: 4173	End: 4176
    Token: "5"            	Type: DIGITAL	Start: 4177	End: 4178
    Token: "customer"     	Type: TOKEN	Start: 4179	End: 4187
    Token: "reviews"      	Type: TOKEN	Start: 4188	End: 4195
    Token: "."            	Type: TERM_PUNCT_P	Start: 4195	End: 4196
    Token: "."            	Type: TERM_PUNCT_P	Start: 4196	End: 4197
    Token: "."            	Type: TERM_PUNCT_P	Start: 4197	End: 4198
  Text Unit Start: 4200
  Text Unit End: 4279
    Token: "Customers"    	Type: TOKEN	Start: 4200	End: 4209
    Token: "who"          	Type: TOKEN	Start: 4210	End: 4213
    Token: "bought"       	Type: TOKEN	Start: 4214	End: 4220
    Token: "titles"       	Type: TOKEN	Start: 4221	End: 4227
    Token: "by"           	Type: TOKEN	Start: 4228	End: 4230
    Token: "Ray"          	Type: TOKEN	Start: 4231	End: 4234
    Token: "Coleman"      	Type: TOKEN	Start: 4235	End: 4242
    Token: "also"         	Type: TOKEN	Start: 4243	End: 4247
    Token: "bought"       	Type: TOKEN	Start: 4248	End: 4254
    Token: "titles"       	Type: TOKEN	Start: 4255	End: 4261
    Token: "by"           	Type: TOKEN	Start: 4262	End: 4264
    Token: "these"        	Type: TOKEN	Start: 4265	End: 4270
    Token: "authors"      	Type: TOKEN	Start: 4271	End: 4278
    Token: ":"            	Type: PUNCTUATION	Start: 4278	End: 4279

Paragraph Start: 4283
Paragraph End: 4370
  Text Unit Start: 4283
  Text Unit End: 4370
    Token: "John"         	Type: TOKEN	Start: 4283	End: 4287
    Token: "Lennon"       	Type: TOKEN	Start: 4288	End: 4294
    Token: "Percy"        	Type: TOKEN	Start: 4296	End: 4301
    Token: "'"            	Type: OPEN_PUNCT	Start: 4302	End: 4303	PTB: "``"
    Token: "thrills"      	Type: TOKEN	Start: 4303	End: 4310
    Token: "Thrillington" 	Type: TOKEN	Start: 4311	End: 4323
    Token: "Eric"         	Type: TOKEN	Start: 4325	End: 4329
    Token: "Clapton"      	Type: TOKEN	Start: 4330	End: 4337
    Token: "Robert"       	Type: TOKEN	Start: 4339	End: 4345
    Token: "Rosen"        	Type: TOKEN	Start: 4346	End: 4351
    Token: "Geoffrey"     	Type: TOKEN	Start: 4353	End: 4361
    Token: "Giuliano"     	Type: TOKEN	Start: 4362	End: 4370

Paragraph Start: 4374
Paragraph End: 4397
  Text Unit Start: 4374
  Text Unit End: 4397
    Token: "Explore"      	Type: TOKEN	Start: 4374	End: 4381
    Token: "similar"      	Type: TOKEN	Start: 4382	End: 4389
    Token: "authors"      	Type: TOKEN	Start: 4390	End: 4397

Paragraph Start: 4401
Paragraph End: 4460
  Text Unit Start: 4401
  Text Unit End: 4460
    Token: "Auctions"     	Type: TOKEN	Start: 4401	End: 4409
    Token: "and"          	Type: TOKEN	Start: 4410	End: 4413
    Token: "zShops"       	Type: TOKEN	Start: 4414	End: 4420
    Token: "sellers"      	Type: TOKEN	Start: 4421	End: 4428
    Token: "and"          	Type: TOKEN	Start: 4429	End: 4432
    Token: "our"          	Type: TOKEN	Start: 4433	End: 4436
    Token: "other"        	Type: TOKEN	Start: 4437	End: 4442
    Token: "stores"       	Type: TOKEN	Start: 4443	End: 4449
    Token: "recommend"    	Type: TOKEN	Start: 4450	End: 4459
    Token: ":"            	Type: PUNCTUATION	Start: 4459	End: 4460

Paragraph Start: 4464
Paragraph End: 4613
  Text Unit Start: 4464
  Text Unit End: 4613
    Token: "ERIC"         	Type: TOKEN	Start: 4464	End: 4468
    Token: "CLAPTON"      	Type: TOKEN	Start: 4469	End: 4476
    Token: "12x18"        	Type: DIGITAL	Start: 4477	End: 4482
    Token: "LAMINATE"     	Type: TOKEN	Start: 4483	End: 4491
    Token: "1988"         	Type: DIGITAL	Start: 4492	End: 4496
    Token: "BLACK"        	Type: TOKEN	Start: 4497	End: 4502
    Token: "AND"          	Type: TOKEN	Start: 4503	End: 4506
    Token: "WHITE"        	Type: TOKEN	Start: 4507	End: 4512
    Token: "ARTIST"       	Type: TOKEN	Start: 4513	End: 4519
    Token: "SKETCH"       	Type: TOKEN	Start: 4520	End: 4526
    Token: "Eric"         	Type: TOKEN	Start: 4527	End: 4531
    Token: "and"          	Type: TOKEN	Start: 4532	End: 4535
    Token: "Guitar"       	Type: TOKEN	Start: 4536	End: 4542
    Token: "("            	Type: OPEN_BRACKET	Start: 4543	End: 4544	PTB: "-LRB-"
    Token: "Current"      	Type: TOKEN	Start: 4544	End: 4551
    Token: "bid"          	Type: TOKEN	Start: 4552	End: 4555
    Token: ":"            	Type: PUNCTUATION	Start: 4555	End: 4556
    Token: "$"            	Type: LEFTSPLIT	Start: 4557	End: 4558
    Token: "10.00"        	Type: DIGITAL	Start: 4558	End: 4563
    Token: ")"            	Type: CLOSE_BRACKET	Start: 4563	End: 4564	PTB: "-RRB-"
    Token: "ERIC"         	Type: TOKEN	Start: 4566	End: 4570
    Token: "CLAPTON"      	Type: TOKEN	Start: 4571	End: 4578
    Token: "~"            	Type: PUNCTUATION	Start: 4579	End: 4580
    Token: "by"           	Type: TOKEN	Start: 4581	End: 4583
    Token: "Marc"         	Type: TOKEN	Start: 4584	End: 4588
    Token: "Roberty"      	Type: TOKEN	Start: 4589	End: 4596
    Token: "~"            	Type: PUNCTUATION	Start: 4597	End: 4598
    Token: "("            	Type: OPEN_BRACKET	Start: 4599	End: 4600	PTB: "-LRB-"
    Token: "Price"        	Type: TOKEN	Start: 4600	End: 4605
    Token: ":"            	Type: PUNCTUATION	Start: 4605	End: 4606
    Token: "$"            	Type: LEFTSPLIT	Start: 4607	End: 4608
    Token: "7.95"         	Type: DIGITAL	Start: 4608	End: 4612
    Token: ")"            	Type: CLOSE_BRACKET	Start: 4612	End: 4613	PTB: "-RRB-"

Paragraph Start: 4617
Paragraph End: 4627
  Text Unit Start: 4617
  Text Unit End: 4627
    Token: "Listmania"    	Type: TOKEN	Start: 4617	End: 4626
    Token: "!"            	Type: TERM_PUNCT	Start: 4626	End: 4627

Paragraph Start: 4631
Paragraph End: 4853
  Text Unit Start: 4631
  Text Unit End: 4853
    Token: "The"          	Type: TOKEN	Start: 4631	End: 4634
    Token: "Best"         	Type: TOKEN	Start: 4635	End: 4639
    Token: "CD"           	Type: TOKEN	Start: 4640	End: 4642
    Token: "'s"           	Type: RIGHTSPLIT	Start: 4642	End: 4644
    Token: "of"           	Type: TOKEN	Start: 4645	End: 4647
    Token: "2001"         	Type: DIGITAL	Start: 4648	End: 4652
    Token: ":"            	Type: PUNCTUATION	Start: 4652	End: 4653
    Token: "A"            	Type: TOKEN	Start: 4654	End: 4655
    Token: "list"         	Type: TOKEN	Start: 4656	End: 4660
    Token: "by"           	Type: TOKEN	Start: 4661	End: 4663
    Token: "jonnylangnews"	Type: TOKEN	Start: 4664	End: 4677
    Token: ","            	Type: PUNCTUATION	Start: 4677	End: 4678
    Token: "Music"        	Type: TOKEN	Start: 4679	End: 4684
    Token: "Fan"          	Type: TOKEN	Start: 4685	End: 4688
    Token: "The"          	Type: TOKEN	Start: 4690	End: 4693
    Token: "Most"         	Type: TOKEN	Start: 4694	End: 4698
    Token: "Requested"    	Type: TOKEN	Start: 4699	End: 4708
    Token: "Music"        	Type: TOKEN	Start: 4709	End: 4714
    Token: "on"           	Type: TOKEN	Start: 4715	End: 4717
    Token: "the"          	Type: TOKEN	Start: 4718	End: 4721
    Token: "Radio"        	Type: TOKEN	Start: 4722	End: 4727
    Token: ":"            	Type: PUNCTUATION	Start: 4727	End: 4728
    Token: "A"            	Type: TOKEN	Start: 4729	End: 4730
    Token: "list"         	Type: TOKEN	Start: 4731	End: 4735
    Token: "by"           	Type: TOKEN	Start: 4736	End: 4738
    Token: "Michael"      	Type: TOKEN	Start: 4739	End: 4746
    Token: "Barbieri"     	Type: TOKEN	Start: 4747	End: 4755
    Token: ","            	Type: PUNCTUATION	Start: 4755	End: 4756
    Token: "National"     	Type: TOKEN	Start: 4757	End: 4765
    Token: "Radio"        	Type: TOKEN	Start: 4766	End: 4771
    Token: "Programmer"   	Type: TOKEN	Start: 4772	End: 4782
    Token: "GUITAR"       	Type: TOKEN	Start: 4784	End: 4790
    Token: "!"            	Type: TERM_PUNCT	Start: 4791	End: 4792
    Token: "!"            	Type: TERM_PUNCT	Start: 4792	End: 4793
    Token: "!"            	Type: TERM_PUNCT	Start: 4793	End: 4794
    Token: "!"            	Type: TERM_PUNCT	Start: 4794	End: 4795
    Token: "!"            	Type: TERM_PUNCT	Start: 4795	End: 4796
    Token: "!"            	Type: TERM_PUNCT	Start: 4796	End: 4797
    Token: ":"            	Type: PUNCTUATION	Start: 4797	End: 4798
    Token: "A"            	Type: TOKEN	Start: 4799	End: 4800
    Token: "list"         	Type: TOKEN	Start: 4801	End: 4805
    Token: "by"           	Type: TOKEN	Start: 4806	End: 4808
    Token: "Todd"         	Type: TOKEN	Start: 4809	End: 4813
    Token: "Tamanend"     	Type: TOKEN	Start: 4814	End: 4822
    Token: "Clark"        	Type: TOKEN	Start: 4823	End: 4828
    Token: ","            	Type: PUNCTUATION	Start: 4828	End: 4829
    Token: "Poet/Composer/Guitarist"	Type: TOKEN	Start: 4830	End: 4853	PTB: "Poet\/Composer\/Guitarist"

Paragraph Start: 4857
Paragraph End: 4891
  Text Unit Start: 4857
  Text Unit End: 4891
    Token: "Look"         	Type: TOKEN	Start: 4857	End: 4861
    Token: "for"          	Type: TOKEN	Start: 4862	End: 4865
    Token: "similar"      	Type: TOKEN	Start: 4866	End: 4873
    Token: "books"        	Type: TOKEN	Start: 4874	End: 4879
    Token: "by"           	Type: TOKEN	Start: 4880	End: 4882
    Token: "subject"      	Type: TOKEN	Start: 4883	End: 4890
    Token: ":"            	Type: PUNCTUATION	Start: 4890	End: 4891

Paragraph Start: 4895
Paragraph End: 4915
  Text Unit Start: 4895
  Text Unit End: 4915
    Token: "Browse"       	Type: TOKEN	Start: 4895	End: 4901
    Token: "for"          	Type: TOKEN	Start: 4902	End: 4905
    Token: "books"        	Type: TOKEN	Start: 4906	End: 4911
    Token: "in"           	Type: TOKEN	Start: 4912	End: 4914
    Token: ":"            	Type: PUNCTUATION	Start: 4914	End: 4915

Paragraph Start: 4919
Paragraph End: 4961
  Text Unit Start: 4919
  Text Unit End: 4961
    Token: "Subjects"     	Type: TOKEN	Start: 4919	End: 4927
    Token: ">"            	Type: PUNCTUATION	Start: 4928	End: 4929
    Token: "Biographies"  	Type: TOKEN	Start: 4930	End: 4941
    Token: "&"            	Type: PUNCTUATION	Start: 4942	End: 4943
    Token: "Memoirs"      	Type: TOKEN	Start: 4944	End: 4951
    Token: ">"            	Type: PUNCTUATION	Start: 4952	End: 4953
    Token: "General"      	Type: TOKEN	Start: 4954	End: 4961

Paragraph Start: 4965
Paragraph End: 5021
  Text Unit Start: 4965
  Text Unit End: 5021
    Token: "Subjects"     	Type: TOKEN	Start: 4965	End: 4973
    Token: ">"            	Type: PUNCTUATION	Start: 4974	End: 4975
    Token: "Entertainment"	Type: TOKEN	Start: 4976	End: 4989
    Token: ">"            	Type: PUNCTUATION	Start: 4990	End: 4991
    Token: "Music"        	Type: TOKEN	Start: 4992	End: 4997
    Token: ">"            	Type: PUNCTUATION	Start: 4998	End: 4999
    Token: "Musical"      	Type: TOKEN	Start: 5000	End: 5007
    Token: "Genres"       	Type: TOKEN	Start: 5008	End: 5014
    Token: ">"            	Type: PUNCTUATION	Start: 5015	End: 5016
    Token: "Rock"         	Type: TOKEN	Start: 5017	End: 5021

Paragraph Start: 5025
Paragraph End: 5053
  Text Unit Start: 5025
  Text Unit End: 5053
    Token: "Search"       	Type: TOKEN	Start: 5025	End: 5031
    Token: "for"          	Type: TOKEN	Start: 5032	End: 5035
    Token: "books"        	Type: TOKEN	Start: 5036	End: 5041
    Token: "by"           	Type: TOKEN	Start: 5042	End: 5044
    Token: "subject"      	Type: TOKEN	Start: 5045	End: 5052
    Token: ":"            	Type: PUNCTUATION	Start: 5052	End: 5053

Paragraph Start: 5057
Paragraph End: 5070
  Text Unit Start: 5057
  Text Unit End: 5070
    Token: "Clapton"      	Type: TOKEN	Start: 5057	End: 5064
    Token: ","            	Type: PUNCTUATION	Start: 5064	End: 5065
    Token: "Eric"         	Type: TOKEN	Start: 5066	End: 5070

Paragraph Start: 5074
Paragraph End: 5088
  Text Unit Start: 5074
  Text Unit End: 5088
    Token: "Rock"         	Type: TOKEN	Start: 5074	End: 5078
    Token: "musicians"    	Type: TOKEN	Start: 5079	End: 5088

Paragraph Start: 5092
Paragraph End: 5101
  Text Unit Start: 5092
  Text Unit End: 5101
    Token: "Biography"    	Type: TOKEN	Start: 5092	End: 5101

Paragraph Start: 5105
Paragraph End: 5115
  Text Unit Start: 5105
  Text Unit End: 5115
    Token: "Rock"         	Type: TOKEN	Start: 5105	End: 5109
    Token: "music"        	Type: TOKEN	Start: 5110	End: 5115

Paragraph Start: 5119
Paragraph End: 5144
  Text Unit Start: 5119
  Text Unit End: 5144
    Token: "Biography"    	Type: TOKEN	Start: 5119	End: 5128
    Token: "/"            	Type: PUNCTUATION	Start: 5129	End: 5130	PTB: "\/"
    Token: "Autobiography"	Type: TOKEN	Start: 5131	End: 5144

Paragraph Start: 5148
Paragraph End: 5153
  Text Unit Start: 5148
  Text Unit End: 5153
    Token: "Music"        	Type: TOKEN	Start: 5148	End: 5153

Paragraph Start: 5157
Paragraph End: 5161
  Text Unit Start: 5157
  Text Unit End: 5161
    Token: "Rock"         	Type: TOKEN	Start: 5157	End: 5161

Paragraph Start: 5165
Paragraph End: 5205
  Text Unit Start: 5165
  Text Unit End: 5205
    Token: "Find"         	Type: TOKEN	Start: 5165	End: 5169
    Token: "books"        	Type: TOKEN	Start: 5170	End: 5175
    Token: "matching"     	Type: TOKEN	Start: 5176	End: 5184
    Token: "ALL"          	Type: TOKEN	Start: 5185	End: 5188
    Token: "checked"      	Type: TOKEN	Start: 5189	End: 5196
    Token: "subjects"     	Type: TOKEN	Start: 5197	End: 5205

Paragraph Start: 5209
Paragraph End: 5267
  Text Unit Start: 5209
  Text Unit End: 5267
    Token: "i.e."         	Type: B_ABBREVIATION	Start: 5209	End: 5213
    Token: ","            	Type: PUNCTUATION	Start: 5213	End: 5214
    Token: "each"         	Type: TOKEN	Start: 5215	End: 5219
    Token: "book"         	Type: TOKEN	Start: 5220	End: 5224
    Token: "must"         	Type: TOKEN	Start: 5225	End: 5229
    Token: "be"           	Type: TOKEN	Start: 5230	End: 5232
    Token: "in"           	Type: TOKEN	Start: 5233	End: 5235
    Token: "subject"      	Type: TOKEN	Start: 5236	End: 5243
    Token: "1"            	Type: DIGITAL	Start: 5244	End: 5245
    Token: "AND"          	Type: TOKEN	Start: 5246	End: 5249
    Token: "subject"      	Type: TOKEN	Start: 5250	End: 5257
    Token: "2"            	Type: DIGITAL	Start: 5258	End: 5259
    Token: "AND"          	Type: TOKEN	Start: 5260	End: 5263
    Token: "."            	Type: TERM_PUNCT_P	Start: 5264	End: 5265
    Token: "."            	Type: TERM_PUNCT_P	Start: 5265	End: 5266
    Token: "."            	Type: TERM_PUNCT_P	Start: 5266	End: 5267

Paragraph Start: 5271
Paragraph End: 5365
  Text Unit Start: 5271
  Text Unit End: 5318
    Token: "I"            	Type: TOKEN	Start: 5271	End: 5272
    Token: "have"         	Type: TOKEN	Start: 5273	End: 5277
    Token: "read"         	Type: TOKEN	Start: 5278	End: 5282
    Token: "this"         	Type: TOKEN	Start: 5283	End: 5287
    Token: "book"         	Type: TOKEN	Start: 5288	End: 5292
    Token: ","            	Type: PUNCTUATION	Start: 5292	End: 5293
    Token: "and"          	Type: TOKEN	Start: 5294	End: 5297
    Token: "I"            	Type: TOKEN	Start: 5298	End: 5299
    Token: "want"         	Type: TOKEN	Start: 5300	End: 5304
    Token: "to"           	Type: TOKEN	Start: 5305	End: 5307
    Token: "review"       	Type: TOKEN	Start: 5308	End: 5314
    Token: "it"           	Type: TOKEN	Start: 5315	End: 5317
    Token: "."            	Type: TERM_PUNCT_P	Start: 5317	End: 5318
  Text Unit Start: 5320
  Text Unit End: 5365
    Token: "Correct"      	Type: TOKEN	Start: 5320	End: 5327
    Token: "errors"       	Type: TOKEN	Start: 5328	End: 5334
    Token: "and"          	Type: TOKEN	Start: 5335	End: 5338
    Token: "omissions"    	Type: TOKEN	Start: 5339	End: 5348
    Token: "in"           	Type: TOKEN	Start: 5349	End: 5351
    Token: "this"         	Type: TOKEN	Start: 5352	End: 5356
    Token: "listing"      	Type: TOKEN	Start: 5357	End: 5364
    Token: "."            	Type: TERM_PUNCT_P	Start: 5364	End: 5365

Paragraph Start: 5369
Paragraph End: 5404
  Text Unit Start: 5369
  Text Unit End: 5404
    Token: "Search"       	Type: TOKEN	Start: 5369	End: 5375
    Token: "Books"        	Type: TOKEN	Start: 5377	End: 5382
    Token: "All"          	Type: TOKEN	Start: 5384	End: 5387
    Token: "Products"     	Type: TOKEN	Start: 5388	End: 5396
    Token: "for"          	Type: TOKEN	Start: 5398	End: 5401
    Token: "Go"           	Type: TOKEN	Start: 5402	End: 5404

Paragraph Start: 5408
Paragraph End: 5417
  Text Unit Start: 5408
  Text Unit End: 5417
    Token: "Text"         	Type: TOKEN	Start: 5408	End: 5412
    Token: "Only"         	Type: TOKEN	Start: 5413	End: 5417

Paragraph Start: 5421
Paragraph End: 5432
  Text Unit Start: 5421
  Text Unit End: 5432
    Token: "Top"          	Type: TOKEN	Start: 5421	End: 5424
    Token: "of"           	Type: TOKEN	Start: 5425	End: 5427
    Token: "Page"         	Type: TOKEN	Start: 5428	End: 5432

Paragraph Start: 5436
Paragraph End: 5527
  Text Unit Start: 5436
  Text Unit End: 5527
    Token: "Book"         	Type: TOKEN	Start: 5436	End: 5440
    Token: "Search"       	Type: TOKEN	Start: 5441	End: 5447
    Token: "|"            	Type: PUNCTUATION	Start: 5448	End: 5449
    Token: "Browse"       	Type: TOKEN	Start: 5450	End: 5456
    Token: "Subjects"     	Type: TOKEN	Start: 5457	End: 5465
    Token: "|"            	Type: PUNCTUATION	Start: 5466	End: 5467
    Token: "Bestsellers"  	Type: TOKEN	Start: 5468	End: 5479
    Token: "|"            	Type: PUNCTUATION	Start: 5480	End: 5481
    Token: "New"          	Type: TOKEN	Start: 5482	End: 5485
    Token: "and"          	Type: TOKEN	Start: 5486	End: 5489
    Token: "Future"       	Type: TOKEN	Start: 5490	End: 5496
    Token: "Releases"     	Type: TOKEN	Start: 5497	End: 5505
    Token: "|"            	Type: PUNCTUATION	Start: 5506	End: 5507
    Token: "Bargain"      	Type: TOKEN	Start: 5508	End: 5515
    Token: "Book"         	Type: TOKEN	Start: 5516	End: 5520
    Token: "Outlet"       	Type: TOKEN	Start: 5521	End: 5527

Paragraph Start: 5531
Paragraph End: 5554
  Text Unit Start: 5531
  Text Unit End: 5554
    Token: "e-Books"      	Type: TOKEN	Start: 5531	End: 5538
    Token: "|"            	Type: PUNCTUATION	Start: 5539	End: 5540
    Token: "Rare"         	Type: TOKEN	Start: 5541	End: 5545
    Token: "and"          	Type: TOKEN	Start: 5546	End: 5549
    Token: "Used"         	Type: TOKEN	Start: 5550	End: 5554

Paragraph Start: 5558
Paragraph End: 5599
  Text Unit Start: 5558
  Text Unit End: 5599
    Token: "Amazon.com"   	Type: TOKEN	Start: 5558	End: 5568
    Token: "Home"         	Type: TOKEN	Start: 5569	End: 5573
    Token: "|"            	Type: PUNCTUATION	Start: 5574	End: 5575
    Token: "Directory"    	Type: TOKEN	Start: 5576	End: 5585
    Token: "of"           	Type: TOKEN	Start: 5586	End: 5588
    Token: "All"          	Type: TOKEN	Start: 5589	End: 5592
    Token: "Stores"       	Type: TOKEN	Start: 5593	End: 5599

Paragraph Start: 5603
Paragraph End: 5669
  Text Unit Start: 5603
  Text Unit End: 5669
    Token: "Our"          	Type: TOKEN	Start: 5603	End: 5606
    Token: "International"	Type: TOKEN	Start: 5607	End: 5620
    Token: "Sites"        	Type: TOKEN	Start: 5621	End: 5626
    Token: ":"            	Type: PUNCTUATION	Start: 5626	End: 5627
    Token: "United"       	Type: TOKEN	Start: 5628	End: 5634
    Token: "Kingdom"      	Type: TOKEN	Start: 5635	End: 5642
    Token: "|"            	Type: PUNCTUATION	Start: 5643	End: 5644
    Token: "Germany"      	Type: TOKEN	Start: 5645	End: 5652
    Token: "|"            	Type: PUNCTUATION	Start: 5653	End: 5654
    Token: "Japan"        	Type: TOKEN	Start: 5655	End: 5660
    Token: "|"            	Type: PUNCTUATION	Start: 5661	End: 5662
    Token: "France"       	Type: TOKEN	Start: 5663	End: 5669

Paragraph Start: 5673
Paragraph End: 5740
  Text Unit Start: 5673
  Text Unit End: 5740
    Token: "Help"         	Type: TOKEN	Start: 5673	End: 5677
    Token: "|"            	Type: PUNCTUATION	Start: 5678	End: 5679
    Token: "Shopping"     	Type: TOKEN	Start: 5680	End: 5688
    Token: "Cart"         	Type: TOKEN	Start: 5689	End: 5693
    Token: "|"            	Type: PUNCTUATION	Start: 5694	End: 5695
    Token: "Your"         	Type: TOKEN	Start: 5696	End: 5700
    Token: "Account"      	Type: TOKEN	Start: 5701	End: 5708
    Token: "|"            	Type: PUNCTUATION	Start: 5709	End: 5710
    Token: "Sell"         	Type: TOKEN	Start: 5711	End: 5715
    Token: "Items"        	Type: TOKEN	Start: 5716	End: 5721
    Token: "|"            	Type: PUNCTUATION	Start: 5722	End: 5723
    Token: "1-Click"      	Type: TOKEN	Start: 5724	End: 5731
    Token: "Settings"     	Type: TOKEN	Start: 5732	End: 5740

Paragraph Start: 5744
Paragraph End: 5777
  Text Unit Start: 5744
  Text Unit End: 5777
    Token: "About"        	Type: TOKEN	Start: 5744	End: 5749
    Token: "Amazon.com"   	Type: TOKEN	Start: 5750	End: 5760
    Token: "|"            	Type: PUNCTUATION	Start: 5761	End: 5762
    Token: "Join"         	Type: TOKEN	Start: 5763	End: 5767
    Token: "Our"          	Type: TOKEN	Start: 5768	End: 5771
    Token: "Staff"        	Type: TOKEN	Start: 5772	End: 5777

Paragraph Start: 5781
Paragraph End: 5863
  Text Unit Start: 5781
  Text Unit End: 5863
    Token: "Conditions"   	Type: TOKEN	Start: 5781	End: 5791
    Token: "of"           	Type: TOKEN	Start: 5792	End: 5794
    Token: "Use"          	Type: TOKEN	Start: 5795	End: 5798
    Token: "|"            	Type: PUNCTUATION	Start: 5799	End: 5800
    Token: "Privacy"      	Type: TOKEN	Start: 5801	End: 5808
    Token: "Notice"       	Type: TOKEN	Start: 5809	End: 5815
    Token: "©"            	Type: PUNCTUATION	Start: 5816	End: 5817
    Token: "1996-2001"    	Type: DIGITAL	Start: 5818	End: 5827
    Token: ","            	Type: PUNCTUATION	Start: 5827	End: 5828
    Token: "Amazon.com"   	Type: TOKEN	Start: 5829	End: 5839
    Token: ","            	Type: PUNCTUATION	Start: 5839	End: 5840
    Token: "Inc."         	Type: B_ABBREVIATION	Start: 5841	End: 5845
    Token: "or"           	Type: TOKEN	Start: 5846	End: 5848
    Token: "its"          	Type: TOKEN	Start: 5849	End: 5852
    Token: "affiliates"   	Type: TOKEN	Start: 5853	End: 5863

tokenize 2. of 10 en text...
D:\Projects\JTok\bin\..\data\english\english.txt
Paragraph Start: 0
Paragraph End: 689
  Text Unit Start: 0
  Text Unit End: 74
    Token: "They"         	Type: TOKEN	Start: 0	End: 4
    Token: "'re"          	Type: RIGHTSPLIT	Start: 4	End: 7
    Token: "the"          	Type: TOKEN	Start: 8	End: 11
    Token: "most"         	Type: TOKEN	Start: 12	End: 16
    Token: "popular"      	Type: TOKEN	Start: 17	End: 24
    Token: "and"          	Type: TOKEN	Start: 25	End: 28
    Token: "accomplished" 	Type: TOKEN	Start: 29	End: 41
    Token: "musical"      	Type: TOKEN	Start: 42	End: 49
    Token: "artists"      	Type: TOKEN	Start: 50	End: 57
    Token: "of"           	Type: TOKEN	Start: 58	End: 60
    Token: "this"         	Type: TOKEN	Start: 61	End: 65
    Token: "century"      	Type: TOKEN	Start: 66	End: 73
    Token: "."            	Type: TERM_PUNCT_P	Start: 73	End: 74
  Text Unit Start: 75
  Text Unit End: 248
    Token: "But"          	Type: TOKEN	Start: 75	End: 78
    Token: "for"          	Type: TOKEN	Start: 79	End: 82
    Token: "more"         	Type: TOKEN	Start: 83	End: 87
    Token: "than"         	Type: TOKEN	Start: 88	End: 92
    Token: "three"        	Type: TOKEN	Start: 93	End: 98
    Token: "decades"      	Type: TOKEN	Start: 99	End: 106
    Token: ","            	Type: PUNCTUATION	Start: 106	End: 107
    Token: "the"          	Type: TOKEN	Start: 108	End: 111
    Token: "secrets"      	Type: TOKEN	Start: 112	End: 119
    Token: "behind"       	Type: TOKEN	Start: 120	End: 126
    Token: "the"          	Type: TOKEN	Start: 127	End: 130
    Token: "Beatles"      	Type: TOKEN	Start: 131	End: 138
    Token: "'"            	Type: CLOSE_PUNCT	Start: 138	End: 139	PTB: "''"
    Token: "unparalleled" 	Type: TOKEN	Start: 140	End: 152
    Token: "artistic"     	Type: TOKEN	Start: 153	End: 161
    Token: "evolution"    	Type: TOKEN	Start: 162	End: 171
    Token: "were"         	Type: TOKEN	Start: 172	End: 176
    Token: "beyond"       	Type: TOKEN	Start: 177	End: 183
    Token: "reach"        	Type: TOKEN	Start: 184	End: 189
    Token: "--"           	Type: PUNCTUATION	Start: 190	End: 192
    Token: "sealed"       	Type: TOKEN	Start: 193	End: 199
    Token: "in"           	Type: TOKEN	Start: 200	End: 202
    Token: "a"            	Type: TOKEN	Start: 203	End: 204
    Token: "locked"       	Type: TOKEN	Start: 205	End: 211
    Token: "room"         	Type: TOKEN	Start: 212	End: 216
    Token: "at"           	Type: TOKEN	Start: 217	End: 219
    Token: "London"       	Type: TOKEN	Start: 220	End: 226
    Token: "'s"           	Type: RIGHTSPLIT	Start: 226	End: 228
    Token: "Abbey"        	Type: TOKEN	Start: 229	End: 234
    Token: "Road"         	Type: TOKEN	Start: 235	End: 239
    Token: "Studios"      	Type: TOKEN	Start: 240	End: 247
    Token: "."            	Type: TERM_PUNCT_P	Start: 247	End: 248
  Text Unit Start: 249
  Text Unit End: 689
    Token: "In"           	Type: TOKEN	Start: 249	End: 251
    Token: "this"         	Type: TOKEN	Start: 252	End: 256
    Token: "comprehensive"	Type: TOKEN	Start: 257	End: 270
    Token: "and"          	Type: TOKEN	Start: 271	End: 274
    Token: "brilliantly"  	Type: TOKEN	Start: 275	End: 286
    Token: "rendered"     	Type: TOKEN	Start: 287	End: 295
    Token: "book"         	Type: TOKEN	Start: 296	End: 300
    Token: "the"          	Type: TOKEN	Start: 301	End: 304
    Token: "only"         	Type: TOKEN	Start: 305	End: 309
    Token: """            	Type: OPEN_PUNCT	Start: 310	End: 311	PTB: "``"
    Token: "outsider"     	Type: TOKEN	Start: 311	End: 319
    Token: """            	Type: CLOSE_PUNCT	Start: 319	End: 320	PTB: "''"
    Token: "to"           	Type: TOKEN	Start: 321	End: 323
    Token: "gain"         	Type: TOKEN	Start: 324	End: 328
    Token: "access"       	Type: TOKEN	Start: 329	End: 335
    Token: "to"           	Type: TOKEN	Start: 336	End: 338
    Token: "these"        	Type: TOKEN	Start: 339	End: 344
    Token: "invaluable"   	Type: TOKEN	Start: 345	End: 355
    Token: "musical"      	Type: TOKEN	Start: 356	End: 363
    Token: "archives"     	Type: TOKEN	Start: 364	End: 372
    Token: "provides"     	Type: TOKEN	Start: 373	End: 381
    Token: "a"            	Type: TOKEN	Start: 382	End: 383
    Token: "new"          	Type: TOKEN	Start: 384	End: 387
    Token: ","            	Type: PUNCTUATION	Start: 387	End: 388
    Token: "fascinating"  	Type: TOKEN	Start: 389	End: 400
    Token: "look"         	Type: TOKEN	Start: 401	End: 405
    Token: "at"           	Type: TOKEN	Start: 406	End: 408
    Token: "the"          	Type: TOKEN	Start: 409	End: 412
    Token: "music"        	Type: TOKEN	Start: 413	End: 418
    Token: "and"          	Type: TOKEN	Start: 419	End: 422
    Token: "artistry"     	Type: TOKEN	Start: 423	End: 431
    Token: "of"           	Type: TOKEN	Start: 432	End: 434
    Token: "the"          	Type: TOKEN	Start: 435	End: 438
    Token: "Beatles"      	Type: TOKEN	Start: 439	End: 446
    Token: ","            	Type: PUNCTUATION	Start: 446	End: 447
    Token: "revealing"    	Type: TOKEN	Start: 448	End: 457
    Token: "how"          	Type: TOKEN	Start: 458	End: 461
    Token: "four"         	Type: TOKEN	Start: 462	End: 466
    Token: "untrained"    	Type: TOKEN	Start: 467	End: 476
    Token: "musicians"    	Type: TOKEN	Start: 477	End: 486
    Token: "merged"       	Type: TOKEN	Start: 487	End: 493
    Token: "their"        	Type: TOKEN	Start: 494	End: 499
    Token: "collective"   	Type: TOKEN	Start: 500	End: 510
    Token: "genius"       	Type: TOKEN	Start: 511	End: 517
    Token: "into"         	Type: TOKEN	Start: 518	End: 522
    Token: "a"            	Type: TOKEN	Start: 523	End: 524
    Token: "single"       	Type: TOKEN	Start: 525	End: 531
    Token: "creative"     	Type: TOKEN	Start: 532	End: 540
    Token: "force"        	Type: TOKEN	Start: 541	End: 546
    Token: ","            	Type: PUNCTUATION	Start: 546	End: 547
    Token: "how"          	Type: TOKEN	Start: 548	End: 551
    Token: "they"         	Type: TOKEN	Start: 552	End: 556
    Token: "came"         	Type: TOKEN	Start: 557	End: 561
    Token: "together"     	Type: TOKEN	Start: 562	End: 570
    Token: "to"           	Type: TOKEN	Start: 571	End: 573
    Token: "paint"        	Type: TOKEN	Start: 574	End: 579
    Token: "pictures"     	Type: TOKEN	Start: 580	End: 588
    Token: "with"         	Type: TOKEN	Start: 589	End: 593
    Token: "sound"        	Type: TOKEN	Start: 594	End: 599
    Token: "."            	Type: TERM_PUNCT_P	Start: 599	End: 600
    Token: "."            	Type: TERM_PUNCT_P	Start: 600	End: 601
    Token: "."            	Type: TERM_PUNCT_P	Start: 601	End: 602
    Token: "and"          	Type: TOKEN	Start: 602	End: 605
    Token: "how"          	Type: TOKEN	Start: 606	End: 609
    Token: "album"        	Type: TOKEN	Start: 610	End: 615
    Token: "by"           	Type: TOKEN	Start: 616	End: 618
    Token: "album"        	Type: TOKEN	Start: 619	End: 624
    Token: ","            	Type: PUNCTUATION	Start: 624	End: 625
    Token: "the"          	Type: TOKEN	Start: 626	End: 629
    Token: "Beatles"      	Type: TOKEN	Start: 630	End: 637
    Token: "transformed"  	Type: TOKEN	Start: 638	End: 649
    Token: "the"          	Type: TOKEN	Start: 650	End: 653
    Token: "landscape"    	Type: TOKEN	Start: 654	End: 663
    Token: "of"           	Type: TOKEN	Start: 664	End: 666
    Token: "popular"      	Type: TOKEN	Start: 667	End: 674
    Token: "music"        	Type: TOKEN	Start: 675	End: 680
    Token: "forever"      	Type: TOKEN	Start: 681	End: 688
    Token: "."            	Type: TERM_PUNCT_P	Start: 688	End: 689

Paragraph Start: 693
Paragraph End: 1128
  Text Unit Start: 693
  Text Unit End: 896
    Token: "Combining"    	Type: TOKEN	Start: 693	End: 702
    Token: "literary"     	Type: TOKEN	Start: 703	End: 711
    Token: "analysis"     	Type: TOKEN	Start: 712	End: 720
    Token: "and"          	Type: TOKEN	Start: 721	End: 724
    Token: "investigative"	Type: TOKEN	Start: 725	End: 738
    Token: "reporting"    	Type: TOKEN	Start: 739	End: 748
    Token: "with"         	Type: TOKEN	Start: 749	End: 753
    Token: "page-turning" 	Type: TOKEN	Start: 754	End: 766
    Token: "storytelling" 	Type: TOKEN	Start: 767	End: 779
    Token: "and"          	Type: TOKEN	Start: 780	End: 783
    Token: "musical"      	Type: TOKEN	Start: 784	End: 791
    Token: "explication"  	Type: TOKEN	Start: 792	End: 803
    Token: ","            	Type: PUNCTUATION	Start: 803	End: 804
    Token: "author"       	Type: TOKEN	Start: 805	End: 811
    Token: "Mark"         	Type: TOKEN	Start: 812	End: 816
    Token: "Hertsgaard"   	Type: TOKEN	Start: 817	End: 827
    Token: "has"          	Type: TOKEN	Start: 828	End: 831
    Token: "written"      	Type: TOKEN	Start: 832	End: 839
    Token: "the"          	Type: TOKEN	Start: 840	End: 843
    Token: "first"        	Type: TOKEN	Start: 844	End: 849
    Token: "serious"      	Type: TOKEN	Start: 850	End: 857
    Token: "biography"    	Type: TOKEN	Start: 858	End: 867
    Token: "of"           	Type: TOKEN	Start: 868	End: 870
    Token: "the"          	Type: TOKEN	Start: 871	End: 874
    Token: "music"        	Type: TOKEN	Start: 875	End: 880
    Token: "of"           	Type: TOKEN	Start: 881	End: 883
    Token: "the"          	Type: TOKEN	Start: 884	End: 887
    Token: "Beatles"      	Type: TOKEN	Start: 888	End: 895
    Token: "."            	Type: TERM_PUNCT_P	Start: 895	End: 896
  Text Unit Start: 897
  Text Unit End: 1128
    Token: "A"            	Type: TOKEN	Start: 897	End: 898
    Token: "Day"          	Type: TOKEN	Start: 899	End: 902
    Token: "in"           	Type: TOKEN	Start: 903	End: 905
    Token: "the"          	Type: TOKEN	Start: 906	End: 909
    Token: "Life"         	Type: TOKEN	Start: 910	End: 914
    Token: "takes"        	Type: TOKEN	Start: 915	End: 920
    Token: "readers"      	Type: TOKEN	Start: 921	End: 928
    Token: "inside"       	Type: TOKEN	Start: 929	End: 935
    Token: "the"          	Type: TOKEN	Start: 936	End: 939
    Token: "Beatles"      	Type: TOKEN	Start: 940	End: 947
    Token: "'"            	Type: CLOSE_PUNCT	Start: 947	End: 948	PTB: "''"
    Token: "creative"     	Type: TOKEN	Start: 949	End: 957
    Token: "process"      	Type: TOKEN	Start: 958	End: 965
    Token: "as"           	Type: TOKEN	Start: 966	End: 968
    Token: "never"        	Type: TOKEN	Start: 969	End: 974
    Token: "before"       	Type: TOKEN	Start: 975	End: 981
    Token: ","            	Type: PUNCTUATION	Start: 981	End: 982
    Token: "from"         	Type: TOKEN	Start: 983	End: 987
    Token: "the"          	Type: TOKEN	Start: 988	End: 991
    Token: "first"        	Type: TOKEN	Start: 992	End: 997
    Token: "tentative"    	Type: TOKEN	Start: 998	End: 1007
    Token: "run-throughs" 	Type: TOKEN	Start: 1008	End: 1020
    Token: "in"           	Type: TOKEN	Start: 1021	End: 1023
    Token: "the"          	Type: TOKEN	Start: 1024	End: 1027
    Token: "studio"       	Type: TOKEN	Start: 1028	End: 1034
    Token: "of"           	Type: TOKEN	Start: 1035	End: 1037
    Token: "such"         	Type: TOKEN	Start: 1038	End: 1042
    Token: "classics"     	Type: TOKEN	Start: 1043	End: 1051
    Token: "as"           	Type: TOKEN	Start: 1052	End: 1054
    Token: """            	Type: OPEN_PUNCT	Start: 1055	End: 1056	PTB: "``"
    Token: "Eleanor"      	Type: TOKEN	Start: 1056	End: 1063
    Token: "Rigby"        	Type: TOKEN	Start: 1064	End: 1069
    Token: """            	Type: CLOSE_PUNCT	Start: 1069	End: 1070	PTB: "''"
    Token: "and"          	Type: TOKEN	Start: 1071	End: 1074
    Token: """            	Type: OPEN_PUNCT	Start: 1075	End: 1076	PTB: "``"
    Token: "I"            	Type: TOKEN	Start: 1076	End: 1077
    Token: "Want"         	Type: TOKEN	Start: 1078	End: 1082
    Token: "to"           	Type: TOKEN	Start: 1083	End: 1085
    Token: "Hold"         	Type: TOKEN	Start: 1086	End: 1090
    Token: "Your"         	Type: TOKEN	Start: 1091	End: 1095
    Token: "Hand"         	Type: TOKEN	Start: 1096	End: 1100
    Token: """            	Type: CLOSE_PUNCT	Start: 1100	End: 1101	PTB: "''"
    Token: "to"           	Type: TOKEN	Start: 1102	End: 1104
    Token: "the"          	Type: TOKEN	Start: 1105	End: 1108
    Token: "final"        	Type: TOKEN	Start: 1109	End: 1114
    Token: "master"       	Type: TOKEN	Start: 1115	End: 1121
    Token: "tapes"        	Type: TOKEN	Start: 1122	End: 1127
    Token: "."            	Type: TERM_PUNCT_P	Start: 1127	End: 1128

Paragraph Start: 1132
Paragraph End: 1718
  Text Unit Start: 1132
  Text Unit End: 1341
    Token: "Here"         	Type: TOKEN	Start: 1132	End: 1136
    Token: "we"           	Type: TOKEN	Start: 1137	End: 1139
    Token: "learn"        	Type: TOKEN	Start: 1140	End: 1145
    Token: "how"          	Type: TOKEN	Start: 1146	End: 1149
    Token: "George"       	Type: TOKEN	Start: 1150	End: 1156
    Token: "Harrison"     	Type: TOKEN	Start: 1157	End: 1165
    Token: "'s"           	Type: RIGHTSPLIT	Start: 1165	End: 1167
    Token: "stirring"     	Type: TOKEN	Start: 1168	End: 1176
    Token: "composition"  	Type: TOKEN	Start: 1177	End: 1188
    Token: """            	Type: OPEN_PUNCT	Start: 1189	End: 1190	PTB: "``"
    Token: "While"        	Type: TOKEN	Start: 1190	End: 1195
    Token: "My"           	Type: TOKEN	Start: 1196	End: 1198
    Token: "Guitar"       	Type: TOKEN	Start: 1199	End: 1205
    Token: "Gently"       	Type: TOKEN	Start: 1206	End: 1212
    Token: "Weeps"        	Type: TOKEN	Start: 1213	End: 1218
    Token: """            	Type: CLOSE_PUNCT	Start: 1218	End: 1219	PTB: "''"
    Token: "was"          	Type: TOKEN	Start: 1220	End: 1223
    Token: "completely"   	Type: TOKEN	Start: 1224	End: 1234
    Token: "transformed"  	Type: TOKEN	Start: 1235	End: 1246
    Token: "from"         	Type: TOKEN	Start: 1247	End: 1251
    Token: "an"           	Type: TOKEN	Start: 1252	End: 1254
    Token: "achingly"     	Type: TOKEN	Start: 1255	End: 1263
    Token: "meditative"   	Type: TOKEN	Start: 1264	End: 1274
    Token: "acoustic"     	Type: TOKEN	Start: 1275	End: 1283
    Token: "masterpiece"  	Type: TOKEN	Start: 1284	End: 1295
    Token: "to"           	Type: TOKEN	Start: 1296	End: 1298
    Token: "a"            	Type: TOKEN	Start: 1299	End: 1300
    Token: "hard-rocking" 	Type: TOKEN	Start: 1301	End: 1313
    Token: "hit"          	Type: TOKEN	Start: 1314	End: 1317
    Token: "--"           	Type: PUNCTUATION	Start: 1318	End: 1320
    Token: "in"           	Type: TOKEN	Start: 1321	End: 1323
    Token: "forty-four"   	Type: TOKEN	Start: 1324	End: 1334
    Token: "takes"        	Type: TOKEN	Start: 1335	End: 1340
    Token: "."            	Type: TERM_PUNCT_P	Start: 1340	End: 1341
  Text Unit Start: 1342
  Text Unit End: 1562
    Token: "We"           	Type: TOKEN	Start: 1342	End: 1344
    Token: "recall"       	Type: TOKEN	Start: 1345	End: 1351
    Token: "how"          	Type: TOKEN	Start: 1352	End: 1355
    Token: "the"          	Type: TOKEN	Start: 1356	End: 1359
    Token: "fantastic"    	Type: TOKEN	Start: 1360	End: 1369
    Token: "final"        	Type: TOKEN	Start: 1370	End: 1375
    Token: "mix"          	Type: TOKEN	Start: 1376	End: 1379
    Token: "of"           	Type: TOKEN	Start: 1380	End: 1382
    Token: """            	Type: OPEN_PUNCT	Start: 1383	End: 1384	PTB: "``"
    Token: "Strawberry"   	Type: TOKEN	Start: 1384	End: 1394
    Token: "Fields"       	Type: TOKEN	Start: 1395	End: 1401
    Token: "Forever"      	Type: TOKEN	Start: 1402	End: 1409
    Token: """            	Type: CLOSE_PUNCT	Start: 1409	End: 1410	PTB: "''"
    Token: "opens"        	Type: TOKEN	Start: 1411	End: 1416
    Token: "the"          	Type: TOKEN	Start: 1417	End: 1420
    Token: "door"         	Type: TOKEN	Start: 1421	End: 1425
    Token: "to"           	Type: TOKEN	Start: 1426	End: 1428
    Token: "a"            	Type: TOKEN	Start: 1429	End: 1430
    Token: "psychedelic"  	Type: TOKEN	Start: 1431	End: 1442
    Token: "utopia"       	Type: TOKEN	Start: 1443	End: 1449
    Token: ","            	Type: PUNCTUATION	Start: 1449	End: 1450
    Token: "but"          	Type: TOKEN	Start: 1451	End: 1454
    Token: "discover"     	Type: TOKEN	Start: 1455	End: 1463
    Token: "it"           	Type: TOKEN	Start: 1464	End: 1466
    Token: "'s"           	Type: RIGHTSPLIT	Start: 1466	End: 1468
    Token: "the"          	Type: TOKEN	Start: 1469	End: 1472
    Token: "haunting"     	Type: TOKEN	Start: 1473	End: 1481
    Token: "solo"         	Type: TOKEN	Start: 1482	End: 1486
    Token: "version"      	Type: TOKEN	Start: 1487	End: 1494
    Token: "that"         	Type: TOKEN	Start: 1495	End: 1499
    Token: "takes"        	Type: TOKEN	Start: 1500	End: 1505
    Token: "us"           	Type: TOKEN	Start: 1506	End: 1508
    Token: "down"         	Type: TOKEN	Start: 1509	End: 1513
    Token: "to"           	Type: TOKEN	Start: 1514	End: 1516
    Token: "the"          	Type: TOKEN	Start: 1517	End: 1520
    Token: "core"         	Type: TOKEN	Start: 1521	End: 1525
    Token: "of"           	Type: TOKEN	Start: 1526	End: 1528
    Token: "John"         	Type: TOKEN	Start: 1529	End: 1533
    Token: "Lennon"       	Type: TOKEN	Start: 1534	End: 1540
    Token: "'s"           	Type: RIGHTSPLIT	Start: 1540	End: 1542
    Token: "disillusioned"	Type: TOKEN	Start: 1543	End: 1556
    Token: "soul"         	Type: TOKEN	Start: 1557	End: 1561
    Token: "."            	Type: TERM_PUNCT_P	Start: 1561	End: 1562
  Text Unit Start: 1563
  Text Unit End: 1718
    Token: "And"          	Type: TOKEN	Start: 1563	End: 1566
    Token: "only"         	Type: TOKEN	Start: 1567	End: 1571
    Token: "here"         	Type: TOKEN	Start: 1572	End: 1576
    Token: "do"           	Type: TOKEN	Start: 1577	End: 1579
    Token: "we"           	Type: TOKEN	Start: 1580	End: 1582
    Token: "see"          	Type: TOKEN	Start: 1583	End: 1586
    Token: "how"          	Type: TOKEN	Start: 1587	End: 1590
    Token: "the"          	Type: TOKEN	Start: 1591	End: 1594
    Token: "Beatles"      	Type: TOKEN	Start: 1595	End: 1602
    Token: "'"            	Type: CLOSE_PUNCT	Start: 1602	End: 1603	PTB: "''"
    Token: "audacious"    	Type: TOKEN	Start: 1604	End: 1613
    Token: "ability"      	Type: TOKEN	Start: 1614	End: 1621
    Token: "to"           	Type: TOKEN	Start: 1622	End: 1624
    Token: "reinvent"     	Type: TOKEN	Start: 1625	End: 1633
    Token: "themselves"   	Type: TOKEN	Start: 1634	End: 1644
    Token: "stamped"      	Type: TOKEN	Start: 1645	End: 1652
    Token: "the"          	Type: TOKEN	Start: 1653	End: 1656
    Token: "group"        	Type: TOKEN	Start: 1657	End: 1662
    Token: "'s"           	Type: RIGHTSPLIT	Start: 1662	End: 1664
    Token: "unfolding"    	Type: TOKEN	Start: 1665	End: 1674
    Token: "ingenuity"    	Type: TOKEN	Start: 1675	End: 1684
    Token: "on"           	Type: TOKEN	Start: 1685	End: 1687
    Token: "each"         	Type: TOKEN	Start: 1688	End: 1692
    Token: "album"        	Type: TOKEN	Start: 1693	End: 1698
    Token: "like"         	Type: TOKEN	Start: 1699	End: 1703
    Token: "a"            	Type: TOKEN	Start: 1704	End: 1705
    Token: "fingerprint"  	Type: TOKEN	Start: 1706	End: 1717
    Token: "."            	Type: TERM_PUNCT_P	Start: 1717	End: 1718

Paragraph Start: 1722
Paragraph End: 2246
  Text Unit Start: 1722
  Text Unit End: 1905
    Token: "With"         	Type: TOKEN	Start: 1722	End: 1726
    Token: "rare"         	Type: TOKEN	Start: 1727	End: 1731
    Token: "insight"      	Type: TOKEN	Start: 1732	End: 1739
    Token: ","            	Type: PUNCTUATION	Start: 1739	End: 1740
    Token: "Mark"         	Type: TOKEN	Start: 1741	End: 1745
    Token: "Hertsgaard"   	Type: TOKEN	Start: 1746	End: 1756
    Token: "unlocks"      	Type: TOKEN	Start: 1757	End: 1764
    Token: "the"          	Type: TOKEN	Start: 1765	End: 1768
    Token: "mystery"      	Type: TOKEN	Start: 1769	End: 1776
    Token: "of"           	Type: TOKEN	Start: 1777	End: 1779
    Token: "the"          	Type: TOKEN	Start: 1780	End: 1783
    Token: "century"      	Type: TOKEN	Start: 1784	End: 1791
    Token: "'s"           	Type: RIGHTSPLIT	Start: 1791	End: 1793
    Token: "most"         	Type: TOKEN	Start: 1794	End: 1798
    Token: "dynamic"      	Type: TOKEN	Start: 1799	End: 1806
    Token: "musical"      	Type: TOKEN	Start: 1807	End: 1814
    Token: "collaboration"	Type: TOKEN	Start: 1815	End: 1828
    Token: ":"            	Type: PUNCTUATION	Start: 1828	End: 1829
    Token: "the"          	Type: TOKEN	Start: 1830	End: 1833
    Token: "competitive"  	Type: TOKEN	Start: 1834	End: 1845
    Token: "and"          	Type: TOKEN	Start: 1846	End: 1849
    Token: "creative"     	Type: TOKEN	Start: 1850	End: 1858
    Token: "partnership"  	Type: TOKEN	Start: 1859	End: 1870
    Token: "of"           	Type: TOKEN	Start: 1871	End: 1873
    Token: "John"         	Type: TOKEN	Start: 1874	End: 1878
    Token: "Lennon"       	Type: TOKEN	Start: 1879	End: 1885
    Token: "and"          	Type: TOKEN	Start: 1886	End: 1889
    Token: "Paul"         	Type: TOKEN	Start: 1890	End: 1894
    Token: "McCartney"    	Type: TOKEN	Start: 1895	End: 1904
    Token: "."            	Type: TERM_PUNCT_P	Start: 1904	End: 1905
  Text Unit Start: 1906
  Text Unit End: 2128
    Token: "A"            	Type: TOKEN	Start: 1906	End: 1907
    Token: "Day"          	Type: TOKEN	Start: 1908	End: 1911
    Token: "in"           	Type: TOKEN	Start: 1912	End: 1914
    Token: "the"          	Type: TOKEN	Start: 1915	End: 1918
    Token: "Life"         	Type: TOKEN	Start: 1919	End: 1923
    Token: "traces"       	Type: TOKEN	Start: 1924	End: 1930
    Token: "the"          	Type: TOKEN	Start: 1931	End: 1934
    Token: "way"          	Type: TOKEN	Start: 1935	End: 1938
    Token: "Lennon"       	Type: TOKEN	Start: 1939	End: 1945
    Token: "and"          	Type: TOKEN	Start: 1946	End: 1949
    Token: "McCartney"    	Type: TOKEN	Start: 1950	End: 1959
    Token: "worked"       	Type: TOKEN	Start: 1960	End: 1966
    Token: "together"     	Type: TOKEN	Start: 1967	End: 1975
    Token: "and"          	Type: TOKEN	Start: 1976	End: 1979
    Token: "paints"       	Type: TOKEN	Start: 1980	End: 1986
    Token: "an"           	Type: TOKEN	Start: 1987	End: 1989
    Token: "intricate"    	Type: TOKEN	Start: 1990	End: 1999
    Token: "picture"      	Type: TOKEN	Start: 2000	End: 2007
    Token: "of"           	Type: TOKEN	Start: 2008	End: 2010
    Token: "the"          	Type: TOKEN	Start: 2011	End: 2014
    Token: "composers"    	Type: TOKEN	Start: 2015	End: 2024
    Token: "as"           	Type: TOKEN	Start: 2025	End: 2027
    Token: "we"           	Type: TOKEN	Start: 2028	End: 2030
    Token: "have"         	Type: TOKEN	Start: 2031	End: 2035
    Token: "never"        	Type: TOKEN	Start: 2036	End: 2041
    Token: "seen"         	Type: TOKEN	Start: 2042	End: 2046
    Token: "them"         	Type: TOKEN	Start: 2047	End: 2051
    Token: "before"       	Type: TOKEN	Start: 2052	End: 2058
    Token: ":"            	Type: PUNCTUATION	Start: 2058	End: 2059
    Token: "Paul"         	Type: TOKEN	Start: 2060	End: 2064
    Token: ","            	Type: PUNCTUATION	Start: 2064	End: 2065
    Token: "the"          	Type: TOKEN	Start: 2066	End: 2069
    Token: "optimistic"   	Type: TOKEN	Start: 2070	End: 2080
    Token: "foil"         	Type: TOKEN	Start: 2081	End: 2085
    Token: "who"          	Type: TOKEN	Start: 2086	End: 2089
    Token: "made"         	Type: TOKEN	Start: 2090	End: 2094
    Token: "John"         	Type: TOKEN	Start: 2095	End: 2099
    Token: "'s"           	Type: RIGHTSPLIT	Start: 2099	End: 2101
    Token: "ominous"      	Type: TOKEN	Start: 2102	End: 2109
    Token: "fragments"    	Type: TOKEN	Start: 2110	End: 2119
    Token: "whole"        	Type: TOKEN	Start: 2120	End: 2125
    Token: "."            	Type: TERM_PUNCT_P	Start: 2125	End: 2126
    Token: "."            	Type: TERM_PUNCT_P	Start: 2126	End: 2127
    Token: "."            	Type: TERM_PUNCT_P	Start: 2127	End: 2128
  Text Unit Start: 2128
  Text Unit End: 2246
    Token: "John"         	Type: TOKEN	Start: 2128	End: 2132
    Token: ","            	Type: PUNCTUATION	Start: 2132	End: 2133
    Token: "the"          	Type: TOKEN	Start: 2134	End: 2137
    Token: "natural"      	Type: TOKEN	Start: 2138	End: 2145
    Token: "poet"         	Type: TOKEN	Start: 2146	End: 2150
    Token: "who"          	Type: TOKEN	Start: 2151	End: 2154
    Token: "injected"     	Type: TOKEN	Start: 2155	End: 2163
    Token: "raw"          	Type: TOKEN	Start: 2164	End: 2167
    Token: "sexuality"    	Type: TOKEN	Start: 2168	End: 2177
    Token: "into"         	Type: TOKEN	Start: 2178	End: 2182
    Token: """            	Type: OPEN_PUNCT	Start: 2183	End: 2184	PTB: "``"
    Token: "I"            	Type: TOKEN	Start: 2184	End: 2185
    Token: "Saw"          	Type: TOKEN	Start: 2186	End: 2189
    Token: "Her"          	Type: TOKEN	Start: 2190	End: 2193
    Token: "Standing"     	Type: TOKEN	Start: 2194	End: 2202
    Token: "There"        	Type: TOKEN	Start: 2203	End: 2208
    Token: """            	Type: CLOSE_PUNCT	Start: 2208	End: 2209	PTB: "''"
    Token: "by"           	Type: TOKEN	Start: 2210	End: 2212
    Token: "making"       	Type: TOKEN	Start: 2213	End: 2219
    Token: "a"            	Type: TOKEN	Start: 2220	End: 2221
    Token: "simple"       	Type: TOKEN	Start: 2222	End: 2228
    Token: "five"         	Type: TOKEN	Start: 2229	End: 2233
    Token: "word"         	Type: TOKEN	Start: 2234	End: 2238
    Token: "change"       	Type: TOKEN	Start: 2239	End: 2245
    Token: "."            	Type: TERM_PUNCT_P	Start: 2245	End: 2246

Paragraph Start: 2250
Paragraph End: 2486
  Text Unit Start: 2250
  Text Unit End: 2486
    Token: "Smart"        	Type: TOKEN	Start: 2250	End: 2255
    Token: ","            	Type: PUNCTUATION	Start: 2255	End: 2256
    Token: "fresh"        	Type: TOKEN	Start: 2257	End: 2262
    Token: ","            	Type: PUNCTUATION	Start: 2262	End: 2263
    Token: "compulsively" 	Type: TOKEN	Start: 2264	End: 2276
    Token: "readable"     	Type: TOKEN	Start: 2277	End: 2285
    Token: ","            	Type: PUNCTUATION	Start: 2285	End: 2286
    Token: "A"            	Type: TOKEN	Start: 2287	End: 2288
    Token: "Day"          	Type: TOKEN	Start: 2289	End: 2292
    Token: "in"           	Type: TOKEN	Start: 2293	End: 2295
    Token: "the"          	Type: TOKEN	Start: 2296	End: 2299
    Token: "Life"         	Type: TOKEN	Start: 2300	End: 2304
    Token: "reveals"      	Type: TOKEN	Start: 2305	End: 2312
    Token: "John"         	Type: TOKEN	Start: 2313	End: 2317
    Token: ","            	Type: PUNCTUATION	Start: 2317	End: 2318
    Token: "Paul"         	Type: TOKEN	Start: 2319	End: 2323
    Token: ","            	Type: PUNCTUATION	Start: 2323	End: 2324
    Token: "George"       	Type: TOKEN	Start: 2325	End: 2331
    Token: ","            	Type: PUNCTUATION	Start: 2331	End: 2332
    Token: "and"          	Type: TOKEN	Start: 2333	End: 2336
    Token: "Ringo"        	Type: TOKEN	Start: 2337	End: 2342
    Token: "not"          	Type: TOKEN	Start: 2343	End: 2346
    Token: "as"           	Type: TOKEN	Start: 2347	End: 2349
    Token: "celebrities"  	Type: TOKEN	Start: 2350	End: 2361
    Token: "or"           	Type: TOKEN	Start: 2362	End: 2364
    Token: "cultural"     	Type: TOKEN	Start: 2365	End: 2373
    Token: "icons"        	Type: TOKEN	Start: 2374	End: 2379
    Token: "but"          	Type: TOKEN	Start: 2380	End: 2383
    Token: "as"           	Type: TOKEN	Start: 2384	End: 2386
    Token: "musicians"    	Type: TOKEN	Start: 2387	End: 2396
    Token: "whose"        	Type: TOKEN	Start: 2397	End: 2402
    Token: "work"         	Type: TOKEN	Start: 2403	End: 2407
    Token: "will"         	Type: TOKEN	Start: 2408	End: 2412
    Token: "be"           	Type: TOKEN	Start: 2413	End: 2415
    Token: "remembered"   	Type: TOKEN	Start: 2416	End: 2426
    Token: "as"           	Type: TOKEN	Start: 2427	End: 2429
    Token: "some"         	Type: TOKEN	Start: 2430	End: 2434
    Token: "of"           	Type: TOKEN	Start: 2435	End: 2437
    Token: "the"          	Type: TOKEN	Start: 2438	End: 2441
    Token: "most"         	Type: TOKEN	Start: 2442	End: 2446
    Token: "important"    	Type: TOKEN	Start: 2447	End: 2456
    Token: "art"          	Type: TOKEN	Start: 2457	End: 2460
    Token: "of"           	Type: TOKEN	Start: 2461	End: 2463
    Token: "the"          	Type: TOKEN	Start: 2464	End: 2467
    Token: "twentieth"    	Type: TOKEN	Start: 2468	End: 2477
    Token: "century"      	Type: TOKEN	Start: 2478	End: 2485
    Token: "."            	Type: TERM_PUNCT_P	Start: 2485	End: 2486

tokenize 3. of 10 en text...
D:\Projects\JTok\bin\..\data\english\randomhouse-hertsgaard.txt
Paragraph Start: 1
Paragraph End: 38
  Text Unit Start: 1
  Text Unit End: 38
    Token: "DAY"          	Type: TOKEN	Start: 1	End: 4
    Token: "IN"           	Type: TOKEN	Start: 5	End: 7
    Token: "THE"          	Type: TOKEN	Start: 8	End: 11
    Token: "LIFE"         	Type: TOKEN	Start: 12	End: 16
    Token: ","            	Type: PUNCTUATION	Start: 16	End: 17
    Token: "A"            	Type: TOKEN	Start: 18	End: 19
    Token: "by"           	Type: TOKEN	Start: 20	End: 22
    Token: "Mark"         	Type: TOKEN	Start: 23	End: 27
    Token: "Hertsgaard"   	Type: TOKEN	Start: 28	End: 38

Paragraph Start: 42
Paragraph End: 60
  Text Unit Start: 42
  Text Unit End: 60
    Token: "DAY"          	Type: TOKEN	Start: 42	End: 45
    Token: "IN"           	Type: TOKEN	Start: 46	End: 48
    Token: "THE"          	Type: TOKEN	Start: 49	End: 52
    Token: "LIFE"         	Type: TOKEN	Start: 53	End: 57
    Token: ","            	Type: PUNCTUATION	Start: 57	End: 58
    Token: "A"            	Type: TOKEN	Start: 59	End: 60

Paragraph Start: 64
Paragraph End: 79
  Text Unit Start: 64
  Text Unit End: 79
    Token: "Mark"         	Type: TOKEN	Start: 64	End: 68
    Token: "Hertsgaard"   	Type: TOKEN	Start: 69	End: 79

Paragraph Start: 83
Paragraph End: 88
  Text Unit Start: 83
  Text Unit End: 88
    Token: "Music"        	Type: TOKEN	Start: 83	End: 88

Paragraph Start: 92
Paragraph End: 128
  Text Unit Start: 92
  Text Unit End: 128
    Token: "Delta"        	Type: TOKEN	Start: 92	End: 97
    Token: "|"            	Type: PUNCTUATION	Start: 98	End: 99
    Token: "Trade"        	Type: TOKEN	Start: 100	End: 105
    Token: "Paperback"    	Type: TOKEN	Start: 106	End: 115
    Token: "|"            	Type: PUNCTUATION	Start: 116	End: 117
    Token: "March"        	Type: TOKEN	Start: 118	End: 123
    Token: "1996"         	Type: DIGITAL	Start: 124	End: 128

Paragraph Start: 132
Paragraph End: 155
  Text Unit Start: 132
  Text Unit End: 155
    Token: "$"            	Type: TOKEN	Start: 132	End: 133
    Token: "15.95"        	Type: DIGITAL	Start: 134	End: 139
    Token: "|"            	Type: PUNCTUATION	Start: 140	End: 141
    Token: "0-385-31517-1"	Type: DIGITAL	Start: 142	End: 155

Paragraph Start: 159
Paragraph End: 174
  Text Unit Start: 159
  Text Unit End: 174
    Token: "About"        	Type: TOKEN	Start: 159	End: 164
    Token: "this"         	Type: TOKEN	Start: 165	End: 169
    Token: "Book"         	Type: TOKEN	Start: 170	End: 174

Paragraph Start: 178
Paragraph End: 868
  Text Unit Start: 178
  Text Unit End: 253
    Token: "They"         	Type: TOKEN	Start: 178	End: 182
    Token: "are"          	Type: TOKEN	Start: 183	End: 186
    Token: "the"          	Type: TOKEN	Start: 187	End: 190
    Token: "most"         	Type: TOKEN	Start: 191	End: 195
    Token: "popular"      	Type: TOKEN	Start: 196	End: 203
    Token: "and"          	Type: TOKEN	Start: 204	End: 207
    Token: "accomplished" 	Type: TOKEN	Start: 208	End: 220
    Token: "musical"      	Type: TOKEN	Start: 221	End: 228
    Token: "artists"      	Type: TOKEN	Start: 229	End: 236
    Token: "of"           	Type: TOKEN	Start: 237	End: 239
    Token: "this"         	Type: TOKEN	Start: 240	End: 244
    Token: "century"      	Type: TOKEN	Start: 245	End: 252
    Token: "."            	Type: TERM_PUNCT_P	Start: 252	End: 253
  Text Unit Start: 254
  Text Unit End: 427
    Token: "But"          	Type: TOKEN	Start: 254	End: 257
    Token: "for"          	Type: TOKEN	Start: 258	End: 261
    Token: "more"         	Type: TOKEN	Start: 262	End: 266
    Token: "than"         	Type: TOKEN	Start: 267	End: 271
    Token: "three"        	Type: TOKEN	Start: 272	End: 277
    Token: "decades"      	Type: TOKEN	Start: 278	End: 285
    Token: ","            	Type: PUNCTUATION	Start: 285	End: 286
    Token: "the"          	Type: TOKEN	Start: 287	End: 290
    Token: "secrets"      	Type: TOKEN	Start: 291	End: 298
    Token: "behind"       	Type: TOKEN	Start: 299	End: 305
    Token: "the"          	Type: TOKEN	Start: 306	End: 309
    Token: "Beatles"      	Type: TOKEN	Start: 310	End: 317
    Token: "'"            	Type: CLOSE_PUNCT	Start: 317	End: 318	PTB: "''"
    Token: "unparalleled" 	Type: TOKEN	Start: 319	End: 331
    Token: "artistic"     	Type: TOKEN	Start: 332	End: 340
    Token: "evolution"    	Type: TOKEN	Start: 341	End: 350
    Token: "were"         	Type: TOKEN	Start: 351	End: 355
    Token: "beyond"       	Type: TOKEN	Start: 356	End: 362
    Token: "reach"        	Type: TOKEN	Start: 363	End: 368
    Token: "--"           	Type: PUNCTUATION	Start: 369	End: 371
    Token: "sealed"       	Type: TOKEN	Start: 372	End: 378
    Token: "in"           	Type: TOKEN	Start: 379	End: 381
    Token: "a"            	Type: TOKEN	Start: 382	End: 383
    Token: "locked"       	Type: TOKEN	Start: 384	End: 390
    Token: "room"         	Type: TOKEN	Start: 391	End: 395
    Token: "at"           	Type: TOKEN	Start: 396	End: 398
    Token: "London"       	Type: TOKEN	Start: 399	End: 405
    Token: "'s"           	Type: RIGHTSPLIT	Start: 405	End: 407
    Token: "Abbey"        	Type: TOKEN	Start: 408	End: 413
    Token: "Road"         	Type: TOKEN	Start: 414	End: 418
    Token: "Studios"      	Type: TOKEN	Start: 419	End: 426
    Token: "."            	Type: TERM_PUNCT_P	Start: 426	End: 427
  Text Unit Start: 428
  Text Unit End: 868
    Token: "In"           	Type: TOKEN	Start: 428	End: 430
    Token: "this"         	Type: TOKEN	Start: 431	End: 435
    Token: "comprehensive"	Type: TOKEN	Start: 436	End: 449
    Token: "and"          	Type: TOKEN	Start: 450	End: 453
    Token: "brilliantly"  	Type: TOKEN	Start: 454	End: 465
    Token: "rendered"     	Type: TOKEN	Start: 466	End: 474
    Token: "book"         	Type: TOKEN	Start: 475	End: 479
    Token: "the"          	Type: TOKEN	Start: 480	End: 483
    Token: "only"         	Type: TOKEN	Start: 484	End: 488
    Token: """            	Type: OPEN_PUNCT	Start: 489	End: 490	PTB: "``"
    Token: "outsider"     	Type: TOKEN	Start: 490	End: 498
    Token: """            	Type: CLOSE_PUNCT	Start: 498	End: 499	PTB: "''"
    Token: "to"           	Type: TOKEN	Start: 500	End: 502
    Token: "gain"         	Type: TOKEN	Start: 503	End: 507
    Token: "access"       	Type: TOKEN	Start: 508	End: 514
    Token: "to"           	Type: TOKEN	Start: 515	End: 517
    Token: "these"        	Type: TOKEN	Start: 518	End: 523
    Token: "invaluable"   	Type: TOKEN	Start: 524	End: 534
    Token: "musical"      	Type: TOKEN	Start: 535	End: 542
    Token: "archives"     	Type: TOKEN	Start: 543	End: 551
    Token: "provides"     	Type: TOKEN	Start: 552	End: 560
    Token: "a"            	Type: TOKEN	Start: 561	End: 562
    Token: "new"          	Type: TOKEN	Start: 563	End: 566
    Token: ","            	Type: PUNCTUATION	Start: 566	End: 567
    Token: "fascinating"  	Type: TOKEN	Start: 568	End: 579
    Token: "look"         	Type: TOKEN	Start: 580	End: 584
    Token: "at"           	Type: TOKEN	Start: 585	End: 587
    Token: "the"          	Type: TOKEN	Start: 588	End: 591
    Token: "music"        	Type: TOKEN	Start: 592	End: 597
    Token: "and"          	Type: TOKEN	Start: 598	End: 601
    Token: "artistry"     	Type: TOKEN	Start: 602	End: 610
    Token: "of"           	Type: TOKEN	Start: 611	End: 613
    Token: "the"          	Type: TOKEN	Start: 614	End: 617
    Token: "Beatles"      	Type: TOKEN	Start: 618	End: 625
    Token: ","            	Type: PUNCTUATION	Start: 625	End: 626
    Token: "revealing"    	Type: TOKEN	Start: 627	End: 636
    Token: "how"          	Type: TOKEN	Start: 637	End: 640
    Token: "four"         	Type: TOKEN	Start: 641	End: 645
    Token: "untrained"    	Type: TOKEN	Start: 646	End: 655
    Token: "musicians"    	Type: TOKEN	Start: 656	End: 665
    Token: "merged"       	Type: TOKEN	Start: 666	End: 672
    Token: "their"        	Type: TOKEN	Start: 673	End: 678
    Token: "collective"   	Type: TOKEN	Start: 679	End: 689
    Token: "genius"       	Type: TOKEN	Start: 690	End: 696
    Token: "into"         	Type: TOKEN	Start: 697	End: 701
    Token: "a"            	Type: TOKEN	Start: 702	End: 703
    Token: "single"       	Type: TOKEN	Start: 704	End: 710
    Token: "creative"     	Type: TOKEN	Start: 711	End: 719
    Token: "force"        	Type: TOKEN	Start: 720	End: 725
    Token: ","            	Type: PUNCTUATION	Start: 725	End: 726
    Token: "how"          	Type: TOKEN	Start: 727	End: 730
    Token: "they"         	Type: TOKEN	Start: 731	End: 735
    Token: "came"         	Type: TOKEN	Start: 736	End: 740
    Token: "together"     	Type: TOKEN	Start: 741	End: 749
    Token: "to"           	Type: TOKEN	Start: 750	End: 752
    Token: "paint"        	Type: TOKEN	Start: 753	End: 758
    Token: "pictures"     	Type: TOKEN	Start: 759	End: 767
    Token: "with"         	Type: TOKEN	Start: 768	End: 772
    Token: "sound"        	Type: TOKEN	Start: 773	End: 778
    Token: "."            	Type: TERM_PUNCT_P	Start: 778	End: 779
    Token: "."            	Type: TERM_PUNCT_P	Start: 779	End: 780
    Token: "."            	Type: TERM_PUNCT_P	Start: 780	End: 781
    Token: "and"          	Type: TOKEN	Start: 781	End: 784
    Token: "how"          	Type: TOKEN	Start: 785	End: 788
    Token: "album"        	Type: TOKEN	Start: 789	End: 794
    Token: "by"           	Type: TOKEN	Start: 795	End: 797
    Token: "album"        	Type: TOKEN	Start: 798	End: 803
    Token: ","            	Type: PUNCTUATION	Start: 803	End: 804
    Token: "the"          	Type: TOKEN	Start: 805	End: 808
    Token: "Beatles"      	Type: TOKEN	Start: 809	End: 816
    Token: "transformed"  	Type: TOKEN	Start: 817	End: 828
    Token: "the"          	Type: TOKEN	Start: 829	End: 832
    Token: "landscape"    	Type: TOKEN	Start: 833	End: 842
    Token: "of"           	Type: TOKEN	Start: 843	End: 845
    Token: "popular"      	Type: TOKEN	Start: 846	End: 853
    Token: "music"        	Type: TOKEN	Start: 854	End: 859
    Token: "forever"      	Type: TOKEN	Start: 860	End: 867
    Token: "."            	Type: TERM_PUNCT_P	Start: 867	End: 868

Paragraph Start: 872
Paragraph End: 1307
  Text Unit Start: 872
  Text Unit End: 1075
    Token: "Combining"    	Type: TOKEN	Start: 872	End: 881
    Token: "literary"     	Type: TOKEN	Start: 882	End: 890
    Token: "analysis"     	Type: TOKEN	Start: 891	End: 899
    Token: "and"          	Type: TOKEN	Start: 900	End: 903
    Token: "investigative"	Type: TOKEN	Start: 904	End: 917
    Token: "reporting"    	Type: TOKEN	Start: 918	End: 927
    Token: "with"         	Type: TOKEN	Start: 928	End: 932
    Token: "page-turning" 	Type: TOKEN	Start: 933	End: 945
    Token: "storytelling" 	Type: TOKEN	Start: 946	End: 958
    Token: "and"          	Type: TOKEN	Start: 959	End: 962
    Token: "musical"      	Type: TOKEN	Start: 963	End: 970
    Token: "explication"  	Type: TOKEN	Start: 971	End: 982
    Token: ","            	Type: PUNCTUATION	Start: 982	End: 983
    Token: "author"       	Type: TOKEN	Start: 984	End: 990
    Token: "Mark"         	Type: TOKEN	Start: 991	End: 995
    Token: "Hertsgaard"   	Type: TOKEN	Start: 996	End: 1006
    Token: "has"          	Type: TOKEN	Start: 1007	End: 1010
    Token: "written"      	Type: TOKEN	Start: 1011	End: 1018
    Token: "the"          	Type: TOKEN	Start: 1019	End: 1022
    Token: "first"        	Type: TOKEN	Start: 1023	End: 1028
    Token: "serious"      	Type: TOKEN	Start: 1029	End: 1036
    Token: "biography"    	Type: TOKEN	Start: 1037	End: 1046
    Token: "of"           	Type: TOKEN	Start: 1047	End: 1049
    Token: "the"          	Type: TOKEN	Start: 1050	End: 1053
    Token: "music"        	Type: TOKEN	Start: 1054	End: 1059
    Token: "of"           	Type: TOKEN	Start: 1060	End: 1062
    Token: "the"          	Type: TOKEN	Start: 1063	End: 1066
    Token: "Beatles"      	Type: TOKEN	Start: 1067	End: 1074
    Token: "."            	Type: TERM_PUNCT_P	Start: 1074	End: 1075
  Text Unit Start: 1076
  Text Unit End: 1307
    Token: "A"            	Type: TOKEN	Start: 1076	End: 1077
    Token: "Day"          	Type: TOKEN	Start: 1078	End: 1081
    Token: "in"           	Type: TOKEN	Start: 1082	End: 1084
    Token: "the"          	Type: TOKEN	Start: 1085	End: 1088
    Token: "Life"         	Type: TOKEN	Start: 1089	End: 1093
    Token: "takes"        	Type: TOKEN	Start: 1094	End: 1099
    Token: "readers"      	Type: TOKEN	Start: 1100	End: 1107
    Token: "inside"       	Type: TOKEN	Start: 1108	End: 1114
    Token: "the"          	Type: TOKEN	Start: 1115	End: 1118
    Token: "Beatles"      	Type: TOKEN	Start: 1119	End: 1126
    Token: "'"            	Type: CLOSE_PUNCT	Start: 1126	End: 1127	PTB: "''"
    Token: "creative"     	Type: TOKEN	Start: 1128	End: 1136
    Token: "process"      	Type: TOKEN	Start: 1137	End: 1144
    Token: "as"           	Type: TOKEN	Start: 1145	End: 1147
    Token: "never"        	Type: TOKEN	Start: 1148	End: 1153
    Token: "before"       	Type: TOKEN	Start: 1154	End: 1160
    Token: ","            	Type: PUNCTUATION	Start: 1160	End: 1161
    Token: "from"         	Type: TOKEN	Start: 1162	End: 1166
    Token: "the"          	Type: TOKEN	Start: 1167	End: 1170
    Token: "first"        	Type: TOKEN	Start: 1171	End: 1176
    Token: "tentative"    	Type: TOKEN	Start: 1177	End: 1186
    Token: "run-throughs" 	Type: TOKEN	Start: 1187	End: 1199
    Token: "in"           	Type: TOKEN	Start: 1200	End: 1202
    Token: "the"          	Type: TOKEN	Start: 1203	End: 1206
    Token: "studio"       	Type: TOKEN	Start: 1207	End: 1213
    Token: "of"           	Type: TOKEN	Start: 1214	End: 1216
    Token: "such"         	Type: TOKEN	Start: 1217	End: 1221
    Token: "classics"     	Type: TOKEN	Start: 1222	End: 1230
    Token: "as"           	Type: TOKEN	Start: 1231	End: 1233
    Token: """            	Type: OPEN_PUNCT	Start: 1234	End: 1235	PTB: "``"
    Token: "Eleanor"      	Type: TOKEN	Start: 1235	End: 1242
    Token: "Rigby"        	Type: TOKEN	Start: 1243	End: 1248
    Token: """            	Type: CLOSE_PUNCT	Start: 1248	End: 1249	PTB: "''"
    Token: "and"          	Type: TOKEN	Start: 1250	End: 1253
    Token: """            	Type: OPEN_PUNCT	Start: 1254	End: 1255	PTB: "``"
    Token: "I"            	Type: TOKEN	Start: 1255	End: 1256
    Token: "Want"         	Type: TOKEN	Start: 1257	End: 1261
    Token: "to"           	Type: TOKEN	Start: 1262	End: 1264
    Token: "Hold"         	Type: TOKEN	Start: 1265	End: 1269
    Token: "Your"         	Type: TOKEN	Start: 1270	End: 1274
    Token: "Hand"         	Type: TOKEN	Start: 1275	End: 1279
    Token: """            	Type: CLOSE_PUNCT	Start: 1279	End: 1280	PTB: "''"
    Token: "to"           	Type: TOKEN	Start: 1281	End: 1283
    Token: "the"          	Type: TOKEN	Start: 1284	End: 1287
    Token: "final"        	Type: TOKEN	Start: 1288	End: 1293
    Token: "master"       	Type: TOKEN	Start: 1294	End: 1300
    Token: "tapes"        	Type: TOKEN	Start: 1301	End: 1306
    Token: "."            	Type: TERM_PUNCT_P	Start: 1306	End: 1307

Paragraph Start: 1311
Paragraph End: 1898
  Text Unit Start: 1311
  Text Unit End: 1520
    Token: "Here"         	Type: TOKEN	Start: 1311	End: 1315
    Token: "we"           	Type: TOKEN	Start: 1316	End: 1318
    Token: "learn"        	Type: TOKEN	Start: 1319	End: 1324
    Token: "how"          	Type: TOKEN	Start: 1325	End: 1328
    Token: "George"       	Type: TOKEN	Start: 1329	End: 1335
    Token: "Harrison"     	Type: TOKEN	Start: 1336	End: 1344
    Token: "'s"           	Type: RIGHTSPLIT	Start: 1344	End: 1346
    Token: "stirring"     	Type: TOKEN	Start: 1347	End: 1355
    Token: "composition"  	Type: TOKEN	Start: 1356	End: 1367
    Token: """            	Type: OPEN_PUNCT	Start: 1368	End: 1369	PTB: "``"
    Token: "While"        	Type: TOKEN	Start: 1369	End: 1374
    Token: "My"           	Type: TOKEN	Start: 1375	End: 1377
    Token: "Guitar"       	Type: TOKEN	Start: 1378	End: 1384
    Token: "Gently"       	Type: TOKEN	Start: 1385	End: 1391
    Token: "Weeps"        	Type: TOKEN	Start: 1392	End: 1397
    Token: """            	Type: CLOSE_PUNCT	Start: 1397	End: 1398	PTB: "''"
    Token: "was"          	Type: TOKEN	Start: 1399	End: 1402
    Token: "completely"   	Type: TOKEN	Start: 1403	End: 1413
    Token: "transformed"  	Type: TOKEN	Start: 1414	End: 1425
    Token: "from"         	Type: TOKEN	Start: 1426	End: 1430
    Token: "an"           	Type: TOKEN	Start: 1431	End: 1433
    Token: "achingly"     	Type: TOKEN	Start: 1434	End: 1442
    Token: "meditative"   	Type: TOKEN	Start: 1443	End: 1453
    Token: "acoustic"     	Type: TOKEN	Start: 1454	End: 1462
    Token: "masterpiece"  	Type: TOKEN	Start: 1463	End: 1474
    Token: "to"           	Type: TOKEN	Start: 1475	End: 1477
    Token: "a"            	Type: TOKEN	Start: 1478	End: 1479
    Token: "hard-rocking" 	Type: TOKEN	Start: 1480	End: 1492
    Token: "hit"          	Type: TOKEN	Start: 1493	End: 1496
    Token: "--"           	Type: PUNCTUATION	Start: 1497	End: 1499
    Token: "in"           	Type: TOKEN	Start: 1500	End: 1502
    Token: "forty-four"   	Type: TOKEN	Start: 1503	End: 1513
    Token: "takes"        	Type: TOKEN	Start: 1514	End: 1519
    Token: "."            	Type: TERM_PUNCT_P	Start: 1519	End: 1520
  Text Unit Start: 1521
  Text Unit End: 1742
    Token: "We"           	Type: TOKEN	Start: 1521	End: 1523
    Token: "recall"       	Type: TOKEN	Start: 1524	End: 1530
    Token: "how"          	Type: TOKEN	Start: 1531	End: 1534
    Token: "the"          	Type: TOKEN	Start: 1535	End: 1538
    Token: "fantastic"    	Type: TOKEN	Start: 1539	End: 1548
    Token: "final"        	Type: TOKEN	Start: 1549	End: 1554
    Token: "mix"          	Type: TOKEN	Start: 1555	End: 1558
    Token: "of"           	Type: TOKEN	Start: 1559	End: 1561
    Token: """            	Type: OPEN_PUNCT	Start: 1562	End: 1563	PTB: "``"
    Token: "Strawberry"   	Type: TOKEN	Start: 1563	End: 1573
    Token: "Fields"       	Type: TOKEN	Start: 1574	End: 1580
    Token: "Forever"      	Type: TOKEN	Start: 1581	End: 1588
    Token: """            	Type: CLOSE_PUNCT	Start: 1588	End: 1589	PTB: "''"
    Token: "opens"        	Type: TOKEN	Start: 1590	End: 1595
    Token: "the"          	Type: TOKEN	Start: 1596	End: 1599
    Token: "door"         	Type: TOKEN	Start: 1600	End: 1604
    Token: "to"           	Type: TOKEN	Start: 1605	End: 1607
    Token: "a"            	Type: TOKEN	Start: 1608	End: 1609
    Token: "psychedelic"  	Type: TOKEN	Start: 1610	End: 1621
    Token: "utopia"       	Type: TOKEN	Start: 1622	End: 1628
    Token: ","            	Type: PUNCTUATION	Start: 1628	End: 1629
    Token: "but"          	Type: TOKEN	Start: 1630	End: 1633
    Token: "discover"     	Type: TOKEN	Start: 1634	End: 1642
    Token: "it"           	Type: TOKEN	Start: 1643	End: 1645
    Token: "is"           	Type: TOKEN	Start: 1646	End: 1648
    Token: "the"          	Type: TOKEN	Start: 1649	End: 1652
    Token: "haunting"     	Type: TOKEN	Start: 1653	End: 1661
    Token: "solo"         	Type: TOKEN	Start: 1662	End: 1666
    Token: "version"      	Type: TOKEN	Start: 1667	End: 1674
    Token: "that"         	Type: TOKEN	Start: 1675	End: 1679
    Token: "takes"        	Type: TOKEN	Start: 1680	End: 1685
    Token: "us"           	Type: TOKEN	Start: 1686	End: 1688
    Token: "down"         	Type: TOKEN	Start: 1689	End: 1693
    Token: "to"           	Type: TOKEN	Start: 1694	End: 1696
    Token: "the"          	Type: TOKEN	Start: 1697	End: 1700
    Token: "core"         	Type: TOKEN	Start: 1701	End: 1705
    Token: "of"           	Type: TOKEN	Start: 1706	End: 1708
    Token: "John"         	Type: TOKEN	Start: 1709	End: 1713
    Token: "Lennon"       	Type: TOKEN	Start: 1714	End: 1720
    Token: "'s"           	Type: RIGHTSPLIT	Start: 1720	End: 1722
    Token: "disillusioned"	Type: TOKEN	Start: 1723	End: 1736
    Token: "soul"         	Type: TOKEN	Start: 1737	End: 1741
    Token: "."            	Type: TERM_PUNCT_P	Start: 1741	End: 1742
  Text Unit Start: 1743
  Text Unit End: 1898
    Token: "And"          	Type: TOKEN	Start: 1743	End: 1746
    Token: "only"         	Type: TOKEN	Start: 1747	End: 1751
    Token: "here"         	Type: TOKEN	Start: 1752	End: 1756
    Token: "do"           	Type: TOKEN	Start: 1757	End: 1759
    Token: "we"           	Type: TOKEN	Start: 1760	End: 1762
    Token: "see"          	Type: TOKEN	Start: 1763	End: 1766
    Token: "how"          	Type: TOKEN	Start: 1767	End: 1770
    Token: "the"          	Type: TOKEN	Start: 1771	End: 1774
    Token: "Beatles"      	Type: TOKEN	Start: 1775	End: 1782
    Token: "'"            	Type: CLOSE_PUNCT	Start: 1782	End: 1783	PTB: "''"
    Token: "audacious"    	Type: TOKEN	Start: 1784	End: 1793
    Token: "ability"      	Type: TOKEN	Start: 1794	End: 1801
    Token: "to"           	Type: TOKEN	Start: 1802	End: 1804
    Token: "reinvent"     	Type: TOKEN	Start: 1805	End: 1813
    Token: "themselves"   	Type: TOKEN	Start: 1814	End: 1824
    Token: "stamped"      	Type: TOKEN	Start: 1825	End: 1832
    Token: "the"          	Type: TOKEN	Start: 1833	End: 1836
    Token: "group"        	Type: TOKEN	Start: 1837	End: 1842
    Token: "'s"           	Type: RIGHTSPLIT	Start: 1842	End: 1844
    Token: "unfolding"    	Type: TOKEN	Start: 1845	End: 1854
    Token: "ingenuity"    	Type: TOKEN	Start: 1855	End: 1864
    Token: "on"           	Type: TOKEN	Start: 1865	End: 1867
    Token: "each"         	Type: TOKEN	Start: 1868	End: 1872
    Token: "album"        	Type: TOKEN	Start: 1873	End: 1878
    Token: "like"         	Type: TOKEN	Start: 1879	End: 1883
    Token: "a"            	Type: TOKEN	Start: 1884	End: 1885
    Token: "fingerprint"  	Type: TOKEN	Start: 1886	End: 1897
    Token: "."            	Type: TERM_PUNCT_P	Start: 1897	End: 1898

Paragraph Start: 1902
Paragraph End: 2426
  Text Unit Start: 1902
  Text Unit End: 2085
    Token: "With"         	Type: TOKEN	Start: 1902	End: 1906
    Token: "rare"         	Type: TOKEN	Start: 1907	End: 1911
    Token: "insight"      	Type: TOKEN	Start: 1912	End: 1919
    Token: ","            	Type: PUNCTUATION	Start: 1919	End: 1920
    Token: "Mark"         	Type: TOKEN	Start: 1921	End: 1925
    Token: "Hertsgaard"   	Type: TOKEN	Start: 1926	End: 1936
    Token: "unlocks"      	Type: TOKEN	Start: 1937	End: 1944
    Token: "the"          	Type: TOKEN	Start: 1945	End: 1948
    Token: "mystery"      	Type: TOKEN	Start: 1949	End: 1956
    Token: "of"           	Type: TOKEN	Start: 1957	End: 1959
    Token: "the"          	Type: TOKEN	Start: 1960	End: 1963
    Token: "century"      	Type: TOKEN	Start: 1964	End: 1971
    Token: "'s"           	Type: RIGHTSPLIT	Start: 1971	End: 1973
    Token: "most"         	Type: TOKEN	Start: 1974	End: 1978
    Token: "dynamic"      	Type: TOKEN	Start: 1979	End: 1986
    Token: "musical"      	Type: TOKEN	Start: 1987	End: 1994
    Token: "collaboration"	Type: TOKEN	Start: 1995	End: 2008
    Token: ":"            	Type: PUNCTUATION	Start: 2008	End: 2009
    Token: "the"          	Type: TOKEN	Start: 2010	End: 2013
    Token: "competitive"  	Type: TOKEN	Start: 2014	End: 2025
    Token: "and"          	Type: TOKEN	Start: 2026	End: 2029
    Token: "creative"     	Type: TOKEN	Start: 2030	End: 2038
    Token: "partnership"  	Type: TOKEN	Start: 2039	End: 2050
    Token: "of"           	Type: TOKEN	Start: 2051	End: 2053
    Token: "John"         	Type: TOKEN	Start: 2054	End: 2058
    Token: "Lennon"       	Type: TOKEN	Start: 2059	End: 2065
    Token: "and"          	Type: TOKEN	Start: 2066	End: 2069
    Token: "Paul"         	Type: TOKEN	Start: 2070	End: 2074
    Token: "McCartney"    	Type: TOKEN	Start: 2075	End: 2084
    Token: "."            	Type: TERM_PUNCT_P	Start: 2084	End: 2085
  Text Unit Start: 2086
  Text Unit End: 2308
    Token: "A"            	Type: TOKEN	Start: 2086	End: 2087
    Token: "Day"          	Type: TOKEN	Start: 2088	End: 2091
    Token: "in"           	Type: TOKEN	Start: 2092	End: 2094
    Token: "the"          	Type: TOKEN	Start: 2095	End: 2098
    Token: "Life"         	Type: TOKEN	Start: 2099	End: 2103
    Token: "traces"       	Type: TOKEN	Start: 2104	End: 2110
    Token: "the"          	Type: TOKEN	Start: 2111	End: 2114
    Token: "way"          	Type: TOKEN	Start: 2115	End: 2118
    Token: "Lennon"       	Type: TOKEN	Start: 2119	End: 2125
    Token: "and"          	Type: TOKEN	Start: 2126	End: 2129
    Token: "McCartney"    	Type: TOKEN	Start: 2130	End: 2139
    Token: "worked"       	Type: TOKEN	Start: 2140	End: 2146
    Token: "together"     	Type: TOKEN	Start: 2147	End: 2155
    Token: "and"          	Type: TOKEN	Start: 2156	End: 2159
    Token: "paints"       	Type: TOKEN	Start: 2160	End: 2166
    Token: "an"           	Type: TOKEN	Start: 2167	End: 2169
    Token: "intricate"    	Type: TOKEN	Start: 2170	End: 2179
    Token: "picture"      	Type: TOKEN	Start: 2180	End: 2187
    Token: "of"           	Type: TOKEN	Start: 2188	End: 2190
    Token: "the"          	Type: TOKEN	Start: 2191	End: 2194
    Token: "composers"    	Type: TOKEN	Start: 2195	End: 2204
    Token: "as"           	Type: TOKEN	Start: 2205	End: 2207
    Token: "we"           	Type: TOKEN	Start: 2208	End: 2210
    Token: "have"         	Type: TOKEN	Start: 2211	End: 2215
    Token: "never"        	Type: TOKEN	Start: 2216	End: 2221
    Token: "seen"         	Type: TOKEN	Start: 2222	End: 2226
    Token: "them"         	Type: TOKEN	Start: 2227	End: 2231
    Token: "before"       	Type: TOKEN	Start: 2232	End: 2238
    Token: ":"            	Type: PUNCTUATION	Start: 2238	End: 2239
    Token: "Paul"         	Type: TOKEN	Start: 2240	End: 2244
    Token: ","            	Type: PUNCTUATION	Start: 2244	End: 2245
    Token: "the"          	Type: TOKEN	Start: 2246	End: 2249
    Token: "optimistic"   	Type: TOKEN	Start: 2250	End: 2260
    Token: "foil"         	Type: TOKEN	Start: 2261	End: 2265
    Token: "who"          	Type: TOKEN	Start: 2266	End: 2269
    Token: "made"         	Type: TOKEN	Start: 2270	End: 2274
    Token: "John"         	Type: TOKEN	Start: 2275	End: 2279
    Token: "'s"           	Type: RIGHTSPLIT	Start: 2279	End: 2281
    Token: "ominous"      	Type: TOKEN	Start: 2282	End: 2289
    Token: "fragments"    	Type: TOKEN	Start: 2290	End: 2299
    Token: "whole"        	Type: TOKEN	Start: 2300	End: 2305
    Token: "."            	Type: TERM_PUNCT_P	Start: 2305	End: 2306
    Token: "."            	Type: TERM_PUNCT_P	Start: 2306	End: 2307
    Token: "."            	Type: TERM_PUNCT_P	Start: 2307	End: 2308
  Text Unit Start: 2308
  Text Unit End: 2426
    Token: "John"         	Type: TOKEN	Start: 2308	End: 2312
    Token: ","            	Type: PUNCTUATION	Start: 2312	End: 2313
    Token: "the"          	Type: TOKEN	Start: 2314	End: 2317
    Token: "natural"      	Type: TOKEN	Start: 2318	End: 2325
    Token: "poet"         	Type: TOKEN	Start: 2326	End: 2330
    Token: "who"          	Type: TOKEN	Start: 2331	End: 2334
    Token: "injected"     	Type: TOKEN	Start: 2335	End: 2343
    Token: "raw"          	Type: TOKEN	Start: 2344	End: 2347
    Token: "sexuality"    	Type: TOKEN	Start: 2348	End: 2357
    Token: "into"         	Type: TOKEN	Start: 2358	End: 2362
    Token: """            	Type: OPEN_PUNCT	Start: 2363	End: 2364	PTB: "``"
    Token: "I"            	Type: TOKEN	Start: 2364	End: 2365
    Token: "Saw"          	Type: TOKEN	Start: 2366	End: 2369
    Token: "Her"          	Type: TOKEN	Start: 2370	End: 2373
    Token: "Standing"     	Type: TOKEN	Start: 2374	End: 2382
    Token: "There"        	Type: TOKEN	Start: 2383	End: 2388
    Token: """            	Type: CLOSE_PUNCT	Start: 2388	End: 2389	PTB: "''"
    Token: "by"           	Type: TOKEN	Start: 2390	End: 2392
    Token: "making"       	Type: TOKEN	Start: 2393	End: 2399
    Token: "a"            	Type: TOKEN	Start: 2400	End: 2401
    Token: "simple"       	Type: TOKEN	Start: 2402	End: 2408
    Token: "five"         	Type: TOKEN	Start: 2409	End: 2413
    Token: "word"         	Type: TOKEN	Start: 2414	End: 2418
    Token: "change"       	Type: TOKEN	Start: 2419	End: 2425
    Token: "."            	Type: TERM_PUNCT_P	Start: 2425	End: 2426

Paragraph Start: 2430
Paragraph End: 2666
  Text Unit Start: 2430
  Text Unit End: 2666
    Token: "Smart"        	Type: TOKEN	Start: 2430	End: 2435
    Token: ","            	Type: PUNCTUATION	Start: 2435	End: 2436
    Token: "fresh"        	Type: TOKEN	Start: 2437	End: 2442
    Token: ","            	Type: PUNCTUATION	Start: 2442	End: 2443
    Token: "compulsively" 	Type: TOKEN	Start: 2444	End: 2456
    Token: "readable"     	Type: TOKEN	Start: 2457	End: 2465
    Token: ","            	Type: PUNCTUATION	Start: 2465	End: 2466
    Token: "A"            	Type: TOKEN	Start: 2467	End: 2468
    Token: "Day"          	Type: TOKEN	Start: 2469	End: 2472
    Token: "in"           	Type: TOKEN	Start: 2473	End: 2475
    Token: "the"          	Type: TOKEN	Start: 2476	End: 2479
    Token: "Life"         	Type: TOKEN	Start: 2480	End: 2484
    Token: "reveals"      	Type: TOKEN	Start: 2485	End: 2492
    Token: "John"         	Type: TOKEN	Start: 2493	End: 2497
    Token: ","            	Type: PUNCTUATION	Start: 2497	End: 2498
    Token: "Paul"         	Type: TOKEN	Start: 2499	End: 2503
    Token: ","            	Type: PUNCTUATION	Start: 2503	End: 2504
    Token: "George"       	Type: TOKEN	Start: 2505	End: 2511
    Token: ","            	Type: PUNCTUATION	Start: 2511	End: 2512
    Token: "and"          	Type: TOKEN	Start: 2513	End: 2516
    Token: "Ringo"        	Type: TOKEN	Start: 2517	End: 2522
    Token: "not"          	Type: TOKEN	Start: 2523	End: 2526
    Token: "as"           	Type: TOKEN	Start: 2527	End: 2529
    Token: "celebrities"  	Type: TOKEN	Start: 2530	End: 2541
    Token: "or"           	Type: TOKEN	Start: 2542	End: 2544
    Token: "cultural"     	Type: TOKEN	Start: 2545	End: 2553
    Token: "icons"        	Type: TOKEN	Start: 2554	End: 2559
    Token: "but"          	Type: TOKEN	Start: 2560	End: 2563
    Token: "as"           	Type: TOKEN	Start: 2564	End: 2566
    Token: "musicians"    	Type: TOKEN	Start: 2567	End: 2576
    Token: "whose"        	Type: TOKEN	Start: 2577	End: 2582
    Token: "work"         	Type: TOKEN	Start: 2583	End: 2587
    Token: "will"         	Type: TOKEN	Start: 2588	End: 2592
    Token: "be"           	Type: TOKEN	Start: 2593	End: 2595
    Token: "remembered"   	Type: TOKEN	Start: 2596	End: 2606
    Token: "as"           	Type: TOKEN	Start: 2607	End: 2609
    Token: "some"         	Type: TOKEN	Start: 2610	End: 2614
    Token: "of"           	Type: TOKEN	Start: 2615	End: 2617
    Token: "the"          	Type: TOKEN	Start: 2618	End: 2621
    Token: "most"         	Type: TOKEN	Start: 2622	End: 2626
    Token: "important"    	Type: TOKEN	Start: 2627	End: 2636
    Token: "art"          	Type: TOKEN	Start: 2637	End: 2640
    Token: "of"           	Type: TOKEN	Start: 2641	End: 2643
    Token: "the"          	Type: TOKEN	Start: 2644	End: 2647
    Token: "twentieth"    	Type: TOKEN	Start: 2648	End: 2657
    Token: "century"      	Type: TOKEN	Start: 2658	End: 2665
    Token: "."            	Type: TERM_PUNCT_P	Start: 2665	End: 2666

Paragraph Start: 2670
Paragraph End: 2677
  Text Unit Start: 2670
  Text Unit End: 2677
    Token: "Excerpt"      	Type: TOKEN	Start: 2670	End: 2677

Paragraph Start: 2681
Paragraph End: 3287
  Text Unit Start: 2681
  Text Unit End: 2953
    Token: "Somewhere"    	Type: TOKEN	Start: 2681	End: 2690
    Token: "inside"       	Type: TOKEN	Start: 2691	End: 2697
    Token: "London"       	Type: TOKEN	Start: 2698	End: 2704
    Token: "'s"           	Type: RIGHTSPLIT	Start: 2704	End: 2706
    Token: "Abbey"        	Type: TOKEN	Start: 2707	End: 2712
    Token: "Road"         	Type: TOKEN	Start: 2713	End: 2717
    Token: "studios"      	Type: TOKEN	Start: 2718	End: 2725
    Token: ","            	Type: PUNCTUATION	Start: 2725	End: 2726
    Token: "hidden"       	Type: TOKEN	Start: 2727	End: 2733
    Token: "behind"       	Type: TOKEN	Start: 2734	End: 2740
    Token: "an"           	Type: TOKEN	Start: 2741	End: 2743
    Token: "unmarked"     	Type: TOKEN	Start: 2744	End: 2752
    Token: ","            	Type: PUNCTUATION	Start: 2752	End: 2753
    Token: "triple-locked"	Type: TOKEN	Start: 2754	End: 2767
    Token: ","            	Type: PUNCTUATION	Start: 2767	End: 2768
    Token: "police-alarmed"	Type: TOKEN	Start: 2769	End: 2783
    Token: "door"         	Type: TOKEN	Start: 2784	End: 2788
    Token: ","            	Type: PUNCTUATION	Start: 2788	End: 2789
    Token: "are"          	Type: TOKEN	Start: 2790	End: 2793
    Token: "some"         	Type: TOKEN	Start: 2794	End: 2798
    Token: "of"           	Type: TOKEN	Start: 2799	End: 2801
    Token: "the"          	Type: TOKEN	Start: 2802	End: 2805
    Token: "most"         	Type: TOKEN	Start: 2806	End: 2810
    Token: "valuable"     	Type: TOKEN	Start: 2811	End: 2819
    Token: "artifacts"    	Type: TOKEN	Start: 2820	End: 2829
    Token: "of"           	Type: TOKEN	Start: 2830	End: 2832
    Token: "twentieth-century"	Type: TOKEN	Start: 2833	End: 2850
    Token: "music"        	Type: TOKEN	Start: 2851	End: 2856
    Token: ":"            	Type: PUNCTUATION	Start: 2856	End: 2857
    Token: "the"          	Type: TOKEN	Start: 2858	End: 2861
    Token: "raw"          	Type: TOKEN	Start: 2862	End: 2865
    Token: "tapes"        	Type: TOKEN	Start: 2866	End: 2871
    Token: "of"           	Type: TOKEN	Start: 2872	End: 2874
    Token: "every"        	Type: TOKEN	Start: 2875	End: 2880
    Token: "recording"    	Type: TOKEN	Start: 2881	End: 2890
    Token: "session"      	Type: TOKEN	Start: 2891	End: 2898
    Token: "in"           	Type: TOKEN	Start: 2899	End: 2901
    Token: "the"          	Type: TOKEN	Start: 2902	End: 2905
    Token: "nearly"       	Type: TOKEN	Start: 2906	End: 2912
    Token: "eight-year"   	Type: TOKEN	Start: 2913	End: 2923
    Token: "studio"       	Type: TOKEN	Start: 2924	End: 2930
    Token: "career"       	Type: TOKEN	Start: 2931	End: 2937
    Token: "of"           	Type: TOKEN	Start: 2938	End: 2940
    Token: "the"          	Type: TOKEN	Start: 2941	End: 2944
    Token: "Beatles"      	Type: TOKEN	Start: 2945	End: 2952
    Token: "."            	Type: TERM_PUNCT_P	Start: 2952	End: 2953
  Text Unit Start: 2954
  Text Unit End: 3160
    Token: "One"          	Type: TOKEN	Start: 2954	End: 2957
    Token: "of"           	Type: TOKEN	Start: 2958	End: 2960
    Token: "the"          	Type: TOKEN	Start: 2961	End: 2964
    Token: "most"         	Type: TOKEN	Start: 2965	End: 2969
    Token: "remarkable"   	Type: TOKEN	Start: 2970	End: 2980
    Token: "facts"        	Type: TOKEN	Start: 2981	End: 2986
    Token: "about"        	Type: TOKEN	Start: 2987	End: 2992
    Token: "the"          	Type: TOKEN	Start: 2993	End: 2996
    Token: "Beatles"      	Type: TOKEN	Start: 2997	End: 3004
    Token: "is"           	Type: TOKEN	Start: 3005	End: 3007
    Token: "that"         	Type: TOKEN	Start: 3008	End: 3012
    Token: "they"         	Type: TOKEN	Start: 3013	End: 3017
    Token: "released"     	Type: TOKEN	Start: 3018	End: 3026
    Token: "only"         	Type: TOKEN	Start: 3027	End: 3031
    Token: "ten"          	Type: TOKEN	Start: 3032	End: 3035
    Token: "and"          	Type: TOKEN	Start: 3036	End: 3039
    Token: "a"            	Type: TOKEN	Start: 3040	End: 3041
    Token: "half"         	Type: TOKEN	Start: 3042	End: 3046
    Token: "hours"        	Type: TOKEN	Start: 3047	End: 3052
    Token: "of"           	Type: TOKEN	Start: 3053	End: 3055
    Token: "music"        	Type: TOKEN	Start: 3056	End: 3061
    Token: "during"       	Type: TOKEN	Start: 3062	End: 3068
    Token: "their"        	Type: TOKEN	Start: 3069	End: 3074
    Token: "years"        	Type: TOKEN	Start: 3075	End: 3080
    Token: "together"     	Type: TOKEN	Start: 3081	End: 3089
    Token: "--"           	Type: PUNCTUATION	Start: 3090	End: 3092
    Token: "the"          	Type: TOKEN	Start: 3093	End: 3096
    Token: "contents"     	Type: TOKEN	Start: 3097	End: 3105
    Token: "of"           	Type: TOKEN	Start: 3106	End: 3108
    Token: "the"          	Type: TOKEN	Start: 3109	End: 3112
    Token: "group"        	Type: TOKEN	Start: 3113	End: 3118
    Token: "'s"           	Type: RIGHTSPLIT	Start: 3118	End: 3120
    Token: "twenty-two"   	Type: TOKEN	Start: 3121	End: 3131
    Token: "singles"      	Type: TOKEN	Start: 3132	End: 3139
    Token: "and"          	Type: TOKEN	Start: 3140	End: 3143
    Token: "fourteen"     	Type: TOKEN	Start: 3144	End: 3152
    Token: "albums"       	Type: TOKEN	Start: 3153	End: 3159
    Token: "."            	Type: TERM_PUNCT_P	Start: 3159	End: 3160
  Text Unit Start: 3161
  Text Unit End: 3287
    Token: "Yet"          	Type: TOKEN	Start: 3161	End: 3164
    Token: "the"          	Type: TOKEN	Start: 3165	End: 3168
    Token: "tapes"        	Type: TOKEN	Start: 3169	End: 3174
    Token: "inside"       	Type: TOKEN	Start: 3175	End: 3181
    Token: "the"          	Type: TOKEN	Start: 3182	End: 3185
    Token: "Abbey"        	Type: TOKEN	Start: 3186	End: 3191
    Token: "Road"         	Type: TOKEN	Start: 3192	End: 3196
    Token: "archives"     	Type: TOKEN	Start: 3197	End: 3205
    Token: ","            	Type: PUNCTUATION	Start: 3205	End: 3206
    Token: "it"           	Type: TOKEN	Start: 3207	End: 3209
    Token: "turns"        	Type: TOKEN	Start: 3210	End: 3215
    Token: "out"          	Type: TOKEN	Start: 3216	End: 3219
    Token: ","            	Type: PUNCTUATION	Start: 3219	End: 3220
    Token: "contain"      	Type: TOKEN	Start: 3221	End: 3228
    Token: "more"         	Type: TOKEN	Start: 3229	End: 3233
    Token: "than"         	Type: TOKEN	Start: 3234	End: 3238
    Token: "four"         	Type: TOKEN	Start: 3239	End: 3243
    Token: "hundred"      	Type: TOKEN	Start: 3244	End: 3251
    Token: "hours"        	Type: TOKEN	Start: 3252	End: 3257
    Token: "'"            	Type: CLOSE_PUNCT	Start: 3257	End: 3258	PTB: "''"
    Token: "worth"        	Type: TOKEN	Start: 3259	End: 3264
    Token: "of"           	Type: TOKEN	Start: 3265	End: 3267
    Token: "Beatles"      	Type: TOKEN	Start: 3268	End: 3275
    Token: "recordings"   	Type: TOKEN	Start: 3276	End: 3286
    Token: "."            	Type: TERM_PUNCT_P	Start: 3286	End: 3287

Paragraph Start: 3291
Paragraph End: 4140
  Text Unit Start: 3291
  Text Unit End: 3646
    Token: "The"          	Type: TOKEN	Start: 3291	End: 3294
    Token: "collection"   	Type: TOKEN	Start: 3295	End: 3305
    Token: "extends"      	Type: TOKEN	Start: 3306	End: 3313
    Token: "from"         	Type: TOKEN	Start: 3314	End: 3318
    Token: "June"         	Type: TOKEN	Start: 3319	End: 3323
    Token: "6"            	Type: DIGITAL	Start: 3324	End: 3325
    Token: ","            	Type: PUNCTUATION	Start: 3325	End: 3326
    Token: "1962"         	Type: DIGITAL	Start: 3327	End: 3331
    Token: ","            	Type: PUNCTUATION	Start: 3331	End: 3332
    Token: "the"          	Type: TOKEN	Start: 3333	End: 3336
    Token: "date"         	Type: TOKEN	Start: 3337	End: 3341
    Token: "of"           	Type: TOKEN	Start: 3342	End: 3344
    Token: "the"          	Type: TOKEN	Start: 3345	End: 3348
    Token: "audition"     	Type: TOKEN	Start: 3349	End: 3357
    Token: "that"         	Type: TOKEN	Start: 3358	End: 3362
    Token: "narrowly"     	Type: TOKEN	Start: 3363	End: 3371
    Token: "persuaded"    	Type: TOKEN	Start: 3372	End: 3381
    Token: "George"       	Type: TOKEN	Start: 3382	End: 3388
    Token: "Martin"       	Type: TOKEN	Start: 3389	End: 3395
    Token: ","            	Type: PUNCTUATION	Start: 3395	End: 3396
    Token: "a"            	Type: TOKEN	Start: 3397	End: 3398
    Token: "producer"     	Type: TOKEN	Start: 3399	End: 3407
    Token: "at"           	Type: TOKEN	Start: 3408	End: 3410
    Token: "EMI"          	Type: TOKEN	Start: 3411	End: 3414
    Token: "Records"      	Type: TOKEN	Start: 3415	End: 3422
    Token: ","            	Type: PUNCTUATION	Start: 3422	End: 3423
    Token: "to"           	Type: TOKEN	Start: 3424	End: 3426
    Token: "sign"         	Type: TOKEN	Start: 3427	End: 3431
    Token: "the"          	Type: TOKEN	Start: 3432	End: 3435
    Token: "Beatles"      	Type: TOKEN	Start: 3436	End: 3443
    Token: ","            	Type: PUNCTUATION	Start: 3443	End: 3444
    Token: "to"           	Type: TOKEN	Start: 3445	End: 3447
    Token: "January"      	Type: TOKEN	Start: 3448	End: 3455
    Token: "4"            	Type: DIGITAL	Start: 3456	End: 3457
    Token: ","            	Type: PUNCTUATION	Start: 3457	End: 3458
    Token: "1970"         	Type: DIGITAL	Start: 3459	End: 3463
    Token: ","            	Type: PUNCTUATION	Start: 3463	End: 3464
    Token: "when"         	Type: TOKEN	Start: 3465	End: 3469
    Token: "Paul"         	Type: TOKEN	Start: 3470	End: 3474
    Token: "McCartney"    	Type: TOKEN	Start: 3475	End: 3484
    Token: ","            	Type: PUNCTUATION	Start: 3484	End: 3485
    Token: "George"       	Type: TOKEN	Start: 3486	End: 3492
    Token: "Harrison"     	Type: TOKEN	Start: 3493	End: 3501
    Token: ","            	Type: PUNCTUATION	Start: 3501	End: 3502
    Token: "and"          	Type: TOKEN	Start: 3503	End: 3506
    Token: "Ringo"        	Type: TOKEN	Start: 3507	End: 3512
    Token: "Starr"        	Type: TOKEN	Start: 3513	End: 3518
    Token: "("            	Type: OPEN_BRACKET	Start: 3519	End: 3520	PTB: "-LRB-"
    Token: "John"         	Type: TOKEN	Start: 3520	End: 3524
    Token: "Lennon"       	Type: TOKEN	Start: 3525	End: 3531
    Token: "was"          	Type: TOKEN	Start: 3532	End: 3535
    Token: "in"           	Type: TOKEN	Start: 3536	End: 3538
    Token: "Denmark"      	Type: TOKEN	Start: 3539	End: 3546
    Token: "on"           	Type: TOKEN	Start: 3547	End: 3549
    Token: "holiday"      	Type: TOKEN	Start: 3550	End: 3557
    Token: ")"            	Type: CLOSE_BRACKET	Start: 3557	End: 3558	PTB: "-RRB-"
    Token: "recorded"     	Type: TOKEN	Start: 3559	End: 3567
    Token: "the"          	Type: TOKEN	Start: 3568	End: 3571
    Token: "final"        	Type: TOKEN	Start: 3572	End: 3577
    Token: "overdubs"     	Type: TOKEN	Start: 3578	End: 3586
    Token: "for"          	Type: TOKEN	Start: 3587	End: 3590
    Token: "what"         	Type: TOKEN	Start: 3591	End: 3595
    Token: "amounted"     	Type: TOKEN	Start: 3596	End: 3604
    Token: "to"           	Type: TOKEN	Start: 3605	End: 3607
    Token: "the"          	Type: TOKEN	Start: 3608	End: 3611
    Token: "group"        	Type: TOKEN	Start: 3612	End: 3617
    Token: "'s"           	Type: RIGHTSPLIT	Start: 3617	End: 3619
    Token: "farewell"     	Type: TOKEN	Start: 3620	End: 3628
    Token: "album"        	Type: TOKEN	Start: 3629	End: 3634
    Token: ","            	Type: PUNCTUATION	Start: 3634	End: 3635
    Token: "Let"          	Type: TOKEN	Start: 3636	End: 3639
    Token: "It"           	Type: TOKEN	Start: 3640	End: 3642
    Token: "Be"           	Type: TOKEN	Start: 3643	End: 3645
    Token: "."            	Type: TERM_PUNCT_P	Start: 3645	End: 3646
  Text Unit Start: 3647
  Text Unit End: 3762
    Token: "In"           	Type: TOKEN	Start: 3647	End: 3649
    Token: "between"      	Type: TOKEN	Start: 3650	End: 3657
    Token: "are"          	Type: TOKEN	Start: 3658	End: 3661
    Token: "tapes"        	Type: TOKEN	Start: 3662	End: 3667
    Token: "of"           	Type: TOKEN	Start: 3668	End: 3670
    Token: "everything"   	Type: TOKEN	Start: 3671	End: 3681
    Token: "else"         	Type: TOKEN	Start: 3682	End: 3686
    Token: ","            	Type: PUNCTUATION	Start: 3686	End: 3687
    Token: "stored"       	Type: TOKEN	Start: 3688	End: 3694
    Token: "in"           	Type: TOKEN	Start: 3695	End: 3697
    Token: "red-and-white"	Type: TOKEN	Start: 3698	End: 3711
    Token: "cardboard"    	Type: TOKEN	Start: 3712	End: 3721
    Token: "boxes"        	Type: TOKEN	Start: 3722	End: 3727
    Token: "the"          	Type: TOKEN	Start: 3728	End: 3731
    Token: "size"         	Type: TOKEN	Start: 3732	End: 3736
    Token: "of"           	Type: TOKEN	Start: 3737	End: 3739
    Token: "large"        	Type: TOKEN	Start: 3740	End: 3745
    Token: "telephone"    	Type: TOKEN	Start: 3746	End: 3755
    Token: "books"        	Type: TOKEN	Start: 3756	End: 3761
    Token: "."            	Type: TERM_PUNCT_P	Start: 3761	End: 3762
  Text Unit Start: 3763
  Text Unit End: 3993
    Token: "Pick"         	Type: TOKEN	Start: 3763	End: 3767
    Token: "a"            	Type: TOKEN	Start: 3768	End: 3769
    Token: "favorite"     	Type: TOKEN	Start: 3770	End: 3778
    Token: "Beatles"      	Type: TOKEN	Start: 3779	End: 3786
    Token: "song"         	Type: TOKEN	Start: 3787	End: 3791
    Token: ";"            	Type: PUNCTUATION	Start: 3791	End: 3792
    Token: "the"          	Type: TOKEN	Start: 3793	End: 3796
    Token: "archives"     	Type: TOKEN	Start: 3797	End: 3805
    Token: "hold"         	Type: TOKEN	Start: 3806	End: 3810
    Token: "not"          	Type: TOKEN	Start: 3811	End: 3814
    Token: "only"         	Type: TOKEN	Start: 3815	End: 3819
    Token: "the"          	Type: TOKEN	Start: 3820	End: 3823
    Token: "master"       	Type: TOKEN	Start: 3824	End: 3830
    Token: "tape"         	Type: TOKEN	Start: 3831	End: 3835
    Token: "of"           	Type: TOKEN	Start: 3836	End: 3838
    Token: "that"         	Type: TOKEN	Start: 3839	End: 3843
    Token: "song"         	Type: TOKEN	Start: 3844	End: 3848
    Token: "as"           	Type: TOKEN	Start: 3849	End: 3851
    Token: "it"           	Type: TOKEN	Start: 3852	End: 3854
    Token: "is"           	Type: TOKEN	Start: 3855	End: 3857
    Token: "heard"        	Type: TOKEN	Start: 3858	End: 3863
    Token: "on"           	Type: TOKEN	Start: 3864	End: 3866
    Token: "the"          	Type: TOKEN	Start: 3867	End: 3870
    Token: "album"        	Type: TOKEN	Start: 3871	End: 3876
    Token: "but"          	Type: TOKEN	Start: 3877	End: 3880
    Token: "also"         	Type: TOKEN	Start: 3881	End: 3885
    Token: "the"          	Type: TOKEN	Start: 3886	End: 3889
    Token: "working"      	Type: TOKEN	Start: 3890	End: 3897
    Token: "tapes"        	Type: TOKEN	Start: 3898	End: 3903
    Token: "that"         	Type: TOKEN	Start: 3904	End: 3908
    Token: "trace"        	Type: TOKEN	Start: 3909	End: 3914
    Token: "the"          	Type: TOKEN	Start: 3915	End: 3918
    Token: "song"         	Type: TOKEN	Start: 3919	End: 3923
    Token: "'s"           	Type: RIGHTSPLIT	Start: 3923	End: 3925
    Token: "evolution"    	Type: TOKEN	Start: 3926	End: 3935
    Token: "from"         	Type: TOKEN	Start: 3936	End: 3940
    Token: "its"          	Type: TOKEN	Start: 3941	End: 3944
    Token: "first"        	Type: TOKEN	Start: 3945	End: 3950
    Token: "run-through"  	Type: TOKEN	Start: 3951	End: 3962
    Token: "to"           	Type: TOKEN	Start: 3963	End: 3965
    Token: "its"          	Type: TOKEN	Start: 3966	End: 3969
    Token: "polished"     	Type: TOKEN	Start: 3970	End: 3978
    Token: "final"        	Type: TOKEN	Start: 3979	End: 3984
    Token: "version"      	Type: TOKEN	Start: 3985	End: 3992
    Token: "."            	Type: TERM_PUNCT_P	Start: 3992	End: 3993
  Text Unit Start: 3994
  Text Unit End: 4140
    Token: "There"        	Type: TOKEN	Start: 3994	End: 3999
    Token: "are"          	Type: TOKEN	Start: 4000	End: 4003
    Token: "also"         	Type: TOKEN	Start: 4004	End: 4008
    Token: "lots"         	Type: TOKEN	Start: 4009	End: 4013
    Token: "of"           	Type: TOKEN	Start: 4014	End: 4016
    Token: "off-the-cuff" 	Type: TOKEN	Start: 4017	End: 4029
    Token: "jam"          	Type: TOKEN	Start: 4030	End: 4033
    Token: "sessions"     	Type: TOKEN	Start: 4034	End: 4042
    Token: ","            	Type: PUNCTUATION	Start: 4042	End: 4043
    Token: "arguments"    	Type: TOKEN	Start: 4044	End: 4053
    Token: ","            	Type: PUNCTUATION	Start: 4053	End: 4054
    Token: "horseplay"    	Type: TOKEN	Start: 4055	End: 4064
    Token: "and"          	Type: TOKEN	Start: 4065	End: 4068
    Token: "studio"       	Type: TOKEN	Start: 4069	End: 4075
    Token: "chat"         	Type: TOKEN	Start: 4076	End: 4080
    Token: ","            	Type: PUNCTUATION	Start: 4080	End: 4081
    Token: "as"           	Type: TOKEN	Start: 4082	End: 4084
    Token: "well"         	Type: TOKEN	Start: 4085	End: 4089
    Token: "as"           	Type: TOKEN	Start: 4090	End: 4092
    Token: "a"            	Type: TOKEN	Start: 4093	End: 4094
    Token: "few"          	Type: TOKEN	Start: 4095	End: 4098
    Token: "songs"        	Type: TOKEN	Start: 4099	End: 4104
    Token: "the"          	Type: TOKEN	Start: 4105	End: 4108
    Token: "general"      	Type: TOKEN	Start: 4109	End: 4116
    Token: "public"       	Type: TOKEN	Start: 4117	End: 4123
    Token: "has"          	Type: TOKEN	Start: 4124	End: 4127
    Token: "never"        	Type: TOKEN	Start: 4128	End: 4133
    Token: "heard"        	Type: TOKEN	Start: 4134	End: 4139
    Token: "."            	Type: TERM_PUNCT_P	Start: 4139	End: 4140

Paragraph Start: 4144
Paragraph End: 4699
  Text Unit Start: 4144
  Text Unit End: 4262
    Token: "In"           	Type: TOKEN	Start: 4144	End: 4146
    Token: "the"          	Type: TOKEN	Start: 4147	End: 4150
    Token: "course"       	Type: TOKEN	Start: 4151	End: 4157
    Token: "of"           	Type: TOKEN	Start: 4158	End: 4160
    Token: "the"          	Type: TOKEN	Start: 4161	End: 4164
    Token: "research"     	Type: TOKEN	Start: 4165	End: 4173
    Token: "for"          	Type: TOKEN	Start: 4174	End: 4177
    Token: "this"         	Type: TOKEN	Start: 4178	End: 4182
    Token: "book"         	Type: TOKEN	Start: 4183	End: 4187
    Token: ","            	Type: PUNCTUATION	Start: 4187	End: 4188
    Token: "I"            	Type: TOKEN	Start: 4189	End: 4190
    Token: "was"          	Type: TOKEN	Start: 4191	End: 4194
    Token: "fortunate"    	Type: TOKEN	Start: 4195	End: 4204
    Token: "enough"       	Type: TOKEN	Start: 4205	End: 4211
    Token: "to"           	Type: TOKEN	Start: 4212	End: 4214
    Token: "gain"         	Type: TOKEN	Start: 4215	End: 4219
    Token: "access"       	Type: TOKEN	Start: 4220	End: 4226
    Token: "to"           	Type: TOKEN	Start: 4227	End: 4229
    Token: "these"        	Type: TOKEN	Start: 4230	End: 4235
    Token: "archives"     	Type: TOKEN	Start: 4236	End: 4244
    Token: "on"           	Type: TOKEN	Start: 4245	End: 4247
    Token: "two"          	Type: TOKEN	Start: 4248	End: 4251
    Token: "occasions"    	Type: TOKEN	Start: 4252	End: 4261
    Token: "."            	Type: TERM_PUNCT_P	Start: 4261	End: 4262
  Text Unit Start: 4263
  Text Unit End: 4447
    Token: "While"        	Type: TOKEN	Start: 4263	End: 4268
    Token: "on"           	Type: TOKEN	Start: 4269	End: 4271
    Token: "assignment"   	Type: TOKEN	Start: 4272	End: 4282
    Token: "for"          	Type: TOKEN	Start: 4283	End: 4286
    Token: "The"          	Type: TOKEN	Start: 4287	End: 4290
    Token: "New"          	Type: TOKEN	Start: 4291	End: 4294
    Token: "Yorker"       	Type: TOKEN	Start: 4295	End: 4301
    Token: ","            	Type: PUNCTUATION	Start: 4301	End: 4302
    Token: "I"            	Type: TOKEN	Start: 4303	End: 4304
    Token: "spent"        	Type: TOKEN	Start: 4305	End: 4310
    Token: "the"          	Type: TOKEN	Start: 4311	End: 4314
    Token: "equivalent"   	Type: TOKEN	Start: 4315	End: 4325
    Token: "of"           	Type: TOKEN	Start: 4326	End: 4328
    Token: "six"          	Type: TOKEN	Start: 4329	End: 4332
    Token: "full"         	Type: TOKEN	Start: 4333	End: 4337
    Token: "days"         	Type: TOKEN	Start: 4338	End: 4342
    Token: "inside"       	Type: TOKEN	Start: 4343	End: 4349
    Token: "Abbey"        	Type: TOKEN	Start: 4350	End: 4355
    Token: "Road"         	Type: TOKEN	Start: 4356	End: 4360
    Token: ","            	Type: PUNCTUATION	Start: 4360	End: 4361
    Token: "listening"    	Type: TOKEN	Start: 4362	End: 4371
    Token: "to"           	Type: TOKEN	Start: 4372	End: 4374
    Token: "fifty"        	Type: TOKEN	Start: 4375	End: 4380
    Token: "hours"        	Type: TOKEN	Start: 4381	End: 4386
    Token: "of"           	Type: TOKEN	Start: 4387	End: 4389
    Token: "tapes"        	Type: TOKEN	Start: 4390	End: 4395
    Token: "of"           	Type: TOKEN	Start: 4396	End: 4398
    Token: "the"          	Type: TOKEN	Start: 4399	End: 4402
    Token: "Beatles"      	Type: TOKEN	Start: 4403	End: 4410
    Token: "and"          	Type: TOKEN	Start: 4411	End: 4414
    Token: "of"           	Type: TOKEN	Start: 4415	End: 4417
    Token: "the"          	Type: TOKEN	Start: 4418	End: 4421
    Token: "solo"         	Type: TOKEN	Start: 4422	End: 4426
    Token: "work"         	Type: TOKEN	Start: 4427	End: 4431
    Token: "of"           	Type: TOKEN	Start: 4432	End: 4434
    Token: "John"         	Type: TOKEN	Start: 4435	End: 4439
    Token: "Lennon"       	Type: TOKEN	Start: 4440	End: 4446
    Token: "."            	Type: TERM_PUNCT_P	Start: 4446	End: 4447
  Text Unit Start: 4448
  Text Unit End: 4699
    Token: "I"            	Type: TOKEN	Start: 4448	End: 4449
    Token: "sometimes"    	Type: TOKEN	Start: 4450	End: 4459
    Token: "felt"         	Type: TOKEN	Start: 4460	End: 4464
    Token: "during"       	Type: TOKEN	Start: 4465	End: 4471
    Token: "those"        	Type: TOKEN	Start: 4472	End: 4477
    Token: "days"         	Type: TOKEN	Start: 4478	End: 4482
    Token: "as"           	Type: TOKEN	Start: 4483	End: 4485
    Token: "though"       	Type: TOKEN	Start: 4486	End: 4492
    Token: "I"            	Type: TOKEN	Start: 4493	End: 4494
    Token: "had"          	Type: TOKEN	Start: 4495	End: 4498
    Token: "been"         	Type: TOKEN	Start: 4499	End: 4503
    Token: "allowed"      	Type: TOKEN	Start: 4504	End: 4511
    Token: "to"           	Type: TOKEN	Start: 4512	End: 4514
    Token: "watch"        	Type: TOKEN	Start: 4515	End: 4520
    Token: "Picasso"      	Type: TOKEN	Start: 4521	End: 4528
    Token: "sketch"       	Type: TOKEN	Start: 4529	End: 4535
    Token: ","            	Type: PUNCTUATION	Start: 4535	End: 4536
    Token: "and"          	Type: TOKEN	Start: 4537	End: 4540
    Token: "never"        	Type: TOKEN	Start: 4541	End: 4546
    Token: "more"         	Type: TOKEN	Start: 4547	End: 4551
    Token: "so"           	Type: TOKEN	Start: 4552	End: 4554
    Token: "than"         	Type: TOKEN	Start: 4555	End: 4559
    Token: "on"           	Type: TOKEN	Start: 4560	End: 4562
    Token: "the"          	Type: TOKEN	Start: 4563	End: 4566
    Token: "afternoon"    	Type: TOKEN	Start: 4567	End: 4576
    Token: "I"            	Type: TOKEN	Start: 4577	End: 4578
    Token: "listened"     	Type: TOKEN	Start: 4579	End: 4587
    Token: "to"           	Type: TOKEN	Start: 4588	End: 4590
    Token: "all"          	Type: TOKEN	Start: 4591	End: 4594
    Token: "seven"        	Type: TOKEN	Start: 4595	End: 4600
    Token: "takes"        	Type: TOKEN	Start: 4601	End: 4606
    Token: "of"           	Type: TOKEN	Start: 4607	End: 4609
    Token: """            	Type: OPEN_PUNCT	Start: 4610	End: 4611	PTB: "``"
    Token: "A"            	Type: TOKEN	Start: 4611	End: 4612
    Token: "Day"          	Type: TOKEN	Start: 4613	End: 4616
    Token: "In"           	Type: TOKEN	Start: 4617	End: 4619
    Token: "The"          	Type: TOKEN	Start: 4620	End: 4623
    Token: "Life"         	Type: TOKEN	Start: 4624	End: 4628
    Token: ","            	Type: PUNCTUATION	Start: 4628	End: 4629
    Token: """            	Type: CLOSE_PUNCT	Start: 4629	End: 4630	PTB: "''"
    Token: "the"          	Type: TOKEN	Start: 4631	End: 4634
    Token: "closing"      	Type: TOKEN	Start: 4635	End: 4642
    Token: "song"         	Type: TOKEN	Start: 4643	End: 4647
    Token: "on"           	Type: TOKEN	Start: 4648	End: 4650
    Token: "the"          	Type: TOKEN	Start: 4651	End: 4654
    Token: "Sgt."         	Type: TITLE	Start: 4655	End: 4659
    Token: "Pepper"       	Type: TOKEN	Start: 4660	End: 4666
    Token: "'s"           	Type: RIGHTSPLIT	Start: 4666	End: 4668
    Token: "Lonely"       	Type: TOKEN	Start: 4669	End: 4675
    Token: "Hearts"       	Type: TOKEN	Start: 4676	End: 4682
    Token: "Club"         	Type: TOKEN	Start: 4683	End: 4687
    Token: "Band"         	Type: TOKEN	Start: 4688	End: 4692
    Token: "album"        	Type: TOKEN	Start: 4693	End: 4698
    Token: "."            	Type: TERM_PUNCT_P	Start: 4698	End: 4699

Paragraph Start: 4703
Paragraph End: 6155
  Text Unit Start: 4703
  Text Unit End: 4866
    Token: "John"         	Type: TOKEN	Start: 4703	End: 4707
    Token: "Lennon"       	Type: TOKEN	Start: 4708	End: 4714
    Token: "recalled"     	Type: TOKEN	Start: 4715	End: 4723
    Token: "Sgt."         	Type: TITLE	Start: 4724	End: 4728
    Token: "Pepper"       	Type: TOKEN	Start: 4729	End: 4735
    Token: "as"           	Type: TOKEN	Start: 4736	End: 4738
    Token: """            	Type: OPEN_PUNCT	Start: 4739	End: 4740	PTB: "``"
    Token: "a"            	Type: TOKEN	Start: 4740	End: 4741
    Token: "peak"         	Type: TOKEN	Start: 4742	End: 4746
    Token: """            	Type: CLOSE_PUNCT	Start: 4746	End: 4747	PTB: "''"
    Token: "in"           	Type: TOKEN	Start: 4748	End: 4750
    Token: "the"          	Type: TOKEN	Start: 4751	End: 4754
    Token: "Beatles"      	Type: TOKEN	Start: 4755	End: 4762
    Token: "'"            	Type: CLOSE_PUNCT	Start: 4762	End: 4763	PTB: "''"
    Token: "career"       	Type: TOKEN	Start: 4764	End: 4770
    Token: ","            	Type: PUNCTUATION	Start: 4770	End: 4771
    Token: "a"            	Type: TOKEN	Start: 4772	End: 4773
    Token: "time"         	Type: TOKEN	Start: 4774	End: 4778
    Token: "when"         	Type: TOKEN	Start: 4779	End: 4783
    Token: """            	Type: OPEN_PUNCT	Start: 4784	End: 4785	PTB: "``"
    Token: "Paul"         	Type: TOKEN	Start: 4785	End: 4789
    Token: "and"          	Type: TOKEN	Start: 4790	End: 4793
    Token: "I"            	Type: TOKEN	Start: 4794	End: 4795
    Token: "were"         	Type: TOKEN	Start: 4796	End: 4800
    Token: "definitely"   	Type: TOKEN	Start: 4801	End: 4811
    Token: "working"      	Type: TOKEN	Start: 4812	End: 4819
    Token: "together"     	Type: TOKEN	Start: 4820	End: 4828
    Token: ","            	Type: PUNCTUATION	Start: 4828	End: 4829
    Token: "especially"   	Type: TOKEN	Start: 4830	End: 4840
    Token: "on"           	Type: TOKEN	Start: 4841	End: 4843
    Token: "'"            	Type: OPEN_PUNCT	Start: 4844	End: 4845	PTB: "``"
    Token: "A"            	Type: TOKEN	Start: 4845	End: 4846
    Token: "Day"          	Type: TOKEN	Start: 4847	End: 4850
    Token: "in"           	Type: TOKEN	Start: 4851	End: 4853
    Token: "the"          	Type: TOKEN	Start: 4854	End: 4857
    Token: "Life"         	Type: TOKEN	Start: 4858	End: 4862
    Token: "."            	Type: TERM_PUNCT_P	Start: 4862	End: 4863
    Token: "'"            	Type: CLOSE_PUNCT	Start: 4863	End: 4864	PTB: "''"
    Token: """            	Type: CLOSE_PUNCT	Start: 4865	End: 4866	PTB: "''"
  Text Unit Start: 4867
  Text Unit End: 5047
    Token: "Indeed"       	Type: TOKEN	Start: 4867	End: 4873
    Token: ","            	Type: PUNCTUATION	Start: 4873	End: 4874
    Token: """            	Type: OPEN_PUNCT	Start: 4875	End: 4876	PTB: "``"
    Token: "A"            	Type: TOKEN	Start: 4876	End: 4877
    Token: "Day"          	Type: TOKEN	Start: 4878	End: 4881
    Token: "In"           	Type: TOKEN	Start: 4882	End: 4884
    Token: "The"          	Type: TOKEN	Start: 4885	End: 4888
    Token: "Life"         	Type: TOKEN	Start: 4889	End: 4893
    Token: """            	Type: CLOSE_PUNCT	Start: 4893	End: 4894	PTB: "''"
    Token: "may"          	Type: TOKEN	Start: 4895	End: 4898
    Token: "be"           	Type: TOKEN	Start: 4899	End: 4901
    Token: "the"          	Type: TOKEN	Start: 4902	End: 4905
    Token: "ultimate"     	Type: TOKEN	Start: 4906	End: 4914
    Token: "McCartney-Lennon"	Type: TOKEN	Start: 4915	End: 4931
    Token: "collaboration"	Type: TOKEN	Start: 4932	End: 4945
    Token: ","            	Type: PUNCTUATION	Start: 4945	End: 4946
    Token: "a"            	Type: TOKEN	Start: 4947	End: 4948
    Token: "classic"      	Type: TOKEN	Start: 4949	End: 4956
    Token: "example"      	Type: TOKEN	Start: 4957	End: 4964
    Token: "of"           	Type: TOKEN	Start: 4965	End: 4967
    Token: "how"          	Type: TOKEN	Start: 4968	End: 4971
    Token: "the"          	Type: TOKEN	Start: 4972	End: 4975
    Token: "songwriting"  	Type: TOKEN	Start: 4976	End: 4987
    Token: "style"        	Type: TOKEN	Start: 4988	End: 4993
    Token: "of"           	Type: TOKEN	Start: 4994	End: 4996
    Token: "each"         	Type: TOKEN	Start: 4997	End: 5001
    Token: "man"          	Type: TOKEN	Start: 5002	End: 5005
    Token: "perfectly"    	Type: TOKEN	Start: 5006	End: 5015
    Token: "complemented" 	Type: TOKEN	Start: 5016	End: 5028
    Token: "that"         	Type: TOKEN	Start: 5029	End: 5033
    Token: "of"           	Type: TOKEN	Start: 5034	End: 5036
    Token: "the"          	Type: TOKEN	Start: 5037	End: 5040
    Token: "other"        	Type: TOKEN	Start: 5041	End: 5046
    Token: "."            	Type: TERM_PUNCT_P	Start: 5046	End: 5047
  Text Unit Start: 5048
  Text Unit End: 5332
    Token: "Although"     	Type: TOKEN	Start: 5048	End: 5056
    Token: "John"         	Type: TOKEN	Start: 5057	End: 5061
    Token: "would"        	Type: TOKEN	Start: 5062	End: 5067
    Token: "later"        	Type: TOKEN	Start: 5068	End: 5073
    Token: "confess"      	Type: TOKEN	Start: 5074	End: 5081
    Token: "that"         	Type: TOKEN	Start: 5082	End: 5086
    Token: "he"           	Type: TOKEN	Start: 5087	End: 5089
    Token: "and"          	Type: TOKEN	Start: 5090	End: 5093
    Token: "Paul"         	Type: TOKEN	Start: 5094	End: 5098
    Token: "wrote"        	Type: TOKEN	Start: 5099	End: 5104
    Token: "many"         	Type: TOKEN	Start: 5105	End: 5109
    Token: "songs"        	Type: TOKEN	Start: 5110	End: 5115
    Token: """            	Type: OPEN_PUNCT	Start: 5116	End: 5117	PTB: "``"
    Token: "eyeball"      	Type: TOKEN	Start: 5117	End: 5124
    Token: "to"           	Type: TOKEN	Start: 5125	End: 5127
    Token: "eyeball"      	Type: TOKEN	Start: 5128	End: 5135
    Token: ","            	Type: PUNCTUATION	Start: 5135	End: 5136
    Token: """            	Type: CLOSE_PUNCT	Start: 5136	End: 5137	PTB: "''"
    Token: "especially"   	Type: TOKEN	Start: 5138	End: 5148
    Token: "in"           	Type: TOKEN	Start: 5149	End: 5151
    Token: "the"          	Type: TOKEN	Start: 5152	End: 5155
    Token: "early"        	Type: TOKEN	Start: 5156	End: 5161
    Token: "days"         	Type: TOKEN	Start: 5162	End: 5166
    Token: ","            	Type: PUNCTUATION	Start: 5166	End: 5167
    Token: "their"        	Type: TOKEN	Start: 5168	End: 5173
    Token: "usual"        	Type: TOKEN	Start: 5174	End: 5179
    Token: "practice"     	Type: TOKEN	Start: 5180	End: 5188
    Token: "by"           	Type: TOKEN	Start: 5189	End: 5191
    Token: "this"         	Type: TOKEN	Start: 5192	End: 5196
    Token: "time"         	Type: TOKEN	Start: 5197	End: 5201
    Token: ","            	Type: PUNCTUATION	Start: 5201	End: 5202
    Token: "January"      	Type: TOKEN	Start: 5203	End: 5210
    Token: "1967"         	Type: DIGITAL	Start: 5211	End: 5215
    Token: ","            	Type: PUNCTUATION	Start: 5215	End: 5216
    Token: "was"          	Type: TOKEN	Start: 5217	End: 5220
    Token: "for"          	Type: TOKEN	Start: 5221	End: 5224
    Token: "one"          	Type: TOKEN	Start: 5225	End: 5228
    Token: "of"           	Type: TOKEN	Start: 5229	End: 5231
    Token: "them"         	Type: TOKEN	Start: 5232	End: 5236
    Token: "to"           	Type: TOKEN	Start: 5237	End: 5239
    Token: "provide"      	Type: TOKEN	Start: 5240	End: 5247
    Token: "the"          	Type: TOKEN	Start: 5248	End: 5251
    Token: "missing"      	Type: TOKEN	Start: 5252	End: 5259
    Token: "middle"       	Type: TOKEN	Start: 5260	End: 5266
    Token: "or"           	Type: TOKEN	Start: 5267	End: 5269
    Token: "accents"      	Type: TOKEN	Start: 5270	End: 5277
    Token: "to"           	Type: TOKEN	Start: 5278	End: 5280
    Token: "a"            	Type: TOKEN	Start: 5281	End: 5282
    Token: "song"         	Type: TOKEN	Start: 5283	End: 5287
    Token: "that"         	Type: TOKEN	Start: 5288	End: 5292
    Token: "the"          	Type: TOKEN	Start: 5293	End: 5296
    Token: "other"        	Type: TOKEN	Start: 5297	End: 5302
    Token: "had"          	Type: TOKEN	Start: 5303	End: 5306
    Token: "already"      	Type: TOKEN	Start: 5307	End: 5314
    Token: "almost"       	Type: TOKEN	Start: 5315	End: 5321
    Token: "completed"    	Type: TOKEN	Start: 5322	End: 5331
    Token: "."            	Type: TERM_PUNCT_P	Start: 5331	End: 5332
  Text Unit Start: 5333
  Text Unit End: 5415
    Token: "In"           	Type: TOKEN	Start: 5333	End: 5335
    Token: "the"          	Type: TOKEN	Start: 5336	End: 5339
    Token: "case"         	Type: TOKEN	Start: 5340	End: 5344
    Token: "of"           	Type: TOKEN	Start: 5345	End: 5347
    Token: """            	Type: OPEN_PUNCT	Start: 5348	End: 5349	PTB: "``"
    Token: "A"            	Type: TOKEN	Start: 5349	End: 5350
    Token: "Day"          	Type: TOKEN	Start: 5351	End: 5354
    Token: "In"           	Type: TOKEN	Start: 5355	End: 5357
    Token: "The"          	Type: TOKEN	Start: 5358	End: 5361
    Token: "Life"         	Type: TOKEN	Start: 5362	End: 5366
    Token: ","            	Type: PUNCTUATION	Start: 5366	End: 5367
    Token: """            	Type: CLOSE_PUNCT	Start: 5367	End: 5368	PTB: "''"
    Token: "it"           	Type: TOKEN	Start: 5369	End: 5371
    Token: "was"          	Type: TOKEN	Start: 5372	End: 5375
    Token: "Paul"         	Type: TOKEN	Start: 5376	End: 5380
    Token: "who"          	Type: TOKEN	Start: 5381	End: 5384
    Token: "made"         	Type: TOKEN	Start: 5385	End: 5389
    Token: "John"         	Type: TOKEN	Start: 5390	End: 5394
    Token: "'s"           	Type: RIGHTSPLIT	Start: 5394	End: 5396
    Token: "composition"  	Type: TOKEN	Start: 5397	End: 5408
    Token: "whole"        	Type: TOKEN	Start: 5409	End: 5414
    Token: "."            	Type: TERM_PUNCT_P	Start: 5414	End: 5415
  Text Unit Start: 5416
  Text Unit End: 5631
    Token: "Lennon"       	Type: TOKEN	Start: 5416	End: 5422
    Token: "had"          	Type: TOKEN	Start: 5423	End: 5426
    Token: "the"          	Type: TOKEN	Start: 5427	End: 5430
    Token: "melody"       	Type: TOKEN	Start: 5431	End: 5437
    Token: "and"          	Type: TOKEN	Start: 5438	End: 5441
    Token: "story"        	Type: TOKEN	Start: 5442	End: 5447
    Token: "line"         	Type: TOKEN	Start: 5448	End: 5452
    Token: "--"           	Type: PUNCTUATION	Start: 5453	End: 5455
    Token: "the"          	Type: TOKEN	Start: 5456	End: 5459
    Token: "man"          	Type: TOKEN	Start: 5460	End: 5463
    Token: "who"          	Type: TOKEN	Start: 5464	End: 5467
    Token: """            	Type: OPEN_PUNCT	Start: 5468	End: 5469	PTB: "``"
    Token: "blew"         	Type: TOKEN	Start: 5469	End: 5473
    Token: "his"          	Type: TOKEN	Start: 5474	End: 5477
    Token: "mind"         	Type: TOKEN	Start: 5478	End: 5482
    Token: "out"          	Type: TOKEN	Start: 5483	End: 5486
    Token: "in"           	Type: TOKEN	Start: 5487	End: 5489
    Token: "a"            	Type: TOKEN	Start: 5490	End: 5491
    Token: "car"          	Type: TOKEN	Start: 5492	End: 5495
    Token: ","            	Type: PUNCTUATION	Start: 5495	End: 5496
    Token: """            	Type: CLOSE_PUNCT	Start: 5496	End: 5497	PTB: "''"
    Token: "the"          	Type: TOKEN	Start: 5498	End: 5501
    Token: "English"      	Type: TOKEN	Start: 5502	End: 5509
    Token: "Army"         	Type: TOKEN	Start: 5510	End: 5514
    Token: "that"         	Type: TOKEN	Start: 5515	End: 5519
    Token: """            	Type: OPEN_PUNCT	Start: 5520	End: 5521	PTB: "``"
    Token: "had"          	Type: TOKEN	Start: 5521	End: 5524
    Token: "just"         	Type: TOKEN	Start: 5525	End: 5529
    Token: "won"          	Type: TOKEN	Start: 5530	End: 5533
    Token: "the"          	Type: TOKEN	Start: 5534	End: 5537
    Token: "war"          	Type: TOKEN	Start: 5538	End: 5541
    Token: ","            	Type: PUNCTUATION	Start: 5541	End: 5542
    Token: """            	Type: CLOSE_PUNCT	Start: 5542	End: 5543	PTB: "''"
    Token: "the"          	Type: TOKEN	Start: 5544	End: 5547
    Token: """            	Type: OPEN_PUNCT	Start: 5548	End: 5549	PTB: "``"
    Token: "four"         	Type: TOKEN	Start: 5549	End: 5553
    Token: "thousand"     	Type: TOKEN	Start: 5554	End: 5562
    Token: "holes"        	Type: TOKEN	Start: 5563	End: 5568
    Token: "in"           	Type: TOKEN	Start: 5569	End: 5571
    Token: "Blackburn"    	Type: TOKEN	Start: 5572	End: 5581
    Token: ","            	Type: PUNCTUATION	Start: 5581	End: 5582
    Token: "Lancashire"   	Type: TOKEN	Start: 5583	End: 5593
    Token: """            	Type: CLOSE_PUNCT	Start: 5593	End: 5594	PTB: "''"
    Token: "--"           	Type: PUNCTUATION	Start: 5594	End: 5596
    Token: "but"          	Type: TOKEN	Start: 5596	End: 5599
    Token: "the"          	Type: TOKEN	Start: 5600	End: 5603
    Token: "song"         	Type: TOKEN	Start: 5604	End: 5608
    Token: "needed"       	Type: TOKEN	Start: 5609	End: 5615
    Token: "something"    	Type: TOKEN	Start: 5616	End: 5625
    Token: "more"         	Type: TOKEN	Start: 5626	End: 5630
    Token: "."            	Type: TERM_PUNCT_P	Start: 5630	End: 5631
  Text Unit Start: 5632
  Text Unit End: 5798
    Token: "Lennon"       	Type: TOKEN	Start: 5632	End: 5638
    Token: "did"          	Type: TOKEN	Start: 5639	End: 5642
    Token: "n't"          	Type: RIGHTSPLIT	Start: 5642	End: 5645
    Token: "like"         	Type: TOKEN	Start: 5646	End: 5650
    Token: "laboring"     	Type: TOKEN	Start: 5651	End: 5659
    Token: "over"         	Type: TOKEN	Start: 5660	End: 5664
    Token: "songs"        	Type: TOKEN	Start: 5665	End: 5670
    Token: ","            	Type: PUNCTUATION	Start: 5670	End: 5671
    Token: "preferring"   	Type: TOKEN	Start: 5672	End: 5682
    Token: "instead"      	Type: TOKEN	Start: 5683	End: 5690
    Token: "the"          	Type: TOKEN	Start: 5691	End: 5694
    Token: "Zen"          	Type: TOKEN	Start: 5695	End: 5698
    Token: "purity"       	Type: TOKEN	Start: 5699	End: 5705
    Token: "of"           	Type: TOKEN	Start: 5706	End: 5708
    Token: "inspiration"  	Type: TOKEN	Start: 5709	End: 5720
    Token: ","            	Type: PUNCTUATION	Start: 5720	End: 5721
    Token: "so"           	Type: TOKEN	Start: 5722	End: 5724
    Token: "when"         	Type: TOKEN	Start: 5725	End: 5729
    Token: "he"           	Type: TOKEN	Start: 5730	End: 5732
    Token: "got"          	Type: TOKEN	Start: 5733	End: 5736
    Token: "stuck"        	Type: TOKEN	Start: 5737	End: 5742
    Token: "after"        	Type: TOKEN	Start: 5743	End: 5748
    Token: "completing"   	Type: TOKEN	Start: 5749	End: 5759
    Token: "the"          	Type: TOKEN	Start: 5760	End: 5763
    Token: "main"         	Type: TOKEN	Start: 5764	End: 5768
    Token: "verses"       	Type: TOKEN	Start: 5769	End: 5775
    Token: "he"           	Type: TOKEN	Start: 5776	End: 5778
    Token: "set"          	Type: TOKEN	Start: 5779	End: 5782
    Token: "the"          	Type: TOKEN	Start: 5783	End: 5786
    Token: "song"         	Type: TOKEN	Start: 5787	End: 5791
    Token: "aside"        	Type: TOKEN	Start: 5792	End: 5797
    Token: "."            	Type: TERM_PUNCT_P	Start: 5797	End: 5798
  Text Unit Start: 5799
  Text Unit End: 5997
    Token: """            	Type: OPEN_PUNCT	Start: 5799	End: 5800	PTB: "``"
    Token: "I"            	Type: TOKEN	Start: 5800	End: 5801
    Token: "needed"       	Type: TOKEN	Start: 5802	End: 5808
    Token: "a"            	Type: TOKEN	Start: 5809	End: 5810
    Token: "middle-eight" 	Type: TOKEN	Start: 5811	End: 5823
    Token: "for"          	Type: TOKEN	Start: 5824	End: 5827
    Token: "it"           	Type: TOKEN	Start: 5828	End: 5830
    Token: "["            	Type: OPEN_BRACKET	Start: 5831	End: 5832	PTB: "-LSB-"
    Token: "the"          	Type: TOKEN	Start: 5832	End: 5835
    Token: """            	Type: OPEN_PUNCT	Start: 5836	End: 5837	PTB: "``"
    Token: "middle"       	Type: TOKEN	Start: 5837	End: 5843
    Token: "eight"        	Type: TOKEN	Start: 5844	End: 5849
    Token: """            	Type: CLOSE_PUNCT	Start: 5849	End: 5850	PTB: "''"
    Token: "is"           	Type: TOKEN	Start: 5851	End: 5853
    Token: "the"          	Type: TOKEN	Start: 5854	End: 5857
    Token: "middle"       	Type: TOKEN	Start: 5858	End: 5864
    Token: "of"           	Type: TOKEN	Start: 5865	End: 5867
    Token: "a"            	Type: TOKEN	Start: 5868	End: 5869
    Token: "song"         	Type: TOKEN	Start: 5870	End: 5874
    Token: "where"        	Type: TOKEN	Start: 5875	End: 5880
    Token: "the"          	Type: TOKEN	Start: 5881	End: 5884
    Token: "tune"         	Type: TOKEN	Start: 5885	End: 5889
    Token: "changes"      	Type: TOKEN	Start: 5890	End: 5897
    Token: "before"       	Type: TOKEN	Start: 5898	End: 5904
    Token: "going"        	Type: TOKEN	Start: 5905	End: 5910
    Token: "back"         	Type: TOKEN	Start: 5911	End: 5915
    Token: "to"           	Type: TOKEN	Start: 5916	End: 5918
    Token: "the"          	Type: TOKEN	Start: 5919	End: 5922
    Token: "original"     	Type: TOKEN	Start: 5923	End: 5931
    Token: "verse"        	Type: TOKEN	Start: 5932	End: 5937
    Token: "]"            	Type: CLOSE_BRACKET	Start: 5937	End: 5938	PTB: "-RSB-"
    Token: ","            	Type: PUNCTUATION	Start: 5938	End: 5939
    Token: "but"          	Type: TOKEN	Start: 5940	End: 5943
    Token: "that"         	Type: TOKEN	Start: 5944	End: 5948
    Token: "would"        	Type: TOKEN	Start: 5949	End: 5954
    Token: "have"         	Type: TOKEN	Start: 5955	End: 5959
    Token: "been"         	Type: TOKEN	Start: 5960	End: 5964
    Token: "forcing"      	Type: TOKEN	Start: 5965	End: 5972
    Token: "it"           	Type: TOKEN	Start: 5973	End: 5975
    Token: ","            	Type: PUNCTUATION	Start: 5975	End: 5976
    Token: """            	Type: CLOSE_PUNCT	Start: 5976	End: 5977	PTB: "''"
    Token: "he"           	Type: TOKEN	Start: 5978	End: 5980
    Token: "later"        	Type: TOKEN	Start: 5981	End: 5986
    Token: "explained"    	Type: TOKEN	Start: 5987	End: 5996
    Token: "."            	Type: TERM_PUNCT_P	Start: 5996	End: 5997
  Text Unit Start: 5998
  Text Unit End: 6155
    Token: """            	Type: OPEN_PUNCT	Start: 5998	End: 5999	PTB: "``"
    Token: "All"          	Type: TOKEN	Start: 5999	End: 6002
    Token: "the"          	Type: TOKEN	Start: 6003	End: 6006
    Token: "rest"         	Type: TOKEN	Start: 6007	End: 6011
    Token: "had"          	Type: TOKEN	Start: 6012	End: 6015
    Token: "come"         	Type: TOKEN	Start: 6016	End: 6020
    Token: "out"          	Type: TOKEN	Start: 6021	End: 6024
    Token: "smooth"       	Type: TOKEN	Start: 6025	End: 6031
    Token: ","            	Type: PUNCTUATION	Start: 6031	End: 6032
    Token: "flowing"      	Type: TOKEN	Start: 6033	End: 6040
    Token: ","            	Type: PUNCTUATION	Start: 6040	End: 6041
    Token: "no"           	Type: TOKEN	Start: 6042	End: 6044
    Token: "trouble"      	Type: TOKEN	Start: 6045	End: 6052
    Token: ","            	Type: PUNCTUATION	Start: 6052	End: 6053
    Token: "and"          	Type: TOKEN	Start: 6054	End: 6057
    Token: "to"           	Type: TOKEN	Start: 6058	End: 6060
    Token: "write"        	Type: TOKEN	Start: 6061	End: 6066
    Token: "a"            	Type: TOKEN	Start: 6067	End: 6068
    Token: "middle"       	Type: TOKEN	Start: 6069	End: 6075
    Token: "eight"        	Type: TOKEN	Start: 6076	End: 6081
    Token: "would"        	Type: TOKEN	Start: 6082	End: 6087
    Token: "have"         	Type: TOKEN	Start: 6088	End: 6092
    Token: "been"         	Type: TOKEN	Start: 6093	End: 6097
    Token: "to"           	Type: TOKEN	Start: 6098	End: 6100
    Token: "write"        	Type: TOKEN	Start: 6101	End: 6106
    Token: "a"            	Type: TOKEN	Start: 6107	End: 6108
    Token: "middle"       	Type: TOKEN	Start: 6109	End: 6115
    Token: "eight"        	Type: TOKEN	Start: 6116	End: 6121
    Token: ","            	Type: PUNCTUATION	Start: 6121	End: 6122
    Token: "but"          	Type: TOKEN	Start: 6123	End: 6126
    Token: "Paul"         	Type: TOKEN	Start: 6127	End: 6131
    Token: "already"      	Type: TOKEN	Start: 6132	End: 6139
    Token: "had"          	Type: TOKEN	Start: 6140	End: 6143
    Token: "one"          	Type: TOKEN	Start: 6144	End: 6147
    Token: "there"        	Type: TOKEN	Start: 6148	End: 6153
    Token: "."            	Type: TERM_PUNCT_P	Start: 6153	End: 6154
    Token: """            	Type: CLOSE_PUNCT	Start: 6154	End: 6155	PTB: "''"

Paragraph Start: 6159
Paragraph End: 7144
  Text Unit Start: 6159
  Text Unit End: 6236
    Token: "Paul"         	Type: TOKEN	Start: 6159	End: 6163
    Token: "did"          	Type: TOKEN	Start: 6164	End: 6167
    Token: "indeed"       	Type: TOKEN	Start: 6168	End: 6174
    Token: "have"         	Type: TOKEN	Start: 6175	End: 6179
    Token: "the"          	Type: TOKEN	Start: 6180	End: 6183
    Token: "fragment"     	Type: TOKEN	Start: 6184	End: 6192
    Token: """            	Type: OPEN_PUNCT	Start: 6193	End: 6194	PTB: "``"
    Token: "Woke"         	Type: TOKEN	Start: 6194	End: 6198
    Token: "up"           	Type: TOKEN	Start: 6199	End: 6201
    Token: ","            	Type: PUNCTUATION	Start: 6201	End: 6202
    Token: "fell"         	Type: TOKEN	Start: 6203	End: 6207
    Token: "out"          	Type: TOKEN	Start: 6208	End: 6211
    Token: "of"           	Type: TOKEN	Start: 6212	End: 6214
    Token: "bed"          	Type: TOKEN	Start: 6215	End: 6218
    Token: "."            	Type: TERM_PUNCT_P	Start: 6218	End: 6219
    Token: "."            	Type: TERM_PUNCT_P	Start: 6219	End: 6220
    Token: "."            	Type: TERM_PUNCT_P	Start: 6220	End: 6221
    Token: """            	Type: CLOSE_PUNCT	Start: 6221	End: 6222	PTB: "''"
    Token: "lying"        	Type: TOKEN	Start: 6223	End: 6228
    Token: "around"       	Type: TOKEN	Start: 6229	End: 6235
    Token: "."            	Type: TERM_PUNCT_P	Start: 6235	End: 6236
  Text Unit Start: 6237
  Text Unit End: 6518
    Token: "The"          	Type: TOKEN	Start: 6237	End: 6240
    Token: "two"          	Type: TOKEN	Start: 6241	End: 6244
    Token: "partners"     	Type: TOKEN	Start: 6245	End: 6253
    Token: "agreed"       	Type: TOKEN	Start: 6254	End: 6260
    Token: "that"         	Type: TOKEN	Start: 6261	End: 6265
    Token: "its"          	Type: TOKEN	Start: 6266	End: 6269
    Token: "peppy"        	Type: TOKEN	Start: 6270	End: 6275
    Token: "portrait"     	Type: TOKEN	Start: 6276	End: 6284
    Token: "of"           	Type: TOKEN	Start: 6285	End: 6287
    Token: "the"          	Type: TOKEN	Start: 6288	End: 6291
    Token: "modern"       	Type: TOKEN	Start: 6292	End: 6298
    Token: "urban"        	Type: TOKEN	Start: 6299	End: 6304
    Token: "life"         	Type: TOKEN	Start: 6305	End: 6309
    Token: "--"           	Type: PUNCTUATION	Start: 6310	End: 6312
    Token: "based"        	Type: TOKEN	Start: 6313	End: 6318
    Token: "on"           	Type: TOKEN	Start: 6319	End: 6321
    Token: "Paul"         	Type: TOKEN	Start: 6322	End: 6326
    Token: "'s"           	Type: RIGHTSPLIT	Start: 6326	End: 6328
    Token: "memories"     	Type: TOKEN	Start: 6329	End: 6337
    Token: "of"           	Type: TOKEN	Start: 6338	End: 6340
    Token: "rushing"      	Type: TOKEN	Start: 6341	End: 6348
    Token: "to"           	Type: TOKEN	Start: 6349	End: 6351
    Token: "school"       	Type: TOKEN	Start: 6352	End: 6358
    Token: "in"           	Type: TOKEN	Start: 6359	End: 6361
    Token: "the"          	Type: TOKEN	Start: 6362	End: 6365
    Token: "morning"      	Type: TOKEN	Start: 6366	End: 6373
    Token: "--"           	Type: PUNCTUATION	Start: 6374	End: 6376
    Token: "made"         	Type: TOKEN	Start: 6377	End: 6381
    Token: "the"          	Type: TOKEN	Start: 6382	End: 6385
    Token: "ideal"        	Type: TOKEN	Start: 6386	End: 6391
    Token: "counterpoint" 	Type: TOKEN	Start: 6392	End: 6404
    Token: "to"           	Type: TOKEN	Start: 6405	End: 6407
    Token: "John"         	Type: TOKEN	Start: 6408	End: 6412
    Token: "'s"           	Type: RIGHTSPLIT	Start: 6412	End: 6414
    Token: "gently"       	Type: TOKEN	Start: 6415	End: 6421
    Token: "ominous"      	Type: TOKEN	Start: 6422	End: 6429
    Token: ","            	Type: PUNCTUATION	Start: 6429	End: 6430
    Token: "dreamlike"    	Type: TOKEN	Start: 6431	End: 6440
    Token: "commentary"   	Type: TOKEN	Start: 6441	End: 6451
    Token: "on"           	Type: TOKEN	Start: 6452	End: 6454
    Token: "the"          	Type: TOKEN	Start: 6455	End: 6458
    Token: "hollow"       	Type: TOKEN	Start: 6459	End: 6465
    Token: "absurdity"    	Type: TOKEN	Start: 6466	End: 6475
    Token: "of"           	Type: TOKEN	Start: 6476	End: 6478
    Token: "status"       	Type: TOKEN	Start: 6479	End: 6485
    Token: ","            	Type: PUNCTUATION	Start: 6485	End: 6486
    Token: "order"        	Type: TOKEN	Start: 6487	End: 6492
    Token: ","            	Type: PUNCTUATION	Start: 6492	End: 6493
    Token: "and"          	Type: TOKEN	Start: 6494	End: 6497
    Token: "worldly"      	Type: TOKEN	Start: 6498	End: 6505
    Token: "attachments"  	Type: TOKEN	Start: 6506	End: 6517
    Token: "."            	Type: TERM_PUNCT_P	Start: 6517	End: 6518
  Text Unit Start: 6519
  Text Unit End: 6622
    Token: "The"          	Type: TOKEN	Start: 6519	End: 6522
    Token: "initial"      	Type: TOKEN	Start: 6523	End: 6530
    Token: "idea"         	Type: TOKEN	Start: 6531	End: 6535
    Token: "for"          	Type: TOKEN	Start: 6536	End: 6539
    Token: "the"          	Type: TOKEN	Start: 6540	End: 6543
    Token: "song"         	Type: TOKEN	Start: 6544	End: 6548
    Token: "had"          	Type: TOKEN	Start: 6549	End: 6552
    Token: "come"         	Type: TOKEN	Start: 6553	End: 6557
    Token: ","            	Type: PUNCTUATION	Start: 6557	End: 6558
    Token: "as"           	Type: TOKEN	Start: 6559	End: 6561
    Token: "it"           	Type: TOKEN	Start: 6562	End: 6564
    Token: "so"           	Type: TOKEN	Start: 6565	End: 6567
    Token: "often"        	Type: TOKEN	Start: 6568	End: 6573
    Token: "did"          	Type: TOKEN	Start: 6574	End: 6577
    Token: "with"         	Type: TOKEN	Start: 6578	End: 6582
    Token: "Lennon"       	Type: TOKEN	Start: 6583	End: 6589
    Token: ","            	Type: PUNCTUATION	Start: 6589	End: 6590
    Token: "from"         	Type: TOKEN	Start: 6591	End: 6595
    Token: "an"           	Type: TOKEN	Start: 6596	End: 6598
    Token: "item"         	Type: TOKEN	Start: 6599	End: 6603
    Token: "in"           	Type: TOKEN	Start: 6604	End: 6606
    Token: "the"          	Type: TOKEN	Start: 6607	End: 6610
    Token: "mass"         	Type: TOKEN	Start: 6611	End: 6615
    Token: "media"        	Type: TOKEN	Start: 6616	End: 6621
    Token: "."            	Type: TERM_PUNCT_P	Start: 6621	End: 6622
  Text Unit Start: 6623
  Text Unit End: 6694
    Token: """            	Type: OPEN_PUNCT	Start: 6623	End: 6624	PTB: "``"
    Token: "I"            	Type: TOKEN	Start: 6624	End: 6625
    Token: "was"          	Type: TOKEN	Start: 6626	End: 6629
    Token: "reading"      	Type: TOKEN	Start: 6630	End: 6637
    Token: "the"          	Type: TOKEN	Start: 6638	End: 6641
    Token: "paper"        	Type: TOKEN	Start: 6642	End: 6647
    Token: "one"          	Type: TOKEN	Start: 6648	End: 6651
    Token: "day"          	Type: TOKEN	Start: 6652	End: 6655
    Token: "and"          	Type: TOKEN	Start: 6656	End: 6659
    Token: "noticed"      	Type: TOKEN	Start: 6660	End: 6667
    Token: "two"          	Type: TOKEN	Start: 6668	End: 6671
    Token: "stories"      	Type: TOKEN	Start: 6672	End: 6679
    Token: ","            	Type: PUNCTUATION	Start: 6679	End: 6680
    Token: """            	Type: CLOSE_PUNCT	Start: 6680	End: 6681	PTB: "''"
    Token: "he"           	Type: TOKEN	Start: 6682	End: 6684
    Token: "recalled"     	Type: TOKEN	Start: 6685	End: 6693
    Token: "."            	Type: TERM_PUNCT_P	Start: 6693	End: 6694
  Text Unit Start: 6695
  Text Unit End: 6756
    Token: """            	Type: OPEN_PUNCT	Start: 6695	End: 6696	PTB: "``"
    Token: "One"          	Type: TOKEN	Start: 6696	End: 6699
    Token: "was"          	Type: TOKEN	Start: 6700	End: 6703
    Token: "about"        	Type: TOKEN	Start: 6704	End: 6709
    Token: "the"          	Type: TOKEN	Start: 6710	End: 6713
    Token: "Guinness"     	Type: TOKEN	Start: 6714	End: 6722
    Token: "heir"         	Type: TOKEN	Start: 6723	End: 6727
    Token: "who"          	Type: TOKEN	Start: 6728	End: 6731
    Token: "killed"       	Type: TOKEN	Start: 6732	End: 6738
    Token: "himself"      	Type: TOKEN	Start: 6739	End: 6746
    Token: "in"           	Type: TOKEN	Start: 6747	End: 6749
    Token: "a"            	Type: TOKEN	Start: 6750	End: 6751
    Token: "car"          	Type: TOKEN	Start: 6752	End: 6755
    Token: "."            	Type: TERM_PUNCT_P	Start: 6755	End: 6756
  Text Unit Start: 6757
  Text Unit End: 6790
    Token: "That"         	Type: TOKEN	Start: 6757	End: 6761
    Token: "was"          	Type: TOKEN	Start: 6762	End: 6765
    Token: "the"          	Type: TOKEN	Start: 6766	End: 6769
    Token: "main"         	Type: TOKEN	Start: 6770	End: 6774
    Token: "headline"     	Type: TOKEN	Start: 6775	End: 6783
    Token: "story"        	Type: TOKEN	Start: 6784	End: 6789
    Token: "."            	Type: TERM_PUNCT_P	Start: 6789	End: 6790
  Text Unit Start: 6791
  Text Unit End: 6824
    Token: "He"           	Type: TOKEN	Start: 6791	End: 6793
    Token: "died"         	Type: TOKEN	Start: 6794	End: 6798
    Token: "in"           	Type: TOKEN	Start: 6799	End: 6801
    Token: "London"       	Type: TOKEN	Start: 6802	End: 6808
    Token: "in"           	Type: TOKEN	Start: 6809	End: 6811
    Token: "a"            	Type: TOKEN	Start: 6812	End: 6813
    Token: "car"          	Type: TOKEN	Start: 6814	End: 6817
    Token: "crash"        	Type: TOKEN	Start: 6818	End: 6823
    Token: "."            	Type: TERM_PUNCT_P	Start: 6823	End: 6824
  Text Unit Start: 6825
  Text Unit End: 6949
    Token: "On"           	Type: TOKEN	Start: 6825	End: 6827
    Token: "the"          	Type: TOKEN	Start: 6828	End: 6831
    Token: "next"         	Type: TOKEN	Start: 6832	End: 6836
    Token: "page"         	Type: TOKEN	Start: 6837	End: 6841
    Token: "was"          	Type: TOKEN	Start: 6842	End: 6845
    Token: "a"            	Type: TOKEN	Start: 6846	End: 6847
    Token: "story"        	Type: TOKEN	Start: 6848	End: 6853
    Token: "about"        	Type: TOKEN	Start: 6854	End: 6859
    Token: "four"         	Type: TOKEN	Start: 6860	End: 6864
    Token: "thousand"     	Type: TOKEN	Start: 6865	End: 6873
    Token: "potholes"     	Type: TOKEN	Start: 6874	End: 6882
    Token: "in"           	Type: TOKEN	Start: 6883	End: 6885
    Token: "the"          	Type: TOKEN	Start: 6886	End: 6889
    Token: "streets"      	Type: TOKEN	Start: 6890	End: 6897
    Token: "of"           	Type: TOKEN	Start: 6898	End: 6900
    Token: "Blackburn"    	Type: TOKEN	Start: 6901	End: 6910
    Token: ","            	Type: PUNCTUATION	Start: 6910	End: 6911
    Token: "Lancashire"   	Type: TOKEN	Start: 6912	End: 6922
    Token: ","            	Type: PUNCTUATION	Start: 6922	End: 6923
    Token: "that"         	Type: TOKEN	Start: 6924	End: 6928
    Token: "needed"       	Type: TOKEN	Start: 6929	End: 6935
    Token: "to"           	Type: TOKEN	Start: 6936	End: 6938
    Token: "be"           	Type: TOKEN	Start: 6939	End: 6941
    Token: "filled"       	Type: TOKEN	Start: 6942	End: 6948
    Token: "."            	Type: TERM_PUNCT_P	Start: 6948	End: 6949
  Text Unit Start: 6950
  Text Unit End: 7099
    Token: "Paul"         	Type: TOKEN	Start: 6950	End: 6954
    Token: "'s"           	Type: RIGHTSPLIT	Start: 6954	End: 6956
    Token: "contribution" 	Type: TOKEN	Start: 6957	End: 6969
    Token: "was"          	Type: TOKEN	Start: 6970	End: 6973
    Token: "the"          	Type: TOKEN	Start: 6974	End: 6977
    Token: "beautiful"    	Type: TOKEN	Start: 6978	End: 6987
    Token: "little"       	Type: TOKEN	Start: 6988	End: 6994
    Token: "lick"         	Type: TOKEN	Start: 6995	End: 6999
    Token: "in"           	Type: TOKEN	Start: 7000	End: 7002
    Token: "the"          	Type: TOKEN	Start: 7003	End: 7006
    Token: "song"         	Type: TOKEN	Start: 7007	End: 7011
    Token: ","            	Type: PUNCTUATION	Start: 7011	End: 7012
    Token: "'"            	Type: OPEN_PUNCT	Start: 7013	End: 7014	PTB: "``"
    Token: "I"            	Type: TOKEN	Start: 7014	End: 7015
    Token: "'d"           	Type: RIGHTSPLIT	Start: 7015	End: 7017
    Token: "love"         	Type: TOKEN	Start: 7018	End: 7022
    Token: "to"           	Type: TOKEN	Start: 7023	End: 7025
    Token: "turn"         	Type: TOKEN	Start: 7026	End: 7030
    Token: "you"          	Type: TOKEN	Start: 7031	End: 7034
    Token: "on"           	Type: TOKEN	Start: 7035	End: 7037
    Token: ","            	Type: PUNCTUATION	Start: 7037	End: 7038
    Token: "'"            	Type: CLOSE_PUNCT	Start: 7038	End: 7039	PTB: "''"
    Token: "that"         	Type: TOKEN	Start: 7040	End: 7044
    Token: "he"           	Type: TOKEN	Start: 7045	End: 7047
    Token: "'d"           	Type: RIGHTSPLIT	Start: 7047	End: 7049
    Token: "had"          	Type: TOKEN	Start: 7050	End: 7053
    Token: "floating"     	Type: TOKEN	Start: 7054	End: 7062
    Token: "around"       	Type: TOKEN	Start: 7063	End: 7069
    Token: "in"           	Type: TOKEN	Start: 7070	End: 7072
    Token: "his"          	Type: TOKEN	Start: 7073	End: 7076
    Token: "head"         	Type: TOKEN	Start: 7077	End: 7081
    Token: "and"          	Type: TOKEN	Start: 7082	End: 7085
    Token: "could"        	Type: TOKEN	Start: 7086	End: 7091
    Token: "n't"          	Type: RIGHTSPLIT	Start: 7091	End: 7094
    Token: "use"          	Type: TOKEN	Start: 7095	End: 7098
    Token: "."            	Type: TERM_PUNCT_P	Start: 7098	End: 7099
  Text Unit Start: 7100
  Text Unit End: 7144
    Token: "I"            	Type: TOKEN	Start: 7100	End: 7101
    Token: "thought"      	Type: TOKEN	Start: 7102	End: 7109
    Token: "it"           	Type: TOKEN	Start: 7110	End: 7112
    Token: "was"          	Type: TOKEN	Start: 7113	End: 7116
    Token: "a"            	Type: TOKEN	Start: 7117	End: 7118
    Token: "damn"         	Type: TOKEN	Start: 7119	End: 7123
    Token: "good"         	Type: TOKEN	Start: 7124	End: 7128
    Token: "piece"        	Type: TOKEN	Start: 7129	End: 7134
    Token: "of"           	Type: TOKEN	Start: 7135	End: 7137
    Token: "work"         	Type: TOKEN	Start: 7138	End: 7142
    Token: "."            	Type: TERM_PUNCT_P	Start: 7142	End: 7143
    Token: """            	Type: CLOSE_PUNCT	Start: 7143	End: 7144	PTB: "''"

Paragraph Start: 7148
Paragraph End: 8403
  Text Unit Start: 7148
  Text Unit End: 7248
    Token: "The"          	Type: TOKEN	Start: 7148	End: 7151
    Token: "Guinness"     	Type: TOKEN	Start: 7152	End: 7160
    Token: "heir"         	Type: TOKEN	Start: 7161	End: 7165
    Token: ","            	Type: PUNCTUATION	Start: 7165	End: 7166
    Token: "whom"         	Type: TOKEN	Start: 7167	End: 7171
    Token: "the"          	Type: TOKEN	Start: 7172	End: 7175
    Token: "Beatles"      	Type: TOKEN	Start: 7176	End: 7183
    Token: "had"          	Type: TOKEN	Start: 7184	End: 7187
    Token: "happened"     	Type: TOKEN	Start: 7188	End: 7196
    Token: "to"           	Type: TOKEN	Start: 7197	End: 7199
    Token: "know"         	Type: TOKEN	Start: 7200	End: 7204
    Token: ","            	Type: PUNCTUATION	Start: 7204	End: 7205
    Token: "was"          	Type: TOKEN	Start: 7206	End: 7209
    Token: "born"         	Type: TOKEN	Start: 7210	End: 7214
    Token: "to"           	Type: TOKEN	Start: 7215	End: 7217
    Token: "a"            	Type: TOKEN	Start: 7218	End: 7219
    Token: "life"         	Type: TOKEN	Start: 7220	End: 7224
    Token: "of"           	Type: TOKEN	Start: 7225	End: 7227
    Token: "fantastic"    	Type: TOKEN	Start: 7228	End: 7237
    Token: "privilege"    	Type: TOKEN	Start: 7238	End: 7247
    Token: "."            	Type: TERM_PUNCT_P	Start: 7247	End: 7248
  Text Unit Start: 7249
  Text Unit End: 7315
    Token: "By"           	Type: TOKEN	Start: 7249	End: 7251
    Token: "conventional" 	Type: TOKEN	Start: 7252	End: 7264
    Token: "standards"    	Type: TOKEN	Start: 7265	End: 7274
    Token: "he"           	Type: TOKEN	Start: 7275	End: 7277
    Token: "was"          	Type: TOKEN	Start: 7278	End: 7281
    Token: """            	Type: OPEN_PUNCT	Start: 7282	End: 7283	PTB: "``"
    Token: "a"            	Type: TOKEN	Start: 7283	End: 7284
    Token: "lucky"        	Type: TOKEN	Start: 7285	End: 7290
    Token: "man"          	Type: TOKEN	Start: 7291	End: 7294
    Token: "who"          	Type: TOKEN	Start: 7295	End: 7298
    Token: "made"         	Type: TOKEN	Start: 7299	End: 7303
    Token: "the"          	Type: TOKEN	Start: 7304	End: 7307
    Token: "grade"        	Type: TOKEN	Start: 7308	End: 7313
    Token: "."            	Type: TERM_PUNCT_P	Start: 7313	End: 7314
    Token: """            	Type: CLOSE_PUNCT	Start: 7314	End: 7315	PTB: "''"
  Text Unit Start: 7316
  Text Unit End: 7458
    Token: "He"           	Type: TOKEN	Start: 7316	End: 7318
    Token: "had"          	Type: TOKEN	Start: 7319	End: 7322
    Token: "everything"   	Type: TOKEN	Start: 7323	End: 7333
    Token: "money"        	Type: TOKEN	Start: 7334	End: 7339
    Token: "could"        	Type: TOKEN	Start: 7340	End: 7345
    Token: "buy"          	Type: TOKEN	Start: 7346	End: 7349
    Token: ","            	Type: PUNCTUATION	Start: 7349	End: 7350
    Token: "but"          	Type: TOKEN	Start: 7351	End: 7354
    Token: "found"        	Type: TOKEN	Start: 7355	End: 7360
    Token: "himself"      	Type: TOKEN	Start: 7361	End: 7368
    Token: "no"           	Type: TOKEN	Start: 7369	End: 7371
    Token: "more"         	Type: TOKEN	Start: 7372	End: 7376
    Token: "immune"       	Type: TOKEN	Start: 7377	End: 7383
    Token: "to"           	Type: TOKEN	Start: 7384	End: 7386
    Token: "death"        	Type: TOKEN	Start: 7387	End: 7392
    Token: "'s"           	Type: RIGHTSPLIT	Start: 7392	End: 7394
    Token: "arbitrary"    	Type: TOKEN	Start: 7395	End: 7404
    Token: ","            	Type: PUNCTUATION	Start: 7404	End: 7405
    Token: "dispassionate"	Type: TOKEN	Start: 7406	End: 7419
    Token: "arrival"      	Type: TOKEN	Start: 7420	End: 7427
    Token: "than"         	Type: TOKEN	Start: 7428	End: 7432
    Token: "the"          	Type: TOKEN	Start: 7433	End: 7436
    Token: "lowliest"     	Type: TOKEN	Start: 7437	End: 7445
    Token: "proletarian"  	Type: TOKEN	Start: 7446	End: 7457
    Token: "."            	Type: TERM_PUNCT_P	Start: 7457	End: 7458
  Text Unit Start: 7459
  Text Unit End: 7557
    Token: "A"            	Type: TOKEN	Start: 7459	End: 7460
    Token: "momentary"    	Type: TOKEN	Start: 7461	End: 7470
    Token: ","            	Type: PUNCTUATION	Start: 7470	End: 7471
    Token: "all"          	Type: TOKEN	Start: 7472	End: 7475
    Token: "too"          	Type: TOKEN	Start: 7476	End: 7479
    Token: "human"        	Type: TOKEN	Start: 7480	End: 7485
    Token: "lapse"        	Type: TOKEN	Start: 7486	End: 7491
    Token: "--"           	Type: PUNCTUATION	Start: 7491	End: 7493
    Token: """            	Type: OPEN_PUNCT	Start: 7493	End: 7494	PTB: "``"
    Token: "he"           	Type: TOKEN	Start: 7494	End: 7496
    Token: "did"          	Type: TOKEN	Start: 7497	End: 7500
    Token: "n't"          	Type: RIGHTSPLIT	Start: 7500	End: 7503
    Token: "notice"       	Type: TOKEN	Start: 7504	End: 7510
    Token: "that"         	Type: TOKEN	Start: 7511	End: 7515
    Token: "the"          	Type: TOKEN	Start: 7516	End: 7519
    Token: "lights"       	Type: TOKEN	Start: 7520	End: 7526
    Token: "had"          	Type: TOKEN	Start: 7527	End: 7530
    Token: "changed"      	Type: TOKEN	Start: 7531	End: 7538
    Token: """            	Type: CLOSE_PUNCT	Start: 7538	End: 7539	PTB: "''"
    Token: "--"           	Type: PUNCTUATION	Start: 7539	End: 7541
    Token: "and"          	Type: TOKEN	Start: 7541	End: 7544
    Token: "he"           	Type: TOKEN	Start: 7545	End: 7547
    Token: "was"          	Type: TOKEN	Start: 7548	End: 7551
    Token: "gone"         	Type: TOKEN	Start: 7552	End: 7556
    Token: "."            	Type: TERM_PUNCT_P	Start: 7556	End: 7557
  Text Unit Start: 7558
  Text Unit End: 7627
    Token: "In"           	Type: TOKEN	Start: 7558	End: 7560
    Token: "the"          	Type: TOKEN	Start: 7561	End: 7564
    Token: "moment"       	Type: TOKEN	Start: 7565	End: 7571
    Token: "of"           	Type: TOKEN	Start: 7572	End: 7574
    Token: "death"        	Type: TOKEN	Start: 7575	End: 7580
    Token: ","            	Type: PUNCTUATION	Start: 7580	End: 7581
    Token: "all"          	Type: TOKEN	Start: 7582	End: 7585
    Token: "delusion"     	Type: TOKEN	Start: 7586	End: 7594
    Token: "is"           	Type: TOKEN	Start: 7595	End: 7597
    Token: "shattered"    	Type: TOKEN	Start: 7598	End: 7607
    Token: ","            	Type: PUNCTUATION	Start: 7607	End: 7608
    Token: "everyone"     	Type: TOKEN	Start: 7609	End: 7617
    Token: "is"           	Type: TOKEN	Start: 7618	End: 7620
    Token: "equal"        	Type: TOKEN	Start: 7621	End: 7626
    Token: "."            	Type: TERM_PUNCT_P	Start: 7626	End: 7627
  Text Unit Start: 7628
  Text Unit End: 7747
    Token: "Lennon"       	Type: TOKEN	Start: 7628	End: 7634
    Token: "clinches"     	Type: TOKEN	Start: 7635	End: 7643
    Token: "the"          	Type: TOKEN	Start: 7644	End: 7647
    Token: "point"        	Type: TOKEN	Start: 7648	End: 7653
    Token: "with"         	Type: TOKEN	Start: 7654	End: 7658
    Token: "the"          	Type: TOKEN	Start: 7659	End: 7662
    Token: "wistful"      	Type: TOKEN	Start: 7663	End: 7670
    Token: ","            	Type: PUNCTUATION	Start: 7670	End: 7671
    Token: "mocking"      	Type: TOKEN	Start: 7672	End: 7679
    Token: "epitaph"      	Type: TOKEN	Start: 7680	End: 7687
    Token: """            	Type: OPEN_PUNCT	Start: 7688	End: 7689	PTB: "``"
    Token: "Nobody"       	Type: TOKEN	Start: 7689	End: 7695
    Token: "was"          	Type: TOKEN	Start: 7696	End: 7699
    Token: "really"       	Type: TOKEN	Start: 7700	End: 7706
    Token: "sure"         	Type: TOKEN	Start: 7707	End: 7711
    Token: "if"           	Type: TOKEN	Start: 7712	End: 7714
    Token: "he"           	Type: TOKEN	Start: 7715	End: 7717
    Token: "was"          	Type: TOKEN	Start: 7718	End: 7721
    Token: "from"         	Type: TOKEN	Start: 7722	End: 7726
    Token: "the"          	Type: TOKEN	Start: 7727	End: 7730
    Token: "House"        	Type: TOKEN	Start: 7731	End: 7736
    Token: "of"           	Type: TOKEN	Start: 7737	End: 7739
    Token: "Lords"        	Type: TOKEN	Start: 7740	End: 7745
    Token: "."            	Type: TERM_PUNCT_P	Start: 7745	End: 7746
    Token: """            	Type: CLOSE_PUNCT	Start: 7746	End: 7747	PTB: "''"
  Text Unit Start: 7748
  Text Unit End: 7886
    Token: "The"          	Type: TOKEN	Start: 7748	End: 7751
    Token: "gathered"     	Type: TOKEN	Start: 7752	End: 7760
    Token: "crowd"        	Type: TOKEN	Start: 7761	End: 7766
    Token: "knows"        	Type: TOKEN	Start: 7767	End: 7772
    Token: "they"         	Type: TOKEN	Start: 7773	End: 7777
    Token: "'ve"          	Type: RIGHTSPLIT	Start: 7777	End: 7780
    Token: """            	Type: OPEN_PUNCT	Start: 7781	End: 7782	PTB: "``"
    Token: "seen"         	Type: TOKEN	Start: 7782	End: 7786
    Token: "his"          	Type: TOKEN	Start: 7787	End: 7790
    Token: "face"         	Type: TOKEN	Start: 7791	End: 7795
    Token: "before"       	Type: TOKEN	Start: 7796	End: 7802
    Token: """            	Type: CLOSE_PUNCT	Start: 7802	End: 7803	PTB: "''"
    Token: "but"          	Type: TOKEN	Start: 7804	End: 7807
    Token: "they"         	Type: TOKEN	Start: 7808	End: 7812
    Token: "ca"           	Type: TOKEN	Start: 7813	End: 7815
    Token: "n't"          	Type: RIGHTSPLIT	Start: 7815	End: 7818
    Token: "place"        	Type: TOKEN	Start: 7819	End: 7824
    Token: "it"           	Type: TOKEN	Start: 7825	End: 7827
    Token: ";"            	Type: PUNCTUATION	Start: 7827	End: 7828
    Token: "in"           	Type: TOKEN	Start: 7829	End: 7831
    Token: "the"          	Type: TOKEN	Start: 7832	End: 7835
    Token: "broad"        	Type: TOKEN	Start: 7836	End: 7841
    Token: "scheme"       	Type: TOKEN	Start: 7842	End: 7848
    Token: "of"           	Type: TOKEN	Start: 7849	End: 7851
    Token: "things"       	Type: TOKEN	Start: 7852	End: 7858
    Token: ","            	Type: PUNCTUATION	Start: 7858	End: 7859
    Token: "he"           	Type: TOKEN	Start: 7860	End: 7862
    Token: "is"           	Type: TOKEN	Start: 7863	End: 7865
    Token: "barely"       	Type: TOKEN	Start: 7866	End: 7872
    Token: "a"            	Type: TOKEN	Start: 7873	End: 7874
    Token: "bit"          	Type: TOKEN	Start: 7875	End: 7878
    Token: "player"       	Type: TOKEN	Start: 7879	End: 7885
    Token: "."            	Type: TERM_PUNCT_P	Start: 7885	End: 7886
  Text Unit Start: 7887
  Text Unit End: 8009
    Token: "The"          	Type: TOKEN	Start: 7887	End: 7890
    Token: "wealth"       	Type: TOKEN	Start: 7891	End: 7897
    Token: "and"          	Type: TOKEN	Start: 7898	End: 7901
    Token: "position"     	Type: TOKEN	Start: 7902	End: 7910
    Token: "that"         	Type: TOKEN	Start: 7911	End: 7915
    Token: "seemed"       	Type: TOKEN	Start: 7916	End: 7922
    Token: "so"           	Type: TOKEN	Start: 7923	End: 7925
    Token: "important"    	Type: TOKEN	Start: 7926	End: 7935
    Token: ","            	Type: PUNCTUATION	Start: 7935	End: 7936
    Token: "to"           	Type: TOKEN	Start: 7937	End: 7939
    Token: "the"          	Type: TOKEN	Start: 7940	End: 7943
    Token: "heir"         	Type: TOKEN	Start: 7944	End: 7948
    Token: "and"          	Type: TOKEN	Start: 7949	End: 7952
    Token: "the"          	Type: TOKEN	Start: 7953	End: 7956
    Token: "larger"       	Type: TOKEN	Start: 7957	End: 7963
    Token: "society"      	Type: TOKEN	Start: 7964	End: 7971
    Token: ","            	Type: PUNCTUATION	Start: 7971	End: 7972
    Token: "is"           	Type: TOKEN	Start: 7973	End: 7975
    Token: "revealed"     	Type: TOKEN	Start: 7976	End: 7984
    Token: "as"           	Type: TOKEN	Start: 7985	End: 7987
    Token: "trivial"      	Type: TOKEN	Start: 7988	End: 7995
    Token: "and"          	Type: TOKEN	Start: 7996	End: 7999
    Token: "fleeting"     	Type: TOKEN	Start: 8000	End: 8008
    Token: "."            	Type: TERM_PUNCT_P	Start: 8008	End: 8009
  Text Unit Start: 8010
  Text Unit End: 8234
    Token: "Equally"      	Type: TOKEN	Start: 8010	End: 8017
    Token: "blinded"      	Type: TOKEN	Start: 8018	End: 8025
    Token: "by"           	Type: TOKEN	Start: 8026	End: 8028
    Token: "a"            	Type: TOKEN	Start: 8029	End: 8030
    Token: "different"    	Type: TOKEN	Start: 8031	End: 8040
    Token: "kind"         	Type: TOKEN	Start: 8041	End: 8045
    Token: "of"           	Type: TOKEN	Start: 8046	End: 8048
    Token: "triviality"   	Type: TOKEN	Start: 8049	End: 8059
    Token: "are"          	Type: TOKEN	Start: 8060	End: 8063
    Token: "the"          	Type: TOKEN	Start: 8064	End: 8067
    Token: "bureaucrats"  	Type: TOKEN	Start: 8068	End: 8079
    Token: "of"           	Type: TOKEN	Start: 8080	End: 8082
    Token: "the"          	Type: TOKEN	Start: 8083	End: 8086
    Token: "final"        	Type: TOKEN	Start: 8087	End: 8092
    Token: "verse"        	Type: TOKEN	Start: 8093	End: 8098
    Token: ","            	Type: PUNCTUATION	Start: 8098	End: 8099
    Token: "who"          	Type: TOKEN	Start: 8100	End: 8103
    Token: "insist"       	Type: TOKEN	Start: 8104	End: 8110
    Token: "on"           	Type: TOKEN	Start: 8111	End: 8113
    Token: "tabulating"   	Type: TOKEN	Start: 8114	End: 8124
    Token: "the"          	Type: TOKEN	Start: 8125	End: 8128
    Token: "precise"      	Type: TOKEN	Start: 8129	End: 8136
    Token: "number"       	Type: TOKEN	Start: 8137	End: 8143
    Token: "of"           	Type: TOKEN	Start: 8144	End: 8146
    Token: "holes"        	Type: TOKEN	Start: 8147	End: 8152
    Token: "in"           	Type: TOKEN	Start: 8153	End: 8155
    Token: "the"          	Type: TOKEN	Start: 8156	End: 8159
    Token: "roads"        	Type: TOKEN	Start: 8160	End: 8165
    Token: "of"           	Type: TOKEN	Start: 8166	End: 8168
    Token: "Blackburn"    	Type: TOKEN	Start: 8169	End: 8178
    Token: ","            	Type: PUNCTUATION	Start: 8178	End: 8179
    Token: "Lancashire"   	Type: TOKEN	Start: 8180	End: 8190
    Token: ","            	Type: PUNCTUATION	Start: 8190	End: 8191
    Token: "even"         	Type: TOKEN	Start: 8192	End: 8196
    Token: """            	Type: OPEN_PUNCT	Start: 8197	End: 8198	PTB: "``"
    Token: "though"       	Type: TOKEN	Start: 8198	End: 8204
    Token: "the"          	Type: TOKEN	Start: 8205	End: 8208
    Token: "holes"        	Type: TOKEN	Start: 8209	End: 8214
    Token: "were"         	Type: TOKEN	Start: 8215	End: 8219
    Token: "rather"       	Type: TOKEN	Start: 8220	End: 8226
    Token: "small"        	Type: TOKEN	Start: 8227	End: 8232
    Token: "."            	Type: TERM_PUNCT_P	Start: 8232	End: 8233
    Token: """            	Type: CLOSE_PUNCT	Start: 8233	End: 8234	PTB: "''"
  Text Unit Start: 8235
  Text Unit End: 8284
    Token: "No"           	Type: TOKEN	Start: 8235	End: 8237
    Token: "wonder"       	Type: TOKEN	Start: 8238	End: 8244
    Token: "the"          	Type: TOKEN	Start: 8245	End: 8248
    Token: "singer"       	Type: TOKEN	Start: 8249	End: 8255
    Token: "would"        	Type: TOKEN	Start: 8256	End: 8261
    Token: """            	Type: OPEN_PUNCT	Start: 8262	End: 8263	PTB: "``"
    Token: "love"         	Type: TOKEN	Start: 8263	End: 8267
    Token: "to"           	Type: TOKEN	Start: 8268	End: 8270
    Token: "turn"         	Type: TOKEN	Start: 8271	End: 8275
    Token: "you"          	Type: TOKEN	Start: 8276	End: 8279
    Token: "on"           	Type: TOKEN	Start: 8280	End: 8282
    Token: "."            	Type: TERM_PUNCT_P	Start: 8282	End: 8283
    Token: """            	Type: CLOSE_PUNCT	Start: 8283	End: 8284	PTB: "''"
  Text Unit Start: 8285
  Text Unit End: 8403
    Token: "To"           	Type: TOKEN	Start: 8285	End: 8287
    Token: "see"          	Type: TOKEN	Start: 8288	End: 8291
    Token: "his"          	Type: TOKEN	Start: 8292	End: 8295
    Token: "fellow"       	Type: TOKEN	Start: 8296	End: 8302
    Token: "human"        	Type: TOKEN	Start: 8303	End: 8308
    Token: "beings"       	Type: TOKEN	Start: 8309	End: 8315
    Token: "sleepwalking" 	Type: TOKEN	Start: 8316	End: 8328
    Token: "so"           	Type: TOKEN	Start: 8329	End: 8331
    Token: "numbly"       	Type: TOKEN	Start: 8332	End: 8338
    Token: "through"      	Type: TOKEN	Start: 8339	End: 8346
    Token: "the"          	Type: TOKEN	Start: 8347	End: 8350
    Token: "glorious"     	Type: TOKEN	Start: 8351	End: 8359
    Token: "richness"     	Type: TOKEN	Start: 8360	End: 8368
    Token: "that"         	Type: TOKEN	Start: 8369	End: 8373
    Token: "life"         	Type: TOKEN	Start: 8374	End: 8378
    Token: "offers"       	Type: TOKEN	Start: 8379	End: 8385
    Token: "is"           	Type: TOKEN	Start: 8386	End: 8388
    Token: "heartbreaking"	Type: TOKEN	Start: 8389	End: 8402
    Token: "."            	Type: TERM_PUNCT_P	Start: 8402	End: 8403

Paragraph Start: 8407
Paragraph End: 9185
  Text Unit Start: 8407
  Text Unit End: 8593
    Token: "Musicologist" 	Type: TOKEN	Start: 8407	End: 8419
    Token: "Wilfrid"      	Type: TOKEN	Start: 8420	End: 8427
    Token: "Mellers"      	Type: TOKEN	Start: 8428	End: 8435
    Token: "has"          	Type: TOKEN	Start: 8436	End: 8439
    Token: "observed"     	Type: TOKEN	Start: 8440	End: 8448
    Token: "that"         	Type: TOKEN	Start: 8449	End: 8453
    Token: """            	Type: OPEN_PUNCT	Start: 8454	End: 8455	PTB: "``"
    Token: "A"            	Type: TOKEN	Start: 8455	End: 8456
    Token: "Day"          	Type: TOKEN	Start: 8457	End: 8460
    Token: "In"           	Type: TOKEN	Start: 8461	End: 8463
    Token: "The"          	Type: TOKEN	Start: 8464	End: 8467
    Token: "Life"         	Type: TOKEN	Start: 8468	End: 8472
    Token: """            	Type: CLOSE_PUNCT	Start: 8472	End: 8473	PTB: "''"
    Token: "derives"      	Type: TOKEN	Start: 8474	End: 8481
    Token: "much"         	Type: TOKEN	Start: 8482	End: 8486
    Token: "of"           	Type: TOKEN	Start: 8487	End: 8489
    Token: "its"          	Type: TOKEN	Start: 8490	End: 8493
    Token: "power"        	Type: TOKEN	Start: 8494	End: 8499
    Token: "from"         	Type: TOKEN	Start: 8500	End: 8504
    Token: "the"          	Type: TOKEN	Start: 8505	End: 8508
    Token: "contrast"     	Type: TOKEN	Start: 8509	End: 8517
    Token: "between"      	Type: TOKEN	Start: 8518	End: 8525
    Token: "its"          	Type: TOKEN	Start: 8526	End: 8529
    Token: "relatively"   	Type: TOKEN	Start: 8530	End: 8540
    Token: "simple"       	Type: TOKEN	Start: 8541	End: 8547
    Token: "tune"         	Type: TOKEN	Start: 8548	End: 8552
    Token: "and"          	Type: TOKEN	Start: 8553	End: 8556
    Token: "the"          	Type: TOKEN	Start: 8557	End: 8560
    Token: "horrors"      	Type: TOKEN	Start: 8561	End: 8568
    Token: "described"    	Type: TOKEN	Start: 8569	End: 8578
    Token: "in"           	Type: TOKEN	Start: 8579	End: 8581
    Token: "its"          	Type: TOKEN	Start: 8582	End: 8585
    Token: "lyrics"       	Type: TOKEN	Start: 8586	End: 8592
    Token: "."            	Type: TERM_PUNCT_P	Start: 8592	End: 8593
  Text Unit Start: 8594
  Text Unit End: 8668
    Token: "But"          	Type: TOKEN	Start: 8594	End: 8597
    Token: "it"           	Type: TOKEN	Start: 8598	End: 8600
    Token: "is"           	Type: TOKEN	Start: 8601	End: 8603
    Token: "Lennon"       	Type: TOKEN	Start: 8604	End: 8610
    Token: "'s"           	Type: RIGHTSPLIT	Start: 8610	End: 8612
    Token: "voice"        	Type: TOKEN	Start: 8613	End: 8618
    Token: "as"           	Type: TOKEN	Start: 8619	End: 8621
    Token: "much"         	Type: TOKEN	Start: 8622	End: 8626
    Token: "as"           	Type: TOKEN	Start: 8627	End: 8629
    Token: "anything"     	Type: TOKEN	Start: 8630	End: 8638
    Token: "that"         	Type: TOKEN	Start: 8639	End: 8643
    Token: "puts"         	Type: TOKEN	Start: 8644	End: 8648
    Token: "the"          	Type: TOKEN	Start: 8649	End: 8652
    Token: "message"      	Type: TOKEN	Start: 8653	End: 8660
    Token: "across"       	Type: TOKEN	Start: 8661	End: 8667
    Token: "."            	Type: TERM_PUNCT_P	Start: 8667	End: 8668
  Text Unit Start: 8669
  Text Unit End: 8798
    Token: "In"           	Type: TOKEN	Start: 8669	End: 8671
    Token: "his"          	Type: TOKEN	Start: 8672	End: 8675
    Token: "1992"         	Type: DIGITAL	Start: 8676	End: 8680
    Token: "behind-the-scenes"	Type: TOKEN	Start: 8681	End: 8698
    Token: "documentary"  	Type: TOKEN	Start: 8699	End: 8710
    Token: "The"          	Type: TOKEN	Start: 8711	End: 8714
    Token: "Making"       	Type: TOKEN	Start: 8715	End: 8721
    Token: "of"           	Type: TOKEN	Start: 8722	End: 8724
    Token: "Sgt"          	Type: TOKEN	Start: 8725	End: 8728
    Token: "Pepper"       	Type: TOKEN	Start: 8729	End: 8735
    Token: ","            	Type: PUNCTUATION	Start: 8735	End: 8736
    Token: "George"       	Type: TOKEN	Start: 8737	End: 8743
    Token: "Martin"       	Type: TOKEN	Start: 8744	End: 8750
    Token: "played"       	Type: TOKEN	Start: 8751	End: 8757
    Token: "an"           	Type: TOKEN	Start: 8758	End: 8760
    Token: "early"        	Type: TOKEN	Start: 8761	End: 8766
    Token: "version"      	Type: TOKEN	Start: 8767	End: 8774
    Token: "of"           	Type: TOKEN	Start: 8775	End: 8777
    Token: """            	Type: OPEN_PUNCT	Start: 8778	End: 8779	PTB: "``"
    Token: "A"            	Type: TOKEN	Start: 8779	End: 8780
    Token: "Day"          	Type: TOKEN	Start: 8781	End: 8784
    Token: "in"           	Type: TOKEN	Start: 8785	End: 8787
    Token: "the"          	Type: TOKEN	Start: 8788	End: 8791
    Token: "Life"         	Type: TOKEN	Start: 8792	End: 8796
    Token: "."            	Type: TERM_PUNCT_P	Start: 8796	End: 8797
    Token: """            	Type: CLOSE_PUNCT	Start: 8797	End: 8798	PTB: "''"
  Text Unit Start: 8799
  Text Unit End: 8908
    Token: "Referring"    	Type: TOKEN	Start: 8799	End: 8808
    Token: "to"           	Type: TOKEN	Start: 8809	End: 8811
    Token: "John"         	Type: TOKEN	Start: 8812	End: 8816
    Token: ","            	Type: PUNCTUATION	Start: 8816	End: 8817
    Token: "Martin"       	Type: TOKEN	Start: 8818	End: 8824
    Token: "said"         	Type: TOKEN	Start: 8825	End: 8829
    Token: ","            	Type: PUNCTUATION	Start: 8829	End: 8830
    Token: """            	Type: OPEN_PUNCT	Start: 8831	End: 8832	PTB: "``"
    Token: "even"         	Type: TOKEN	Start: 8832	End: 8836
    Token: "in"           	Type: TOKEN	Start: 8837	End: 8839
    Token: "this"         	Type: TOKEN	Start: 8840	End: 8844
    Token: "early"        	Type: TOKEN	Start: 8845	End: 8850
    Token: "take"         	Type: TOKEN	Start: 8851	End: 8855
    Token: ","            	Type: PUNCTUATION	Start: 8855	End: 8856
    Token: "he"           	Type: TOKEN	Start: 8857	End: 8859
    Token: "has"          	Type: TOKEN	Start: 8860	End: 8863
    Token: "a"            	Type: TOKEN	Start: 8864	End: 8865
    Token: "voice"        	Type: TOKEN	Start: 8866	End: 8871
    Token: "which"        	Type: TOKEN	Start: 8872	End: 8877
    Token: "sends"        	Type: TOKEN	Start: 8878	End: 8883
    Token: "shivers"      	Type: TOKEN	Start: 8884	End: 8891
    Token: "down"         	Type: TOKEN	Start: 8892	End: 8896
    Token: "the"          	Type: TOKEN	Start: 8897	End: 8900
    Token: "spine"        	Type: TOKEN	Start: 8901	End: 8906
    Token: "."            	Type: TERM_PUNCT_P	Start: 8906	End: 8907
    Token: """            	Type: CLOSE_PUNCT	Start: 8907	End: 8908	PTB: "''"
  Text Unit Start: 8909
  Text Unit End: 9185
    Token: "Martin"       	Type: TOKEN	Start: 8909	End: 8915
    Token: "had"          	Type: TOKEN	Start: 8916	End: 8919
    Token: "just"         	Type: TOKEN	Start: 8920	End: 8924
    Token: "heard"        	Type: TOKEN	Start: 8925	End: 8930
    Token: "Lennon"       	Type: TOKEN	Start: 8931	End: 8937
    Token: "'s"           	Type: RIGHTSPLIT	Start: 8937	End: 8939
    Token: "entranced"    	Type: TOKEN	Start: 8940	End: 8949
    Token: "delivery"     	Type: TOKEN	Start: 8950	End: 8958
    Token: "of"           	Type: TOKEN	Start: 8959	End: 8961
    Token: "the"          	Type: TOKEN	Start: 8962	End: 8965
    Token: "opening"      	Type: TOKEN	Start: 8966	End: 8973
    Token: "lines"        	Type: TOKEN	Start: 8974	End: 8979
    Token: "--"           	Type: PUNCTUATION	Start: 8979	End: 8981
    Token: """            	Type: OPEN_PUNCT	Start: 8981	End: 8982	PTB: "``"
    Token: "I"            	Type: TOKEN	Start: 8982	End: 8983
    Token: "read"         	Type: TOKEN	Start: 8984	End: 8988
    Token: "the"          	Type: TOKEN	Start: 8989	End: 8992
    Token: "news"         	Type: TOKEN	Start: 8993	End: 8997
    Token: "today"        	Type: TOKEN	Start: 8998	End: 9003
    Token: ","            	Type: PUNCTUATION	Start: 9003	End: 9004
    Token: "oh"           	Type: TOKEN	Start: 9005	End: 9007
    Token: "boy"          	Type: TOKEN	Start: 9008	End: 9011
    Token: "/"            	Type: PUNCTUATION	Start: 9012	End: 9013	PTB: "\/"
    Token: "About"        	Type: TOKEN	Start: 9014	End: 9019
    Token: "a"            	Type: TOKEN	Start: 9020	End: 9021
    Token: "lucky"        	Type: TOKEN	Start: 9022	End: 9027
    Token: "man"          	Type: TOKEN	Start: 9028	End: 9031
    Token: "who"          	Type: TOKEN	Start: 9032	End: 9035
    Token: "made"         	Type: TOKEN	Start: 9036	End: 9040
    Token: "the"          	Type: TOKEN	Start: 9041	End: 9044
    Token: "grade"        	Type: TOKEN	Start: 9045	End: 9050
    Token: """            	Type: CLOSE_PUNCT	Start: 9050	End: 9051	PTB: "''"
    Token: "--"           	Type: PUNCTUATION	Start: 9051	End: 9053
    Token: "and"          	Type: TOKEN	Start: 9053	End: 9056
    Token: "the"          	Type: TOKEN	Start: 9057	End: 9060
    Token: "deep"         	Type: TOKEN	Start: 9061	End: 9065
    Token: "gaze"         	Type: TOKEN	Start: 9066	End: 9070
    Token: "on"           	Type: TOKEN	Start: 9071	End: 9073
    Token: "his"          	Type: TOKEN	Start: 9074	End: 9077
    Token: "face"         	Type: TOKEN	Start: 9078	End: 9082
    Token: "and"          	Type: TOKEN	Start: 9083	End: 9086
    Token: "the"          	Type: TOKEN	Start: 9087	End: 9090
    Token: "slight"       	Type: TOKEN	Start: 9091	End: 9097
    Token: "glistening"   	Type: TOKEN	Start: 9098	End: 9108
    Token: "in"           	Type: TOKEN	Start: 9109	End: 9111
    Token: "his"          	Type: TOKEN	Start: 9112	End: 9115
    Token: "eyes"         	Type: TOKEN	Start: 9116	End: 9120
    Token: "suggested"    	Type: TOKEN	Start: 9121	End: 9130
    Token: "how"          	Type: TOKEN	Start: 9131	End: 9134
    Token: "moved"        	Type: TOKEN	Start: 9135	End: 9140
    Token: "he"           	Type: TOKEN	Start: 9141	End: 9143
    Token: "still"        	Type: TOKEN	Start: 9144	End: 9149
    Token: "was"          	Type: TOKEN	Start: 9150	End: 9153
    Token: "by"           	Type: TOKEN	Start: 9154	End: 9156
    Token: "the"          	Type: TOKEN	Start: 9157	End: 9160
    Token: "the"          	Type: TOKEN	Start: 9161	End: 9164
    Token: "death"        	Type: TOKEN	Start: 9165	End: 9170
    Token: "of"           	Type: TOKEN	Start: 9171	End: 9173
    Token: "his"          	Type: TOKEN	Start: 9174	End: 9177
    Token: "friend"       	Type: TOKEN	Start: 9178	End: 9184
    Token: "."            	Type: TERM_PUNCT_P	Start: 9184	End: 9185

Paragraph Start: 9189
Paragraph End: 9471
  Text Unit Start: 9189
  Text Unit End: 9242
    Token: "Excerpted"    	Type: TOKEN	Start: 9189	End: 9198
    Token: "from"         	Type: TOKEN	Start: 9199	End: 9203
    Token: "DAY"          	Type: TOKEN	Start: 9204	End: 9207
    Token: "IN"           	Type: TOKEN	Start: 9208	End: 9210
    Token: "THE"          	Type: TOKEN	Start: 9211	End: 9214
    Token: "LIFE"         	Type: TOKEN	Start: 9215	End: 9219
    Token: ","            	Type: PUNCTUATION	Start: 9219	End: 9220
    Token: "A"            	Type: TOKEN	Start: 9221	End: 9222
    Token: "by"           	Type: TOKEN	Start: 9223	End: 9225
    Token: "Mark"         	Type: TOKEN	Start: 9226	End: 9230
    Token: "Hertsgaard"   	Type: TOKEN	Start: 9231	End: 9241
    Token: "."            	Type: TERM_PUNCT_P	Start: 9241	End: 9242
  Text Unit Start: 9243
  Text Unit End: 9278
    Token: "Copyright"    	Type: TOKEN	Start: 9243	End: 9252
    Token: "©"            	Type: PUNCTUATION	Start: 9252	End: 9253
    Token: "1996"         	Type: DIGITAL	Start: 9254	End: 9258
    Token: "by"           	Type: TOKEN	Start: 9259	End: 9261
    Token: "Mark"         	Type: TOKEN	Start: 9262	End: 9266
    Token: "Hertsgaard"   	Type: TOKEN	Start: 9267	End: 9277
    Token: "."            	Type: TERM_PUNCT_P	Start: 9277	End: 9278
  Text Unit Start: 9279
  Text Unit End: 9345
    Token: "Excerpted"    	Type: TOKEN	Start: 9279	End: 9288
    Token: "by"           	Type: TOKEN	Start: 9289	End: 9291
    Token: "permission"   	Type: TOKEN	Start: 9292	End: 9302
    Token: "of"           	Type: TOKEN	Start: 9303	End: 9305
    Token: "Delta"        	Type: TOKEN	Start: 9306	End: 9311
    Token: ","            	Type: PUNCTUATION	Start: 9311	End: 9312
    Token: "a"            	Type: TOKEN	Start: 9313	End: 9314
    Token: "division"     	Type: TOKEN	Start: 9315	End: 9323
    Token: "of"           	Type: TOKEN	Start: 9324	End: 9326
    Token: "Random"       	Type: TOKEN	Start: 9327	End: 9333
    Token: "House"        	Type: TOKEN	Start: 9334	End: 9339
    Token: ","            	Type: PUNCTUATION	Start: 9339	End: 9340
    Token: "Inc."         	Type: B_ABBREVIATION	Start: 9341	End: 9345
  Text Unit Start: 9346
  Text Unit End: 9366
    Token: "All"          	Type: TOKEN	Start: 9346	End: 9349
    Token: "rights"       	Type: TOKEN	Start: 9350	End: 9356
    Token: "reserved"     	Type: TOKEN	Start: 9357	End: 9365
    Token: "."            	Type: TERM_PUNCT_P	Start: 9365	End: 9366
  Text Unit Start: 9367
  Text Unit End: 9471
    Token: "No"           	Type: TOKEN	Start: 9367	End: 9369
    Token: "part"         	Type: TOKEN	Start: 9370	End: 9374
    Token: "of"           	Type: TOKEN	Start: 9375	End: 9377
    Token: "this"         	Type: TOKEN	Start: 9378	End: 9382
    Token: "excerpt"      	Type: TOKEN	Start: 9383	End: 9390
    Token: "may"          	Type: TOKEN	Start: 9391	End: 9394
    Token: "be"           	Type: TOKEN	Start: 9395	End: 9397
    Token: "reproduced"   	Type: TOKEN	Start: 9398	End: 9408
    Token: "or"           	Type: TOKEN	Start: 9409	End: 9411
    Token: "reprinted"    	Type: TOKEN	Start: 9412	End: 9421
    Token: "without"      	Type: TOKEN	Start: 9422	End: 9429
    Token: "permission"   	Type: TOKEN	Start: 9430	End: 9440
    Token: "in"           	Type: TOKEN	Start: 9441	End: 9443
    Token: "writing"      	Type: TOKEN	Start: 9444	End: 9451
    Token: "from"         	Type: TOKEN	Start: 9452	End: 9456
    Token: "the"          	Type: TOKEN	Start: 9457	End: 9460
    Token: "publisher"    	Type: TOKEN	Start: 9461	End: 9470
    Token: "."            	Type: TERM_PUNCT_P	Start: 9470	End: 9471

tokenize 4. of 10 en text...
D:\Projects\JTok\bin\..\data\test\cliticsTest.txt
Paragraph Start: 0
Paragraph End: 11
  Text Unit Start: 0
  Text Unit End: 11
    Token: "Rock"         	Type: TOKEN	Start: 0	End: 4
    Token: "'n"           	Type: RIGHTSPLIT	Start: 4	End: 6
    Token: "Roll"         	Type: TOKEN	Start: 7	End: 11

Paragraph Start: 15
Paragraph End: 20
  Text Unit Start: 15
  Text Unit End: 20
    Token: "abc"          	Type: TOKEN	Start: 15	End: 18
    Token: "'n"           	Type: RIGHTSPLIT	Start: 18	End: 20

Paragraph Start: 24
Paragraph End: 31
  Text Unit Start: 24
  Text Unit End: 31
    Token: "Peter"        	Type: TOKEN	Start: 24	End: 29
    Token: "'s"           	Type: RIGHTSPLIT	Start: 29	End: 31

Paragraph Start: 35
Paragraph End: 42
  Text Unit Start: 35
  Text Unit End: 42
    Token: "O'Brain"      	Type: TOKEN	Start: 35	End: 42

Paragraph Start: 46
Paragraph End: 54
  Text Unit Start: 46
  Text Unit End: 54
    Token: "D'Angelo"     	Type: TOKEN	Start: 46	End: 54

Paragraph Start: 58
Paragraph End: 61
  Text Unit Start: 58
  Text Unit End: 61
    Token: "I"            	Type: TOKEN	Start: 58	End: 59
    Token: "'m"           	Type: RIGHTSPLIT	Start: 59	End: 61

Paragraph Start: 65
Paragraph End: 71
  Text Unit Start: 65
  Text Unit End: 71
    Token: "you"          	Type: TOKEN	Start: 65	End: 68
    Token: "'re"          	Type: RIGHTSPLIT	Start: 68	End: 71

Paragraph Start: 75
Paragraph End: 80
  Text Unit Start: 75
  Text Unit End: 80
    Token: "we"           	Type: TOKEN	Start: 75	End: 77
    Token: "'ll"          	Type: RIGHTSPLIT	Start: 77	End: 80

Paragraph Start: 84
Paragraph End: 88
  Text Unit Start: 84
  Text Unit End: 88
    Token: "i"            	Type: TOKEN	Start: 84	End: 85
    Token: "'ve"          	Type: RIGHTSPLIT	Start: 85	End: 88

Paragraph Start: 92
Paragraph End: 98
  Text Unit Start: 92
  Text Unit End: 98
    Token: "rock"         	Type: TOKEN	Start: 92	End: 96
    Token: "'n"           	Type: RIGHTSPLIT	Start: 96	End: 98

Paragraph Start: 102
Paragraph End: 107
  Text Unit Start: 102
  Text Unit End: 107
    Token: "do"           	Type: TOKEN	Start: 102	End: 104
    Token: "n't"          	Type: RIGHTSPLIT	Start: 104	End: 107

Paragraph Start: 111
Paragraph End: 115
  Text Unit Start: 111
  Text Unit End: 115
    Token: "he"           	Type: TOKEN	Start: 111	End: 113
    Token: "'s"           	Type: RIGHTSPLIT	Start: 113	End: 115

Paragraph Start: 119
Paragraph End: 134
  Text Unit Start: 119
  Text Unit End: 134
    Token: "O'O'O'abc"    	Type: TOKEN	Start: 119	End: 128
    Token: "'s"           	Type: RIGHTSPLIT	Start: 128	End: 130
    Token: "'s"           	Type: RIGHTSPLIT	Start: 130	End: 132
    Token: "'s"           	Type: RIGHTSPLIT	Start: 132	End: 134

Paragraph Start: 138
Paragraph End: 151
  Text Unit Start: 138
  Text Unit End: 151
    Token: "@O'Brain"     	Type: TOKEN	Start: 138	End: 146
    Token: "'s"           	Type: RIGHTSPLIT	Start: 146	End: 148
    Token: "."            	Type: TERM_PUNCT_P	Start: 148	End: 149
    Token: "."            	Type: TERM_PUNCT_P	Start: 149	End: 150
    Token: "."            	Type: TERM_PUNCT_P	Start: 150	End: 151

Paragraph Start: 155
Paragraph End: 164
  Text Unit Start: 155
  Text Unit End: 164
    Token: "Quest'abc"    	Type: TOKEN	Start: 155	End: 164

Paragraph Start: 168
Paragraph End: 177
  Text Unit Start: 168
  Text Unit End: 177
    Token: "quest'abc"    	Type: TOKEN	Start: 168	End: 177

Paragraph Start: 181
Paragraph End: 187
  Text Unit Start: 181
  Text Unit End: 187
    Token: "L.A."         	Type: B_ABBREVIATION	Start: 181	End: 185
    Token: "'s"           	Type: RIGHTSPLIT	Start: 185	End: 187

Paragraph Start: 191
Paragraph End: 212
  Text Unit Start: 191
  Text Unit End: 212
    Token: "Rock'n'Roll.Genial"	Type: TOKEN	Start: 191	End: 209
    Token: "."            	Type: TERM_PUNCT_P	Start: 209	End: 210
    Token: "."            	Type: TERM_PUNCT_P	Start: 210	End: 211
    Token: "."            	Type: TERM_PUNCT_P	Start: 211	End: 212

Paragraph Start: 216
Paragraph End: 228
  Text Unit Start: 216
  Text Unit End: 228
    Token: "Rock'n'Roll"  	Type: TOKEN	Start: 216	End: 227
    Token: "."            	Type: TERM_PUNCT_P	Start: 227	End: 228

Paragraph Start: 232
Paragraph End: 249
  Text Unit Start: 232
  Text Unit End: 249
    Token: "sull'avvenimento"	Type: TOKEN	Start: 232	End: 248
    Token: "."            	Type: TERM_PUNCT_P	Start: 248	End: 249

Paragraph Start: 253
Paragraph End: 275
  Text Unit Start: 253
  Text Unit End: 275
    Token: "@Rock'n'Roll.Genial"	Type: TOKEN	Start: 253	End: 272
    Token: "."            	Type: TERM_PUNCT_P	Start: 272	End: 273
    Token: "."            	Type: TERM_PUNCT_P	Start: 273	End: 274
    Token: "."            	Type: TERM_PUNCT_P	Start: 274	End: 275

Paragraph Start: 279
Paragraph End: 292
  Text Unit Start: 279
  Text Unit End: 292
    Token: "@Rock'n'Roll" 	Type: TOKEN	Start: 279	End: 291
    Token: "."            	Type: TERM_PUNCT_P	Start: 291	End: 292

Paragraph Start: 296
Paragraph End: 314
  Text Unit Start: 296
  Text Unit End: 314
    Token: "@sull'avvenimento"	Type: TOKEN	Start: 296	End: 313
    Token: "."            	Type: TERM_PUNCT_P	Start: 313	End: 314

Paragraph Start: 318
Paragraph End: 421
  Text Unit Start: 318
  Text Unit End: 349
    Token: "Informazioni" 	Type: TOKEN	Start: 318	End: 330
    Token: "su"           	Type: TOKEN	Start: 331	End: 333
    Token: "Police"       	Type: TOKEN	Start: 334	End: 340
    Token: "-"            	Type: PUNCTUATION	Start: 341	End: 342
    Token: "Sting"        	Type: TOKEN	Start: 343	End: 348
    Token: "."            	Type: TERM_PUNCT_P	Start: 348	End: 349
  Text Unit Start: 350
  Text Unit End: 421
    Token: "Testi"        	Type: TOKEN	Start: 350	End: 355
    Token: "da"           	Type: TOKEN	Start: 356	End: 358
    Token: "'"            	Type: OPEN_PUNCT	Start: 359	End: 360	PTB: "``"
    Token: "Outlandos"    	Type: TOKEN	Start: 360	End: 369
    Token: "d'amour"      	Type: TOKEN	Start: 370	End: 377
    Token: "'"            	Type: CLOSE_PUNCT	Start: 377	End: 378	PTB: "''"
    Token: "a"            	Type: TOKEN	Start: 379	End: 380
    Token: "'"            	Type: OPEN_PUNCT	Start: 381	End: 382	PTB: "``"
    Token: "The"          	Type: TOKEN	Start: 382	End: 385
    Token: "soul"         	Type: TOKEN	Start: 386	End: 390
    Token: "cages"        	Type: TOKEN	Start: 391	End: 396
    Token: "'"            	Type: CLOSE_PUNCT	Start: 396	End: 397	PTB: "''"
    Token: "con"          	Type: TOKEN	Start: 398	End: 401
    Token: "traduzione"   	Type: TOKEN	Start: 402	End: 412
    Token: "a"            	Type: TOKEN	Start: 413	End: 414
    Token: "fronte"       	Type: TOKEN	Start: 415	End: 421

Paragraph Start: 425
Paragraph End: 435
  Text Unit Start: 425
  Text Unit End: 435
    Token: "d'amour"      	Type: TOKEN	Start: 425	End: 432
    Token: "'"            	Type: CLOSE_PUNCT	Start: 432	End: 433	PTB: "''"
    Token: "a"            	Type: TOKEN	Start: 434	End: 435

tokenize 5. of 10 en text...
D:\Projects\JTok\bin\..\data\test\misc.txt
Paragraph Start: 0
Paragraph End: 19
  Text Unit Start: 0
  Text Unit End: 19
    Token: "$"            	Type: LEFTSPLIT	Start: 0	End: 1
    Token: "295"          	Type: DIGITAL	Start: 1	End: 4
    Token: "O'Donald"     	Type: TOKEN	Start: 6	End: 14
    Token: "50"           	Type: DIGITAL	Start: 16	End: 18
    Token: "%"            	Type: PUNCTUATION	Start: 18	End: 19

Paragraph Start: 23
Paragraph End: 27
  Text Unit Start: 23
  Text Unit End: 27
    Token: "0.7"          	Type: DIGITAL	Start: 23	End: 26
    Token: "%"            	Type: PUNCTUATION	Start: 26	End: 27

Paragraph Start: 31
Paragraph End: 35
  Text Unit Start: 31
  Text Unit End: 35
    Token: "200"          	Type: DIGITAL	Start: 31	End: 34
    Token: "$"            	Type: RIGHTSPLIT	Start: 34	End: 35

Paragraph Start: 39
Paragraph End: 44
  Text Unit Start: 39
  Text Unit End: 44
    Token: "1950s"        	Type: DIGITAL	Start: 39	End: 44

Paragraph Start: 48
Paragraph End: 53
  Text Unit Start: 48
  Text Unit End: 53
    Token: "3"            	Type: DIGITAL	Start: 48	End: 49
    Token: "1/2"          	Type: TOKEN	Start: 50	End: 53	PTB: "1\/2"

Paragraph Start: 57
Paragraph End: 70
  Text Unit Start: 57
  Text Unit End: 70
    Token: "Summer/Winter"	Type: TOKEN	Start: 57	End: 70	PTB: "Summer\/Winter"

Paragraph Start: 74
Paragraph End: 86
  Text Unit Start: 74
  Text Unit End: 86
    Token: "I"            	Type: TOKEN	Start: 74	End: 75
    Token: "can"          	Type: TOKEN	Start: 76	End: 79
    Token: "not"          	Type: RIGHTSPLIT	Start: 79	End: 82
    Token: "go"           	Type: TOKEN	Start: 83	End: 85
    Token: "."            	Type: TERM_PUNCT_P	Start: 85	End: 86

Paragraph Start: 90
Paragraph End: 102
  Text Unit Start: 90
  Text Unit End: 102
    Token: "I"            	Type: TOKEN	Start: 90	End: 91
    Token: "CAN"          	Type: TOKEN	Start: 92	End: 95
    Token: "NOT"          	Type: RIGHTSPLIT	Start: 95	End: 98
    Token: "GO"           	Type: TOKEN	Start: 99	End: 101
    Token: "!"            	Type: TERM_PUNCT	Start: 101	End: 102

Paragraph Start: 106
Paragraph End: 116
  Text Unit Start: 106
  Text Unit End: 116
    Token: "1:00"         	Type: TOKEN	Start: 106	End: 110
    Token: "a.m."         	Type: B_ABBREVIATION	Start: 111	End: 115
    Token: "'"            	Type: CLOSE_PUNCT	Start: 115	End: 116	PTB: "''"

Paragraph Start: 120
Paragraph End: 128
  Text Unit Start: 120
  Text Unit End: 128
    Token: "The"          	Type: TOKEN	Start: 120	End: 123
    Token: "'"            	Type: CLOSE_PUNCT	Start: 124	End: 125	PTB: "''"
    Token: "80s"          	Type: DIGITAL	Start: 125	End: 128

Paragraph Start: 132
Paragraph End: 150
  Text Unit Start: 132
  Text Unit End: 150
    Token: "The"          	Type: TOKEN	Start: 132	End: 135
    Token: "course"       	Type: TOKEN	Start: 136	End: 142
    Token: ":"            	Type: PUNCTUATION	Start: 142	End: 143
    Token: "a"            	Type: TOKEN	Start: 144	End: 145
    Token: "test"         	Type: TOKEN	Start: 146	End: 150

Paragraph Start: 154
Paragraph End: 241
  Text Unit Start: 154
  Text Unit End: 241
    Token: "You"          	Type: TOKEN	Start: 154	End: 157
    Token: "look"         	Type: TOKEN	Start: 158	End: 162
    Token: "around"       	Type: TOKEN	Start: 163	End: 169
    Token: "at"           	Type: TOKEN	Start: 170	End: 172
    Token: "professional" 	Type: TOKEN	Start: 173	End: 185
    Token: "ballplayers"  	Type: TOKEN	Start: 186	End: 197
    Token: "or"           	Type: TOKEN	Start: 198	End: 200
    Token: "accountants"  	Type: TOKEN	Start: 201	End: 212
    Token: "."            	Type: TERM_PUNCT_P	Start: 212	End: 213
    Token: "."            	Type: TERM_PUNCT_P	Start: 213	End: 214
    Token: "."            	Type: TERM_PUNCT_P	Start: 214	End: 215
    Token: "and"          	Type: TOKEN	Start: 216	End: 219
    Token: "nobody"       	Type: TOKEN	Start: 220	End: 226
    Token: "blinks"       	Type: TOKEN	Start: 227	End: 233
    Token: "an"           	Type: TOKEN	Start: 234	End: 236
    Token: "eye"          	Type: TOKEN	Start: 237	End: 240
    Token: "."            	Type: TERM_PUNCT_P	Start: 240	End: 241

Paragraph Start: 245
Paragraph End: 261
  Text Unit Start: 245
  Text Unit End: 261
    Token: "You"          	Type: TOKEN	Start: 245	End: 248
    Token: "'re"          	Type: RIGHTSPLIT	Start: 248	End: 251
    Token: "50"           	Type: DIGITAL	Start: 252	End: 254
    Token: "%"            	Type: PUNCTUATION	Start: 254	End: 255
    Token: "good"         	Type: TOKEN	Start: 256	End: 260
    Token: "."            	Type: TERM_PUNCT_P	Start: 260	End: 261

Paragraph Start: 265
Paragraph End: 343
  Text Unit Start: 265
  Text Unit End: 343
    Token: "As"           	Type: TOKEN	Start: 265	End: 267
    Token: "Good"         	Type: TOKEN	Start: 268	End: 272
    Token: "As"           	Type: TOKEN	Start: 273	End: 275
    Token: "It"           	Type: TOKEN	Start: 276	End: 278
    Token: "Gets"         	Type: TOKEN	Start: 279	End: 283
    Token: "--"           	Type: PUNCTUATION	Start: 283	End: 285
    Token: "This"         	Type: TOKEN	Start: 286	End: 290
    Token: "book"         	Type: TOKEN	Start: 291	End: 295
    Token: "is"           	Type: TOKEN	Start: 296	End: 298
    Token: "a"            	Type: TOKEN	Start: 299	End: 300
    Token: "Bible"        	Type: TOKEN	Start: 301	End: 306
    Token: "of"           	Type: TOKEN	Start: 307	End: 309
    Token: "this"         	Type: TOKEN	Start: 310	End: 314
    Token: "God"          	Type: TOKEN	Start: 315	End: 318
    Token: "'s"           	Type: RIGHTSPLIT	Start: 318	End: 320
    Token: "life"         	Type: TOKEN	Start: 321	End: 325
    Token: ","            	Type: PUNCTUATION	Start: 325	End: 326
    Token: "November"     	Type: TOKEN	Start: 327	End: 335
    Token: "5"            	Type: DIGITAL	Start: 336	End: 337
    Token: ","            	Type: PUNCTUATION	Start: 337	End: 338
    Token: "1998"         	Type: DIGITAL	Start: 339	End: 343

Paragraph Start: 347
Paragraph End: 391
  Text Unit Start: 347
  Text Unit End: 391
    Token: "Reviewer"     	Type: TOKEN	Start: 347	End: 355
    Token: ":"            	Type: PUNCTUATION	Start: 355	End: 356
    Token: "debslogan@email.msn.com"	Type: TOKEN	Start: 357	End: 380
    Token: "from"         	Type: TOKEN	Start: 381	End: 385
    Token: "Minn."        	Type: B_ABBREVIATION	Start: 386	End: 391

Paragraph Start: 395
Paragraph End: 494
  Text Unit Start: 395
  Text Unit End: 494
    Token: "This"         	Type: TOKEN	Start: 395	End: 399
    Token: "book"         	Type: TOKEN	Start: 400	End: 404
    Token: "will"         	Type: TOKEN	Start: 405	End: 409
    Token: "truly"        	Type: TOKEN	Start: 410	End: 415
    Token: "make"         	Type: TOKEN	Start: 416	End: 420
    Token: "any"          	Type: TOKEN	Start: 421	End: 424
    Token: "reader"       	Type: TOKEN	Start: 425	End: 431
    Token: "a"            	Type: TOKEN	Start: 432	End: 433
    Token: "devoted"      	Type: TOKEN	Start: 434	End: 441
    Token: "fan"          	Type: TOKEN	Start: 442	End: 445
    Token: "to"           	Type: TOKEN	Start: 446	End: 448
    Token: "the"          	Type: TOKEN	Start: 449	End: 452
    Token: "Rock"         	Type: TOKEN	Start: 453	End: 457
    Token: "world"        	Type: TOKEN	Start: 458	End: 463
    Token: "'s"           	Type: RIGHTSPLIT	Start: 463	End: 465
    Token: "answer"       	Type: TOKEN	Start: 466	End: 472
    Token: "to"           	Type: TOKEN	Start: 473	End: 475
    Token: "the"          	Type: TOKEN	Start: 476	End: 479
    Token: "Guitar"       	Type: TOKEN	Start: 480	End: 486
    Token: "Master"       	Type: TOKEN	Start: 487	End: 493
    Token: "."            	Type: TERM_PUNCT_P	Start: 493	End: 494

Paragraph Start: 498
Paragraph End: 563
  Text Unit Start: 498
  Text Unit End: 563
    Token: "You"          	Type: TOKEN	Start: 498	End: 501
    Token: "("            	Type: OPEN_BRACKET	Start: 502	End: 503	PTB: "-LRB-"
    Token: "look"         	Type: TOKEN	Start: 503	End: 507
    Token: ")"            	Type: CLOSE_BRACKET	Start: 507	End: 508	PTB: "-RRB-"
    Token: "["            	Type: OPEN_BRACKET	Start: 509	End: 510	PTB: "-LSB-"
    Token: "around"       	Type: TOKEN	Start: 510	End: 516
    Token: "]"            	Type: CLOSE_BRACKET	Start: 516	End: 517	PTB: "-RSB-"
    Token: "{"            	Type: OPEN_BRACKET	Start: 518	End: 519	PTB: "-LCB-"
    Token: "at"           	Type: TOKEN	Start: 519	End: 521
    Token: "}"            	Type: CLOSE_BRACKET	Start: 521	End: 522	PTB: "-RCB-"
    Token: "professional/ballplayers/or/accountants"	Type: TOKEN	Start: 523	End: 562	PTB: "professional\/ballplayers\/or\/accountants"
    Token: "."            	Type: TERM_PUNCT_P	Start: 562	End: 563

Paragraph Start: 567
Paragraph End: 581
  Text Unit Start: 567
  Text Unit End: 581
    Token: "Dunkin"       	Type: TOKEN	Start: 567	End: 573
    Token: "'"            	Type: CLOSE_PUNCT	Start: 573	End: 574	PTB: "''"
    Token: "Donuts"       	Type: TOKEN	Start: 575	End: 581

Paragraph Start: 585
Paragraph End: 603
  Text Unit Start: 585
  Text Unit End: 603
    Token: "•"            	Type: PUNCTUATION	Start: 585	End: 586
    Token: "This"         	Type: TOKEN	Start: 586	End: 590
    Token: "is"           	Type: TOKEN	Start: 591	End: 593
    Token: "a"            	Type: TOKEN	Start: 594	End: 595
    Token: "bullet"       	Type: TOKEN	Start: 596	End: 602
    Token: "."            	Type: TERM_PUNCT_P	Start: 602	End: 603

Paragraph Start: 607
Paragraph End: 628
  Text Unit Start: 607
  Text Unit End: 628
    Token: "©"            	Type: PUNCTUATION	Start: 607	End: 608
    Token: "This"         	Type: TOKEN	Start: 608	End: 612
    Token: "is"           	Type: TOKEN	Start: 613	End: 615
    Token: "a"            	Type: TOKEN	Start: 616	End: 617
    Token: "copyright"    	Type: TOKEN	Start: 618	End: 627
    Token: "."            	Type: TERM_PUNCT_P	Start: 627	End: 628

Paragraph Start: 632
Paragraph End: 647
  Text Unit Start: 632
  Text Unit End: 647
    Token: "steffen@dfki.de"	Type: TOKEN	Start: 632	End: 647

Paragraph Start: 651
Paragraph End: 722
  Text Unit Start: 651
  Text Unit End: 679
    Token: """            	Type: OPEN_PUNCT	Start: 651	End: 652	PTB: "``"
    Token: "This"         	Type: TOKEN	Start: 652	End: 656
    Token: "is"           	Type: TOKEN	Start: 657	End: 659
    Token: "a"            	Type: TOKEN	Start: 660	End: 661
    Token: "quoted"       	Type: TOKEN	Start: 662	End: 668
    Token: "sentence"     	Type: TOKEN	Start: 669	End: 677
    Token: """            	Type: CLOSE_PUNCT	Start: 677	End: 678	PTB: "''"
    Token: "."            	Type: TERM_PUNCT_P	Start: 678	End: 679
  Text Unit Start: 680
  Text Unit End: 695
    Token: "Some"         	Type: TOKEN	Start: 680	End: 684
    Token: "more"         	Type: TOKEN	Start: 685	End: 689
    Token: "text"         	Type: TOKEN	Start: 690	End: 694
    Token: "."            	Type: TERM_PUNCT_P	Start: 694	End: 695
  Text Unit Start: 696
  Text Unit End: 722
    Token: """            	Type: OPEN_PUNCT	Start: 696	End: 697	PTB: "``"
    Token: "Followed"     	Type: TOKEN	Start: 697	End: 705
    Token: "by"           	Type: TOKEN	Start: 706	End: 708
    Token: "another"      	Type: TOKEN	Start: 709	End: 716
    Token: "one"          	Type: TOKEN	Start: 717	End: 720
    Token: "."            	Type: TERM_PUNCT_P	Start: 720	End: 721
    Token: """            	Type: CLOSE_PUNCT	Start: 721	End: 722	PTB: "''"

tokenize 6. of 10 en text...
D:\Projects\JTok\bin\..\data\test\numbersTest.txt
Paragraph Start: 0
Paragraph End: 21
  Text Unit Start: 0
  Text Unit End: 2
    Token: "5"            	Type: DIGITAL	Start: 0	End: 1
    Token: "."            	Type: TERM_PUNCT_P	Start: 1	End: 2
  Text Unit Start: 3
  Text Unit End: 8
    Token: "Aufl"         	Type: TOKEN	Start: 3	End: 7
    Token: "."            	Type: TERM_PUNCT_P	Start: 7	End: 8
  Text Unit Start: 9
  Text Unit End: 14
    Token: "2000"         	Type: DIGITAL	Start: 9	End: 13
    Token: "."            	Type: TERM_PUNCT_P	Start: 13	End: 14
  Text Unit Start: 15
  Text Unit End: 21
    Token: "920"          	Type: DIGITAL	Start: 15	End: 18
    Token: "S."           	Type: INITIAL	Start: 19	End: 21

Paragraph Start: 25
Paragraph End: 40
  Text Unit Start: 25
  Text Unit End: 40
    Token: "849x543x124"  	Type: DIGITAL	Start: 25	End: 36
    Token: "147"          	Type: DIGITAL	Start: 37	End: 40

Paragraph Start: 44
Paragraph End: 51
  Text Unit Start: 44
  Text Unit End: 46
    Token: "3"            	Type: DIGITAL	Start: 44	End: 45
    Token: "."            	Type: TERM_PUNCT_P	Start: 45	End: 46
  Text Unit Start: 47
  Text Unit End: 51
    Token: "Abl"          	Type: TOKEN	Start: 47	End: 50
    Token: "."            	Type: TERM_PUNCT_P	Start: 50	End: 51

Paragraph Start: 55
Paragraph End: 68
  Text Unit Start: 55
  Text Unit End: 68
    Token: "hardcover.135"	Type: TOKEN	Start: 55	End: 68

Paragraph Start: 72
Paragraph End: 89
  Text Unit Start: 72
  Text Unit End: 89
    Token: "3-8025-2224-9"	Type: DIGITAL	Start: 72	End: 85
    Token: ","            	Type: PUNCTUATION	Start: 85	End: 86
    Token: "ean"          	Type: TOKEN	Start: 86	End: 89

Paragraph Start: 93
Paragraph End: 104
  Text Unit Start: 93
  Text Unit End: 104
    Token: "1990"         	Type: DIGITAL	Start: 93	End: 97
    Token: "-"            	Type: PUNCTUATION	Start: 98	End: 99
    Token: "2000"         	Type: DIGITAL	Start: 100	End: 104

Paragraph Start: 108
Paragraph End: 122
  Text Unit Start: 108
  Text Unit End: 122
    Token: "10.01x7.00x.66"	Type: DIGITAL	Start: 108	End: 122

Paragraph Start: 126
Paragraph End: 136
  Text Unit Start: 126
  Text Unit End: 136
    Token: "088188541x"   	Type: DIGITAL	Start: 126	End: 136

Paragraph Start: 140
Paragraph End: 148
  Text Unit Start: 140
  Text Unit End: 148
    Token: "#034964x"     	Type: DIGITAL	Start: 140	End: 148

Paragraph Start: 152
Paragraph End: 154
  Text Unit Start: 152
  Text Unit End: 154
    Token: "+3"           	Type: DIGITAL	Start: 152	End: 154

Paragraph Start: 158
Paragraph End: 171
  Text Unit Start: 158
  Text Unit End: 171
    Token: "0-517-59448-x"	Type: DIGITAL	Start: 158	End: 171

Paragraph Start: 175
Paragraph End: 184
  Text Unit Start: 175
  Text Unit End: 184
    Token: "06028126x"    	Type: DIGITAL	Start: 175	End: 184

Paragraph Start: 188
Paragraph End: 194
  Text Unit Start: 188
  Text Unit End: 194
    Token: "1,000+"       	Type: DIGITAL	Start: 188	End: 194

Paragraph Start: 198
Paragraph End: 204
  Text Unit Start: 198
  Text Unit End: 204
    Token: "1072pp"       	Type: DIGITAL	Start: 198	End: 204

Paragraph Start: 208
Paragraph End: 215
  Text Unit Start: 208
  Text Unit End: 215
    Token: "00089gr"      	Type: DIGITAL	Start: 208	End: 215

Paragraph Start: 219
Paragraph End: 227
  Text Unit Start: 219
  Text Unit End: 227
    Token: "118,00dm"     	Type: DIGITAL	Start: 219	End: 227

Paragraph Start: 231
Paragraph End: 238
  Text Unit Start: 231
  Text Unit End: 238
    Token: "12x18cm"      	Type: DIGITAL	Start: 231	End: 238

Paragraph Start: 242
Paragraph End: 251
  Text Unit Start: 242
  Text Unit End: 251
    Token: "10am-10pm"    	Type: DIGITAL	Start: 242	End: 251

Paragraph Start: 255
Paragraph End: 258
  Text Unit Start: 255
  Text Unit End: 258
    Token: "10¼"          	Type: FRACTION	Start: 255	End: 258

Paragraph Start: 262
Paragraph End: 265
  Text Unit Start: 262
  Text Unit End: 265
    Token: "10½"          	Type: FRACTION	Start: 262	End: 265

Paragraph Start: 269
Paragraph End: 272
  Text Unit Start: 269
  Text Unit End: 272
    Token: "10¾"          	Type: FRACTION	Start: 269	End: 272

Paragraph Start: 276
Paragraph End: 277
  Text Unit Start: 276
  Text Unit End: 277
    Token: "¼"            	Type: FRACTION	Start: 276	End: 277

Paragraph Start: 281
Paragraph End: 282
  Text Unit Start: 281
  Text Unit End: 282
    Token: "½"            	Type: FRACTION	Start: 281	End: 282

Paragraph Start: 286
Paragraph End: 287
  Text Unit Start: 286
  Text Unit End: 287
    Token: "¾"            	Type: FRACTION	Start: 286	End: 287

Paragraph Start: 291
Paragraph End: 305
  Text Unit Start: 291
  Text Unit End: 305
    Token: "11.02x9.01x.56"	Type: DIGITAL	Start: 291	End: 305

Paragraph Start: 309
Paragraph End: 317
  Text Unit Start: 309
  Text Unit End: 317
    Token: "ZardoZ70"     	Type: TOKEN	Start: 309	End: 317

Paragraph Start: 321
Paragraph End: 334
  Text Unit Start: 321
  Text Unit End: 334
    Token: "35-Tage-Woche"	Type: TOKEN	Start: 321	End: 334

Paragraph Start: 338
Paragraph End: 431
  Text Unit Start: 338
  Text Unit End: 431
    Token: "("            	Type: OPEN_BRACKET	Start: 338	End: 339	PTB: "-LRB-"
    Token: "SffFontStart1"	Type: TOKEN	Start: 339	End: 352
    Token: ")"            	Type: CLOSE_BRACKET	Start: 352	End: 353	PTB: "-RRB-"
    Token: "364/419.01,419.07,419.1,419.11,419.12,419.05,419.08,419.3,419.19"	Type: TOKEN	Start: 353	End: 417	PTB: "364\/419.01,419.07,419.1,419.11,419.12,419.05,419.08,419.3,419.19"
    Token: "("            	Type: OPEN_BRACKET	Start: 417	End: 418	PTB: "-LRB-"
    Token: "SffFontClose" 	Type: TOKEN	Start: 418	End: 430
    Token: ")"            	Type: CLOSE_BRACKET	Start: 430	End: 431	PTB: "-RRB-"

Paragraph Start: 435
Paragraph End: 455
  Text Unit Start: 435
  Text Unit End: 455
    Token: "1.000.000,000.000.22"	Type: DIGITAL	Start: 435	End: 455

Paragraph Start: 459
Paragraph End: 468
  Text Unit Start: 459
  Text Unit End: 468
    Token: "1.000.000"    	Type: DIGITAL	Start: 459	End: 468

Paragraph Start: 472
Paragraph End: 482
  Text Unit Start: 472
  Text Unit End: 482
    Token: "000.000.22"   	Type: DIGITAL	Start: 472	End: 482

Paragraph Start: 486
Paragraph End: 502
  Text Unit Start: 486
  Text Unit End: 502
    Token: "1000000,00000022"	Type: DIGITAL	Start: 486	End: 502

Paragraph Start: 506
Paragraph End: 513
  Text Unit Start: 506
  Text Unit End: 513
    Token: "1000000"      	Type: DIGITAL	Start: 506	End: 513

Paragraph Start: 517
Paragraph End: 537
  Text Unit Start: 517
  Text Unit End: 537
    Token: "1"            	Type: DIGITAL	Start: 517	End: 518
    Token: "000"          	Type: DIGITAL	Start: 519	End: 522
    Token: "000,000"      	Type: DIGITAL	Start: 523	End: 530
    Token: "000"          	Type: DIGITAL	Start: 531	End: 534
    Token: "22"           	Type: DIGITAL	Start: 535	End: 537

Paragraph Start: 541
Paragraph End: 550
  Text Unit Start: 541
  Text Unit End: 550
    Token: "1"            	Type: DIGITAL	Start: 541	End: 542
    Token: "000"          	Type: DIGITAL	Start: 543	End: 546
    Token: "000"          	Type: DIGITAL	Start: 547	End: 550

Paragraph Start: 554
Paragraph End: 565
  Text Unit Start: 554
  Text Unit End: 565
    Token: "123x123x123"  	Type: DIGITAL	Start: 554	End: 565

Paragraph Start: 569
Paragraph End: 588
  Text Unit Start: 569
  Text Unit End: 588
    Token: "123.04x123.06x123.5"	Type: DIGITAL	Start: 569	End: 588

Paragraph Start: 593
Paragraph End: 604
  Text Unit Start: 593
  Text Unit End: 604
    Token: "123-1223-34"  	Type: DIGITAL	Start: 593	End: 604

Paragraph Start: 608
Paragraph End: 617
  Text Unit Start: 608
  Text Unit End: 617
    Token: "1970-1975"    	Type: DIGITAL	Start: 608	End: 617

Paragraph Start: 621
Paragraph End: 626
  Text Unit Start: 621
  Text Unit End: 626
    Token: "98/99"        	Type: TOKEN	Start: 621	End: 626	PTB: "98\/99"

Paragraph Start: 630
Paragraph End: 639
  Text Unit Start: 630
  Text Unit End: 639
    Token: "2001"         	Type: DIGITAL	Start: 630	End: 634
    Token: "\"            	Type: PUNCTUATION	Start: 634	End: 635
    Token: "2002"         	Type: DIGITAL	Start: 635	End: 639

Paragraph Start: 643
Paragraph End: 654
  Text Unit Start: 643
  Text Unit End: 654
    Token: "xyz122344,6"  	Type: TOKEN	Start: 643	End: 654

Paragraph Start: 658
Paragraph End: 673
  Text Unit Start: 658
  Text Unit End: 673
    Token: "dfg45646.6767dm"	Type: TOKEN	Start: 658	End: 673

Paragraph Start: 677
Paragraph End: 685
  Text Unit Start: 677
  Text Unit End: 685
    Token: "1234euro"     	Type: TOKEN	Start: 677	End: 685

Paragraph Start: 689
Paragraph End: 693
  Text Unit Start: 689
  Text Unit End: 693
    Token: "100"          	Type: DIGITAL	Start: 689	End: 692
    Token: "%"            	Type: PUNCTUATION	Start: 692	End: 693

Paragraph Start: 697
Paragraph End: 704
  Text Unit Start: 697
  Text Unit End: 704
    Token: "#004740"      	Type: DIGITAL	Start: 697	End: 704

Paragraph Start: 708
Paragraph End: 713
  Text Unit Start: 708
  Text Unit End: 713
    Token: "$"            	Type: LEFTSPLIT	Start: 708	End: 709
    Token: "0.13"         	Type: DIGITAL	Start: 709	End: 713

Paragraph Start: 717
Paragraph End: 721
  Text Unit Start: 717
  Text Unit End: 721
    Token: "$"            	Type: LEFTSPLIT	Start: 717	End: 718
    Token: "500"          	Type: DIGITAL	Start: 718	End: 721

Paragraph Start: 725
Paragraph End: 730
  Text Unit Start: 725
  Text Unit End: 730
    Token: "£"            	Type: LEFTSPLIT	Start: 725	End: 726
    Token: "9.89"         	Type: DIGITAL	Start: 726	End: 730

Paragraph Start: 734
Paragraph End: 738
  Text Unit Start: 734
  Text Unit End: 738
    Token: "£"            	Type: LEFTSPLIT	Start: 734	End: 735
    Token: "900"          	Type: DIGITAL	Start: 735	End: 738

Paragraph Start: 742
Paragraph End: 747
  Text Unit Start: 742
  Text Unit End: 747
    Token: "©"            	Type: PUNCTUATION	Start: 742	End: 743
    Token: "1992"         	Type: DIGITAL	Start: 743	End: 747

Paragraph Start: 751
Paragraph End: 756
  Text Unit Start: 751
  Text Unit End: 756
    Token: "23:45"        	Type: TOKEN	Start: 751	End: 756

Paragraph Start: 760
Paragraph End: 770
  Text Unit Start: 760
  Text Unit End: 770
    Token: "1940-1990"    	Type: DIGITAL	Start: 760	End: 769
    Token: "|"            	Type: PUNCTUATION	Start: 769	End: 770

Paragraph Start: 782
Paragraph End: 784
  Text Unit Start: 782
  Text Unit End: 784
    Token: "<"            	Type: PUNCTUATION	Start: 782	End: 783
    Token: "1"            	Type: DIGITAL	Start: 783	End: 784

Paragraph Start: 788
Paragraph End: 797
  Text Unit Start: 788
  Text Unit End: 797
    Token: "3,5"          	Type: DIGITAL	Start: 788	End: 791
    Token: ","            	Type: PUNCTUATION	Start: 791	End: 792
    Token: "1991"         	Type: DIGITAL	Start: 793	End: 797

Paragraph Start: 801
Paragraph End: 803
  Text Unit Start: 801
  Text Unit End: 803
    Token: "1"            	Type: DIGITAL	Start: 801	End: 802
    Token: "."            	Type: TERM_PUNCT_P	Start: 802	End: 803

Paragraph Start: 807
Paragraph End: 809
  Text Unit Start: 807
  Text Unit End: 809
    Token: "2"            	Type: DIGITAL	Start: 807	End: 808
    Token: "."            	Type: TERM_PUNCT_P	Start: 808	End: 809

Paragraph Start: 814
Paragraph End: 817
  Text Unit Start: 814
  Text Unit End: 817
    Token: "99"           	Type: DIGITAL	Start: 814	End: 816
    Token: "."            	Type: TERM_PUNCT_P	Start: 816	End: 817

Paragraph Start: 821
Paragraph End: 825
  Text Unit Start: 821
  Text Unit End: 825
    Token: "100"          	Type: DIGITAL	Start: 821	End: 824
    Token: "."            	Type: TERM_PUNCT_P	Start: 824	End: 825

Paragraph Start: 829
Paragraph End: 835
  Text Unit Start: 829
  Text Unit End: 835
    Token: "ab100"        	Type: TOKEN	Start: 829	End: 834
    Token: "."            	Type: TERM_PUNCT_P	Start: 834	End: 835

Paragraph Start: 839
Paragraph End: 844
  Text Unit Start: 839
  Text Unit End: 844
    Token: "$"            	Type: LEFTSPLIT	Start: 839	End: 840
    Token: "500"          	Type: DIGITAL	Start: 840	End: 843
    Token: "."            	Type: TERM_PUNCT_P	Start: 843	End: 844

Paragraph Start: 848
Paragraph End: 852
  Text Unit Start: 848
  Text Unit End: 852
    Token: "10½"          	Type: FRACTION	Start: 848	End: 851
    Token: "."            	Type: TERM_PUNCT_P	Start: 851	End: 852

Paragraph Start: 856
Paragraph End: 868
  Text Unit Start: 856
  Text Unit End: 868
    Token: "Dec.25.1954"  	Type: TOKEN	Start: 856	End: 867
    Token: "."            	Type: TERM_PUNCT_P	Start: 867	End: 868

Paragraph Start: 872
Paragraph End: 875
  Text Unit Start: 872
  Text Unit End: 875
    Token: "1,0"          	Type: DIGITAL	Start: 872	End: 875

Paragraph Start: 879
Paragraph End: 881
  Text Unit Start: 879
  Text Unit End: 881
    Token: "-1"           	Type: DIGITAL	Start: 879	End: 881

Paragraph Start: 885
Paragraph End: 889
  Text Unit Start: 885
  Text Unit End: 889
    Token: "-1,8"         	Type: DIGITAL	Start: 885	End: 889

Paragraph Start: 893
Paragraph End: 902
  Text Unit Start: 893
  Text Unit End: 902
    Token: "$"            	Type: LEFTSPLIT	Start: 893	End: 894
    Token: "1"            	Type: DIGITAL	Start: 894	End: 895
    Token: "="            	Type: PUNCTUATION	Start: 895	End: 896
    Token: "4.6615"       	Type: DIGITAL	Start: 896	End: 902

Paragraph Start: 907
Paragraph End: 918
  Text Unit Start: 907
  Text Unit End: 918
    Token: "$"            	Type: LEFTSPLIT	Start: 907	End: 908
    Token: "0.30-$0.40"   	Type: TOKEN	Start: 908	End: 918

tokenize 7. of 10 en text...
D:\Projects\JTok\bin\..\data\test\paragraphTest.txt
Paragraph Start: 0
Paragraph End: 24
  Text Unit Start: 0
  Text Unit End: 24
    Token: "Windows"      	Type: TOKEN	Start: 0	End: 7
    Token: "paragraph"    	Type: TOKEN	Start: 8	End: 17
    Token: "change"       	Type: TOKEN	Start: 18	End: 24

Paragraph Start: 28
Paragraph End: 48
  Text Unit Start: 28
  Text Unit End: 48
    Token: "Unix"         	Type: TOKEN	Start: 28	End: 32
    Token: "paragaph"     	Type: TOKEN	Start: 33	End: 41
    Token: "change"       	Type: TOKEN	Start: 42	End: 48

Paragraph Start: 50
Paragraph End: 70
  Text Unit Start: 50
  Text Unit End: 70
    Token: "Mac"          	Type: TOKEN	Start: 50	End: 53
    Token: "paragraph"    	Type: TOKEN	Start: 54	End: 63
    Token: "change"       	Type: TOKEN	Start: 64	End: 70

Paragraph Start: 72
Paragraph End: 96
  Text Unit Start: 72
  Text Unit End: 96
    Token: "Windows"      	Type: TOKEN	Start: 72	End: 79
    Token: "paragraph"    	Type: TOKEN	Start: 80	End: 89
    Token: "change"       	Type: TOKEN	Start: 90	End: 96

Paragraph Start: 100
Paragraph End: 103
  Text Unit Start: 100
  Text Unit End: 103
    Token: "eof"          	Type: TOKEN	Start: 100	End: 103

tokenize 8. of 10 en text...
D:\Projects\JTok\bin\..\data\test\punctuationTest.txt
Paragraph Start: 0
Paragraph End: 3
  Text Unit Start: 0
  Text Unit End: 3
    Token: "xx"           	Type: TOKEN	Start: 0	End: 2
    Token: ";"            	Type: PUNCTUATION	Start: 2	End: 3

Paragraph Start: 7
Paragraph End: 10
  Text Unit Start: 7
  Text Unit End: 10
    Token: "xx"           	Type: TOKEN	Start: 7	End: 9
    Token: ":"            	Type: PUNCTUATION	Start: 9	End: 10

Paragraph Start: 14
Paragraph End: 17
  Text Unit Start: 14
  Text Unit End: 17
    Token: "xx"           	Type: TOKEN	Start: 14	End: 16
    Token: ","            	Type: PUNCTUATION	Start: 16	End: 17

Paragraph Start: 21
Paragraph End: 24
  Text Unit Start: 21
  Text Unit End: 24
    Token: "xx"           	Type: TOKEN	Start: 21	End: 23
    Token: "/"            	Type: PUNCTUATION	Start: 23	End: 24	PTB: "\/"

Paragraph Start: 28
Paragraph End: 31
  Text Unit Start: 28
  Text Unit End: 31
    Token: "xx"           	Type: TOKEN	Start: 28	End: 30
    Token: "\"            	Type: PUNCTUATION	Start: 30	End: 31

Paragraph Start: 35
Paragraph End: 38
  Text Unit Start: 35
  Text Unit End: 38
    Token: "\"            	Type: PUNCTUATION	Start: 35	End: 36
    Token: "xx"           	Type: TOKEN	Start: 36	End: 38

Paragraph Start: 42
Paragraph End: 45
  Text Unit Start: 42
  Text Unit End: 45
    Token: "xx"           	Type: TOKEN	Start: 42	End: 44
    Token: "|"            	Type: PUNCTUATION	Start: 44	End: 45

Paragraph Start: 49
Paragraph End: 52
  Text Unit Start: 49
  Text Unit End: 52
    Token: "xx"           	Type: TOKEN	Start: 49	End: 51
    Token: "*"            	Type: PUNCTUATION	Start: 51	End: 52	PTB: "\*"

Paragraph Start: 56
Paragraph End: 59
  Text Unit Start: 56
  Text Unit End: 59
    Token: "xx"           	Type: TOKEN	Start: 56	End: 58
    Token: "~"            	Type: PUNCTUATION	Start: 58	End: 59

Paragraph Start: 63
Paragraph End: 66
  Text Unit Start: 63
  Text Unit End: 66
    Token: "xx"           	Type: TOKEN	Start: 63	End: 65
    Token: "&"            	Type: PUNCTUATION	Start: 65	End: 66

Paragraph Start: 70
Paragraph End: 73
  Text Unit Start: 70
  Text Unit End: 73
    Token: "xx"           	Type: TOKEN	Start: 70	End: 72
    Token: "<"            	Type: PUNCTUATION	Start: 72	End: 73

Paragraph Start: 77
Paragraph End: 80
  Text Unit Start: 77
  Text Unit End: 80
    Token: "xx"           	Type: TOKEN	Start: 77	End: 79
    Token: ">"            	Type: PUNCTUATION	Start: 79	End: 80

Paragraph Start: 84
Paragraph End: 87
  Text Unit Start: 84
  Text Unit End: 87
    Token: "xx"           	Type: TOKEN	Start: 84	End: 86
    Token: "-"            	Type: PUNCTUATION	Start: 86	End: 87

Paragraph Start: 91
Paragraph End: 97
  Text Unit Start: 91
  Text Unit End: 97
    Token: "xx"           	Type: TOKEN	Start: 91	End: 93
    Token: "----"         	Type: PUNCTUATION	Start: 93	End: 97

Paragraph Start: 101
Paragraph End: 104
  Text Unit Start: 101
  Text Unit End: 104
    Token: "xx."          	Type: B_ABBREVIATION	Start: 101	End: 104

Paragraph Start: 108
Paragraph End: 112
  Text Unit Start: 108
  Text Unit End: 112
    Token: "xx."          	Type: B_ABBREVIATION	Start: 108	End: 111
    Token: "."            	Type: TERM_PUNCT_P	Start: 111	End: 112

Paragraph Start: 116
Paragraph End: 121
  Text Unit Start: 116
  Text Unit End: 121
    Token: "xx."          	Type: B_ABBREVIATION	Start: 116	End: 119
    Token: "."            	Type: TERM_PUNCT_P	Start: 119	End: 120
    Token: "."            	Type: TERM_PUNCT_P	Start: 120	End: 121

Paragraph Start: 125
Paragraph End: 128
  Text Unit Start: 125
  Text Unit End: 128
    Token: "xx"           	Type: TOKEN	Start: 125	End: 127
    Token: "!"            	Type: TERM_PUNCT	Start: 127	End: 128

Paragraph Start: 132
Paragraph End: 135
  Text Unit Start: 132
  Text Unit End: 135
    Token: "xx"           	Type: TOKEN	Start: 132	End: 134
    Token: "?"            	Type: TERM_PUNCT	Start: 134	End: 135

Paragraph Start: 139
Paragraph End: 142
  Text Unit Start: 139
  Text Unit End: 142
    Token: "xx"           	Type: TOKEN	Start: 139	End: 141
    Token: "`"            	Type: OPEN_PUNCT	Start: 141	End: 142	PTB: "``"

Paragraph Start: 146
Paragraph End: 149
  Text Unit Start: 146
  Text Unit End: 149
    Token: "xx"           	Type: TOKEN	Start: 146	End: 148
    Token: "«"            	Type: OPEN_PUNCT	Start: 148	End: 149	PTB: "``"

Paragraph Start: 153
Paragraph End: 156
  Text Unit Start: 153
  Text Unit End: 156
    Token: "xx"           	Type: TOKEN	Start: 153	End: 155
    Token: "("            	Type: OPEN_BRACKET	Start: 155	End: 156	PTB: "-LRB-"

Paragraph Start: 160
Paragraph End: 163
  Text Unit Start: 160
  Text Unit End: 163
    Token: "xx"           	Type: TOKEN	Start: 160	End: 162
    Token: "{"            	Type: OPEN_BRACKET	Start: 162	End: 163	PTB: "-LCB-"

Paragraph Start: 167
Paragraph End: 170
  Text Unit Start: 167
  Text Unit End: 170
    Token: "xx"           	Type: TOKEN	Start: 167	End: 169
    Token: "["            	Type: OPEN_BRACKET	Start: 169	End: 170	PTB: "-LSB-"

Paragraph Start: 174
Paragraph End: 179
  Text Unit Start: 174
  Text Unit End: 179
    Token: "xx"           	Type: TOKEN	Start: 174	End: 176
    Token: "<<<"          	Type: OPEN_PUNCT	Start: 176	End: 179	PTB: "``"

Paragraph Start: 183
Paragraph End: 186
  Text Unit Start: 183
  Text Unit End: 186
    Token: "xx"           	Type: TOKEN	Start: 183	End: 185
    Token: "'"            	Type: CLOSE_PUNCT	Start: 185	End: 186	PTB: "''"

Paragraph Start: 190
Paragraph End: 193
  Text Unit Start: 190
  Text Unit End: 193
    Token: "xx"           	Type: TOKEN	Start: 190	End: 192
    Token: "»"            	Type: CLOSE_PUNCT	Start: 192	End: 193	PTB: "''"

Paragraph Start: 197
Paragraph End: 200
  Text Unit Start: 197
  Text Unit End: 200
    Token: "xx"           	Type: TOKEN	Start: 197	End: 199
    Token: ")"            	Type: CLOSE_BRACKET	Start: 199	End: 200	PTB: "-RRB-"

Paragraph Start: 204
Paragraph End: 207
  Text Unit Start: 204
  Text Unit End: 207
    Token: "xx"           	Type: TOKEN	Start: 204	End: 206
    Token: "}"            	Type: CLOSE_BRACKET	Start: 206	End: 207	PTB: "-RCB-"

Paragraph Start: 211
Paragraph End: 214
  Text Unit Start: 211
  Text Unit End: 214
    Token: "xx"           	Type: TOKEN	Start: 211	End: 213
    Token: "]"            	Type: CLOSE_BRACKET	Start: 213	End: 214	PTB: "-RSB-"

Paragraph Start: 218
Paragraph End: 223
  Text Unit Start: 218
  Text Unit End: 223
    Token: "xx"           	Type: TOKEN	Start: 218	End: 220
    Token: ">>>"          	Type: CLOSE_PUNCT	Start: 220	End: 223	PTB: "''"

Paragraph Start: 227
Paragraph End: 231
  Text Unit Start: 227
  Text Unit End: 231
    Token: """            	Type: OPEN_PUNCT	Start: 227	End: 228	PTB: "``"
    Token: "xx"           	Type: TOKEN	Start: 228	End: 230
    Token: """            	Type: CLOSE_PUNCT	Start: 230	End: 231	PTB: "''"

Paragraph Start: 235
Paragraph End: 238
  Text Unit Start: 235
  Text Unit End: 238
    Token: "xx"           	Type: TOKEN	Start: 235	End: 237
    Token: "@"            	Type: PUNCTUATION	Start: 237	End: 238

Paragraph Start: 242
Paragraph End: 248
  Text Unit Start: 242
  Text Unit End: 248
    Token: "abc"          	Type: TOKEN	Start: 242	End: 245
    Token: "."            	Type: TERM_PUNCT_P	Start: 245	End: 246
    Token: "."            	Type: TERM_PUNCT_P	Start: 246	End: 247
    Token: "."            	Type: TERM_PUNCT_P	Start: 247	End: 248

Paragraph Start: 252
Paragraph End: 255
  Text Unit Start: 252
  Text Unit End: 255
    Token: "."            	Type: TERM_PUNCT_P	Start: 252	End: 253
    Token: "."            	Type: TERM_PUNCT_P	Start: 253	End: 254
    Token: "."            	Type: TERM_PUNCT_P	Start: 254	End: 255

Paragraph Start: 259
Paragraph End: 275
  Text Unit Start: 259
  Text Unit End: 275
    Token: "."            	Type: TERM_PUNCT_P	Start: 259	End: 260
    Token: "."            	Type: TERM_PUNCT_P	Start: 260	End: 261
    Token: "."            	Type: TERM_PUNCT_P	Start: 261	End: 262
    Token: "."            	Type: TERM_PUNCT_P	Start: 262	End: 263
    Token: "."            	Type: TERM_PUNCT_P	Start: 263	End: 264
    Token: "."            	Type: TERM_PUNCT_P	Start: 264	End: 265
    Token: "."            	Type: TERM_PUNCT_P	Start: 265	End: 266
    Token: ";"            	Type: PUNCTUATION	Start: 266	End: 267
    Token: ","            	Type: PUNCTUATION	Start: 267	End: 268
    Token: "---"          	Type: PUNCTUATION	Start: 268	End: 271
    Token: ";"            	Type: PUNCTUATION	Start: 271	End: 272
    Token: ">>>"          	Type: CLOSE_PUNCT	Start: 272	End: 275	PTB: "''"

Paragraph Start: 279
Paragraph End: 285
  Text Unit Start: 279
  Text Unit End: 285
    Token: "<<"           	Type: OPEN_PUNCT	Start: 279	End: 281	PTB: "``"
    Token: "xx"           	Type: TOKEN	Start: 281	End: 283
    Token: ">>"           	Type: CLOSE_PUNCT	Start: 283	End: 285	PTB: "''"

Paragraph Start: 289
Paragraph End: 300
  Text Unit Start: 289
  Text Unit End: 300
    Token: "zbc.xyz.123"  	Type: TOKEN	Start: 289	End: 300

Paragraph Start: 304
Paragraph End: 311
  Text Unit Start: 304
  Text Unit End: 311
    Token: "@sdfsdf"      	Type: TOKEN	Start: 304	End: 311

Paragraph Start: 315
Paragraph End: 332
  Text Unit Start: 315
  Text Unit End: 332
    Token: "@sdf.sdfsdf.sdfsf"	Type: TOKEN	Start: 315	End: 332

Paragraph Start: 336
Paragraph End: 357
  Text Unit Start: 336
  Text Unit End: 357
    Token: "@sdf.sdfsdf.sdfsf"	Type: TOKEN	Start: 336	End: 353
    Token: "!"            	Type: TERM_PUNCT	Start: 353	End: 354
    Token: "abc"          	Type: TOKEN	Start: 354	End: 357

Paragraph Start: 361
Paragraph End: 377
  Text Unit Start: 361
  Text Unit End: 377
    Token: "abc.xyz.123"  	Type: TOKEN	Start: 361	End: 372
    Token: "!"            	Type: TERM_PUNCT	Start: 372	End: 373
    Token: "abc"          	Type: TOKEN	Start: 373	End: 376
    Token: "."            	Type: TERM_PUNCT_P	Start: 376	End: 377

tokenize 9. of 10 en text...
D:\Projects\JTok\bin\..\data\test\specialCharactersTest.txt
Paragraph Start: 0
Paragraph End: 17
  Text Unit Start: 0
  Text Unit End: 17
    Token: "("            	Type: OPEN_BRACKET	Start: 0	End: 1	PTB: "-LRB-"
    Token: "z.B."         	Type: B_ABBREVIATION	Start: 1	End: 5
    Token: "Iced"         	Type: TOKEN	Start: 6	End: 10
    Token: "Earth"        	Type: TOKEN	Start: 11	End: 16
    Token: ")"            	Type: CLOSE_BRACKET	Start: 16	End: 17	PTB: "-RRB-"

Paragraph Start: 21
Paragraph End: 40
  Text Unit Start: 21
  Text Unit End: 40
    Token: "("            	Type: OPEN_BRACKET	Start: 21	End: 22	PTB: "-LRB-"
    Token: "Best.-Nr."    	Type: B_ABBREVIATION	Start: 22	End: 31
    Token: "asdasda"      	Type: TOKEN	Start: 32	End: 39
    Token: ")"            	Type: CLOSE_BRACKET	Start: 39	End: 40	PTB: "-RRB-"

Paragraph Start: 44
Paragraph End: 65
  Text Unit Start: 44
  Text Unit End: 46
    Token: "5"            	Type: DIGITAL	Start: 44	End: 45
    Token: "."            	Type: TERM_PUNCT_P	Start: 45	End: 46
  Text Unit Start: 47
  Text Unit End: 52
    Token: "Aufl"         	Type: TOKEN	Start: 47	End: 51
    Token: "."            	Type: TERM_PUNCT_P	Start: 51	End: 52
  Text Unit Start: 53
  Text Unit End: 58
    Token: "2000"         	Type: DIGITAL	Start: 53	End: 57
    Token: "."            	Type: TERM_PUNCT_P	Start: 57	End: 58
  Text Unit Start: 59
  Text Unit End: 65
    Token: "920"          	Type: DIGITAL	Start: 59	End: 62
    Token: "S."           	Type: INITIAL	Start: 63	End: 65

Paragraph Start: 69
Paragraph End: 84
  Text Unit Start: 69
  Text Unit End: 84
    Token: "849x543x124"  	Type: DIGITAL	Start: 69	End: 80
    Token: "147"          	Type: DIGITAL	Start: 81	End: 84

Paragraph Start: 88
Paragraph End: 101
  Text Unit Start: 88
  Text Unit End: 101
    Token: "matter"       	Type: TOKEN	Start: 88	End: 94
    Token: "--"           	Type: PUNCTUATION	Start: 94	End: 96
    Token: "keeps"        	Type: TOKEN	Start: 96	End: 101

Paragraph Start: 105
Paragraph End: 119
  Text Unit Start: 105
  Text Unit End: 119
    Token: "abc-andf-dvdnv"	Type: TOKEN	Start: 105	End: 119

Paragraph Start: 123
Paragraph End: 130
  Text Unit Start: 123
  Text Unit End: 125
    Token: "3"            	Type: DIGITAL	Start: 123	End: 124
    Token: "."            	Type: TERM_PUNCT_P	Start: 124	End: 125
  Text Unit Start: 126
  Text Unit End: 130
    Token: "Abl"          	Type: TOKEN	Start: 126	End: 129
    Token: "."            	Type: TERM_PUNCT_P	Start: 129	End: 130

Paragraph Start: 134
Paragraph End: 147
  Text Unit Start: 134
  Text Unit End: 147
    Token: "hardcover.135"	Type: TOKEN	Start: 134	End: 147

Paragraph Start: 151
Paragraph End: 168
  Text Unit Start: 151
  Text Unit End: 168
    Token: "3-8025-2224-9"	Type: DIGITAL	Start: 151	End: 164
    Token: ","            	Type: PUNCTUATION	Start: 164	End: 165
    Token: "ean"          	Type: TOKEN	Start: 165	End: 168

Paragraph Start: 172
Paragraph End: 182
  Text Unit Start: 172
  Text Unit End: 182
    Token: "ert"          	Type: TOKEN	Start: 172	End: 175
    Token: "."            	Type: TERM_PUNCT_P	Start: 175	End: 176
    Token: "."            	Type: TERM_PUNCT_P	Start: 176	End: 177
    Token: "."            	Type: TERM_PUNCT_P	Start: 177	End: 178
    Token: "erer"         	Type: TOKEN	Start: 178	End: 182

Paragraph Start: 186
Paragraph End: 193
  Text Unit Start: 186
  Text Unit End: 193
    Token: "ab"           	Type: TOKEN	Start: 186	End: 188
    Token: "."            	Type: TERM_PUNCT_P	Start: 188	End: 189
    Token: "."            	Type: TERM_PUNCT_P	Start: 189	End: 190
    Token: "asd"          	Type: TOKEN	Start: 190	End: 193

Paragraph Start: 197
Paragraph End: 206
  Text Unit Start: 197
  Text Unit End: 206
    Token: "3,5"          	Type: DIGITAL	Start: 197	End: 200
    Token: ","            	Type: PUNCTUATION	Start: 200	End: 201
    Token: "1991"         	Type: DIGITAL	Start: 202	End: 206

Paragraph Start: 210
Paragraph End: 221
  Text Unit Start: 210
  Text Unit End: 221
    Token: "1990"         	Type: DIGITAL	Start: 210	End: 214
    Token: "-"            	Type: PUNCTUATION	Start: 215	End: 216
    Token: "2000"         	Type: DIGITAL	Start: 217	End: 221

Paragraph Start: 225
Paragraph End: 239
  Text Unit Start: 225
  Text Unit End: 239
    Token: "10.01x7.00x.66"	Type: DIGITAL	Start: 225	End: 239

Paragraph Start: 243
Paragraph End: 253
  Text Unit Start: 243
  Text Unit End: 253
    Token: "088188541x"   	Type: DIGITAL	Start: 243	End: 253

Paragraph Start: 257
Paragraph End: 265
  Text Unit Start: 257
  Text Unit End: 265
    Token: "#034964x"     	Type: DIGITAL	Start: 257	End: 265

Paragraph Start: 269
Paragraph End: 271
  Text Unit Start: 269
  Text Unit End: 271
    Token: "+3"           	Type: DIGITAL	Start: 269	End: 271

Paragraph Start: 275
Paragraph End: 288
  Text Unit Start: 275
  Text Unit End: 288
    Token: "0-517-59448-x"	Type: DIGITAL	Start: 275	End: 288

Paragraph Start: 292
Paragraph End: 301
  Text Unit Start: 292
  Text Unit End: 301
    Token: "06028126x"    	Type: DIGITAL	Start: 292	End: 301

Paragraph Start: 305
Paragraph End: 311
  Text Unit Start: 305
  Text Unit End: 311
    Token: "1,000+"       	Type: DIGITAL	Start: 305	End: 311

Paragraph Start: 315
Paragraph End: 321
  Text Unit Start: 315
  Text Unit End: 321
    Token: "1072pp"       	Type: DIGITAL	Start: 315	End: 321

Paragraph Start: 325
Paragraph End: 332
  Text Unit Start: 325
  Text Unit End: 332
    Token: "00089gr"      	Type: DIGITAL	Start: 325	End: 332

Paragraph Start: 336
Paragraph End: 344
  Text Unit Start: 336
  Text Unit End: 344
    Token: "118,00dm"     	Type: DIGITAL	Start: 336	End: 344

Paragraph Start: 348
Paragraph End: 355
  Text Unit Start: 348
  Text Unit End: 355
    Token: "12x18cm"      	Type: DIGITAL	Start: 348	End: 355

Paragraph Start: 359
Paragraph End: 368
  Text Unit Start: 359
  Text Unit End: 368
    Token: "10am-10pm"    	Type: DIGITAL	Start: 359	End: 368

Paragraph Start: 372
Paragraph End: 375
  Text Unit Start: 372
  Text Unit End: 375
    Token: "10¼"          	Type: FRACTION	Start: 372	End: 375

Paragraph Start: 379
Paragraph End: 382
  Text Unit Start: 379
  Text Unit End: 382
    Token: "10½"          	Type: FRACTION	Start: 379	End: 382

Paragraph Start: 386
Paragraph End: 389
  Text Unit Start: 386
  Text Unit End: 389
    Token: "10¾"          	Type: FRACTION	Start: 386	End: 389

Paragraph Start: 393
Paragraph End: 394
  Text Unit Start: 393
  Text Unit End: 394
    Token: "¼"            	Type: FRACTION	Start: 393	End: 394

Paragraph Start: 398
Paragraph End: 399
  Text Unit Start: 398
  Text Unit End: 399
    Token: "½"            	Type: FRACTION	Start: 398	End: 399

Paragraph Start: 403
Paragraph End: 404
  Text Unit Start: 403
  Text Unit End: 404
    Token: "¾"            	Type: FRACTION	Start: 403	End: 404

Paragraph Start: 408
Paragraph End: 422
  Text Unit Start: 408
  Text Unit End: 422
    Token: "11.02x9.01x.56"	Type: DIGITAL	Start: 408	End: 422

Paragraph Start: 426
Paragraph End: 434
  Text Unit Start: 426
  Text Unit End: 434
    Token: "ZardoZ70"     	Type: TOKEN	Start: 426	End: 434

Paragraph Start: 438
Paragraph End: 451
  Text Unit Start: 438
  Text Unit End: 451
    Token: "35-Tage-Woche"	Type: TOKEN	Start: 438	End: 451

Paragraph Start: 455
Paragraph End: 548
  Text Unit Start: 455
  Text Unit End: 548
    Token: "("            	Type: OPEN_BRACKET	Start: 455	End: 456	PTB: "-LRB-"
    Token: "SffFontStart1"	Type: TOKEN	Start: 456	End: 469
    Token: ")"            	Type: CLOSE_BRACKET	Start: 469	End: 470	PTB: "-RRB-"
    Token: "364/419.01,419.07,419.1,419.11,419.12,419.05,419.08,419.3,419.19"	Type: TOKEN	Start: 470	End: 534	PTB: "364\/419.01,419.07,419.1,419.11,419.12,419.05,419.08,419.3,419.19"
    Token: "("            	Type: OPEN_BRACKET	Start: 534	End: 535	PTB: "-LRB-"
    Token: "SffFontClose" 	Type: TOKEN	Start: 535	End: 547
    Token: ")"            	Type: CLOSE_BRACKET	Start: 547	End: 548	PTB: "-RRB-"

Paragraph Start: 552
Paragraph End: 572
  Text Unit Start: 552
  Text Unit End: 572
    Token: "1.000.000,000.000.22"	Type: DIGITAL	Start: 552	End: 572

Paragraph Start: 576
Paragraph End: 585
  Text Unit Start: 576
  Text Unit End: 585
    Token: "1.000.000"    	Type: DIGITAL	Start: 576	End: 585

Paragraph Start: 589
Paragraph End: 599
  Text Unit Start: 589
  Text Unit End: 599
    Token: "000.000.22"   	Type: DIGITAL	Start: 589	End: 599

Paragraph Start: 603
Paragraph End: 619
  Text Unit Start: 603
  Text Unit End: 619
    Token: "1000000,00000022"	Type: DIGITAL	Start: 603	End: 619

Paragraph Start: 623
Paragraph End: 630
  Text Unit Start: 623
  Text Unit End: 630
    Token: "1000000"      	Type: DIGITAL	Start: 623	End: 630

Paragraph Start: 634
Paragraph End: 654
  Text Unit Start: 634
  Text Unit End: 654
    Token: "1"            	Type: DIGITAL	Start: 634	End: 635
    Token: "000"          	Type: DIGITAL	Start: 636	End: 639
    Token: "000,000"      	Type: DIGITAL	Start: 640	End: 647
    Token: "000"          	Type: DIGITAL	Start: 648	End: 651
    Token: "22"           	Type: DIGITAL	Start: 652	End: 654

Paragraph Start: 658
Paragraph End: 667
  Text Unit Start: 658
  Text Unit End: 667
    Token: "1"            	Type: DIGITAL	Start: 658	End: 659
    Token: "000"          	Type: DIGITAL	Start: 660	End: 663
    Token: "000"          	Type: DIGITAL	Start: 664	End: 667

Paragraph Start: 671
Paragraph End: 682
  Text Unit Start: 671
  Text Unit End: 682
    Token: "123x123x123"  	Type: DIGITAL	Start: 671	End: 682

Paragraph Start: 686
Paragraph End: 705
  Text Unit Start: 686
  Text Unit End: 705
    Token: "123.04x123.06x123.5"	Type: DIGITAL	Start: 686	End: 705

Paragraph Start: 710
Paragraph End: 721
  Text Unit Start: 710
  Text Unit End: 721
    Token: "123-1223-34"  	Type: DIGITAL	Start: 710	End: 721

Paragraph Start: 725
Paragraph End: 734
  Text Unit Start: 725
  Text Unit End: 734
    Token: "1970-1975"    	Type: DIGITAL	Start: 725	End: 734

Paragraph Start: 738
Paragraph End: 743
  Text Unit Start: 738
  Text Unit End: 743
    Token: "98/99"        	Type: TOKEN	Start: 738	End: 743	PTB: "98\/99"

Paragraph Start: 747
Paragraph End: 756
  Text Unit Start: 747
  Text Unit End: 756
    Token: "2001"         	Type: DIGITAL	Start: 747	End: 751
    Token: "\"            	Type: PUNCTUATION	Start: 751	End: 752
    Token: "2002"         	Type: DIGITAL	Start: 752	End: 756

Paragraph Start: 760
Paragraph End: 771
  Text Unit Start: 760
  Text Unit End: 771
    Token: "xyz122344,6"  	Type: TOKEN	Start: 760	End: 771

Paragraph Start: 775
Paragraph End: 790
  Text Unit Start: 775
  Text Unit End: 790
    Token: "dfg45646.6767dm"	Type: TOKEN	Start: 775	End: 790

Paragraph Start: 794
Paragraph End: 802
  Text Unit Start: 794
  Text Unit End: 802
    Token: "1234euro"     	Type: TOKEN	Start: 794	End: 802

Paragraph Start: 806
Paragraph End: 810
  Text Unit Start: 806
  Text Unit End: 810
    Token: "100"          	Type: DIGITAL	Start: 806	End: 809
    Token: "%"            	Type: PUNCTUATION	Start: 809	End: 810

Paragraph Start: 814
Paragraph End: 821
  Text Unit Start: 814
  Text Unit End: 821
    Token: "#004740"      	Type: DIGITAL	Start: 814	End: 821

Paragraph Start: 825
Paragraph End: 830
  Text Unit Start: 825
  Text Unit End: 830
    Token: "$"            	Type: LEFTSPLIT	Start: 825	End: 826
    Token: "0.13"         	Type: DIGITAL	Start: 826	End: 830

Paragraph Start: 834
Paragraph End: 838
  Text Unit Start: 834
  Text Unit End: 838
    Token: "$"            	Type: LEFTSPLIT	Start: 834	End: 835
    Token: "500"          	Type: DIGITAL	Start: 835	End: 838

Paragraph Start: 842
Paragraph End: 847
  Text Unit Start: 842
  Text Unit End: 847
    Token: "£"            	Type: LEFTSPLIT	Start: 842	End: 843
    Token: "9.89"         	Type: DIGITAL	Start: 843	End: 847

Paragraph Start: 851
Paragraph End: 855
  Text Unit Start: 851
  Text Unit End: 855
    Token: "£"            	Type: LEFTSPLIT	Start: 851	End: 852
    Token: "900"          	Type: DIGITAL	Start: 852	End: 855

Paragraph Start: 859
Paragraph End: 864
  Text Unit Start: 859
  Text Unit End: 864
    Token: "©"            	Type: PUNCTUATION	Start: 859	End: 860
    Token: "1992"         	Type: DIGITAL	Start: 860	End: 864

Paragraph Start: 868
Paragraph End: 876
  Text Unit Start: 868
  Text Unit End: 876
    Token: "{"            	Type: OPEN_BRACKET	Start: 868	End: 869	PTB: "-LCB-"
    Token: "harris"       	Type: TOKEN	Start: 869	End: 875
    Token: "}"            	Type: CLOSE_BRACKET	Start: 875	End: 876	PTB: "-RCB-"

Paragraph Start: 880
Paragraph End: 889
  Text Unit Start: 880
  Text Unit End: 889
    Token: "{"            	Type: OPEN_BRACKET	Start: 880	End: 881	PTB: "-LCB-"
    Token: "arranged"     	Type: TOKEN	Start: 881	End: 889

Paragraph Start: 893
Paragraph End: 898
  Text Unit Start: 893
  Text Unit End: 898
    Token: "book"         	Type: TOKEN	Start: 893	End: 897
    Token: "}"            	Type: CLOSE_BRACKET	Start: 897	End: 898	PTB: "-RCB-"

Paragraph Start: 902
Paragraph End: 908
  Text Unit Start: 902
  Text Unit End: 908
    Token: "}"            	Type: CLOSE_BRACKET	Start: 902	End: 903	PTB: "-RCB-"
    Token: "ever"         	Type: TOKEN	Start: 903	End: 907
    Token: "{"            	Type: OPEN_BRACKET	Start: 907	End: 908	PTB: "-LCB-"

Paragraph Start: 912
Paragraph End: 920
  Text Unit Start: 912
  Text Unit End: 920
    Token: "}"            	Type: CLOSE_BRACKET	Start: 912	End: 913	PTB: "-RCB-"
    Token: "imagine"      	Type: TOKEN	Start: 913	End: 920

Paragraph Start: 924
Paragraph End: 931
  Text Unit Start: 924
  Text Unit End: 931
    Token: "sunday"       	Type: TOKEN	Start: 924	End: 930
    Token: "{"            	Type: OPEN_BRACKET	Start: 930	End: 931	PTB: "-LCB-"

Paragraph Start: 935
Paragraph End: 944
  Text Unit Start: 935
  Text Unit End: 944
    Token: "~"            	Type: PUNCTUATION	Start: 935	End: 936
    Token: "awesome"      	Type: TOKEN	Start: 936	End: 943
    Token: "~"            	Type: PUNCTUATION	Start: 943	End: 944

Paragraph Start: 948
Paragraph End: 953
  Text Unit Start: 948
  Text Unit End: 953
    Token: "~"            	Type: PUNCTUATION	Start: 948	End: 949
    Token: "iron"         	Type: TOKEN	Start: 949	End: 953

Paragraph Start: 957
Paragraph End: 964
  Text Unit Start: 957
  Text Unit End: 964
    Token: "sealed"       	Type: TOKEN	Start: 957	End: 963
    Token: "~"            	Type: PUNCTUATION	Start: 963	End: 964

Paragraph Start: 968
Paragraph End: 977
  Text Unit Start: 968
  Text Unit End: 977
    Token: "&"            	Type: PUNCTUATION	Start: 968	End: 969
    Token: "quotyeah"     	Type: TOKEN	Start: 969	End: 977

Paragraph Start: 981
Paragraph End: 986
  Text Unit Start: 981
  Text Unit End: 986
    Token: "*"            	Type: PUNCTUATION	Start: 981	End: 982	PTB: "\*"
    Token: "ace"          	Type: TOKEN	Start: 982	End: 985
    Token: "*"            	Type: PUNCTUATION	Start: 985	End: 986	PTB: "\*"

Paragraph Start: 990
Paragraph End: 993
  Text Unit Start: 990
  Text Unit End: 993
    Token: "am"           	Type: TOKEN	Start: 990	End: 992
    Token: "*"            	Type: PUNCTUATION	Start: 992	End: 993	PTB: "\*"

Paragraph Start: 998
Paragraph End: 1002
  Text Unit Start: 998
  Text Unit End: 1002
    Token: "*"            	Type: PUNCTUATION	Start: 998	End: 999	PTB: "\*"
    Token: "any"          	Type: TOKEN	Start: 999	End: 1002

Paragraph Start: 1006
Paragraph End: 1231
  Text Unit Start: 1006
  Text Unit End: 1231
    Token: "Die"          	Type: TOKEN	Start: 1006	End: 1009
    Token: "frohe"        	Type: TOKEN	Start: 1010	End: 1015
    Token: "Kunde"        	Type: TOKEN	Start: 1016	End: 1021
    Token: ","            	Type: PUNCTUATION	Start: 1021	End: 1022
    Token: "wonach"       	Type: TOKEN	Start: 1023	End: 1029
    Token: "das"          	Type: TOKEN	Start: 1030	End: 1033
    Token: "Bruttoinlandsprodukt"	Type: TOKEN	Start: 1034	End: 1054
    Token: "im"           	Type: TOKEN	Start: 1055	End: 1057
    Token: "dritten"      	Type: TOKEN	Start: 1058	End: 1065
    Token: "Quartal"      	Type: TOKEN	Start: 1066	End: 1073
    Token: "nicht"        	Type: TOKEN	Start: 1075	End: 1080
    Token: "um"           	Type: TOKEN	Start: 1081	End: 1083
    Token: "geschaetzte"  	Type: TOKEN	Start: 1084	End: 1095
    Token: "2,7"          	Type: DIGITAL	Start: 1096	End: 1099
    Token: ","            	Type: PUNCTUATION	Start: 1099	End: 1100
    Token: "sondern"      	Type: TOKEN	Start: 1101	End: 1108
    Token: "tatsaechlich" 	Type: TOKEN	Start: 1109	End: 1121
    Token: "um"           	Type: TOKEN	Start: 1122	End: 1124
    Token: "3,9"          	Type: DIGITAL	Start: 1125	End: 1128
    Token: "Prozent"      	Type: TOKEN	Start: 1129	End: 1136
    Token: "gewachsen"    	Type: TOKEN	Start: 1138	End: 1147
    Token: "ist"          	Type: TOKEN	Start: 1148	End: 1151
    Token: ","            	Type: PUNCTUATION	Start: 1151	End: 1152
    Token: "betoerte"     	Type: TOKEN	Start: 1153	End: 1161
    Token: "in"           	Type: TOKEN	Start: 1162	End: 1164
    Token: "Banken"       	Type: TOKEN	Start: 1165	End: 1171
    Token: "und"          	Type: TOKEN	Start: 1172	End: 1175
    Token: "Grossbetrieben"	Type: TOKEN	Start: 1176	End: 1190
    Token: "ganze"        	Type: TOKEN	Start: 1191	End: 1196
    Token: "volkswirtschaftliche"	Type: TOKEN	Start: 1198	End: 1218
    Token: "Abteilungen"  	Type: TOKEN	Start: 1219	End: 1230
    Token: "."            	Type: TERM_PUNCT_P	Start: 1230	End: 1231

Paragraph Start: 1235
Paragraph End: 1278
  Text Unit Start: 1235
  Text Unit End: 1278
    Token: "John"         	Type: TOKEN	Start: 1235	End: 1239
    Token: "kennt"        	Type: TOKEN	Start: 1240	End: 1245
    Token: "Sgt.Pepper"   	Type: TOKEN	Start: 1246	End: 1256
    Token: "als"          	Type: TOKEN	Start: 1257	End: 1260
    Token: "eine"         	Type: TOKEN	Start: 1261	End: 1265
    Token: "gute"         	Type: TOKEN	Start: 1266	End: 1270
    Token: "Platte"       	Type: TOKEN	Start: 1271	End: 1277
    Token: "."            	Type: TERM_PUNCT_P	Start: 1277	End: 1278

Paragraph Start: 1282
Paragraph End: 1326
  Text Unit Start: 1282
  Text Unit End: 1326
    Token: "John"         	Type: TOKEN	Start: 1282	End: 1286
    Token: "kennt"        	Type: TOKEN	Start: 1287	End: 1292
    Token: "Sgt."         	Type: TITLE	Start: 1293	End: 1297
    Token: "Pepper"       	Type: TOKEN	Start: 1298	End: 1304
    Token: "als"          	Type: TOKEN	Start: 1305	End: 1308
    Token: "eine"         	Type: TOKEN	Start: 1309	End: 1313
    Token: "gute"         	Type: TOKEN	Start: 1314	End: 1318
    Token: "Platte"       	Type: TOKEN	Start: 1319	End: 1325
    Token: "."            	Type: TERM_PUNCT_P	Start: 1325	End: 1326

Paragraph Start: 1330
Paragraph End: 1347
  Text Unit Start: 1330
  Text Unit End: 1347
    Token: "Das"          	Type: TOKEN	Start: 1330	End: 1333
    Token: "ist"          	Type: TOKEN	Start: 1334	End: 1337
    Token: "ein"          	Type: TOKEN	Start: 1338	End: 1341
    Token: "Test"         	Type: TOKEN	Start: 1342	End: 1346
    Token: "."            	Type: TERM_PUNCT_P	Start: 1346	End: 1347

Paragraph Start: 1351
Paragraph End: 1368
  Text Unit Start: 1351
  Text Unit End: 1368
    Token: "Das"          	Type: TOKEN	Start: 1351	End: 1354
    Token: "ist"          	Type: TOKEN	Start: 1355	End: 1358
    Token: "ein"          	Type: TOKEN	Start: 1359	End: 1362
    Token: "Test"         	Type: TOKEN	Start: 1363	End: 1367
    Token: "?"            	Type: TERM_PUNCT	Start: 1367	End: 1368

Paragraph Start: 1372
Paragraph End: 1389
  Text Unit Start: 1372
  Text Unit End: 1389
    Token: "Das"          	Type: TOKEN	Start: 1372	End: 1375
    Token: "ist"          	Type: TOKEN	Start: 1376	End: 1379
    Token: "ein"          	Type: TOKEN	Start: 1380	End: 1383
    Token: "Test"         	Type: TOKEN	Start: 1384	End: 1388
    Token: "!"            	Type: TERM_PUNCT	Start: 1388	End: 1389

Paragraph Start: 1393
Paragraph End: 1411
  Text Unit Start: 1393
  Text Unit End: 1411
    Token: "Das"          	Type: TOKEN	Start: 1393	End: 1396
    Token: "ist"          	Type: TOKEN	Start: 1397	End: 1400
    Token: "ein"          	Type: TOKEN	Start: 1401	End: 1404
    Token: "Test"         	Type: TOKEN	Start: 1405	End: 1409
    Token: "!"            	Type: TERM_PUNCT	Start: 1409	End: 1410
    Token: "!"            	Type: TERM_PUNCT	Start: 1410	End: 1411

Paragraph Start: 1415
Paragraph End: 1432
  Text Unit Start: 1415
  Text Unit End: 1432
    Token: "Das"          	Type: TOKEN	Start: 1415	End: 1418
    Token: "ist"          	Type: TOKEN	Start: 1419	End: 1422
    Token: "ein"          	Type: TOKEN	Start: 1423	End: 1426
    Token: "Test"         	Type: TOKEN	Start: 1427	End: 1431
    Token: ":"            	Type: PUNCTUATION	Start: 1431	End: 1432

Paragraph Start: 1436
Paragraph End: 1437
  Text Unit Start: 1436
  Text Unit End: 1437
    Token: ":"            	Type: PUNCTUATION	Start: 1436	End: 1437

Paragraph Start: 1441
Paragraph End: 1446
  Text Unit Start: 1441
  Text Unit End: 1446
    Token: "23:45"        	Type: TOKEN	Start: 1441	End: 1446

Paragraph Start: 1450
Paragraph End: 1471
  Text Unit Start: 1450
  Text Unit End: 1471
    Token: "sdfsdf"       	Type: TOKEN	Start: 1450	End: 1456
    Token: "|"            	Type: PUNCTUATION	Start: 1456	End: 1457
    Token: "sdfsdf"       	Type: TOKEN	Start: 1457	End: 1463
    Token: "|"            	Type: PUNCTUATION	Start: 1463	End: 1464
    Token: "Sdfsdfs"      	Type: TOKEN	Start: 1464	End: 1471

Paragraph Start: 1475
Paragraph End: 1485
  Text Unit Start: 1475
  Text Unit End: 1485
    Token: "1940-1990"    	Type: DIGITAL	Start: 1475	End: 1484
    Token: "|"            	Type: PUNCTUATION	Start: 1484	End: 1485

Paragraph Start: 1497
Paragraph End: 1499
  Text Unit Start: 1497
  Text Unit End: 1499
    Token: "<"            	Type: PUNCTUATION	Start: 1497	End: 1498
    Token: "1"            	Type: DIGITAL	Start: 1498	End: 1499

Paragraph Start: 1503
Paragraph End: 1509
  Text Unit Start: 1503
  Text Unit End: 1509
    Token: "<"            	Type: PUNCTUATION	Start: 1503	End: 1504
    Token: "maus"         	Type: TOKEN	Start: 1504	End: 1508
    Token: ">"            	Type: PUNCTUATION	Start: 1508	End: 1509

Paragraph Start: 1513
Paragraph End: 1520
  Text Unit Start: 1513
  Text Unit End: 1520
    Token: "/"            	Type: PUNCTUATION	Start: 1513	End: 1514	PTB: "\/"
    Token: "lyrics"       	Type: TOKEN	Start: 1514	End: 1520

Paragraph Start: 1524
Paragraph End: 1531
  Text Unit Start: 1524
  Text Unit End: 1531
    Token: "/"            	Type: PUNCTUATION	Start: 1524	End: 1525	PTB: "\/"
    Token: "maiden"       	Type: TOKEN	Start: 1525	End: 1531

Paragraph Start: 1535
Paragraph End: 1540
  Text Unit Start: 1535
  Text Unit End: 1540
    Token: "/"            	Type: PUNCTUATION	Start: 1535	End: 1536	PTB: "\/"
    Token: "near"         	Type: TOKEN	Start: 1536	End: 1540

Paragraph Start: 1544
Paragraph End: 1574
  Text Unit Start: 1544
  Text Unit End: 1574
    Token: "/"            	Type: PUNCTUATION	Start: 1544	End: 1545	PTB: "\/"
    Token: "/"            	Type: PUNCTUATION	Start: 1545	End: 1546	PTB: "\/"
    Token: "www.oversight.com/pokerparty"	Type: TOKEN	Start: 1546	End: 1574	PTB: "www.oversight.com\/pokerparty"

Paragraph Start: 1578
Paragraph End: 1583
  Text Unit Start: 1578
  Text Unit End: 1583
    Token: "ac/dc"        	Type: TOKEN	Start: 1578	End: 1583	PTB: "ac\/dc"

tokenize 10. of 10 en text...
D:\Projects\JTok\bin\..\data\test\tuTest.txt
Paragraph Start: 0
Paragraph End: 27
  Text Unit Start: 0
  Text Unit End: 17
    Token: "Das"          	Type: TOKEN	Start: 0	End: 3
    Token: "ist"          	Type: TOKEN	Start: 4	End: 7
    Token: "ein"          	Type: TOKEN	Start: 8	End: 11
    Token: "Satz"         	Type: TOKEN	Start: 12	End: 16
    Token: "."            	Type: TERM_PUNCT_P	Start: 16	End: 17
  Text Unit Start: 18
  Text Unit End: 27
    Token: "Weiter"       	Type: TOKEN	Start: 18	End: 24
    Token: "."            	Type: TERM_PUNCT_P	Start: 24	End: 25
    Token: "."            	Type: TERM_PUNCT_P	Start: 25	End: 26
    Token: "."            	Type: TERM_PUNCT_P	Start: 26	End: 27

Paragraph Start: 31
Paragraph End: 60
  Text Unit Start: 31
  Text Unit End: 50
    Token: "("            	Type: OPEN_BRACKET	Start: 31	End: 32	PTB: "-LRB-"
    Token: "Das"          	Type: TOKEN	Start: 32	End: 35
    Token: "ist"          	Type: TOKEN	Start: 36	End: 39
    Token: "ein"          	Type: TOKEN	Start: 40	End: 43
    Token: "Satz"         	Type: TOKEN	Start: 44	End: 48
    Token: "."            	Type: TERM_PUNCT_P	Start: 48	End: 49
    Token: ")"            	Type: CLOSE_BRACKET	Start: 49	End: 50	PTB: "-RRB-"
  Text Unit Start: 51
  Text Unit End: 60
    Token: "Weiter"       	Type: TOKEN	Start: 51	End: 57
    Token: "."            	Type: TERM_PUNCT_P	Start: 57	End: 58
    Token: "."            	Type: TERM_PUNCT_P	Start: 58	End: 59
    Token: "."            	Type: TERM_PUNCT_P	Start: 59	End: 60

Paragraph Start: 64
Paragraph End: 93
  Text Unit Start: 64
  Text Unit End: 83
    Token: "Das"          	Type: TOKEN	Start: 64	End: 67
    Token: "ist"          	Type: TOKEN	Start: 68	End: 71
    Token: "ein"          	Type: TOKEN	Start: 72	End: 75
    Token: "Satz"         	Type: TOKEN	Start: 76	End: 80
    Token: "!"            	Type: TERM_PUNCT	Start: 80	End: 81
    Token: "!"            	Type: TERM_PUNCT	Start: 81	End: 82
    Token: "!"            	Type: TERM_PUNCT	Start: 82	End: 83
  Text Unit Start: 84
  Text Unit End: 93
    Token: "Weiter"       	Type: TOKEN	Start: 84	End: 90
    Token: "."            	Type: TERM_PUNCT_P	Start: 90	End: 91
    Token: "."            	Type: TERM_PUNCT_P	Start: 91	End: 92
    Token: "."            	Type: TERM_PUNCT_P	Start: 92	End: 93

Paragraph Start: 97
Paragraph End: 130
  Text Unit Start: 97
  Text Unit End: 120
    Token: "("            	Type: OPEN_BRACKET	Start: 97	End: 98	PTB: "-LRB-"
    Token: """            	Type: OPEN_PUNCT	Start: 98	End: 99	PTB: "``"
    Token: "Das"          	Type: TOKEN	Start: 99	End: 102
    Token: "ist"          	Type: TOKEN	Start: 103	End: 106
    Token: "ein"          	Type: TOKEN	Start: 107	End: 110
    Token: "Satz"         	Type: TOKEN	Start: 111	End: 115
    Token: "!"            	Type: TERM_PUNCT	Start: 115	End: 116
    Token: "!"            	Type: TERM_PUNCT	Start: 116	End: 117
    Token: "!"            	Type: TERM_PUNCT	Start: 117	End: 118
    Token: """            	Type: CLOSE_PUNCT	Start: 118	End: 119	PTB: "''"
    Token: ")"            	Type: CLOSE_BRACKET	Start: 119	End: 120	PTB: "-RRB-"
  Text Unit Start: 121
  Text Unit End: 130
    Token: "Weiter"       	Type: TOKEN	Start: 121	End: 127
    Token: "."            	Type: TERM_PUNCT_P	Start: 127	End: 128
    Token: "."            	Type: TERM_PUNCT_P	Start: 128	End: 129
    Token: "."            	Type: TERM_PUNCT_P	Start: 129	End: 130

Paragraph Start: 134
Paragraph End: 183
  Text Unit Start: 134
  Text Unit End: 183
    Token: "Das"          	Type: TOKEN	Start: 134	End: 137
    Token: "ist"          	Type: TOKEN	Start: 138	End: 141
    Token: "kein"         	Type: TOKEN	Start: 142	End: 146
    Token: "Satz"         	Type: TOKEN	Start: 147	End: 151
    Token: "."            	Type: TERM_PUNCT_P	Start: 151	End: 152
    Token: "weils"        	Type: TOKEN	Start: 153	End: 158
    Token: "danach"       	Type: TOKEN	Start: 159	End: 165
    Token: "klein"        	Type: TOKEN	Start: 166	End: 171
    Token: "weitergeht"   	Type: TOKEN	Start: 172	End: 182
    Token: "."            	Type: TERM_PUNCT_P	Start: 182	End: 183

Paragraph Start: 187
Paragraph End: 339
  Text Unit Start: 187
  Text Unit End: 339
    Token: "Am"           	Type: TOKEN	Start: 187	End: 189
    Token: "Rande"        	Type: TOKEN	Start: 190	End: 195
    Token: "erwähnt"      	Type: TOKEN	Start: 196	End: 203
    Token: "er"           	Type: TOKEN	Start: 204	End: 206
    Token: "aber"         	Type: TOKEN	Start: 207	End: 211
    Token: "auch"         	Type: TOKEN	Start: 212	End: 216
    Token: "immer"        	Type: TOKEN	Start: 217	End: 222
    Token: "wieder"       	Type: TOKEN	Start: 223	End: 229
    Token: "teils"        	Type: TOKEN	Start: 230	End: 235
    Token: "witzige"      	Type: TOKEN	Start: 236	End: 243
    Token: ","            	Type: PUNCTUATION	Start: 243	End: 244
    Token: "teils"        	Type: TOKEN	Start: 245	End: 250
    Token: "erstaunliche" 	Type: TOKEN	Start: 251	End: 263
    Token: "Episoden"     	Type: TOKEN	Start: 264	End: 272
    Token: ","            	Type: PUNCTUATION	Start: 272	End: 273
    Token: "z.B."         	Type: B_ABBREVIATION	Start: 274	End: 278
    Token: "als"          	Type: TOKEN	Start: 279	End: 282
    Token: "ihn"          	Type: TOKEN	Start: 283	End: 286
    Token: "seine"        	Type: TOKEN	Start: 287	End: 292
    Token: "Tochter"      	Type: TOKEN	Start: 293	End: 300
    Token: "fragte"       	Type: TOKEN	Start: 301	End: 307
    Token: ":"            	Type: PUNCTUATION	Start: 307	End: 308
    Token: """            	Type: OPEN_PUNCT	Start: 309	End: 310	PTB: "``"
    Token: "DU"           	Type: TOKEN	Start: 310	End: 312
    Token: "bist"         	Type: TOKEN	Start: 313	End: 317
    Token: "DER"          	Type: TOKEN	Start: 318	End: 321
    Token: "Paul"         	Type: TOKEN	Start: 322	End: 326
    Token: "McCartney"    	Type: TOKEN	Start: 327	End: 336
    Token: "?"            	Type: TERM_PUNCT	Start: 336	End: 337
    Token: """            	Type: CLOSE_PUNCT	Start: 337	End: 338	PTB: "''"
    Token: "."            	Type: TERM_PUNCT_P	Start: 338	End: 339

Paragraph Start: 343
Paragraph End: 390
  Text Unit Start: 343
  Text Unit End: 390
    Token: "Taschenbuch"  	Type: TOKEN	Start: 343	End: 354
    Token: "-"            	Type: PUNCTUATION	Start: 355	End: 356
    Token: "324"          	Type: DIGITAL	Start: 357	End: 360
    Token: "Seiten"       	Type: TOKEN	Start: 361	End: 367
    Token: "-"            	Type: PUNCTUATION	Start: 368	End: 369
    Token: "Ullstein"     	Type: TOKEN	Start: 370	End: 378
    Token: "TB-Vlg."      	Type: B_ABBREVIATION	Start: 379	End: 386
    Token: ","            	Type: PUNCTUATION	Start: 386	End: 387
    Token: "B."           	Type: INITIAL	Start: 388	End: 390

Paragraph Start: 394
Paragraph End: 441
  Text Unit Start: 394
  Text Unit End: 441
    Token: "Taschenbuch"  	Type: TOKEN	Start: 394	End: 405
    Token: "-"            	Type: PUNCTUATION	Start: 406	End: 407
    Token: "750"          	Type: DIGITAL	Start: 408	End: 411
    Token: "Seiten"       	Type: TOKEN	Start: 412	End: 418
    Token: "-"            	Type: PUNCTUATION	Start: 419	End: 420
    Token: "Fischer-TB.-Vlg."	Type: B_ABBREVIATION	Start: 421	End: 437
    Token: ","            	Type: PUNCTUATION	Start: 437	End: 438
    Token: "Ffm"          	Type: TOKEN	Start: 438	End: 441

Paragraph Start: 445
Paragraph End: 506
  Text Unit Start: 445
  Text Unit End: 450
    Token: "Inkl"         	Type: TOKEN	Start: 445	End: 449
    Token: "."            	Type: TERM_PUNCT_P	Start: 449	End: 450
  Text Unit Start: 451
  Text Unit End: 506
    Token: "2"            	Type: DIGITAL	Start: 451	End: 452
    Token: "CDs"          	Type: TOKEN	Start: 453	End: 456
    Token: "und"          	Type: TOKEN	Start: 457	End: 460
    Token: "60"           	Type: DIGITAL	Start: 461	End: 463
    Token: "-"            	Type: PUNCTUATION	Start: 463	End: 464
    Token: "Wochen"       	Type: TOKEN	Start: 465	End: 471
    Token: "-"            	Type: PUNCTUATION	Start: 471	End: 472
    Token: "Programm"     	Type: TOKEN	Start: 473	End: 481
    Token: "-"            	Type: PUNCTUATION	Start: 481	End: 482
    Token: "Heft"         	Type: TOKEN	Start: 483	End: 487
    Token: "."            	Type: TERM_PUNCT_P	Start: 487	End: 488
    Token: "von"          	Type: TOKEN	Start: 489	End: 492
    Token: "Peter"        	Type: TOKEN	Start: 493	End: 498
    Token: "Fischer"      	Type: TOKEN	Start: 499	End: 506

Paragraph Start: 510
Paragraph End: 838
  Text Unit Start: 510
  Text Unit End: 673
    Token: "Nach"         	Type: TOKEN	Start: 510	End: 514
    Token: "einem"        	Type: TOKEN	Start: 515	End: 520
    Token: "Intermezzo"   	Type: TOKEN	Start: 521	End: 531
    Token: "als"          	Type: TOKEN	Start: 532	End: 535
    Token: "Rockjournalistin"	Type: TOKEN	Start: 536	End: 552
    Token: "erkannte"     	Type: TOKEN	Start: 553	End: 561
    Token: "Patti"        	Type: TOKEN	Start: 562	End: 567
    Token: "instinktsicher"	Type: TOKEN	Start: 568	End: 582
    Token: "die"          	Type: TOKEN	Start: 583	End: 586
    Token: "Songtauglichkeit"	Type: TOKEN	Start: 587	End: 603
    Token: "ihrer"        	Type: TOKEN	Start: 604	End: 609
    Token: "Texte"        	Type: TOKEN	Start: 610	End: 615
    Token: "und"          	Type: TOKEN	Start: 616	End: 619
    Token: "veröffentlichte"	Type: TOKEN	Start: 620	End: 635
    Token: "1975"         	Type: DIGITAL	Start: 636	End: 640
    Token: "ihr"          	Type: TOKEN	Start: 641	End: 644
    Token: "Klassiker-Debütalbum"	Type: TOKEN	Start: 645	End: 665
    Token: "Horses"       	Type: TOKEN	Start: 666	End: 672
    Token: "."            	Type: TERM_PUNCT_P	Start: 672	End: 673
  Text Unit Start: 674
  Text Unit End: 838
    Token: "1979"         	Type: DIGITAL	Start: 674	End: 678
    Token: ","            	Type: PUNCTUATION	Start: 678	End: 679
    Token: "nach"         	Type: TOKEN	Start: 680	End: 684
    Token: "nur"          	Type: TOKEN	Start: 685	End: 688
    Token: "vier"         	Type: TOKEN	Start: 689	End: 693
    Token: "Alben"        	Type: TOKEN	Start: 694	End: 699
    Token: ","            	Type: PUNCTUATION	Start: 699	End: 700
    Token: "hatte"        	Type: TOKEN	Start: 701	End: 706
    Token: "sie"          	Type: TOKEN	Start: 707	End: 710
    Token: "genug"        	Type: TOKEN	Start: 711	End: 716
    Token: "vom"          	Type: TOKEN	Start: 717	End: 720
    Token: "Rockbusiness" 	Type: TOKEN	Start: 721	End: 733
    Token: "und"          	Type: TOKEN	Start: 734	End: 737
    Token: "zog"          	Type: TOKEN	Start: 738	End: 741
    Token: "sich"         	Type: TOKEN	Start: 742	End: 746
    Token: ","            	Type: PUNCTUATION	Start: 746	End: 747
    Token: "nicht"        	Type: TOKEN	Start: 748	End: 753
    Token: "ohne"         	Type: TOKEN	Start: 754	End: 758
    Token: "die"          	Type: TOKEN	Start: 759	End: 762
    Token: "Genugtuung"   	Type: TOKEN	Start: 763	End: 773
    Token: ","            	Type: PUNCTUATION	Start: 773	End: 774
    Token: "Wegbereiterin"	Type: TOKEN	Start: 775	End: 788
    Token: "des"          	Type: TOKEN	Start: 789	End: 792
    Token: "Punk"         	Type: TOKEN	Start: 793	End: 797
    Token: "gewesen"      	Type: TOKEN	Start: 798	End: 805
    Token: "zu"           	Type: TOKEN	Start: 806	End: 808
    Token: "sein"         	Type: TOKEN	Start: 809	End: 813
    Token: ","            	Type: PUNCTUATION	Start: 813	End: 814
    Token: "ins"          	Type: TOKEN	Start: 815	End: 818
    Token: "Privatleben"  	Type: TOKEN	Start: 819	End: 830
    Token: "zurück"       	Type: TOKEN	Start: 831	End: 837
    Token: "."            	Type: TERM_PUNCT_P	Start: 837	End: 838

Paragraph Start: 842
Paragraph End: 1044
  Text Unit Start: 842
  Text Unit End: 1044
    Token: "Sie"          	Type: TOKEN	Start: 842	End: 845
    Token: "spiegeln"     	Type: TOKEN	Start: 846	End: 854
    Token: "Neil"         	Type: TOKEN	Start: 855	End: 859
    Token: "Youngs"       	Type: TOKEN	Start: 860	End: 866
    Token: "Karriere"     	Type: TOKEN	Start: 867	End: 875
    Token: "von"          	Type: TOKEN	Start: 876	End: 879
    Token: "1967"         	Type: DIGITAL	Start: 880	End: 884
    Token: "bis"          	Type: TOKEN	Start: 885	End: 888
    Token: "in"           	Type: TOKEN	Start: 889	End: 891
    Token: "die"          	Type: TOKEN	Start: 892	End: 895
    Token: "Gegenwart"    	Type: TOKEN	Start: 896	End: 905
    Token: "wider"        	Type: TOKEN	Start: 906	End: 911
    Token: "und"          	Type: TOKEN	Start: 912	End: 915
    Token: "bieten"       	Type: TOKEN	Start: 916	End: 922
    Token: "so"           	Type: TOKEN	Start: 923	End: 925
    Token: "eine"         	Type: TOKEN	Start: 926	End: 930
    Token: "Fülle"        	Type: TOKEN	Start: 931	End: 936
    Token: "von"          	Type: TOKEN	Start: 937	End: 940
    Token: "Informationen"	Type: TOKEN	Start: 941	End: 954
    Token: "."            	Type: TERM_PUNCT_P	Start: 954	End: 955
    Token: ","            	Type: PUNCTUATION	Start: 955	End: 956
    Token: "die"          	Type: TOKEN	Start: 957	End: 960
    Token: "seine"        	Type: TOKEN	Start: 961	End: 966
    Token: "Fans"         	Type: TOKEN	Start: 967	End: 971
    Token: "der"          	Type: TOKEN	Start: 972	End: 975
    Token: "ersten"       	Type: TOKEN	Start: 976	End: 982
    Token: "Stunde"       	Type: TOKEN	Start: 983	End: 989
    Token: "ebenso"       	Type: TOKEN	Start: 990	End: 996
    Token: "begeistern"   	Type: TOKEN	Start: 997	End: 1007
    Token: "dürften"      	Type: TOKEN	Start: 1008	End: 1015
    Token: "wie"          	Type: TOKEN	Start: 1016	End: 1019
    Token: "seine"        	Type: TOKEN	Start: 1020	End: 1025
    Token: "jüngeren"     	Type: TOKEN	Start: 1026	End: 1034
    Token: "Anhänger"     	Type: TOKEN	Start: 1035	End: 1043
    Token: "."            	Type: TERM_PUNCT_P	Start: 1043	End: 1044

Paragraph Start: 1048
Paragraph End: 1282
  Text Unit Start: 1048
  Text Unit End: 1282
    Token: "Teil"         	Type: TOKEN	Start: 1048	End: 1052
    Token: "Zwei"         	Type: TOKEN	Start: 1053	End: 1057
    Token: ","            	Type: PUNCTUATION	Start: 1057	End: 1058
    Token: """            	Type: OPEN_PUNCT	Start: 1059	End: 1060	PTB: "``"
    Token: "Die"          	Type: TOKEN	Start: 1060	End: 1063
    Token: "Musik"        	Type: TOKEN	Start: 1064	End: 1069
    Token: """            	Type: CLOSE_PUNCT	Start: 1069	End: 1070	PTB: "''"
    Token: ","            	Type: PUNCTUATION	Start: 1070	End: 1071
    Token: "erfasst"      	Type: TOKEN	Start: 1072	End: 1079
    Token: "jedes"        	Type: TOKEN	Start: 1080	End: 1085
    Token: "Album"        	Type: TOKEN	Start: 1086	End: 1091
    Token: "mit"          	Type: TOKEN	Start: 1092	End: 1095
    Token: "Chartposition"	Type: TOKEN	Start: 1096	End: 1109
    Token: ","            	Type: PUNCTUATION	Start: 1109	End: 1110
    Token: "Veröffentlichungs"	Type: TOKEN	Start: 1111	End: 1128
    Token: "-"            	Type: PUNCTUATION	Start: 1128	End: 1129
    Token: "und"          	Type: TOKEN	Start: 1130	End: 1133
    Token: "Producerdaten"	Type: TOKEN	Start: 1134	End: 1147
    Token: ","            	Type: PUNCTUATION	Start: 1147	End: 1148
    Token: "sowie"        	Type: TOKEN	Start: 1149	End: 1154
    Token: "Kurzkritiken" 	Type: TOKEN	Start: 1155	End: 1167
    Token: "zu"           	Type: TOKEN	Start: 1168	End: 1170
    Token: "jedem"        	Type: TOKEN	Start: 1171	End: 1176
    Token: "Song"         	Type: TOKEN	Start: 1177	End: 1181
    Token: ","            	Type: PUNCTUATION	Start: 1181	End: 1182
    Token: "zwar"         	Type: TOKEN	Start: 1183	End: 1187
    Token: "nicht"        	Type: TOKEN	Start: 1188	End: 1193
    Token: "wirklich"     	Type: TOKEN	Start: 1194	End: 1202
    Token: "fundiert"     	Type: TOKEN	Start: 1203	End: 1211
    Token: "("            	Type: OPEN_BRACKET	Start: 1212	End: 1213	PTB: "-LRB-"
    Token: """            	Type: OPEN_PUNCT	Start: 1213	End: 1214	PTB: "``"
    Token: "ein"          	Type: TOKEN	Start: 1214	End: 1217
    Token: "hörbar"       	Type: TOKEN	Start: 1218	End: 1224
    Token: "angeknallter" 	Type: TOKEN	Start: 1225	End: 1237
    Token: "Young"        	Type: TOKEN	Start: 1238	End: 1243
    Token: "."            	Type: TERM_PUNCT_P	Start: 1243	End: 1244
    Token: "."            	Type: TERM_PUNCT_P	Start: 1244	End: 1245
    Token: "."            	Type: TERM_PUNCT_P	Start: 1245	End: 1246
    Token: """            	Type: CLOSE_PUNCT	Start: 1246	End: 1247	PTB: "''"
    Token: ")"            	Type: CLOSE_BRACKET	Start: 1247	End: 1248	PTB: "-RRB-"
    Token: ","            	Type: PUNCTUATION	Start: 1248	End: 1249
    Token: "die"          	Type: TOKEN	Start: 1250	End: 1253
    Token: "aber"         	Type: TOKEN	Start: 1254	End: 1258
    Token: "jede"         	Type: TOKEN	Start: 1259	End: 1263
    Token: "Menge"        	Type: TOKEN	Start: 1264	End: 1269
    Token: "Spaß"         	Type: TOKEN	Start: 1270	End: 1274
    Token: "machen"       	Type: TOKEN	Start: 1275	End: 1281
    Token: "."            	Type: TERM_PUNCT_P	Start: 1281	End: 1282

Paragraph Start: 1286
Paragraph End: 1487
  Text Unit Start: 1286
  Text Unit End: 1308
    Token: "Als"          	Type: TOKEN	Start: 1286	End: 1289
    Token: "die"          	Type: TOKEN	Start: 1290	End: 1293
    Token: "Beatles"      	Type: TOKEN	Start: 1294	End: 1301
    Token: "am"           	Type: TOKEN	Start: 1302	End: 1304
    Token: "31"           	Type: DIGITAL	Start: 1305	End: 1307
    Token: "."            	Type: TERM_PUNCT_P	Start: 1307	End: 1308
  Text Unit Start: 1309
  Text Unit End: 1450
    Token: "Oktober"      	Type: TOKEN	Start: 1309	End: 1316
    Token: "1963"         	Type: DIGITAL	Start: 1317	End: 1321
    Token: "von"          	Type: TOKEN	Start: 1322	End: 1325
    Token: "ihrer"        	Type: TOKEN	Start: 1326	End: 1331
    Token: "Schweden-Tournee"	Type: TOKEN	Start: 1332	End: 1348
    Token: "auf"          	Type: TOKEN	Start: 1349	End: 1352
    Token: "dem"          	Type: TOKEN	Start: 1353	End: 1356
    Token: "Londoner"     	Type: TOKEN	Start: 1357	End: 1365
    Token: "Flughafen"    	Type: TOKEN	Start: 1366	End: 1375
    Token: "Heathrow"     	Type: TOKEN	Start: 1376	End: 1384
    Token: "eintreffen"   	Type: TOKEN	Start: 1385	End: 1395
    Token: ","            	Type: PUNCTUATION	Start: 1395	End: 1396
    Token: "sind"         	Type: TOKEN	Start: 1397	End: 1401
    Token: "alle"         	Type: TOKEN	Start: 1402	End: 1406
    Token: "Zufahrtsstraßen"	Type: TOKEN	Start: 1407	End: 1422
    Token: "von"          	Type: TOKEN	Start: 1423	End: 1426
    Token: "Jugendlichen" 	Type: TOKEN	Start: 1427	End: 1439
    Token: "blockiert"    	Type: TOKEN	Start: 1440	End: 1449
    Token: "."            	Type: TERM_PUNCT_P	Start: 1449	End: 1450
  Text Unit Start: 1451
  Text Unit End: 1487
    Token: "10.000"       	Type: DIGITAL	Start: 1451	End: 1457
    Token: "Fans"         	Type: TOKEN	Start: 1458	End: 1462
    Token: "stürmen"      	Type: TOKEN	Start: 1463	End: 1470
    Token: "das"          	Type: TOKEN	Start: 1471	End: 1474
    Token: "Rollfeld"     	Type: TOKEN	Start: 1475	End: 1483
    Token: "."            	Type: TERM_PUNCT_P	Start: 1484	End: 1485
    Token: "."            	Type: TERM_PUNCT_P	Start: 1485	End: 1486
    Token: "."            	Type: TERM_PUNCT_P	Start: 1486	End: 1487

Paragraph Start: 1491
Paragraph End: 1670
  Text Unit Start: 1491
  Text Unit End: 1670
    Token: "Dann"         	Type: TOKEN	Start: 1491	End: 1495
    Token: "wird"         	Type: TOKEN	Start: 1496	End: 1500
    Token: ","            	Type: PUNCTUATION	Start: 1500	End: 1501
    Token: "nur"          	Type: TOKEN	Start: 1502	End: 1505
    Token: "um"           	Type: TOKEN	Start: 1506	End: 1508
    Token: "ein"          	Type: TOKEN	Start: 1509	End: 1512
    Token: "Beispiel"     	Type: TOKEN	Start: 1513	End: 1521
    Token: "zu"           	Type: TOKEN	Start: 1522	End: 1524
    Token: "nennen"       	Type: TOKEN	Start: 1525	End: 1531
    Token: ","            	Type: PUNCTUATION	Start: 1531	End: 1532
    Token: "die"          	Type: TOKEN	Start: 1533	End: 1536
    Token: "Geschichte"   	Type: TOKEN	Start: 1537	End: 1547
    Token: "um"           	Type: TOKEN	Start: 1548	End: 1550
    Token: "die"          	Type: TOKEN	Start: 1551	End: 1554
    Token: "Aufnahme"     	Type: TOKEN	Start: 1555	End: 1563
    Token: """            	Type: OPEN_PUNCT	Start: 1564	End: 1565	PTB: "``"
    Token: "Swanee"       	Type: TOKEN	Start: 1565	End: 1571
    Token: "River"        	Type: TOKEN	Start: 1572	End: 1577
    Token: """            	Type: CLOSE_PUNCT	Start: 1577	End: 1578	PTB: "''"
    Token: "definitiv"    	Type: TOKEN	Start: 1579	End: 1588
    Token: "falsch"       	Type: TOKEN	Start: 1589	End: 1595
    Token: "dargestellt"  	Type: TOKEN	Start: 1596	End: 1607
    Token: "("            	Type: OPEN_BRACKET	Start: 1608	End: 1609	PTB: "-LRB-"
    Token: "S.93f"        	Type: TOKEN	Start: 1609	End: 1614
    Token: "."            	Type: TERM_PUNCT_P	Start: 1614	End: 1615
    Token: ","            	Type: PUNCTUATION	Start: 1615	End: 1616
    Token: "zumal"        	Type: TOKEN	Start: 1617	End: 1622
    Token: "fehlt"        	Type: TOKEN	Start: 1623	End: 1628
    Token: "dieser"       	Type: TOKEN	Start: 1629	End: 1635
    Token: "Titel"        	Type: TOKEN	Start: 1636	End: 1641
    Token: "im"           	Type: TOKEN	Start: 1642	End: 1644
    Token: "ohnehin"      	Type: TOKEN	Start: 1645	End: 1652
    Token: "löchrigen"    	Type: TOKEN	Start: 1653	End: 1662
    Token: "Index"        	Type: TOKEN	Start: 1663	End: 1668
    Token: ")"            	Type: CLOSE_BRACKET	Start: 1668	End: 1669	PTB: "-RRB-"
    Token: "."            	Type: TERM_PUNCT_P	Start: 1669	End: 1670

Paragraph Start: 1674
Paragraph End: 1797
  Text Unit Start: 1674
  Text Unit End: 1797
    Token: "Allerdings"   	Type: TOKEN	Start: 1674	End: 1684
    Token: "nicht"        	Type: TOKEN	Start: 1685	End: 1690
    Token: "als"          	Type: TOKEN	Start: 1691	End: 1694
    Token: "Bettlektüre"  	Type: TOKEN	Start: 1695	End: 1706
    Token: "zu"           	Type: TOKEN	Start: 1707	End: 1709
    Token: "empfehlen"    	Type: TOKEN	Start: 1710	End: 1719
    Token: ","            	Type: PUNCTUATION	Start: 1719	End: 1720
    Token: "da"           	Type: TOKEN	Start: 1721	End: 1723
    Token: "das"          	Type: TOKEN	Start: 1724	End: 1727
    Token: "grosse"       	Type: TOKEN	Start: 1728	End: 1734
    Token: "und"          	Type: TOKEN	Start: 1735	End: 1738
    Token: "schwere"      	Type: TOKEN	Start: 1739	End: 1746
    Token: "Buchformat"   	Type: TOKEN	Start: 1747	End: 1757
    Token: "doch"         	Type: TOKEN	Start: 1758	End: 1762
    Token: "arg"          	Type: TOKEN	Start: 1763	End: 1766
    Token: "auf"          	Type: TOKEN	Start: 1767	End: 1770
    Token: "den"          	Type: TOKEN	Start: 1771	End: 1774
    Token: "Bizeps"       	Type: TOKEN	Start: 1775	End: 1781
    Token: "geht"         	Type: TOKEN	Start: 1782	End: 1786
    Token: "."            	Type: TERM_PUNCT_P	Start: 1786	End: 1787
    Token: "."            	Type: TERM_PUNCT_P	Start: 1787	End: 1788
    Token: "."            	Type: TERM_PUNCT_P	Start: 1788	End: 1789
    Token: "."            	Type: TERM_PUNCT_P	Start: 1789	End: 1790
    Token: ";"            	Type: PUNCTUATION	Start: 1791	End: 1792
    Token: "-"            	Type: PUNCTUATION	Start: 1792	End: 1793
    Token: ")"            	Type: CLOSE_BRACKET	Start: 1793	End: 1794	PTB: "-RRB-"
    Token: ")"            	Type: CLOSE_BRACKET	Start: 1794	End: 1795	PTB: "-RRB-"
    Token: ")"            	Type: CLOSE_BRACKET	Start: 1795	End: 1796	PTB: "-RRB-"
    Token: ")"            	Type: CLOSE_BRACKET	Start: 1796	End: 1797	PTB: "-RRB-"

Paragraph Start: 1801
Paragraph End: 2055
  Text Unit Start: 1801
  Text Unit End: 1890
    Token: "Er"           	Type: TOKEN	Start: 1801	End: 1803
    Token: "bewegt"       	Type: TOKEN	Start: 1804	End: 1810
    Token: "sich"         	Type: TOKEN	Start: 1811	End: 1815
    Token: "dann"         	Type: TOKEN	Start: 1816	End: 1820
    Token: "wie"          	Type: TOKEN	Start: 1821	End: 1824
    Token: "irre"         	Type: TOKEN	Start: 1825	End: 1829
    Token: "auf"          	Type: TOKEN	Start: 1830	End: 1833
    Token: "der"          	Type: TOKEN	Start: 1834	End: 1837
    Token: "Bühne"        	Type: TOKEN	Start: 1838	End: 1843
    Token: ","            	Type: PUNCTUATION	Start: 1843	End: 1844
    Token: "verdreht"     	Type: TOKEN	Start: 1845	End: 1853
    Token: "den"          	Type: TOKEN	Start: 1854	End: 1857
    Token: "Körper"       	Type: TOKEN	Start: 1858	End: 1864
    Token: "und"          	Type: TOKEN	Start: 1865	End: 1868
    Token: "verzerrt"     	Type: TOKEN	Start: 1869	End: 1877
    Token: "das"          	Type: TOKEN	Start: 1878	End: 1881
    Token: "Gesicht"      	Type: TOKEN	Start: 1882	End: 1889
    Token: "."            	Type: TERM_PUNCT_P	Start: 1889	End: 1890
  Text Unit Start: 1891
  Text Unit End: 2055
    Token: "-"            	Type: PUNCTUATION	Start: 1891	End: 1892
    Token: "Aber"         	Type: TOKEN	Start: 1893	End: 1897
    Token: "dann"         	Type: TOKEN	Start: 1898	End: 1902
    Token: "gibt"         	Type: TOKEN	Start: 1903	End: 1907
    Token: "es"           	Type: TOKEN	Start: 1908	End: 1910
    Token: "auch"         	Type: TOKEN	Start: 1911	End: 1915
    Token: "wieder"       	Type: TOKEN	Start: 1916	End: 1922
    Token: "Bilder"       	Type: TOKEN	Start: 1923	End: 1929
    Token: ","            	Type: PUNCTUATION	Start: 1929	End: 1930
    Token: "die"          	Type: TOKEN	Start: 1931	End: 1934
    Token: "einen"        	Type: TOKEN	Start: 1935	End: 1940
    Token: "anderen"      	Type: TOKEN	Start: 1941	End: 1948
    Token: "Menschen"     	Type: TOKEN	Start: 1949	End: 1957
    Token: "zeigen"       	Type: TOKEN	Start: 1958	End: 1964
    Token: ":"            	Type: PUNCTUATION	Start: 1964	End: 1965
    Token: "Er"           	Type: TOKEN	Start: 1966	End: 1968
    Token: "tanzt"        	Type: TOKEN	Start: 1969	End: 1974
    Token: "während"      	Type: TOKEN	Start: 1975	End: 1982
    Token: "einer"        	Type: TOKEN	Start: 1983	End: 1988
    Token: "Probe"        	Type: TOKEN	Start: 1989	End: 1994
    Token: "mit"          	Type: TOKEN	Start: 1995	End: 1998
    Token: "einer"        	Type: TOKEN	Start: 1999	End: 2004
    Token: "Bekannten"    	Type: TOKEN	Start: 2005	End: 2014
    Token: ","            	Type: PUNCTUATION	Start: 2014	End: 2015
    Token: "aber"         	Type: TOKEN	Start: 2016	End: 2020
    Token: "er"           	Type: TOKEN	Start: 2021	End: 2023
    Token: "scheint"      	Type: TOKEN	Start: 2024	End: 2031
    Token: "nicht"        	Type: TOKEN	Start: 2032	End: 2037
    Token: "tanzen"       	Type: TOKEN	Start: 2038	End: 2044
    Token: "zu"           	Type: TOKEN	Start: 2045	End: 2047
    Token: "können"       	Type: TOKEN	Start: 2048	End: 2054
    Token: "."            	Type: TERM_PUNCT_P	Start: 2054	End: 2055

Paragraph Start: 2059
Paragraph End: 2209
  Text Unit Start: 2059
  Text Unit End: 2133
    Token: "But"          	Type: TOKEN	Start: 2059	End: 2062
    Token: "the"          	Type: TOKEN	Start: 2063	End: 2066
    Token: "good"         	Type: TOKEN	Start: 2067	End: 2071
    Token: "thing"        	Type: TOKEN	Start: 2072	End: 2077
    Token: "is"           	Type: TOKEN	Start: 2078	End: 2080
    Token: ","            	Type: PUNCTUATION	Start: 2080	End: 2081
    Token: "it"           	Type: TOKEN	Start: 2082	End: 2084
    Token: "has"          	Type: TOKEN	Start: 2085	End: 2088
    Token: "some"         	Type: TOKEN	Start: 2089	End: 2093
    Token: "great"        	Type: TOKEN	Start: 2094	End: 2099
    Token: "Eminem"       	Type: TOKEN	Start: 2100	End: 2106
    Token: "Pictures"     	Type: TOKEN	Start: 2107	End: 2115
    Token: "and"          	Type: TOKEN	Start: 2116	End: 2119
    Token: "Dre"          	Type: TOKEN	Start: 2120	End: 2123
    Token: "and"          	Type: TOKEN	Start: 2124	End: 2127
    Token: "D-12"         	Type: TOKEN	Start: 2128	End: 2132
    Token: "."            	Type: TERM_PUNCT_P	Start: 2132	End: 2133
  Text Unit Start: 2134
  Text Unit End: 2209
    Token: "But"          	Type: TOKEN	Start: 2134	End: 2137
    Token: "I"            	Type: TOKEN	Start: 2138	End: 2139
    Token: "thought"      	Type: TOKEN	Start: 2140	End: 2147
    Token: "it"           	Type: TOKEN	Start: 2148	End: 2150
    Token: "would"        	Type: TOKEN	Start: 2151	End: 2156
    Token: "be"           	Type: TOKEN	Start: 2157	End: 2159
    Token: "great"        	Type: TOKEN	Start: 2160	End: 2165
    Token: "cause"        	Type: TOKEN	Start: 2166	End: 2171
    Token: "the"          	Type: TOKEN	Start: 2172	End: 2175
    Token: "cover"        	Type: TOKEN	Start: 2176	End: 2181
    Token: "of"           	Type: TOKEN	Start: 2182	End: 2184
    Token: "the"          	Type: TOKEN	Start: 2185	End: 2188
    Token: "book"         	Type: TOKEN	Start: 2189	End: 2193
    Token: "looks"        	Type: TOKEN	Start: 2194	End: 2199
    Token: "awesome"      	Type: TOKEN	Start: 2200	End: 2207
    Token: "!"            	Type: TERM_PUNCT	Start: 2207	End: 2208
    Token: "!"            	Type: TERM_PUNCT	Start: 2208	End: 2209

Paragraph Start: 2213
Paragraph End: 2237
  Text Unit Start: 2213
  Text Unit End: 2237
    Token: "`"            	Type: OPEN_PUNCT	Start: 2213	End: 2214	PTB: "``"
    Token: "I"            	Type: TOKEN	Start: 2214	End: 2215
    Token: "do"           	Type: TOKEN	Start: 2216	End: 2218
    Token: "n't"          	Type: RIGHTSPLIT	Start: 2218	End: 2221
    Token: "know"         	Type: TOKEN	Start: 2222	End: 2226
    Token: "'"            	Type: CLOSE_PUNCT	Start: 2226	End: 2227	PTB: "''"
    Token: ","            	Type: PUNCTUATION	Start: 2227	End: 2228
    Token: "he"           	Type: TOKEN	Start: 2229	End: 2231
    Token: "said"         	Type: TOKEN	Start: 2232	End: 2236
    Token: "."            	Type: TERM_PUNCT_P	Start: 2236	End: 2237

Paragraph Start: 2242
Paragraph End: 2287
  Text Unit Start: 2242
  Text Unit End: 2287
    Token: "Was"          	Type: TOKEN	Start: 2242	End: 2245
    Token: "soll"         	Type: TOKEN	Start: 2246	End: 2250
    Token: "ich"          	Type: TOKEN	Start: 2251	End: 2254
    Token: "sagen"        	Type: TOKEN	Start: 2255	End: 2260
    Token: "."            	Type: TERM_PUNCT_P	Start: 2261	End: 2262
    Token: "."            	Type: TERM_PUNCT_P	Start: 2262	End: 2263
    Token: "."            	Type: TERM_PUNCT_P	Start: 2263	End: 2264
    Token: "es"           	Type: TOKEN	Start: 2265	End: 2267
    Token: "ist"          	Type: TOKEN	Start: 2268	End: 2271
    Token: "mir"          	Type: TOKEN	Start: 2272	End: 2275
    Token: "nicht"        	Type: TOKEN	Start: 2276	End: 2281
    Token: "klar"         	Type: TOKEN	Start: 2282	End: 2286
    Token: "."            	Type: TERM_PUNCT_P	Start: 2286	End: 2287

Paragraph Start: 2291
Paragraph End: 2335
  Text Unit Start: 2291
  Text Unit End: 2335
    Token: "Was"          	Type: TOKEN	Start: 2291	End: 2294
    Token: "soll"         	Type: TOKEN	Start: 2295	End: 2299
    Token: "ich"          	Type: TOKEN	Start: 2300	End: 2303
    Token: "sagen"        	Type: TOKEN	Start: 2304	End: 2309
    Token: "."            	Type: TERM_PUNCT_P	Start: 2309	End: 2310
    Token: "."            	Type: TERM_PUNCT_P	Start: 2310	End: 2311
    Token: "."            	Type: TERM_PUNCT_P	Start: 2311	End: 2312
    Token: "es"           	Type: TOKEN	Start: 2313	End: 2315
    Token: "ist"          	Type: TOKEN	Start: 2316	End: 2319
    Token: "mir"          	Type: TOKEN	Start: 2320	End: 2323
    Token: "nicht"        	Type: TOKEN	Start: 2324	End: 2329
    Token: "klar"         	Type: TOKEN	Start: 2330	End: 2334
    Token: "."            	Type: TERM_PUNCT_P	Start: 2334	End: 2335

Paragraph Start: 2339
Paragraph End: 2383
  Text Unit Start: 2339
  Text Unit End: 2360
    Token: "Was"          	Type: TOKEN	Start: 2339	End: 2342
    Token: "soll"         	Type: TOKEN	Start: 2343	End: 2347
    Token: "ich"          	Type: TOKEN	Start: 2348	End: 2351
    Token: "sagen"        	Type: TOKEN	Start: 2352	End: 2357
    Token: "."            	Type: TERM_PUNCT_P	Start: 2357	End: 2358
    Token: "."            	Type: TERM_PUNCT_P	Start: 2358	End: 2359
    Token: "."            	Type: TERM_PUNCT_P	Start: 2359	End: 2360
  Text Unit Start: 2361
  Text Unit End: 2383
    Token: "Es"           	Type: TOKEN	Start: 2361	End: 2363
    Token: "ist"          	Type: TOKEN	Start: 2364	End: 2367
    Token: "mir"          	Type: TOKEN	Start: 2368	End: 2371
    Token: "nicht"        	Type: TOKEN	Start: 2372	End: 2377
    Token: "klar"         	Type: TOKEN	Start: 2378	End: 2382
    Token: "."            	Type: TERM_PUNCT_P	Start: 2382	End: 2383

Paragraph Start: 2388
Paragraph End: 2452
  Text Unit Start: 2388
  Text Unit End: 2422
    Token: "Das"          	Type: TOKEN	Start: 2388	End: 2391
    Token: "ist"          	Type: TOKEN	Start: 2392	End: 2395
    Token: "aus"          	Type: TOKEN	Start: 2396	End: 2399
    Token: "Schmitt"      	Type: TOKEN	Start: 2400	End: 2407
    Token: "et"           	Type: TOKEN	Start: 2408	End: 2410
    Token: "al."          	Type: B_ABBREVIATION	Start: 2411	End: 2414
    Token: "("            	Type: OPEN_BRACKET	Start: 2415	End: 2416	PTB: "-LRB-"
    Token: "2001"         	Type: DIGITAL	Start: 2416	End: 2420
    Token: ")"            	Type: CLOSE_BRACKET	Start: 2420	End: 2421	PTB: "-RRB-"
    Token: "."            	Type: TERM_PUNCT_P	Start: 2421	End: 2422
  Text Unit Start: 2423
  Text Unit End: 2452
    Token: "Jetzt"        	Type: TOKEN	Start: 2423	End: 2428
    Token: "kommt"        	Type: TOKEN	Start: 2429	End: 2434
    Token: "der"          	Type: TOKEN	Start: 2435	End: 2438
    Token: "nächste"      	Type: TOKEN	Start: 2439	End: 2446
    Token: "Satz"         	Type: TOKEN	Start: 2447	End: 2451
    Token: "."            	Type: TERM_PUNCT_P	Start: 2451	End: 2452

Time: 0.422
